Component: ARM Compiler 5.05 update 1 (build 106) Tool: armlink [4d0efa]

==============================================================================

Section Cross References

    startup_ht502x.o(RESET) refers to startup_ht502x.o(STACK) for __initial_sp
    startup_ht502x.o(RESET) refers to startup_ht502x.o(.text) for Reset_Handler
    startup_ht502x.o(RESET) refers to ht6xxx_it.o(i.NMI_Handler) for NMI_Handler
    startup_ht502x.o(RESET) refers to ht6xxx_it.o(i.HardFault_Handler) for HardFault_Handler
    startup_ht502x.o(RESET) refers to ht6xxx_it.o(i.SVC_Handler) for SVC_Handler
    startup_ht502x.o(RESET) refers to ht6xxx_it.o(i.PendSV_Handler) for PendSV_Handler
    startup_ht502x.o(RESET) refers to ht6xxx_it.o(i.SysTick_Handler) for SysTick_Handler
    startup_ht502x.o(RESET) refers to ht6xxx_it.o(i.PMU_IRQHandler) for PMU_IRQHandler
    startup_ht502x.o(RESET) refers to ht6xxx_it.o(i.AES_IRQHandler) for AES_IRQHandler
    startup_ht502x.o(RESET) refers to ht6xxx_it.o(i.EXTI0_IRQHandler) for EXTI0_IRQHandler
    startup_ht502x.o(RESET) refers to ht6xxx_it.o(i.EXTI1_IRQHandler) for EXTI1_IRQHandler
    startup_ht502x.o(RESET) refers to ht6xxx_it.o(i.EXTI2_IRQHandler) for EXTI2_IRQHandler
    startup_ht502x.o(RESET) refers to ht6xxx_it.o(i.EXTI3_IRQHandler) for EXTI3_IRQHandler
    startup_ht502x.o(RESET) refers to ht6xxx_it.o(i.EXTI4_IRQHandler) for EXTI4_IRQHandler
    startup_ht502x.o(RESET) refers to ht6xxx_it.o(i.EXTI5_IRQHandler) for EXTI5_IRQHandler
    startup_ht502x.o(RESET) refers to ht6xxx_it.o(i.EXTI6_IRQHandler) for EXTI6_IRQHandler
    startup_ht502x.o(RESET) refers to ht6xxx_it.o(i.UART0_IRQHandler) for UART0_IRQHandler
    startup_ht502x.o(RESET) refers to ht6xxx_it.o(i.UART1_IRQHandler) for UART1_IRQHandler
    startup_ht502x.o(RESET) refers to ht6xxx_it.o(i.UART2_IRQHandler) for UART2_IRQHandler
    startup_ht502x.o(RESET) refers to ht6xxx_it.o(i.UART3_IRQHandler) for UART3_IRQHandler
    startup_ht502x.o(RESET) refers to ht6xxx_it.o(i.UART4_IRQHandler) for UART4_IRQHandler
    startup_ht502x.o(RESET) refers to ht6xxx_it.o(i.UART5_IRQHandler) for UART5_IRQHandler
    startup_ht502x.o(RESET) refers to ht6xxx_it.o(i.TIMER_0_IRQHandler) for TIMER_0_IRQHandler
    startup_ht502x.o(RESET) refers to ht6xxx_it.o(i.TIMER_1_IRQHandler) for TIMER_1_IRQHandler
    startup_ht502x.o(RESET) refers to ht6xxx_it.o(i.TIMER_2_IRQHandler) for TIMER_2_IRQHandler
    startup_ht502x.o(RESET) refers to ht6xxx_it.o(i.TIMER_3_IRQHandler) for TIMER_3_IRQHandler
    startup_ht502x.o(RESET) refers to ht6xxx_it.o(i.TBS_IRQHandler) for TBS_IRQHandler
    startup_ht502x.o(RESET) refers to ht6xxx_it.o(i.RTC_IRQHandler) for RTC_IRQHandler
    startup_ht502x.o(RESET) refers to ht6xxx_it.o(i.I2C_IRQHandler) for I2C_IRQHandler
    startup_ht502x.o(RESET) refers to ht6xxx_it.o(i.SPI0_IRQHandler) for SPI0_IRQHandler
    startup_ht502x.o(RESET) refers to ht6xxx_it.o(i.EMU_IRQHandler) for EMU_IRQHandler
    startup_ht502x.o(RESET) refers to ht6xxx_it.o(i.DMA_IRQHandler) for DMA_IRQHandler
    startup_ht502x.o(RESET) refers to ht6xxx_it.o(i.KEY_IRQHandler) for KEY_IRQHandler
    startup_ht502x.o(RESET) refers to ht6xxx_it.o(i.EXTI7_IRQHandler) for EXTI7_IRQHandler
    startup_ht502x.o(RESET) refers to ht6xxx_it.o(i.EXTI8_IRQHandler) for EXTI8_IRQHandler
    startup_ht502x.o(RESET) refers to ht6xxx_it.o(i.EXTI9_IRQHandler) for EXTI9_IRQHandler
    startup_ht502x.o(.text) refers to system_ht6xxx.o(i.SystemInit) for SystemInit
    startup_ht502x.o(.text) refers to entry.o(.ARM.Collect$$$$00000000) for __main
    ht6xxx_aes&rand.o(i.HT_AES_Decrypt) refers to main.o(i.assert_failed) for assert_failed
    ht6xxx_aes&rand.o(i.HT_AES_Encrypt) refers to main.o(i.assert_failed) for assert_failed
    ht6xxx_aes&rand.o(i.HT_AES_GHASH_RAND_ClearITPendingBit) refers to main.o(i.assert_failed) for assert_failed
    ht6xxx_aes&rand.o(i.HT_AES_GHASH_RAND_ITConfig) refers to main.o(i.assert_failed) for assert_failed
    ht6xxx_aes&rand.o(i.HT_AES_GHASH_RAND_ITFlagStatusGet) refers to main.o(i.assert_failed) for assert_failed
    ht6xxx_aes&rand.o(i.HT_RAND_WorkState) refers to main.o(i.assert_failed) for assert_failed
    ht6xxx_cmu.o(i.HT_CMU_ClkCtrl0Config) refers to ht6xxx_cmu.o(.constdata) for RegisterWriteProtect
    ht6xxx_cmu.o(i.HT_CMU_ClkCtrl1Config) refers to ht6xxx_cmu.o(.constdata) for RegisterWriteProtect
    ht6xxx_cmu.o(i.HT_CMU_ClkoutSet) refers to main.o(i.assert_failed) for assert_failed
    ht6xxx_cmu.o(i.HT_CMU_ClkoutSet) refers to ht6xxx_cmu.o(.constdata) for RegisterWriteProtect
    ht6xxx_cmu.o(i.HT_CMU_FlashDly_Set) refers to ht6xxx_cmu.o(.constdata) for RegisterWriteProtect
    ht6xxx_cmu.o(i.HT_CMU_Init) refers to main.o(i.assert_failed) for assert_failed
    ht6xxx_cmu.o(i.HT_CMU_Init) refers to ht6xxx_cmu.o(i.WaitPllLock) for WaitPllLock
    ht6xxx_cmu.o(i.HT_CMU_Init) refers to ht6xxx_cmu.o(.constdata) for RegisterWriteProtect
    ht6xxx_cmu.o(i.HT_CMU_StopFlagGet) refers to main.o(i.assert_failed) for assert_failed
    ht6xxx_cmu.o(i.WaitPllLock) refers to ht6xxx_cmu.o(i.HT_CMU_SysClkGet) for HT_CMU_SysClkGet
    ht6xxx_dma.o(i.HT_DMA_ClearITPendingBit) refers to main.o(i.assert_failed) for assert_failed
    ht6xxx_dma.o(i.HT_DMA_Cmd) refers to main.o(i.assert_failed) for assert_failed
    ht6xxx_dma.o(i.HT_DMA_ITConfig) refers to main.o(i.assert_failed) for assert_failed
    ht6xxx_dma.o(i.HT_DMA_ITFlagStatusGet) refers to main.o(i.assert_failed) for assert_failed
    ht6xxx_dma.o(i.HT_DMA_Init) refers to main.o(i.assert_failed) for assert_failed
    ht6xxx_ecc.o(i.HT_ECC_ClearITPendingBit) refers to main.o(i.assert_failed) for assert_failed
    ht6xxx_ecc.o(i.HT_ECC_ITConfig) refers to main.o(i.assert_failed) for assert_failed
    ht6xxx_ecc.o(i.HT_ECC_ITFlagStatusGet) refers to main.o(i.assert_failed) for assert_failed
    ht6xxx_ecc.o(i.HT_ECC_ModOperate) refers to ht6xxx_ecc.o(i.__ARM_common_switch8) for __ARM_common_switch8
    ht6xxx_exti.o(i.HT_EXTIFall_ClearITPendingBit) refers to main.o(i.assert_failed) for assert_failed
    ht6xxx_exti.o(i.HT_EXTIFall_ITConfig) refers to main.o(i.assert_failed) for assert_failed
    ht6xxx_exti.o(i.HT_EXTIFall_ITFlagStatusGet) refers to main.o(i.assert_failed) for assert_failed
    ht6xxx_exti.o(i.HT_EXTIRise_ClearITPendingBit) refers to main.o(i.assert_failed) for assert_failed
    ht6xxx_exti.o(i.HT_EXTIRise_ITConfig) refers to main.o(i.assert_failed) for assert_failed
    ht6xxx_exti.o(i.HT_EXTIRise_ITFlagStatusGet) refers to main.o(i.assert_failed) for assert_failed
    ht6xxx_exti.o(i.HT_EXTI_FilterConfig) refers to main.o(i.assert_failed) for assert_failed
    ht6xxx_flash.o(i.HT_Flash_ByteRead) refers to main.o(i.assert_failed) for assert_failed
    ht6xxx_flash.o(i.HT_Flash_ByteRead) refers to ht6xxx_flash.o(.constdata) for RegisterWriteProtect
    ht6xxx_flash.o(i.HT_Flash_ChipErase) refers to ht6xxx_flash.o(.constdata) for RegisterWriteProtect
    ht6xxx_flash.o(i.HT_Flash_EWR_Pro) refers to ht6xxx_flash.o(.constdata) for RegisterWriteProtect
    ht6xxx_flash.o(i.HT_Flash_HalfWordRead) refers to main.o(i.assert_failed) for assert_failed
    ht6xxx_flash.o(i.HT_Flash_HalfWordRead) refers to ht6xxx_flash.o(.constdata) for RegisterWriteProtect
    ht6xxx_flash.o(i.HT_Flash_PageEraseWithSectionUnlock) refers to main.o(i.assert_failed) for assert_failed
    ht6xxx_flash.o(i.HT_Flash_PageEraseWithSectionUnlock) refers to ht6xxx_flash.o(.constdata) for RegisterWriteProtect
    ht6xxx_flash.o(i.HT_Flash_WordRead) refers to main.o(i.assert_failed) for assert_failed
    ht6xxx_flash.o(i.HT_Flash_WordRead) refers to ht6xxx_flash.o(.constdata) for RegisterWriteProtect
    ht6xxx_flash.o(i.HT_Info_ByteRead) refers to main.o(i.assert_failed) for assert_failed
    ht6xxx_flash.o(i.HT_Info_ByteRead) refers to ht6xxx_flash.o(.constdata) for RegisterWriteProtect
    ht6xxx_flash.o(i.HT_Info_EWR_Pro) refers to ht6xxx_flash.o(.constdata) for RegisterWriteProtect
    ht6xxx_flash.o(i.HT_Info_HalfWordRead) refers to main.o(i.assert_failed) for assert_failed
    ht6xxx_flash.o(i.HT_Info_HalfWordRead) refers to ht6xxx_flash.o(.constdata) for RegisterWriteProtect
    ht6xxx_flash.o(i.HT_Info_WordRead) refers to main.o(i.assert_failed) for assert_failed
    ht6xxx_flash.o(i.HT_Info_WordRead) refers to ht6xxx_flash.o(.constdata) for RegisterWriteProtect
    ht6xxx_gpio.o(i.HT_GPIO_AFInit) refers to main.o(i.assert_failed) for assert_failed
    ht6xxx_gpio.o(i.HT_GPIO_BitsRead) refers to main.o(i.assert_failed) for assert_failed
    ht6xxx_gpio.o(i.HT_GPIO_BitsReset) refers to main.o(i.assert_failed) for assert_failed
    ht6xxx_gpio.o(i.HT_GPIO_BitsSet) refers to main.o(i.assert_failed) for assert_failed
    ht6xxx_gpio.o(i.HT_GPIO_BitsToggle) refers to main.o(i.assert_failed) for assert_failed
    ht6xxx_gpio.o(i.HT_GPIO_DirectionSet) refers to main.o(i.assert_failed) for assert_failed
    ht6xxx_gpio.o(i.HT_GPIO_HighCurrentSet) refers to main.o(i.assert_failed) for assert_failed
    ht6xxx_gpio.o(i.HT_GPIO_Init) refers to main.o(i.assert_failed) for assert_failed
    ht6xxx_gpio.o(i.HT_GPIO_InputStatusSet) refers to main.o(i.assert_failed) for assert_failed
    ht6xxx_gpio.o(i.HT_GPIO_OutputStatusSet) refers to main.o(i.assert_failed) for assert_failed
    ht6xxx_iic.o(i.HT_I2C_Init) refers to main.o(i.assert_failed) for assert_failed
    ht6xxx_iic.o(i.HT_I2C_Init) refers to ht6xxx_cmu.o(i.HT_CMU_SysClkGet) for HT_CMU_SysClkGet
    ht6xxx_iic.o(i.HT_I2C_Init) refers to uidiv.o(.text) for __aeabi_uidivmod
    ht6xxx_iic.o(i.HT_I2C_Master_Receive) refers to ht6xxx_iic.o(i.HT_I2C_Start) for HT_I2C_Start
    ht6xxx_iic.o(i.HT_I2C_Master_Receive) refers to ht6xxx_iic.o(i.HT_I2C_ITFlagStatusGet) for HT_I2C_ITFlagStatusGet
    ht6xxx_iic.o(i.HT_I2C_Master_Transmit) refers to ht6xxx_iic.o(i.HT_I2C_Start) for HT_I2C_Start
    ht6xxx_iic.o(i.HT_I2C_Master_Transmit) refers to ht6xxx_iic.o(i.HT_I2C_ITFlagStatusGet) for HT_I2C_ITFlagStatusGet
    ht6xxx_iic.o(i.HT_I2C_Master_Transmit_IT) refers to ht6xxx_iic.o(i.__NVIC_EnableIRQ) for __NVIC_EnableIRQ
    ht6xxx_iic.o(i.HT_I2C_Master_Transmit_IT) refers to ht6xxx_iic.o(i.HT_I2C_Start) for HT_I2C_Start
    ht6xxx_iic.o(i.HT_I2C_Master_Transmit_IT) refers to ht6xxx_iic.o(i.HT_I2C_ITFlagStatusGet) for HT_I2C_ITFlagStatusGet
    ht6xxx_iic.o(i.HT_I2C_Slave_Receive) refers to ht6xxx_iic.o(i.HT_I2C_ITFlagStatusGet) for HT_I2C_ITFlagStatusGet
    ht6xxx_iic.o(i.HT_I2C_Slave_Transmit) refers to ht6xxx_iic.o(i.HT_I2C_ITFlagStatusGet) for HT_I2C_ITFlagStatusGet
    ht6xxx_lcd.o(i.HT_LCD_Init) refers to main.o(i.assert_failed) for assert_failed
    ht6xxx_pmu.o(i.HT_PMUState_FlagStatusGet) refers to main.o(i.assert_failed) for assert_failed
    ht6xxx_pmu.o(i.HT_PMU_ClearITPendingBit) refers to main.o(i.assert_failed) for assert_failed
    ht6xxx_pmu.o(i.HT_PMU_DisChargeConfig) refers to ht6xxx_pmu.o(.constdata) for RegisterWriteProtect
    ht6xxx_pmu.o(i.HT_PMU_HoldLDOConfig) refers to ht6xxx_pmu.o(.constdata) for RegisterWriteProtect
    ht6xxx_pmu.o(i.HT_PMU_ITConfig) refers to main.o(i.assert_failed) for assert_failed
    ht6xxx_pmu.o(i.HT_PMU_ITFlagStatusGet) refers to main.o(i.assert_failed) for assert_failed
    ht6xxx_pmu.o(i.HT_PMU_Init) refers to ht6xxx_pmu.o(.constdata) for RegisterWriteProtect
    ht6xxx_rtc.o(i.HT_RTC_ClearITPendingBit) refers to main.o(i.assert_failed) for assert_failed
    ht6xxx_rtc.o(i.HT_RTC_ITConfig) refers to main.o(i.assert_failed) for assert_failed
    ht6xxx_rtc.o(i.HT_RTC_ITFlagStatusGet) refers to main.o(i.assert_failed) for assert_failed
    ht6xxx_rtc.o(i.HT_RTC_Init) refers to main.o(i.assert_failed) for assert_failed
    ht6xxx_rtc.o(i.HT_RTC_LRC_Write) refers to main.o(i.assert_failed) for assert_failed
    ht6xxx_rtc.o(i.HT_RTC_LRC_Write) refers to ht6xxx_rtc.o(.constdata) for RegisterWriteProtect
    ht6xxx_rtc.o(i.HT_RTC_LoadInfoData) refers to ht6xxx_rtc.o(.constdata) for RegisterWriteProtect
    ht6xxx_rtc.o(i.HT_RTC_TMRConfig) refers to main.o(i.assert_failed) for assert_failed
    ht6xxx_rtc.o(i.HT_RTC_ToutSet) refers to main.o(i.assert_failed) for assert_failed
    ht6xxx_rtc.o(i.HT_RTC_Write) refers to main.o(i.assert_failed) for assert_failed
    ht6xxx_rtc.o(i.HT_RTC_Write) refers to ht6xxx_rtc.o(.constdata) for RegisterWriteProtect
    ht6xxx_spi.o(i.HT_SPI_CSHigh) refers to main.o(i.assert_failed) for assert_failed
    ht6xxx_spi.o(i.HT_SPI_CSLow) refers to main.o(i.assert_failed) for assert_failed
    ht6xxx_spi.o(i.HT_SPI_ClearITPendingBit) refers to main.o(i.assert_failed) for assert_failed
    ht6xxx_spi.o(i.HT_SPI_ITFlagStatusGet) refers to main.o(i.assert_failed) for assert_failed
    ht6xxx_spi.o(i.HT_SPI_Init) refers to main.o(i.assert_failed) for assert_failed
    ht6xxx_spi.o(i.HT_SPI_SendByte) refers to main.o(i.assert_failed) for assert_failed
    ht6xxx_spi.o(i.HT_SPI_SendByte) refers to ht6xxx_spi.o(i.HT_SPI_ClearITPendingBit) for HT_SPI_ClearITPendingBit
    ht6xxx_spi.o(i.HT_SPI_SendByte) refers to ht6xxx_spi.o(i.HT_SPI_ITFlagStatusGet) for HT_SPI_ITFlagStatusGet
    ht6xxx_tbs.o(i.HT_TBSConfig) refers to main.o(i.assert_failed) for assert_failed
    ht6xxx_tbs.o(i.HT_TBS_CMPThresholdSet) refers to main.o(i.assert_failed) for assert_failed
    ht6xxx_tbs.o(i.HT_TBS_ClearITPendingBit) refers to main.o(i.assert_failed) for assert_failed
    ht6xxx_tbs.o(i.HT_TBS_FilCntConfig) refers to main.o(i.assert_failed) for assert_failed
    ht6xxx_tbs.o(i.HT_TBS_ITConfig) refers to main.o(i.assert_failed) for assert_failed
    ht6xxx_tbs.o(i.HT_TBS_ITFlagStatusGet) refers to main.o(i.assert_failed) for assert_failed
    ht6xxx_tbs.o(i.HT_TBS_PeriodSet) refers to main.o(i.assert_failed) for assert_failed
    ht6xxx_tbs.o(i.HT_TBS_ValueRead) refers to main.o(i.assert_failed) for assert_failed
    ht6xxx_tbs.o(i.HT_TBS_ValueRead) refers to ht6xxx_ecc.o(i.__ARM_common_switch8) for __ARM_common_switch8
    ht6xxx_timer.o(i.HT_TMR_CaptureGet) refers to main.o(i.assert_failed) for assert_failed
    ht6xxx_timer.o(i.HT_TMR_ClearITPendingBit) refers to main.o(i.assert_failed) for assert_failed
    ht6xxx_timer.o(i.HT_TMR_Cmd) refers to main.o(i.assert_failed) for assert_failed
    ht6xxx_timer.o(i.HT_TMR_CompareSet) refers to main.o(i.assert_failed) for assert_failed
    ht6xxx_timer.o(i.HT_TMR_CountGet) refers to main.o(i.assert_failed) for assert_failed
    ht6xxx_timer.o(i.HT_TMR_CounterSet) refers to main.o(i.assert_failed) for assert_failed
    ht6xxx_timer.o(i.HT_TMR_ITConfig) refers to main.o(i.assert_failed) for assert_failed
    ht6xxx_timer.o(i.HT_TMR_ITFlagStatusGet) refers to main.o(i.assert_failed) for assert_failed
    ht6xxx_timer.o(i.HT_TMR_Init) refers to main.o(i.assert_failed) for assert_failed
    ht6xxx_timer.o(i.HT_TMR_PeriodSet) refers to main.o(i.assert_failed) for assert_failed
    ht6xxx_timer.o(i.HT_TMR_PrescalerSet) refers to main.o(i.assert_failed) for assert_failed
    ht6xxx_uart&7816.o(i.HT_IR_Init) refers to main.o(i.assert_failed) for assert_failed
    ht6xxx_uart&7816.o(i.HT_IR_Init) refers to ht6xxx_uart&7816.o(i.HT_UART_Init) for HT_UART_Init
    ht6xxx_uart&7816.o(i.HT_ISO7816_ClearITPendingBit) refers to main.o(i.assert_failed) for assert_failed
    ht6xxx_uart&7816.o(i.HT_ISO7816_ITConfig) refers to main.o(i.assert_failed) for assert_failed
    ht6xxx_uart&7816.o(i.HT_ISO7816_ITFlagStatusGet) refers to main.o(i.assert_failed) for assert_failed
    ht6xxx_uart&7816.o(i.HT_ISO7816_Init) refers to main.o(i.assert_failed) for assert_failed
    ht6xxx_uart&7816.o(i.HT_ISO7816_Init) refers to ht6xxx_cmu.o(i.HT_CMU_SysClkGet) for HT_CMU_SysClkGet
    ht6xxx_uart&7816.o(i.HT_ISO7816_Init) refers to uidiv.o(.text) for __aeabi_uidivmod
    ht6xxx_uart&7816.o(i.HT_ISO7816_ReceiveData) refers to main.o(i.assert_failed) for assert_failed
    ht6xxx_uart&7816.o(i.HT_ISO7816_SendData) refers to main.o(i.assert_failed) for assert_failed
    ht6xxx_uart&7816.o(i.HT_UART_ClearITPendingBit) refers to main.o(i.assert_failed) for assert_failed
    ht6xxx_uart&7816.o(i.HT_UART_ITConfig) refers to main.o(i.assert_failed) for assert_failed
    ht6xxx_uart&7816.o(i.HT_UART_ITFlagStatusGet) refers to main.o(i.assert_failed) for assert_failed
    ht6xxx_uart&7816.o(i.HT_UART_Init) refers to main.o(i.assert_failed) for assert_failed
    ht6xxx_uart&7816.o(i.HT_UART_Init) refers to ht6xxx_cmu.o(i.HT_CMU_SysClkGet) for HT_CMU_SysClkGet
    ht6xxx_uart&7816.o(i.HT_UART_Init) refers to dfltui.o(.text) for __aeabi_ui2d
    ht6xxx_uart&7816.o(i.HT_UART_Init) refers to ddiv.o(.text) for __aeabi_ddiv
    ht6xxx_uart&7816.o(i.HT_UART_Init) refers to dadd.o(.text) for __aeabi_dsub
    ht6xxx_uart&7816.o(i.HT_UART_Init) refers to dfixui.o(.text) for __aeabi_d2uiz
    ht6xxx_uart&7816.o(i.HT_UART_Init) refers to cdrcmple.o(.text) for __aeabi_cdrcmple
    ht6xxx_uart&7816.o(i.HT_UART_RXFilterConfig) refers to main.o(i.assert_failed) for assert_failed
    ht6xxx_uart&7816.o(i.HT_UART_ReceiveData) refers to main.o(i.assert_failed) for assert_failed
    ht6xxx_uart&7816.o(i.HT_UART_SendData) refers to main.o(i.assert_failed) for assert_failed
    ht501x_keyscan.o(i.HT_KEY_ClearITPendingBit) refers to main.o(i.assert_failed) for assert_failed
    ht501x_keyscan.o(i.HT_KEY_ITFlagStatusGet) refers to main.o(i.assert_failed) for assert_failed
    ht50xx_emu.o(i.Delay_ms) refers to ht6xxx_cmu.o(i.HT_CMU_CPUClkGet) for HT_CMU_CPUClkGet
    ht50xx_emu.o(i.Disable_emu_module) refers to ht50xx_emu.o(.constdata) for RegisterWriteProtect
    ht50xx_emu.o(i.Enable_emu_module) refers to ht50xx_emu.o(.constdata) for RegisterWriteProtect
    ht50xx_emu.o(i.Get_HFConst_value_Shunt) refers to uidiv.o(.text) for __aeabi_uidivmod
    ht50xx_emu.o(i.Get_HFConst_value_ct) refers to uidiv.o(.text) for __aeabi_uidivmod
    ht50xx_emu.o(i.HT_EMUSR_FlagStatusGet) refers to main.o(i.assert_failed) for assert_failed
    ht50xx_emu.o(i.HT_EMU_ClearITPendingBit) refers to main.o(i.assert_failed) for assert_failed
    ht50xx_emu.o(i.HT_EMU_ITConfig) refers to main.o(i.assert_failed) for assert_failed
    ht50xx_emu.o(i.HT_EMU_ITFlagStatusGet) refers to main.o(i.assert_failed) for assert_failed
    ht50xx_emu.o(i.HT_EMU_Init) refers to ht50xx_emu.o(i.Enable_emu_module) for Enable_emu_module
    ht50xx_emu.o(i.HT_EMU_Init) refers to ht50xx_emu.o(i.Reset_EMU_Module) for Reset_EMU_Module
    ht50xx_emu.o(i.HT_EMU_Init) refers to ht50xx_emu.o(i.Select_Pulse_Port) for Select_Pulse_Port
    ht50xx_emu.o(i.HT_EMU_Init) refers to ht50xx_emu.o(i.Open_emu_LDO) for Open_emu_LDO
    ht50xx_emu.o(i.HT_EMU_Init) refers to ht50xx_emu.o(i.Delay_ms) for Delay_ms
    ht50xx_emu.o(i.HT_EMU_Init) refers to ht50xx_emu.o(i.Set_Valid_Channel) for Set_Valid_Channel
    ht50xx_emu.o(i.HT_EMU_Init) refers to ht50xx_emu.o(i.Set_EMU_Reactive_Phase_Gain) for Set_EMU_Reactive_Phase_Gain
    ht50xx_emu.o(i.Read_ECR_Reg) refers to main.o(i.assert_failed) for assert_failed
    ht50xx_emu.o(i.Read_EPR_Reg) refers to main.o(i.assert_failed) for assert_failed
    ht50xx_emu.o(i.Start_AdcBuff) refers to ht50xx_emu.o(i.Write_ECR_Reg) for Write_ECR_Reg
    ht50xx_emu.o(i.Write_ECR_Reg) refers to main.o(i.assert_failed) for assert_failed
    ht6xxx_wdt.o(i.HT_FreeDog_WithPara) refers to main.o(i.assert_failed) for assert_failed
    ht6xxx_wdt.o(i.HT_FreeDog_WithPara) refers to dmul.o(.text) for __aeabi_dmul
    ht6xxx_wdt.o(i.HT_FreeDog_WithPara) refers to dfixui.o(.text) for __aeabi_d2uiz
    ht6xxx_wdt.o(i.HT_FreeDog_WithPara) refers to ddiv.o(.text) for __aeabi_ddiv
    ht6xxx_wdt.o(i.HT_FreeDog_WithPara) refers to dadd.o(.text) for __aeabi_dsub
    ht6xxx_it.o(i.AES_IRQHandler) refers to ht6xxx_ecc.o(i.HT_ECC_ITFlagStatusGet) for HT_ECC_ITFlagStatusGet
    ht6xxx_it.o(i.AES_IRQHandler) refers to ht6xxx_ecc.o(i.HT_ECC_ClearITPendingBit) for HT_ECC_ClearITPendingBit
    ht6xxx_it.o(i.AES_IRQHandler) refers to ht6xxx_aes&rand.o(i.HT_AES_GHASH_RAND_ITFlagStatusGet) for HT_AES_GHASH_RAND_ITFlagStatusGet
    ht6xxx_it.o(i.AES_IRQHandler) refers to ht6xxx_aes&rand.o(i.HT_AES_GHASH_RAND_ClearITPendingBit) for HT_AES_GHASH_RAND_ClearITPendingBit
    ht6xxx_it.o(i.DMA_IRQHandler) refers to ht6xxx_it.o(i.DMA_IRQProc) for DMA_IRQProc
    ht6xxx_it.o(i.DMA_IRQProc) refers to ht6xxx_dma.o(i.HT_DMA_ITFlagStatusGet) for HT_DMA_ITFlagStatusGet
    ht6xxx_it.o(i.DMA_IRQProc) refers to ht6xxx_dma.o(i.HT_DMA_ClearITPendingBit) for HT_DMA_ClearITPendingBit
    ht6xxx_it.o(i.EXTI0_IRQHandler) refers to ht6xxx_exti.o(i.HT_EXTIRise_ITFlagStatusGet) for HT_EXTIRise_ITFlagStatusGet
    ht6xxx_it.o(i.EXTI0_IRQHandler) refers to ht6xxx_exti.o(i.HT_EXTIRise_ClearITPendingBit) for HT_EXTIRise_ClearITPendingBit
    ht6xxx_it.o(i.EXTI0_IRQHandler) refers to ht6xxx_exti.o(i.HT_EXTIFall_ITFlagStatusGet) for HT_EXTIFall_ITFlagStatusGet
    ht6xxx_it.o(i.EXTI0_IRQHandler) refers to ht6xxx_exti.o(i.HT_EXTIFall_ClearITPendingBit) for HT_EXTIFall_ClearITPendingBit
    ht6xxx_it.o(i.EXTI1_IRQHandler) refers to ht6xxx_exti.o(i.HT_EXTIRise_ITFlagStatusGet) for HT_EXTIRise_ITFlagStatusGet
    ht6xxx_it.o(i.EXTI1_IRQHandler) refers to ht6xxx_exti.o(i.HT_EXTIRise_ClearITPendingBit) for HT_EXTIRise_ClearITPendingBit
    ht6xxx_it.o(i.EXTI1_IRQHandler) refers to ht6xxx_exti.o(i.HT_EXTIFall_ITFlagStatusGet) for HT_EXTIFall_ITFlagStatusGet
    ht6xxx_it.o(i.EXTI1_IRQHandler) refers to ht6xxx_exti.o(i.HT_EXTIFall_ClearITPendingBit) for HT_EXTIFall_ClearITPendingBit
    ht6xxx_it.o(i.EXTI2_IRQHandler) refers to ht6xxx_exti.o(i.HT_EXTIRise_ITFlagStatusGet) for HT_EXTIRise_ITFlagStatusGet
    ht6xxx_it.o(i.EXTI2_IRQHandler) refers to ht6xxx_exti.o(i.HT_EXTIRise_ClearITPendingBit) for HT_EXTIRise_ClearITPendingBit
    ht6xxx_it.o(i.EXTI2_IRQHandler) refers to ht6xxx_exti.o(i.HT_EXTIFall_ITFlagStatusGet) for HT_EXTIFall_ITFlagStatusGet
    ht6xxx_it.o(i.EXTI2_IRQHandler) refers to ht6xxx_exti.o(i.HT_EXTIFall_ClearITPendingBit) for HT_EXTIFall_ClearITPendingBit
    ht6xxx_it.o(i.EXTI3_IRQHandler) refers to ht6xxx_exti.o(i.HT_EXTIRise_ITFlagStatusGet) for HT_EXTIRise_ITFlagStatusGet
    ht6xxx_it.o(i.EXTI3_IRQHandler) refers to ht6xxx_exti.o(i.HT_EXTIRise_ClearITPendingBit) for HT_EXTIRise_ClearITPendingBit
    ht6xxx_it.o(i.EXTI3_IRQHandler) refers to ht6xxx_exti.o(i.HT_EXTIFall_ITFlagStatusGet) for HT_EXTIFall_ITFlagStatusGet
    ht6xxx_it.o(i.EXTI3_IRQHandler) refers to ht6xxx_exti.o(i.HT_EXTIFall_ClearITPendingBit) for HT_EXTIFall_ClearITPendingBit
    ht6xxx_it.o(i.EXTI4_IRQHandler) refers to ht6xxx_exti.o(i.HT_EXTIRise_ITFlagStatusGet) for HT_EXTIRise_ITFlagStatusGet
    ht6xxx_it.o(i.EXTI4_IRQHandler) refers to ht6xxx_exti.o(i.HT_EXTIRise_ClearITPendingBit) for HT_EXTIRise_ClearITPendingBit
    ht6xxx_it.o(i.EXTI4_IRQHandler) refers to ht6xxx_exti.o(i.HT_EXTIFall_ITFlagStatusGet) for HT_EXTIFall_ITFlagStatusGet
    ht6xxx_it.o(i.EXTI4_IRQHandler) refers to ht6xxx_exti.o(i.HT_EXTIFall_ClearITPendingBit) for HT_EXTIFall_ClearITPendingBit
    ht6xxx_it.o(i.EXTI5_IRQHandler) refers to ht6xxx_exti.o(i.HT_EXTIRise_ITFlagStatusGet) for HT_EXTIRise_ITFlagStatusGet
    ht6xxx_it.o(i.EXTI5_IRQHandler) refers to ht6xxx_exti.o(i.HT_EXTIRise_ClearITPendingBit) for HT_EXTIRise_ClearITPendingBit
    ht6xxx_it.o(i.EXTI5_IRQHandler) refers to ht6xxx_exti.o(i.HT_EXTIFall_ITFlagStatusGet) for HT_EXTIFall_ITFlagStatusGet
    ht6xxx_it.o(i.EXTI5_IRQHandler) refers to ht6xxx_exti.o(i.HT_EXTIFall_ClearITPendingBit) for HT_EXTIFall_ClearITPendingBit
    ht6xxx_it.o(i.EXTI6_IRQHandler) refers to ht6xxx_exti.o(i.HT_EXTIRise_ITFlagStatusGet) for HT_EXTIRise_ITFlagStatusGet
    ht6xxx_it.o(i.EXTI6_IRQHandler) refers to ht6xxx_exti.o(i.HT_EXTIRise_ClearITPendingBit) for HT_EXTIRise_ClearITPendingBit
    ht6xxx_it.o(i.EXTI6_IRQHandler) refers to ht6xxx_exti.o(i.HT_EXTIFall_ITFlagStatusGet) for HT_EXTIFall_ITFlagStatusGet
    ht6xxx_it.o(i.EXTI6_IRQHandler) refers to ht6xxx_exti.o(i.HT_EXTIFall_ClearITPendingBit) for HT_EXTIFall_ClearITPendingBit
    ht6xxx_it.o(i.EXTI7_IRQHandler) refers to ht6xxx_exti.o(i.HT_EXTIRise_ITFlagStatusGet) for HT_EXTIRise_ITFlagStatusGet
    ht6xxx_it.o(i.EXTI7_IRQHandler) refers to ht6xxx_exti.o(i.HT_EXTIRise_ClearITPendingBit) for HT_EXTIRise_ClearITPendingBit
    ht6xxx_it.o(i.EXTI7_IRQHandler) refers to ht6xxx_exti.o(i.HT_EXTIFall_ITFlagStatusGet) for HT_EXTIFall_ITFlagStatusGet
    ht6xxx_it.o(i.EXTI7_IRQHandler) refers to ht6xxx_exti.o(i.HT_EXTIFall_ClearITPendingBit) for HT_EXTIFall_ClearITPendingBit
    ht6xxx_it.o(i.EXTI8_IRQHandler) refers to ht6xxx_exti.o(i.HT_EXTIRise_ITFlagStatusGet) for HT_EXTIRise_ITFlagStatusGet
    ht6xxx_it.o(i.EXTI8_IRQHandler) refers to ht6xxx_exti.o(i.HT_EXTIRise_ClearITPendingBit) for HT_EXTIRise_ClearITPendingBit
    ht6xxx_it.o(i.EXTI8_IRQHandler) refers to ht6xxx_exti.o(i.HT_EXTIFall_ITFlagStatusGet) for HT_EXTIFall_ITFlagStatusGet
    ht6xxx_it.o(i.EXTI8_IRQHandler) refers to ht6xxx_exti.o(i.HT_EXTIFall_ClearITPendingBit) for HT_EXTIFall_ClearITPendingBit
    ht6xxx_it.o(i.EXTI9_IRQHandler) refers to ht6xxx_exti.o(i.HT_EXTIRise_ITFlagStatusGet) for HT_EXTIRise_ITFlagStatusGet
    ht6xxx_it.o(i.EXTI9_IRQHandler) refers to ht6xxx_exti.o(i.HT_EXTIRise_ClearITPendingBit) for HT_EXTIRise_ClearITPendingBit
    ht6xxx_it.o(i.EXTI9_IRQHandler) refers to ht6xxx_exti.o(i.HT_EXTIFall_ITFlagStatusGet) for HT_EXTIFall_ITFlagStatusGet
    ht6xxx_it.o(i.EXTI9_IRQHandler) refers to ht6xxx_exti.o(i.HT_EXTIFall_ClearITPendingBit) for HT_EXTIFall_ClearITPendingBit
    ht6xxx_it.o(i.I2C_IRQHandler) refers to ht6xxx_iic.o(i.HT_I2C_IRQHandler_Default) for HT_I2C_IRQHandler_Default
    ht6xxx_it.o(i.KEY_IRQHandler) refers to ht501x_keyscan.o(i.HT_KEY_ITFlagStatusGet) for HT_KEY_ITFlagStatusGet
    ht6xxx_it.o(i.KEY_IRQHandler) refers to ht501x_keyscan.o(i.HT_KEY_ClearITPendingBit) for HT_KEY_ClearITPendingBit
    ht6xxx_it.o(i.NMI_Handler) refers to ht6xxx_cmu.o(i.HT_CMU_StopFlagGet) for HT_CMU_StopFlagGet
    ht6xxx_it.o(i.PMU_IRQHandler) refers to ht6xxx_pmu.o(i.HT_PMU_ITFlagStatusGet) for HT_PMU_ITFlagStatusGet
    ht6xxx_it.o(i.PMU_IRQHandler) refers to ht6xxx_pmu.o(i.HT_PMU_ClearITPendingBit) for HT_PMU_ClearITPendingBit
    ht6xxx_it.o(i.SPI0_IRQHandler) refers to ht6xxx_spi.o(i.HT_SPI_ITFlagStatusGet) for HT_SPI_ITFlagStatusGet
    ht6xxx_it.o(i.SPI0_IRQHandler) refers to ht6xxx_spi.o(i.HT_SPI_ClearITPendingBit) for HT_SPI_ClearITPendingBit
    ht6xxx_it.o(i.TBS_IRQHandler) refers to ht6xxx_tbs.o(i.HT_TBS_ITFlagStatusGet) for HT_TBS_ITFlagStatusGet
    ht6xxx_it.o(i.TBS_IRQHandler) refers to ht6xxx_tbs.o(i.HT_TBS_ClearITPendingBit) for HT_TBS_ClearITPendingBit
    ht6xxx_it.o(i.TIMER_0_IRQHandler) refers to ht6xxx_timer.o(i.HT_TMR_ITFlagStatusGet) for HT_TMR_ITFlagStatusGet
    ht6xxx_it.o(i.TIMER_0_IRQHandler) refers to ht6xxx_timer.o(i.HT_TMR_ClearITPendingBit) for HT_TMR_ClearITPendingBit
    ht6xxx_it.o(i.TIMER_1_IRQHandler) refers to ht6xxx_timer.o(i.HT_TMR_ITFlagStatusGet) for HT_TMR_ITFlagStatusGet
    ht6xxx_it.o(i.TIMER_1_IRQHandler) refers to ht6xxx_timer.o(i.HT_TMR_ClearITPendingBit) for HT_TMR_ClearITPendingBit
    ht6xxx_it.o(i.TIMER_2_IRQHandler) refers to ht6xxx_timer.o(i.HT_TMR_ITFlagStatusGet) for HT_TMR_ITFlagStatusGet
    ht6xxx_it.o(i.TIMER_2_IRQHandler) refers to ht6xxx_timer.o(i.HT_TMR_ClearITPendingBit) for HT_TMR_ClearITPendingBit
    ht6xxx_it.o(i.TIMER_3_IRQHandler) refers to ht6xxx_timer.o(i.HT_TMR_ITFlagStatusGet) for HT_TMR_ITFlagStatusGet
    ht6xxx_it.o(i.TIMER_3_IRQHandler) refers to ht6xxx_timer.o(i.HT_TMR_ClearITPendingBit) for HT_TMR_ClearITPendingBit
    ht6xxx_it.o(i.UART0_IRQHandler) refers to ht6xxx_uart&7816.o(i.HT_UART_ITFlagStatusGet) for HT_UART_ITFlagStatusGet
    ht6xxx_it.o(i.UART0_IRQHandler) refers to ht6xxx_uart&7816.o(i.HT_UART_ClearITPendingBit) for HT_UART_ClearITPendingBit
    ht6xxx_it.o(i.UART1_IRQHandler) refers to ht6xxx_uart&7816.o(i.HT_UART_ITFlagStatusGet) for HT_UART_ITFlagStatusGet
    ht6xxx_it.o(i.UART1_IRQHandler) refers to ht6xxx_uart&7816.o(i.HT_UART_ClearITPendingBit) for HT_UART_ClearITPendingBit
    ht6xxx_it.o(i.UART2_IRQHandler) refers to ht6xxx_uart&7816.o(i.HT_UART_ITFlagStatusGet) for HT_UART_ITFlagStatusGet
    ht6xxx_it.o(i.UART2_IRQHandler) refers to ht6xxx_uart&7816.o(i.HT_UART_ClearITPendingBit) for HT_UART_ClearITPendingBit
    ht6xxx_it.o(i.UART3_IRQHandler) refers to ht6xxx_uart&7816.o(i.HT_UART_ITFlagStatusGet) for HT_UART_ITFlagStatusGet
    ht6xxx_it.o(i.UART3_IRQHandler) refers to ht6xxx_uart&7816.o(i.HT_UART_ClearITPendingBit) for HT_UART_ClearITPendingBit
    ht6xxx_it.o(i.UART3_IRQHandler) refers to ht6xxx_uart&7816.o(i.HT_ISO7816_ITFlagStatusGet) for HT_ISO7816_ITFlagStatusGet
    ht6xxx_it.o(i.UART3_IRQHandler) refers to ht6xxx_uart&7816.o(i.HT_ISO7816_ClearITPendingBit) for HT_ISO7816_ClearITPendingBit
    ht6xxx_it.o(i.UART4_IRQHandler) refers to ht6xxx_uart&7816.o(i.HT_UART_ITFlagStatusGet) for HT_UART_ITFlagStatusGet
    ht6xxx_it.o(i.UART4_IRQHandler) refers to ht6xxx_uart&7816.o(i.HT_UART_ClearITPendingBit) for HT_UART_ClearITPendingBit
    ht6xxx_it.o(i.UART4_IRQHandler) refers to ht6xxx_uart&7816.o(i.HT_ISO7816_ITFlagStatusGet) for HT_ISO7816_ITFlagStatusGet
    ht6xxx_it.o(i.UART4_IRQHandler) refers to ht6xxx_uart&7816.o(i.HT_ISO7816_ClearITPendingBit) for HT_ISO7816_ClearITPendingBit
    ht6xxx_it.o(i.UART5_IRQHandler) refers to ht6xxx_uart&7816.o(i.HT_UART_ITFlagStatusGet) for HT_UART_ITFlagStatusGet
    ht6xxx_it.o(i.UART5_IRQHandler) refers to ht6xxx_uart&7816.o(i.HT_UART_ClearITPendingBit) for HT_UART_ClearITPendingBit
    main.o(i.main) refers to ht6xxx_wdt.o(i.HT_FreeDog) for HT_FreeDog
    entry.o(.ARM.Collect$$$$00000000) refers (Special) to entry10a.o(.ARM.Collect$$$$0000000D) for __rt_final_cpp
    entry.o(.ARM.Collect$$$$00000000) refers (Special) to entry11a.o(.ARM.Collect$$$$0000000F) for __rt_final_exit
    entry.o(.ARM.Collect$$$$00000000) refers (Special) to entry7b.o(.ARM.Collect$$$$00000008) for _main_clock
    entry.o(.ARM.Collect$$$$00000000) refers (Special) to entry8b.o(.ARM.Collect$$$$0000000A) for _main_cpp_init
    entry.o(.ARM.Collect$$$$00000000) refers (Special) to entry9a.o(.ARM.Collect$$$$0000000B) for _main_init
    entry.o(.ARM.Collect$$$$00000000) refers (Special) to entry5.o(.ARM.Collect$$$$00000004) for _main_scatterload
    entry.o(.ARM.Collect$$$$00000000) refers (Special) to entry2.o(.ARM.Collect$$$$00000001) for _main_stk
    dadd.o(.text) refers (Special) to iusefp.o(.text) for __I$use$fp
    dadd.o(.text) refers to llshl.o(.text) for __aeabi_llsl
    dadd.o(.text) refers to llsshr.o(.text) for __aeabi_lasr
    dadd.o(.text) refers to depilogue.o(.text) for _double_epilogue
    dmul.o(.text) refers (Special) to iusefp.o(.text) for __I$use$fp
    dmul.o(.text) refers to depilogue.o(.text) for _double_epilogue
    ddiv.o(.text) refers (Special) to iusefp.o(.text) for __I$use$fp
    ddiv.o(.text) refers to depilogue.o(.text) for _double_round
    dfltui.o(.text) refers (Special) to iusefp.o(.text) for __I$use$fp
    dfltui.o(.text) refers to depilogue.o(.text) for _double_epilogue
    dfixui.o(.text) refers (Special) to iusefp.o(.text) for __I$use$fp
    dfixui.o(.text) refers to llushr.o(.text) for __aeabi_llsr
    cdrcmple.o(.text) refers (Special) to iusefp.o(.text) for __I$use$fp
    entry2.o(.ARM.Collect$$$$00000001) refers to entry2.o(.ARM.Collect$$$$00002712) for __lit__00000000
    entry2.o(.ARM.Collect$$$$00002712) refers to startup_ht502x.o(STACK) for __initial_sp
    entry2.o(__vectab_stack_and_reset_area) refers to startup_ht502x.o(STACK) for __initial_sp
    entry2.o(__vectab_stack_and_reset_area) refers to entry.o(.ARM.Collect$$$$00000000) for __main
    entry5.o(.ARM.Collect$$$$00000004) refers to init.o(.text) for __scatterload
    entry9a.o(.ARM.Collect$$$$0000000B) refers to main.o(i.main) for main
    entry9b.o(.ARM.Collect$$$$0000000C) refers to main.o(i.main) for main
    depilogue.o(.text) refers to depilogue.o(i.__ARM_clz) for __ARM_clz
    depilogue.o(.text) refers to llshl.o(.text) for __aeabi_llsl
    depilogue.o(.text) refers to llushr.o(.text) for __aeabi_llsr
    init.o(.text) refers to entry5.o(.ARM.Collect$$$$00000004) for __main_after_scatterload


==============================================================================

Removing Unused input sections from the image.

    Removing system_ht6xxx.o(.rev16_text), (4 bytes).
    Removing system_ht6xxx.o(.revsh_text), (4 bytes).
    Removing startup_ht502x.o(HEAP), (0 bytes).
    Removing ht6xxx_aes&rand.o(.rev16_text), (4 bytes).
    Removing ht6xxx_aes&rand.o(.revsh_text), (4 bytes).
    Removing ht6xxx_aes&rand.o(i.HT_AES_Busy_StatusGet), (12 bytes).
    Removing ht6xxx_aes&rand.o(i.HT_AES_Decrypt), (248 bytes).
    Removing ht6xxx_aes&rand.o(i.HT_AES_Encrypt), (248 bytes).
    Removing ht6xxx_aes&rand.o(i.HT_AES_GHASH_RAND_ITConfig), (160 bytes).
    Removing ht6xxx_aes&rand.o(i.HT_AES_Read), (36 bytes).
    Removing ht6xxx_aes&rand.o(i.HT_AES_Xor128bits), (36 bytes).
    Removing ht6xxx_aes&rand.o(i.HT_GHASH_Busy_StatusGet), (12 bytes).
    Removing ht6xxx_aes&rand.o(i.HT_GHASH_Multiply), (56 bytes).
    Removing ht6xxx_aes&rand.o(i.HT_GHASH_Multiply_Read), (36 bytes).
    Removing ht6xxx_aes&rand.o(i.HT_RAND_DataGet), (24 bytes).
    Removing ht6xxx_aes&rand.o(i.HT_RAND_WorkState), (132 bytes).
    Removing ht6xxx_cmu.o(.rev16_text), (4 bytes).
    Removing ht6xxx_cmu.o(.revsh_text), (4 bytes).
    Removing ht6xxx_cmu.o(i.HT_CMU_CPUClkGet), (96 bytes).
    Removing ht6xxx_cmu.o(i.HT_CMU_ChipIDGet), (12 bytes).
    Removing ht6xxx_cmu.o(i.HT_CMU_ClkCtrl0Config), (128 bytes).
    Removing ht6xxx_cmu.o(i.HT_CMU_ClkCtrl1Config), (72 bytes).
    Removing ht6xxx_cmu.o(i.HT_CMU_ClkoutSet), (168 bytes).
    Removing ht6xxx_cmu.o(i.HT_CMU_FlashDly_Set), (68 bytes).
    Removing ht6xxx_cmu.o(i.HT_CMU_Init), (356 bytes).
    Removing ht6xxx_cmu.o(i.HT_CMU_JTAGStatusGet), (4 bytes).
    Removing ht6xxx_cmu.o(i.HT_CMU_SysClkGet), (80 bytes).
    Removing ht6xxx_cmu.o(i.WaitPllLock), (40 bytes).
    Removing ht6xxx_cmu.o(.constdata), (8 bytes).
    Removing ht6xxx_dma.o(.rev16_text), (4 bytes).
    Removing ht6xxx_dma.o(.revsh_text), (4 bytes).
    Removing ht6xxx_dma.o(i.HT_DMA_Cmd), (128 bytes).
    Removing ht6xxx_dma.o(i.HT_DMA_ITConfig), (168 bytes).
    Removing ht6xxx_dma.o(i.HT_DMA_Init), (348 bytes).
    Removing ht6xxx_ecc.o(.rev16_text), (4 bytes).
    Removing ht6xxx_ecc.o(.revsh_text), (4 bytes).
    Removing ht6xxx_ecc.o(i.HT_ECC_Busy_StatusGet), (16 bytes).
    Removing ht6xxx_ecc.o(i.HT_ECC_ECDSA_Init), (72 bytes).
    Removing ht6xxx_ecc.o(i.HT_ECC_ECDSA_S), (92 bytes).
    Removing ht6xxx_ecc.o(i.HT_ECC_ECDSA_S_Read), (52 bytes).
    Removing ht6xxx_ecc.o(i.HT_ECC_ECDSA_V), (112 bytes).
    Removing ht6xxx_ecc.o(i.HT_ECC_ITConfig), (124 bytes).
    Removing ht6xxx_ecc.o(i.HT_ECC_ModOperate), (160 bytes).
    Removing ht6xxx_ecc.o(i.HT_ECC_ModOperate_Read), (32 bytes).
    Removing ht6xxx_ecc.o(i.HT_ECC_PointOperate), (200 bytes).
    Removing ht6xxx_ecc.o(i.HT_ECC_PointOperate_Init), (44 bytes).
    Removing ht6xxx_ecc.o(i.HT_ECC_PointOperate_Read), (52 bytes).
    Removing ht6xxx_ecc.o(i.HT_ECC_PublickeyValidate), (112 bytes).
    Removing ht6xxx_exti.o(.rev16_text), (4 bytes).
    Removing ht6xxx_exti.o(.revsh_text), (4 bytes).
    Removing ht6xxx_exti.o(i.HT_EXTIFall_ITConfig), (232 bytes).
    Removing ht6xxx_exti.o(i.HT_EXTIRise_ITConfig), (252 bytes).
    Removing ht6xxx_exti.o(i.HT_EXTI_FilterConfig), (236 bytes).
    Removing ht6xxx_flash.o(.rev16_text), (4 bytes).
    Removing ht6xxx_flash.o(.revsh_text), (4 bytes).
    Removing ht6xxx_flash.o(.emb_text), (632 bytes).
    Removing ht6xxx_flash.o(i.HT_Flash_ByteRead), (216 bytes).
    Removing ht6xxx_flash.o(i.HT_Flash_ChipErase), (76 bytes).
    Removing ht6xxx_flash.o(i.HT_Flash_EWR_Pro), (584 bytes).
    Removing ht6xxx_flash.o(i.HT_Flash_HalfWordRead), (232 bytes).
    Removing ht6xxx_flash.o(i.HT_Flash_PageEraseWithSectionUnlock), (336 bytes).
    Removing ht6xxx_flash.o(i.HT_Flash_WordRead), (232 bytes).
    Removing ht6xxx_flash.o(i.HT_Info_ByteRead), (244 bytes).
    Removing ht6xxx_flash.o(i.HT_Info_EWR_Pro), (624 bytes).
    Removing ht6xxx_flash.o(i.HT_Info_HalfWordRead), (256 bytes).
    Removing ht6xxx_flash.o(i.HT_Info_WordRead), (256 bytes).
    Removing ht6xxx_flash.o(.constdata), (8 bytes).
    Removing ht6xxx_gpio.o(.rev16_text), (4 bytes).
    Removing ht6xxx_gpio.o(.revsh_text), (4 bytes).
    Removing ht6xxx_gpio.o(i.HT_GPIO_AFInit), (256 bytes).
    Removing ht6xxx_gpio.o(i.HT_GPIO_BitsRead), (144 bytes).
    Removing ht6xxx_gpio.o(i.HT_GPIO_BitsReset), (144 bytes).
    Removing ht6xxx_gpio.o(i.HT_GPIO_BitsSet), (144 bytes).
    Removing ht6xxx_gpio.o(i.HT_GPIO_BitsToggle), (144 bytes).
    Removing ht6xxx_gpio.o(i.HT_GPIO_DirectionSet), (184 bytes).
    Removing ht6xxx_gpio.o(i.HT_GPIO_HighCurrentSet), (136 bytes).
    Removing ht6xxx_gpio.o(i.HT_GPIO_Init), (340 bytes).
    Removing ht6xxx_gpio.o(i.HT_GPIO_InputStatusSet), (184 bytes).
    Removing ht6xxx_gpio.o(i.HT_GPIO_OutputStatusSet), (184 bytes).
    Removing ht6xxx_iic.o(.rev16_text), (4 bytes).
    Removing ht6xxx_iic.o(.revsh_text), (4 bytes).
    Removing ht6xxx_iic.o(i.HT_I2C_ClearITPendingBit), (20 bytes).
    Removing ht6xxx_iic.o(i.HT_I2C_ITFlagStatusGet), (24 bytes).
    Removing ht6xxx_iic.o(i.HT_I2C_Init), (228 bytes).
    Removing ht6xxx_iic.o(i.HT_I2C_Master_Receive), (152 bytes).
    Removing ht6xxx_iic.o(i.HT_I2C_Master_Receive_IT), (20 bytes).
    Removing ht6xxx_iic.o(i.HT_I2C_Master_Transmit), (156 bytes).
    Removing ht6xxx_iic.o(i.HT_I2C_Master_Transmit_IT), (88 bytes).
    Removing ht6xxx_iic.o(i.HT_I2C_Slave_Receive), (96 bytes).
    Removing ht6xxx_iic.o(i.HT_I2C_Slave_Receive_IT), (2 bytes).
    Removing ht6xxx_iic.o(i.HT_I2C_Slave_Transmit), (96 bytes).
    Removing ht6xxx_iic.o(i.HT_I2C_Slave_Transmit_IT), (2 bytes).
    Removing ht6xxx_iic.o(i.HT_I2C_Start), (20 bytes).
    Removing ht6xxx_iic.o(i.HT_I2C_Stop), (2 bytes).
    Removing ht6xxx_iic.o(i.__NVIC_EnableIRQ), (24 bytes).
    Removing ht6xxx_iic.o(.data), (16 bytes).
    Removing ht6xxx_lcd.o(.rev16_text), (4 bytes).
    Removing ht6xxx_lcd.o(.revsh_text), (4 bytes).
    Removing ht6xxx_lcd.o(i.HT_LCD_Init), (192 bytes).
    Removing ht6xxx_lcd.o(i.HT_LCD_OutConfig), (36 bytes).
    Removing ht6xxx_lcd.o(i.HT_LCD_Read), (24 bytes).
    Removing ht6xxx_lcd.o(i.HT_LCD_Write), (16 bytes).
    Removing ht6xxx_pmu.o(.rev16_text), (4 bytes).
    Removing ht6xxx_pmu.o(.revsh_text), (4 bytes).
    Removing ht6xxx_pmu.o(i.HT_PMUState_FlagStatusGet), (116 bytes).
    Removing ht6xxx_pmu.o(i.HT_PMU_DisChargeConfig), (84 bytes).
    Removing ht6xxx_pmu.o(i.HT_PMU_HoldLDOConfig), (72 bytes).
    Removing ht6xxx_pmu.o(i.HT_PMU_ITConfig), (128 bytes).
    Removing ht6xxx_pmu.o(i.HT_PMU_Init), (144 bytes).
    Removing ht6xxx_pmu.o(.constdata), (8 bytes).
    Removing ht6xxx_reset.o(.rev16_text), (4 bytes).
    Removing ht6xxx_reset.o(.revsh_text), (4 bytes).
    Removing ht6xxx_reset.o(i.HT_EnterHold), (16 bytes).
    Removing ht6xxx_reset.o(i.HT_EnterSleep), (16 bytes).
    Removing ht6xxx_reset.o(i.HT_ResetFlagClear), (16 bytes).
    Removing ht6xxx_reset.o(i.HT_ResetFlagStatusGet), (24 bytes).
    Removing ht6xxx_reset.o(i.HT_WakeFlagStatusGet), (24 bytes).
    Removing ht6xxx_rtc.o(.rev16_text), (4 bytes).
    Removing ht6xxx_rtc.o(.revsh_text), (4 bytes).
    Removing ht6xxx_rtc.o(i.HT_RTC_AlarmSet), (24 bytes).
    Removing ht6xxx_rtc.o(i.HT_RTC_ClearITPendingBit), (132 bytes).
    Removing ht6xxx_rtc.o(i.HT_RTC_ITConfig), (176 bytes).
    Removing ht6xxx_rtc.o(i.HT_RTC_ITFlagStatusGet), (144 bytes).
    Removing ht6xxx_rtc.o(i.HT_RTC_Init), (276 bytes).
    Removing ht6xxx_rtc.o(i.HT_RTC_LRC_Amend), (16 bytes).
    Removing ht6xxx_rtc.o(i.HT_RTC_LRC_Read), (100 bytes).
    Removing ht6xxx_rtc.o(i.HT_RTC_LRC_Write), (320 bytes).
    Removing ht6xxx_rtc.o(i.HT_RTC_LoadInfoData), (380 bytes).
    Removing ht6xxx_rtc.o(i.HT_RTC_Read), (100 bytes).
    Removing ht6xxx_rtc.o(i.HT_RTC_TMRConfig), (140 bytes).
    Removing ht6xxx_rtc.o(i.HT_RTC_ToutSet), (136 bytes).
    Removing ht6xxx_rtc.o(i.HT_RTC_Write), (308 bytes).
    Removing ht6xxx_rtc.o(.constdata), (8 bytes).
    Removing ht6xxx_spi.o(.rev16_text), (4 bytes).
    Removing ht6xxx_spi.o(.revsh_text), (4 bytes).
    Removing ht6xxx_spi.o(i.HT_SPI_CSHigh), (96 bytes).
    Removing ht6xxx_spi.o(i.HT_SPI_CSLow), (96 bytes).
    Removing ht6xxx_spi.o(i.HT_SPI_Init), (268 bytes).
    Removing ht6xxx_spi.o(i.HT_SPI_SendByte), (132 bytes).
    Removing ht6xxx_tbs.o(.rev16_text), (4 bytes).
    Removing ht6xxx_tbs.o(.revsh_text), (4 bytes).
    Removing ht6xxx_tbs.o(i.HT_TBSConfig), (192 bytes).
    Removing ht6xxx_tbs.o(i.HT_TBS_CMPThresholdSet), (124 bytes).
    Removing ht6xxx_tbs.o(i.HT_TBS_FilCntConfig), (140 bytes).
    Removing ht6xxx_tbs.o(i.HT_TBS_ITConfig), (172 bytes).
    Removing ht6xxx_tbs.o(i.HT_TBS_PeriodSet), (276 bytes).
    Removing ht6xxx_tbs.o(i.HT_TBS_TBSReset), (32 bytes).
    Removing ht6xxx_tbs.o(i.HT_TBS_ValueRead), (184 bytes).
    Removing ht6xxx_timer.o(.rev16_text), (4 bytes).
    Removing ht6xxx_timer.o(.revsh_text), (4 bytes).
    Removing ht6xxx_timer.o(i.HT_TMR_CaptureGet), (124 bytes).
    Removing ht6xxx_timer.o(i.HT_TMR_Cmd), (164 bytes).
    Removing ht6xxx_timer.o(i.HT_TMR_CompareSet), (124 bytes).
    Removing ht6xxx_timer.o(i.HT_TMR_CountGet), (124 bytes).
    Removing ht6xxx_timer.o(i.HT_TMR_CounterSet), (124 bytes).
    Removing ht6xxx_timer.o(i.HT_TMR_ITConfig), (208 bytes).
    Removing ht6xxx_timer.o(i.HT_TMR_Init), (256 bytes).
    Removing ht6xxx_timer.o(i.HT_TMR_PeriodSet), (128 bytes).
    Removing ht6xxx_timer.o(i.HT_TMR_PrescalerSet), (124 bytes).
    Removing ht6xxx_uart&7816.o(.rev16_text), (4 bytes).
    Removing ht6xxx_uart&7816.o(.revsh_text), (4 bytes).
    Removing ht6xxx_uart&7816.o(i.HT_IR_Init), (208 bytes).
    Removing ht6xxx_uart&7816.o(i.HT_ISO7816_ITConfig), (148 bytes).
    Removing ht6xxx_uart&7816.o(i.HT_ISO7816_Init), (292 bytes).
    Removing ht6xxx_uart&7816.o(i.HT_ISO7816_ReceiveData), (108 bytes).
    Removing ht6xxx_uart&7816.o(i.HT_ISO7816_SendData), (108 bytes).
    Removing ht6xxx_uart&7816.o(i.HT_UART_ITConfig), (188 bytes).
    Removing ht6xxx_uart&7816.o(i.HT_UART_Init), (432 bytes).
    Removing ht6xxx_uart&7816.o(i.HT_UART_RXFilterConfig), (156 bytes).
    Removing ht6xxx_uart&7816.o(i.HT_UART_ReceiveData), (144 bytes).
    Removing ht6xxx_uart&7816.o(i.HT_UART_SendData), (144 bytes).
    Removing ht501x_keyscan.o(.rev16_text), (4 bytes).
    Removing ht501x_keyscan.o(.revsh_text), (4 bytes).
    Removing ht501x_keyscan.o(i.HT_KEY_ClearScanStatus), (12 bytes).
    Removing ht501x_keyscan.o(i.HT_KEY_ScanStatusGet), (12 bytes).
    Removing ht50xx_emu.o(.rev16_text), (4 bytes).
    Removing ht50xx_emu.o(.revsh_text), (4 bytes).
    Removing ht50xx_emu.o(i.Close_emu_LDO), (20 bytes).
    Removing ht50xx_emu.o(i.Delay_ms), (32 bytes).
    Removing ht50xx_emu.o(i.Disable_emu_module), (52 bytes).
    Removing ht50xx_emu.o(i.Enable_emu_module), (52 bytes).
    Removing ht50xx_emu.o(i.Get_HFConst_value_Shunt), (88 bytes).
    Removing ht50xx_emu.o(i.Get_HFConst_value_ct), (84 bytes).
    Removing ht50xx_emu.o(i.HT_EMUSR_FlagStatusGet), (152 bytes).
    Removing ht50xx_emu.o(i.HT_EMU_ClearITPendingBit), (216 bytes).
    Removing ht50xx_emu.o(i.HT_EMU_ITConfig), (236 bytes).
    Removing ht50xx_emu.o(i.HT_EMU_ITFlagStatusGet), (200 bytes).
    Removing ht50xx_emu.o(i.HT_EMU_Init), (56 bytes).
    Removing ht50xx_emu.o(i.HT_EMU_Sag_Peak_init), (72 bytes).
    Removing ht50xx_emu.o(i.Open_emu_LDO), (36 bytes).
    Removing ht50xx_emu.o(i.Read_ECR_ChksumReg), (12 bytes).
    Removing ht50xx_emu.o(i.Read_ECR_Reg), (108 bytes).
    Removing ht50xx_emu.o(i.Read_EPR_Reg), (104 bytes).
    Removing ht50xx_emu.o(i.Reset_EMU_ECA_Regs), (12 bytes).
    Removing ht50xx_emu.o(i.Reset_EMU_Module), (12 bytes).
    Removing ht50xx_emu.o(i.Select_Pulse_Port), (292 bytes).
    Removing ht50xx_emu.o(i.Set_EMU_Reactive_Phase_Gain), (24 bytes).
    Removing ht50xx_emu.o(i.Set_Valid_Channel), (24 bytes).
    Removing ht50xx_emu.o(i.Start_AdcBuff), (72 bytes).
    Removing ht50xx_emu.o(i.Write_ECR_Reg), (108 bytes).
    Removing ht50xx_emu.o(.constdata), (8 bytes).
    Removing ht6xxx_wdt.o(.rev16_text), (4 bytes).
    Removing ht6xxx_wdt.o(.revsh_text), (4 bytes).
    Removing ht6xxx_wdt.o(i.HT_FreeDog_WithPara), (268 bytes).
    Removing ht6xxx_wdt.o(i.HT_SHModeDogConfigure), (6 bytes).
    Removing ht6xxx_it.o(.rev16_text), (4 bytes).
    Removing ht6xxx_it.o(.revsh_text), (4 bytes).
    Removing main.o(.rev16_text), (4 bytes).
    Removing main.o(.revsh_text), (4 bytes).
    Removing dadd.o(.text), (356 bytes).
    Removing dmul.o(.text), (208 bytes).
    Removing ddiv.o(.text), (240 bytes).
    Removing dfltui.o(.text), (28 bytes).
    Removing dfixui.o(.text), (60 bytes).
    Removing cdrcmple.o(.text), (40 bytes).
    Removing depilogue.o(.text), (190 bytes).
    Removing ht6xxx_ecc.o(i.__ARM_common_switch8), (28 bytes).
    Removing depilogue.o(i.__ARM_clz), (46 bytes).

218 unused section(s) (total 22900 bytes) removed from the image.

==============================================================================

Image Symbol Table

    Local Symbols

    Symbol Name                              Value     Ov Type        Size  Object(Section)

    RESET                                    0x00000000   Section      192  startup_ht502x.o(RESET)
    ../clib/microlib/division.c              0x00000000   Number         0  uidiv.o ABSOLUTE
    ../clib/microlib/init/entry.s            0x00000000   Number         0  entry10b.o ABSOLUTE
    ../clib/microlib/init/entry.s            0x00000000   Number         0  entry10a.o ABSOLUTE
    ../clib/microlib/init/entry.s            0x00000000   Number         0  entry9b.o ABSOLUTE
    ../clib/microlib/init/entry.s            0x00000000   Number         0  entry.o ABSOLUTE
    ../clib/microlib/init/entry.s            0x00000000   Number         0  entry8b.o ABSOLUTE
    ../clib/microlib/init/entry.s            0x00000000   Number         0  entry7a.o ABSOLUTE
    ../clib/microlib/init/entry.s            0x00000000   Number         0  entry9a.o ABSOLUTE
    ../clib/microlib/init/entry.s            0x00000000   Number         0  entry11b.o ABSOLUTE
    ../clib/microlib/init/entry.s            0x00000000   Number         0  entry11a.o ABSOLUTE
    ../clib/microlib/init/entry.s            0x00000000   Number         0  entry2.o ABSOLUTE
    ../clib/microlib/init/entry.s            0x00000000   Number         0  entry5.o ABSOLUTE
    ../clib/microlib/init/entry.s            0x00000000   Number         0  entry8a.o ABSOLUTE
    ../clib/microlib/init/entry.s            0x00000000   Number         0  entry7b.o ABSOLUTE
    ../clib/microlib/longlong.c              0x00000000   Number         0  llushr.o ABSOLUTE
    ../clib/microlib/longlong.c              0x00000000   Number         0  llsshr.o ABSOLUTE
    ../clib/microlib/longlong.c              0x00000000   Number         0  llshl.o ABSOLUTE
    ../clib/microlib/stubs.s                 0x00000000   Number         0  iusefp.o ABSOLUTE
    ../fplib/microlib/fpadd.c                0x00000000   Number         0  dadd.o ABSOLUTE
    ../fplib/microlib/fpdiv.c                0x00000000   Number         0  ddiv.o ABSOLUTE
    ../fplib/microlib/fpepilogue.c           0x00000000   Number         0  depilogue.o ABSOLUTE
    ../fplib/microlib/fpfix.c                0x00000000   Number         0  dfixui.o ABSOLUTE
    ../fplib/microlib/fpflt.c                0x00000000   Number         0  dfltui.o ABSOLUTE
    ../fplib/microlib/fpmul.c                0x00000000   Number         0  dmul.o ABSOLUTE
    ..\..\Libraries\CMSIS\DeviceSupport\src\system_ht6xxx.c 0x00000000   Number         0  system_ht6xxx.o ABSOLUTE
    ..\..\Libraries\HT60xx_StdPeriph_Driver\src\ht501x_keyscan.c 0x00000000   Number         0  ht501x_keyscan.o ABSOLUTE
    ..\..\Libraries\HT60xx_StdPeriph_Driver\src\ht50xx_emu.c 0x00000000   Number         0  ht50xx_emu.o ABSOLUTE
    ..\..\Libraries\HT60xx_StdPeriph_Driver\src\ht6xxx_aes&rand.c 0x00000000   Number         0  ht6xxx_aes&rand.o ABSOLUTE
    ..\..\Libraries\HT60xx_StdPeriph_Driver\src\ht6xxx_cmu.c 0x00000000   Number         0  ht6xxx_cmu.o ABSOLUTE
    ..\..\Libraries\HT60xx_StdPeriph_Driver\src\ht6xxx_dma.c 0x00000000   Number         0  ht6xxx_dma.o ABSOLUTE
    ..\..\Libraries\HT60xx_StdPeriph_Driver\src\ht6xxx_ecc.c 0x00000000   Number         0  ht6xxx_ecc.o ABSOLUTE
    ..\..\Libraries\HT60xx_StdPeriph_Driver\src\ht6xxx_exti.c 0x00000000   Number         0  ht6xxx_exti.o ABSOLUTE
    ..\..\Libraries\HT60xx_StdPeriph_Driver\src\ht6xxx_flash.c 0x00000000   Number         0  ht6xxx_flash.o ABSOLUTE
    ..\..\Libraries\HT60xx_StdPeriph_Driver\src\ht6xxx_gpio.c 0x00000000   Number         0  ht6xxx_gpio.o ABSOLUTE
    ..\..\Libraries\HT60xx_StdPeriph_Driver\src\ht6xxx_iic.c 0x00000000   Number         0  ht6xxx_iic.o ABSOLUTE
    ..\..\Libraries\HT60xx_StdPeriph_Driver\src\ht6xxx_lcd.c 0x00000000   Number         0  ht6xxx_lcd.o ABSOLUTE
    ..\..\Libraries\HT60xx_StdPeriph_Driver\src\ht6xxx_pmu.c 0x00000000   Number         0  ht6xxx_pmu.o ABSOLUTE
    ..\..\Libraries\HT60xx_StdPeriph_Driver\src\ht6xxx_reset.c 0x00000000   Number         0  ht6xxx_reset.o ABSOLUTE
    ..\..\Libraries\HT60xx_StdPeriph_Driver\src\ht6xxx_rtc.c 0x00000000   Number         0  ht6xxx_rtc.o ABSOLUTE
    ..\..\Libraries\HT60xx_StdPeriph_Driver\src\ht6xxx_spi.c 0x00000000   Number         0  ht6xxx_spi.o ABSOLUTE
    ..\..\Libraries\HT60xx_StdPeriph_Driver\src\ht6xxx_tbs.c 0x00000000   Number         0  ht6xxx_tbs.o ABSOLUTE
    ..\..\Libraries\HT60xx_StdPeriph_Driver\src\ht6xxx_tdes&rand.c 0x00000000   Number         0  ht6xxx_tdes&rand.o ABSOLUTE
    ..\..\Libraries\HT60xx_StdPeriph_Driver\src\ht6xxx_timer.c 0x00000000   Number         0  ht6xxx_timer.o ABSOLUTE
    ..\..\Libraries\HT60xx_StdPeriph_Driver\src\ht6xxx_uart&7816.c 0x00000000   Number         0  ht6xxx_uart&7816.o ABSOLUTE
    ..\..\Libraries\HT60xx_StdPeriph_Driver\src\ht6xxx_wdt.c 0x00000000   Number         0  ht6xxx_wdt.o ABSOLUTE
    ..\..\Libraries\Startup\Keil\startup_ht502x.s 0x00000000   Number         0  startup_ht502x.o ABSOLUTE
    ..\..\Users\src\ht6xxx_it.c              0x00000000   Number         0  ht6xxx_it.o ABSOLUTE
    ..\..\Users\src\main.c                   0x00000000   Number         0  main.o ABSOLUTE
    ..\\..\\Libraries\\CMSIS\\DeviceSupport\\src\\system_ht6xxx.c 0x00000000   Number         0  system_ht6xxx.o ABSOLUTE
    ..\\..\\Libraries\\HT60xx_StdPeriph_Driver\\src\\ht501x_keyscan.c 0x00000000   Number         0  ht501x_keyscan.o ABSOLUTE
    ..\\..\\Libraries\\HT60xx_StdPeriph_Driver\\src\\ht50xx_emu.c 0x00000000   Number         0  ht50xx_emu.o ABSOLUTE
    ..\\..\\Libraries\\HT60xx_StdPeriph_Driver\\src\\ht6xxx_aes&rand.c 0x00000000   Number         0  ht6xxx_aes&rand.o ABSOLUTE
    ..\\..\\Libraries\\HT60xx_StdPeriph_Driver\\src\\ht6xxx_cmu.c 0x00000000   Number         0  ht6xxx_cmu.o ABSOLUTE
    ..\\..\\Libraries\\HT60xx_StdPeriph_Driver\\src\\ht6xxx_dma.c 0x00000000   Number         0  ht6xxx_dma.o ABSOLUTE
    ..\\..\\Libraries\\HT60xx_StdPeriph_Driver\\src\\ht6xxx_ecc.c 0x00000000   Number         0  ht6xxx_ecc.o ABSOLUTE
    ..\\..\\Libraries\\HT60xx_StdPeriph_Driver\\src\\ht6xxx_exti.c 0x00000000   Number         0  ht6xxx_exti.o ABSOLUTE
    ..\\..\\Libraries\\HT60xx_StdPeriph_Driver\\src\\ht6xxx_flash.c 0x00000000   Number         0  ht6xxx_flash.o ABSOLUTE
    ..\\..\\Libraries\\HT60xx_StdPeriph_Driver\\src\\ht6xxx_gpio.c 0x00000000   Number         0  ht6xxx_gpio.o ABSOLUTE
    ..\\..\\Libraries\\HT60xx_StdPeriph_Driver\\src\\ht6xxx_iic.c 0x00000000   Number         0  ht6xxx_iic.o ABSOLUTE
    ..\\..\\Libraries\\HT60xx_StdPeriph_Driver\\src\\ht6xxx_lcd.c 0x00000000   Number         0  ht6xxx_lcd.o ABSOLUTE
    ..\\..\\Libraries\\HT60xx_StdPeriph_Driver\\src\\ht6xxx_pmu.c 0x00000000   Number         0  ht6xxx_pmu.o ABSOLUTE
    ..\\..\\Libraries\\HT60xx_StdPeriph_Driver\\src\\ht6xxx_reset.c 0x00000000   Number         0  ht6xxx_reset.o ABSOLUTE
    ..\\..\\Libraries\\HT60xx_StdPeriph_Driver\\src\\ht6xxx_rtc.c 0x00000000   Number         0  ht6xxx_rtc.o ABSOLUTE
    ..\\..\\Libraries\\HT60xx_StdPeriph_Driver\\src\\ht6xxx_spi.c 0x00000000   Number         0  ht6xxx_spi.o ABSOLUTE
    ..\\..\\Libraries\\HT60xx_StdPeriph_Driver\\src\\ht6xxx_tbs.c 0x00000000   Number         0  ht6xxx_tbs.o ABSOLUTE
    ..\\..\\Libraries\\HT60xx_StdPeriph_Driver\\src\\ht6xxx_timer.c 0x00000000   Number         0  ht6xxx_timer.o ABSOLUTE
    ..\\..\\Libraries\\HT60xx_StdPeriph_Driver\\src\\ht6xxx_uart&7816.c 0x00000000   Number         0  ht6xxx_uart&7816.o ABSOLUTE
    ..\\..\\Libraries\\HT60xx_StdPeriph_Driver\\src\\ht6xxx_wdt.c 0x00000000   Number         0  ht6xxx_wdt.o ABSOLUTE
    ..\\..\\Users\\src\\ht6xxx_it.c          0x00000000   Number         0  ht6xxx_it.o ABSOLUTE
    ..\\..\\Users\\src\\main.c               0x00000000   Number         0  main.o ABSOLUTE
    cdrcmple.s                               0x00000000   Number         0  cdrcmple.o ABSOLUTE
    dc.s                                     0x00000000   Number         0  dc.o ABSOLUTE
    handlers.s                               0x00000000   Number         0  handlers.o ABSOLUTE
    init.s                                   0x00000000   Number         0  init.o ABSOLUTE
    .ARM.Collect$$$$00000000                 0x000000c0   Section        0  entry.o(.ARM.Collect$$$$00000000)
    .ARM.Collect$$$$00000001                 0x000000c0   Section        4  entry2.o(.ARM.Collect$$$$00000001)
    .ARM.Collect$$$$00000004                 0x000000c4   Section        4  entry5.o(.ARM.Collect$$$$00000004)
    .ARM.Collect$$$$00000008                 0x000000c8   Section        0  entry7b.o(.ARM.Collect$$$$00000008)
    .ARM.Collect$$$$0000000A                 0x000000c8   Section        0  entry8b.o(.ARM.Collect$$$$0000000A)
    .ARM.Collect$$$$0000000B                 0x000000c8   Section        8  entry9a.o(.ARM.Collect$$$$0000000B)
    .ARM.Collect$$$$0000000D                 0x000000d0   Section        0  entry10a.o(.ARM.Collect$$$$0000000D)
    .ARM.Collect$$$$0000000F                 0x000000d0   Section        0  entry11a.o(.ARM.Collect$$$$0000000F)
    .ARM.Collect$$$$00002712                 0x000000d0   Section        4  entry2.o(.ARM.Collect$$$$00002712)
    __lit__00000000                          0x000000d0   Data           4  entry2.o(.ARM.Collect$$$$00002712)
    .text                                    0x000000d4   Section       28  startup_ht502x.o(.text)
    Reserved_IRQHandler                      0x000000e7   Thumb Code     0  startup_ht502x.o(.text)
    .text                                    0x000000f0   Section       36  init.o(.text)
    i.AES_IRQHandler                         0x00000114   Section        0  ht6xxx_it.o(i.AES_IRQHandler)
    i.DMA_IRQHandler                         0x00000154   Section        0  ht6xxx_it.o(i.DMA_IRQHandler)
    i.DMA_IRQProc                            0x0000015c   Section        0  ht6xxx_it.o(i.DMA_IRQProc)
    DMA_IRQProc                              0x0000015d   Thumb Code   152  ht6xxx_it.o(i.DMA_IRQProc)
    i.EMU_IRQHandler                         0x000001f4   Section        0  ht6xxx_it.o(i.EMU_IRQHandler)
    i.EXTI0_IRQHandler                       0x000001f6   Section        0  ht6xxx_it.o(i.EXTI0_IRQHandler)
    i.EXTI1_IRQHandler                       0x0000021a   Section        0  ht6xxx_it.o(i.EXTI1_IRQHandler)
    i.EXTI2_IRQHandler                       0x00000240   Section        0  ht6xxx_it.o(i.EXTI2_IRQHandler)
    i.EXTI3_IRQHandler                       0x00000266   Section        0  ht6xxx_it.o(i.EXTI3_IRQHandler)
    i.EXTI4_IRQHandler                       0x0000028c   Section        0  ht6xxx_it.o(i.EXTI4_IRQHandler)
    i.EXTI5_IRQHandler                       0x000002b2   Section        0  ht6xxx_it.o(i.EXTI5_IRQHandler)
    i.EXTI6_IRQHandler                       0x000002d8   Section        0  ht6xxx_it.o(i.EXTI6_IRQHandler)
    i.EXTI7_IRQHandler                       0x000002fe   Section        0  ht6xxx_it.o(i.EXTI7_IRQHandler)
    i.EXTI8_IRQHandler                       0x00000326   Section        0  ht6xxx_it.o(i.EXTI8_IRQHandler)
    i.EXTI9_IRQHandler                       0x0000034e   Section        0  ht6xxx_it.o(i.EXTI9_IRQHandler)
    i.HT_AES_GHASH_RAND_ClearITPendingBit    0x00000378   Section        0  ht6xxx_aes&rand.o(i.HT_AES_GHASH_RAND_ClearITPendingBit)
    i.HT_AES_GHASH_RAND_ITFlagStatusGet      0x000003ec   Section        0  ht6xxx_aes&rand.o(i.HT_AES_GHASH_RAND_ITFlagStatusGet)
    i.HT_CMU_StopFlagGet                     0x00000470   Section        0  ht6xxx_cmu.o(i.HT_CMU_StopFlagGet)
    i.HT_DMA_ClearITPendingBit               0x000004e4   Section        0  ht6xxx_dma.o(i.HT_DMA_ClearITPendingBit)
    i.HT_DMA_ITFlagStatusGet                 0x00000578   Section        0  ht6xxx_dma.o(i.HT_DMA_ITFlagStatusGet)
    i.HT_ECC_ClearITPendingBit               0x00000618   Section        0  ht6xxx_ecc.o(i.HT_ECC_ClearITPendingBit)
    i.HT_ECC_ITFlagStatusGet                 0x00000694   Section        0  ht6xxx_ecc.o(i.HT_ECC_ITFlagStatusGet)
    i.HT_EXTIFall_ClearITPendingBit          0x0000071c   Section        0  ht6xxx_exti.o(i.HT_EXTIFall_ClearITPendingBit)
    i.HT_EXTIFall_ITFlagStatusGet            0x000007d0   Section        0  ht6xxx_exti.o(i.HT_EXTIFall_ITFlagStatusGet)
    i.HT_EXTIRise_ClearITPendingBit          0x00000894   Section        0  ht6xxx_exti.o(i.HT_EXTIRise_ClearITPendingBit)
    i.HT_EXTIRise_ITFlagStatusGet            0x00000960   Section        0  ht6xxx_exti.o(i.HT_EXTIRise_ITFlagStatusGet)
    i.HT_FreeDog                             0x00000a34   Section        0  ht6xxx_wdt.o(i.HT_FreeDog)
    i.HT_I2C_IRQHandler_Default              0x00000a44   Section        0  ht6xxx_iic.o(i.HT_I2C_IRQHandler_Default)
    i.HT_ISO7816_ClearITPendingBit           0x00000a48   Section        0  ht6xxx_uart&7816.o(i.HT_ISO7816_ClearITPendingBit)
    i.HT_ISO7816_ITFlagStatusGet             0x00000ac8   Section        0  ht6xxx_uart&7816.o(i.HT_ISO7816_ITFlagStatusGet)
    i.HT_KEY_ClearITPendingBit               0x00000b58   Section        0  ht501x_keyscan.o(i.HT_KEY_ClearITPendingBit)
    i.HT_KEY_ITFlagStatusGet                 0x00000bb8   Section        0  ht501x_keyscan.o(i.HT_KEY_ITFlagStatusGet)
    i.HT_PMU_ClearITPendingBit               0x00000c24   Section        0  ht6xxx_pmu.o(i.HT_PMU_ClearITPendingBit)
    i.HT_PMU_ITFlagStatusGet                 0x00000c88   Section        0  ht6xxx_pmu.o(i.HT_PMU_ITFlagStatusGet)
    i.HT_SPI_ClearITPendingBit               0x00000cfc   Section        0  ht6xxx_spi.o(i.HT_SPI_ClearITPendingBit)
    i.HT_SPI_ITFlagStatusGet                 0x00000d84   Section        0  ht6xxx_spi.o(i.HT_SPI_ITFlagStatusGet)
    i.HT_TBS_ClearITPendingBit               0x00000e14   Section        0  ht6xxx_tbs.o(i.HT_TBS_ClearITPendingBit)
    i.HT_TBS_ITFlagStatusGet                 0x00000ea8   Section        0  ht6xxx_tbs.o(i.HT_TBS_ITFlagStatusGet)
    i.HardFault_Handler                      0x00000f48   Section        0  ht6xxx_it.o(i.HardFault_Handler)
    i.I2C_IRQHandler                         0x00000f4c   Section        0  ht6xxx_it.o(i.I2C_IRQHandler)
    i.KEY_IRQHandler                         0x00000f54   Section        0  ht6xxx_it.o(i.KEY_IRQHandler)
    i.NMI_Handler                            0x00000f68   Section        0  ht6xxx_it.o(i.NMI_Handler)
    i.PMU_IRQHandler                         0x00000f7e   Section        0  ht6xxx_it.o(i.PMU_IRQHandler)
    .ARM.__at_0x0FC0                         0x00000fc0   Section        4  startup_ht502x.o(.ARM.__at_0x0FC0)
    i.HT_TMR_ClearITPendingBit               0x00000fc4   Section        0  ht6xxx_timer.o(i.HT_TMR_ClearITPendingBit)
    i.HT_TMR_ITFlagStatusGet                 0x0000106c   Section        0  ht6xxx_timer.o(i.HT_TMR_ITFlagStatusGet)
    i.HT_UART_ClearITPendingBit              0x00001120   Section        0  ht6xxx_uart&7816.o(i.HT_UART_ClearITPendingBit)
    i.HT_UART_ITFlagStatusGet                0x000011c4   Section        0  ht6xxx_uart&7816.o(i.HT_UART_ITFlagStatusGet)
    i.PendSV_Handler                         0x00001278   Section        0  ht6xxx_it.o(i.PendSV_Handler)
    i.RTC_IRQHandler                         0x0000127c   Section        0  ht6xxx_it.o(i.RTC_IRQHandler)
    i.SPI0_IRQHandler                        0x00001290   Section        0  ht6xxx_it.o(i.SPI0_IRQHandler)
    i.SVC_Handler                            0x000012c0   Section        0  ht6xxx_it.o(i.SVC_Handler)
    i.SysTick_Handler                        0x000012c2   Section        0  ht6xxx_it.o(i.SysTick_Handler)
    i.SystemInit                             0x000012c4   Section        0  system_ht6xxx.o(i.SystemInit)
    i.TBS_IRQHandler                         0x000012c6   Section        0  ht6xxx_it.o(i.TBS_IRQHandler)
    i.TIMER_0_IRQHandler                     0x0000135c   Section        0  ht6xxx_it.o(i.TIMER_0_IRQHandler)
    i.TIMER_1_IRQHandler                     0x000013b4   Section        0  ht6xxx_it.o(i.TIMER_1_IRQHandler)
    i.TIMER_2_IRQHandler                     0x0000140c   Section        0  ht6xxx_it.o(i.TIMER_2_IRQHandler)
    i.TIMER_3_IRQHandler                     0x00001464   Section        0  ht6xxx_it.o(i.TIMER_3_IRQHandler)
    i.UART0_IRQHandler                       0x000014bc   Section        0  ht6xxx_it.o(i.UART0_IRQHandler)
    i.UART1_IRQHandler                       0x000014ec   Section        0  ht6xxx_it.o(i.UART1_IRQHandler)
    i.UART2_IRQHandler                       0x0000151c   Section        0  ht6xxx_it.o(i.UART2_IRQHandler)
    i.UART3_IRQHandler                       0x0000154c   Section        0  ht6xxx_it.o(i.UART3_IRQHandler)
    i.UART4_IRQHandler                       0x000015b8   Section        0  ht6xxx_it.o(i.UART4_IRQHandler)
    i.UART5_IRQHandler                       0x00001624   Section        0  ht6xxx_it.o(i.UART5_IRQHandler)
    i.__scatterload_copy                     0x00001650   Section       14  handlers.o(i.__scatterload_copy)
    i.__scatterload_null                     0x0000165e   Section        2  handlers.o(i.__scatterload_null)
    i.__scatterload_zeroinit                 0x00001660   Section       14  handlers.o(i.__scatterload_zeroinit)
    i.assert_failed                          0x0000166e   Section        0  main.o(i.assert_failed)
    i.main                                   0x00001672   Section        0  main.o(i.main)
    STACK                                    0x20000000   Section     8192  startup_ht502x.o(STACK)

    Global Symbols

    Symbol Name                              Value     Ov Type        Size  Object(Section)

    BuildAttributes$$THM_ISAv3M$S$PE$A:L22$X:L11$S22$IEEE1$IW$USESV6$~STKCKD$USESV7$~SHL$OSPACE$ROPI$EBA8$MICROLIB$REQ8$EABIv2 0x00000000   Number         0  anon$$obj.o ABSOLUTE
    __ARM_use_no_argv                        0x00000000   Number         0  main.o ABSOLUTE
    __Vectors                                0x00000000   Data           4  startup_ht502x.o(RESET)
    __cpp_initialize__aeabi_                  - Undefined Weak Reference
    __cxa_finalize                            - Undefined Weak Reference
    __decompress                              - Undefined Weak Reference
    _clock_init                               - Undefined Weak Reference
    _microlib_exit                            - Undefined Weak Reference
    __main                                   0x000000c1   Thumb Code     0  entry.o(.ARM.Collect$$$$00000000)
    _main_stk                                0x000000c1   Thumb Code     0  entry2.o(.ARM.Collect$$$$00000001)
    _main_scatterload                        0x000000c5   Thumb Code     0  entry5.o(.ARM.Collect$$$$00000004)
    __main_after_scatterload                 0x000000c9   Thumb Code     0  entry5.o(.ARM.Collect$$$$00000004)
    _main_clock                              0x000000c9   Thumb Code     0  entry7b.o(.ARM.Collect$$$$00000008)
    _main_cpp_init                           0x000000c9   Thumb Code     0  entry8b.o(.ARM.Collect$$$$0000000A)
    _main_init                               0x000000c9   Thumb Code     0  entry9a.o(.ARM.Collect$$$$0000000B)
    __rt_final_cpp                           0x000000d1   Thumb Code     0  entry10a.o(.ARM.Collect$$$$0000000D)
    __rt_final_exit                          0x000000d1   Thumb Code     0  entry11a.o(.ARM.Collect$$$$0000000F)
    Reset_Handler                            0x000000d5   Thumb Code     8  startup_ht502x.o(.text)
    SelfTestFreq_IRQHandler                  0x000000e7   Thumb Code     0  startup_ht502x.o(.text)
    __scatterload                            0x000000f1   Thumb Code    28  init.o(.text)
    __scatterload_rt2                        0x000000f1   Thumb Code     0  init.o(.text)
    AES_IRQHandler                           0x00000115   Thumb Code    64  ht6xxx_it.o(i.AES_IRQHandler)
    DMA_IRQHandler                           0x00000155   Thumb Code     8  ht6xxx_it.o(i.DMA_IRQHandler)
    EMU_IRQHandler                           0x000001f5   Thumb Code     2  ht6xxx_it.o(i.EMU_IRQHandler)
    EXTI0_IRQHandler                         0x000001f7   Thumb Code    36  ht6xxx_it.o(i.EXTI0_IRQHandler)
    EXTI1_IRQHandler                         0x0000021b   Thumb Code    38  ht6xxx_it.o(i.EXTI1_IRQHandler)
    EXTI2_IRQHandler                         0x00000241   Thumb Code    38  ht6xxx_it.o(i.EXTI2_IRQHandler)
    EXTI3_IRQHandler                         0x00000267   Thumb Code    38  ht6xxx_it.o(i.EXTI3_IRQHandler)
    EXTI4_IRQHandler                         0x0000028d   Thumb Code    38  ht6xxx_it.o(i.EXTI4_IRQHandler)
    EXTI5_IRQHandler                         0x000002b3   Thumb Code    38  ht6xxx_it.o(i.EXTI5_IRQHandler)
    EXTI6_IRQHandler                         0x000002d9   Thumb Code    38  ht6xxx_it.o(i.EXTI6_IRQHandler)
    EXTI7_IRQHandler                         0x000002ff   Thumb Code    40  ht6xxx_it.o(i.EXTI7_IRQHandler)
    EXTI8_IRQHandler                         0x00000327   Thumb Code    40  ht6xxx_it.o(i.EXTI8_IRQHandler)
    EXTI9_IRQHandler                         0x0000034f   Thumb Code    40  ht6xxx_it.o(i.EXTI9_IRQHandler)
    HT_AES_GHASH_RAND_ClearITPendingBit      0x00000379   Thumb Code    48  ht6xxx_aes&rand.o(i.HT_AES_GHASH_RAND_ClearITPendingBit)
    HT_AES_GHASH_RAND_ITFlagStatusGet        0x000003ed   Thumb Code    62  ht6xxx_aes&rand.o(i.HT_AES_GHASH_RAND_ITFlagStatusGet)
    HT_CMU_StopFlagGet                       0x00000471   Thumb Code    46  ht6xxx_cmu.o(i.HT_CMU_StopFlagGet)
    HT_DMA_ClearITPendingBit                 0x000004e5   Thumb Code    80  ht6xxx_dma.o(i.HT_DMA_ClearITPendingBit)
    HT_DMA_ITFlagStatusGet                   0x00000579   Thumb Code    92  ht6xxx_dma.o(i.HT_DMA_ITFlagStatusGet)
    HT_ECC_ClearITPendingBit                 0x00000619   Thumb Code    54  ht6xxx_ecc.o(i.HT_ECC_ClearITPendingBit)
    HT_ECC_ITFlagStatusGet                   0x00000695   Thumb Code    70  ht6xxx_ecc.o(i.HT_ECC_ITFlagStatusGet)
    HT_EXTIFall_ClearITPendingBit            0x0000071d   Thumb Code   116  ht6xxx_exti.o(i.HT_EXTIFall_ClearITPendingBit)
    HT_EXTIFall_ITFlagStatusGet              0x000007d1   Thumb Code   130  ht6xxx_exti.o(i.HT_EXTIFall_ITFlagStatusGet)
    HT_EXTIRise_ClearITPendingBit            0x00000895   Thumb Code   138  ht6xxx_exti.o(i.HT_EXTIRise_ClearITPendingBit)
    HT_EXTIRise_ITFlagStatusGet              0x00000961   Thumb Code   148  ht6xxx_exti.o(i.HT_EXTIRise_ITFlagStatusGet)
    HT_FreeDog                               0x00000a35   Thumb Code     8  ht6xxx_wdt.o(i.HT_FreeDog)
    HT_I2C_IRQHandler_Default                0x00000a45   Thumb Code     2  ht6xxx_iic.o(i.HT_I2C_IRQHandler_Default)
    HT_ISO7816_ClearITPendingBit             0x00000a49   Thumb Code    56  ht6xxx_uart&7816.o(i.HT_ISO7816_ClearITPendingBit)
    HT_ISO7816_ITFlagStatusGet               0x00000ac9   Thumb Code    70  ht6xxx_uart&7816.o(i.HT_ISO7816_ITFlagStatusGet)
    HT_KEY_ClearITPendingBit                 0x00000b59   Thumb Code    28  ht501x_keyscan.o(i.HT_KEY_ClearITPendingBit)
    HT_KEY_ITFlagStatusGet                   0x00000bb9   Thumb Code    40  ht501x_keyscan.o(i.HT_KEY_ITFlagStatusGet)
    HT_PMU_ClearITPendingBit                 0x00000c25   Thumb Code    36  ht6xxx_pmu.o(i.HT_PMU_ClearITPendingBit)
    HT_PMU_ITFlagStatusGet                   0x00000c89   Thumb Code    48  ht6xxx_pmu.o(i.HT_PMU_ITFlagStatusGet)
    HT_SPI_ClearITPendingBit                 0x00000cfd   Thumb Code    70  ht6xxx_spi.o(i.HT_SPI_ClearITPendingBit)
    HT_SPI_ITFlagStatusGet                   0x00000d85   Thumb Code    78  ht6xxx_spi.o(i.HT_SPI_ITFlagStatusGet)
    HT_TBS_ClearITPendingBit                 0x00000e15   Thumb Code    76  ht6xxx_tbs.o(i.HT_TBS_ClearITPendingBit)
    HT_TBS_ITFlagStatusGet                   0x00000ea9   Thumb Code    88  ht6xxx_tbs.o(i.HT_TBS_ITFlagStatusGet)
    HardFault_Handler                        0x00000f49   Thumb Code     4  ht6xxx_it.o(i.HardFault_Handler)
    I2C_IRQHandler                           0x00000f4d   Thumb Code     8  ht6xxx_it.o(i.I2C_IRQHandler)
    KEY_IRQHandler                           0x00000f55   Thumb Code    20  ht6xxx_it.o(i.KEY_IRQHandler)
    NMI_Handler                              0x00000f69   Thumb Code    22  ht6xxx_it.o(i.NMI_Handler)
    PMU_IRQHandler                           0x00000f7f   Thumb Code    66  ht6xxx_it.o(i.PMU_IRQHandler)
    HT_TMR_ClearITPendingBit                 0x00000fc5   Thumb Code    86  ht6xxx_timer.o(i.HT_TMR_ClearITPendingBit)
    HT_TMR_ITFlagStatusGet                   0x0000106d   Thumb Code   100  ht6xxx_timer.o(i.HT_TMR_ITFlagStatusGet)
    HT_UART_ClearITPendingBit                0x00001121   Thumb Code    80  ht6xxx_uart&7816.o(i.HT_UART_ClearITPendingBit)
    HT_UART_ITFlagStatusGet                  0x000011c5   Thumb Code    94  ht6xxx_uart&7816.o(i.HT_UART_ITFlagStatusGet)
    PendSV_Handler                           0x00001279   Thumb Code     2  ht6xxx_it.o(i.PendSV_Handler)
    RTC_IRQHandler                           0x0000127d   Thumb Code    14  ht6xxx_it.o(i.RTC_IRQHandler)
    SPI0_IRQHandler                          0x00001291   Thumb Code    44  ht6xxx_it.o(i.SPI0_IRQHandler)
    SVC_Handler                              0x000012c1   Thumb Code     2  ht6xxx_it.o(i.SVC_Handler)
    SysTick_Handler                          0x000012c3   Thumb Code     2  ht6xxx_it.o(i.SysTick_Handler)
    SystemInit                               0x000012c5   Thumb Code     2  system_ht6xxx.o(i.SystemInit)
    TBS_IRQHandler                           0x000012c7   Thumb Code   150  ht6xxx_it.o(i.TBS_IRQHandler)
    TIMER_0_IRQHandler                       0x0000135d   Thumb Code    84  ht6xxx_it.o(i.TIMER_0_IRQHandler)
    TIMER_1_IRQHandler                       0x000013b5   Thumb Code    84  ht6xxx_it.o(i.TIMER_1_IRQHandler)
    TIMER_2_IRQHandler                       0x0000140d   Thumb Code    84  ht6xxx_it.o(i.TIMER_2_IRQHandler)
    TIMER_3_IRQHandler                       0x00001465   Thumb Code    84  ht6xxx_it.o(i.TIMER_3_IRQHandler)
    UART0_IRQHandler                         0x000014bd   Thumb Code    44  ht6xxx_it.o(i.UART0_IRQHandler)
    UART1_IRQHandler                         0x000014ed   Thumb Code    44  ht6xxx_it.o(i.UART1_IRQHandler)
    UART2_IRQHandler                         0x0000151d   Thumb Code    44  ht6xxx_it.o(i.UART2_IRQHandler)
    UART3_IRQHandler                         0x0000154d   Thumb Code   104  ht6xxx_it.o(i.UART3_IRQHandler)
    UART4_IRQHandler                         0x000015b9   Thumb Code   104  ht6xxx_it.o(i.UART4_IRQHandler)
    UART5_IRQHandler                         0x00001625   Thumb Code    44  ht6xxx_it.o(i.UART5_IRQHandler)
    __scatterload_copy                       0x00001651   Thumb Code    14  handlers.o(i.__scatterload_copy)
    __scatterload_null                       0x0000165f   Thumb Code     2  handlers.o(i.__scatterload_null)
    __scatterload_zeroinit                   0x00001661   Thumb Code    14  handlers.o(i.__scatterload_zeroinit)
    assert_failed                            0x0000166f   Thumb Code     4  main.o(i.assert_failed)
    main                                     0x00001673   Thumb Code     8  main.o(i.main)
    Region$$Table$$Base                      0x0000167c   Number         0  anon$$obj.o(Region$$Table)
    Region$$Table$$Limit                     0x0000168c   Number         0  anon$$obj.o(Region$$Table)
    __initial_sp                             0x20002000   Data           0  startup_ht502x.o(STACK)



==============================================================================

Memory Map of the image

  Image Entry point : 0x000000c1

  Load Region LR_IROM1 (Base: 0x00000000, Size: 0x0000168c, Max: 0x00040000, ABSOLUTE)

    Execution Region ER_IROM1 (Base: 0x00000000, Size: 0x0000168c, Max: 0x00040000, ABSOLUTE)

    Base Addr    Size         Type   Attr      Idx    E Section Name        Object

    0x00000000   0x000000c0   Data   RO          129    RESET               startup_ht502x.o
    0x000000c0   0x00000000   Code   RO         1798  * .ARM.Collect$$$$00000000  mc_p.l(entry.o)
    0x000000c0   0x00000004   Code   RO         1815    .ARM.Collect$$$$00000001  mc_p.l(entry2.o)
    0x000000c4   0x00000004   Code   RO         1818    .ARM.Collect$$$$00000004  mc_p.l(entry5.o)
    0x000000c8   0x00000000   Code   RO         1820    .ARM.Collect$$$$00000008  mc_p.l(entry7b.o)
    0x000000c8   0x00000000   Code   RO         1822    .ARM.Collect$$$$0000000A  mc_p.l(entry8b.o)
    0x000000c8   0x00000008   Code   RO         1823    .ARM.Collect$$$$0000000B  mc_p.l(entry9a.o)
    0x000000d0   0x00000000   Code   RO         1825    .ARM.Collect$$$$0000000D  mc_p.l(entry10a.o)
    0x000000d0   0x00000000   Code   RO         1827    .ARM.Collect$$$$0000000F  mc_p.l(entry11a.o)
    0x000000d0   0x00000004   Code   RO         1816    .ARM.Collect$$$$00002712  mc_p.l(entry2.o)
    0x000000d4   0x0000001c   Code   RO          131    .text               startup_ht502x.o
    0x000000f0   0x00000024   Code   RO         1840    .text               mc_p.l(init.o)
    0x00000114   0x00000040   Code   RO         1551    i.AES_IRQHandler    ht6xxx_it.o
    0x00000154   0x00000008   Code   RO         1552    i.DMA_IRQHandler    ht6xxx_it.o
    0x0000015c   0x00000098   Code   RO         1553    i.DMA_IRQProc       ht6xxx_it.o
    0x000001f4   0x00000002   Code   RO         1554    i.EMU_IRQHandler    ht6xxx_it.o
    0x000001f6   0x00000024   Code   RO         1555    i.EXTI0_IRQHandler  ht6xxx_it.o
    0x0000021a   0x00000026   Code   RO         1556    i.EXTI1_IRQHandler  ht6xxx_it.o
    0x00000240   0x00000026   Code   RO         1557    i.EXTI2_IRQHandler  ht6xxx_it.o
    0x00000266   0x00000026   Code   RO         1558    i.EXTI3_IRQHandler  ht6xxx_it.o
    0x0000028c   0x00000026   Code   RO         1559    i.EXTI4_IRQHandler  ht6xxx_it.o
    0x000002b2   0x00000026   Code   RO         1560    i.EXTI5_IRQHandler  ht6xxx_it.o
    0x000002d8   0x00000026   Code   RO         1561    i.EXTI6_IRQHandler  ht6xxx_it.o
    0x000002fe   0x00000028   Code   RO         1562    i.EXTI7_IRQHandler  ht6xxx_it.o
    0x00000326   0x00000028   Code   RO         1563    i.EXTI8_IRQHandler  ht6xxx_it.o
    0x0000034e   0x00000028   Code   RO         1564    i.EXTI9_IRQHandler  ht6xxx_it.o
    0x00000376   0x00000002   PAD
    0x00000378   0x00000074   Code   RO          142    i.HT_AES_GHASH_RAND_ClearITPendingBit  ht6xxx_aes&rand.o
    0x000003ec   0x00000084   Code   RO          144    i.HT_AES_GHASH_RAND_ITFlagStatusGet  ht6xxx_aes&rand.o
    0x00000470   0x00000074   Code   RO          239    i.HT_CMU_StopFlagGet  ht6xxx_cmu.o
    0x000004e4   0x00000094   Code   RO          312    i.HT_DMA_ClearITPendingBit  ht6xxx_dma.o
    0x00000578   0x000000a0   Code   RO          315    i.HT_DMA_ITFlagStatusGet  ht6xxx_dma.o
    0x00000618   0x0000007c   Code   RO          357    i.HT_ECC_ClearITPendingBit  ht6xxx_ecc.o
    0x00000694   0x00000088   Code   RO          363    i.HT_ECC_ITFlagStatusGet  ht6xxx_ecc.o
    0x0000071c   0x000000b4   Code   RO          456    i.HT_EXTIFall_ClearITPendingBit  ht6xxx_exti.o
    0x000007d0   0x000000c4   Code   RO          458    i.HT_EXTIFall_ITFlagStatusGet  ht6xxx_exti.o
    0x00000894   0x000000cc   Code   RO          459    i.HT_EXTIRise_ClearITPendingBit  ht6xxx_exti.o
    0x00000960   0x000000d4   Code   RO          461    i.HT_EXTIRise_ITFlagStatusGet  ht6xxx_exti.o
    0x00000a34   0x00000010   Code   RO         1519    i.HT_FreeDog        ht6xxx_wdt.o
    0x00000a44   0x00000002   Code   RO          667    i.HT_I2C_IRQHandler_Default  ht6xxx_iic.o
    0x00000a46   0x00000002   PAD
    0x00000a48   0x00000080   Code   RO         1217    i.HT_ISO7816_ClearITPendingBit  ht6xxx_uart&7816.o
    0x00000ac8   0x00000090   Code   RO         1219    i.HT_ISO7816_ITFlagStatusGet  ht6xxx_uart&7816.o
    0x00000b58   0x00000060   Code   RO         1314    i.HT_KEY_ClearITPendingBit  ht501x_keyscan.o
    0x00000bb8   0x0000006c   Code   RO         1316    i.HT_KEY_ITFlagStatusGet  ht501x_keyscan.o
    0x00000c24   0x00000064   Code   RO          814    i.HT_PMU_ClearITPendingBit  ht6xxx_pmu.o
    0x00000c88   0x00000074   Code   RO          818    i.HT_PMU_ITFlagStatusGet  ht6xxx_pmu.o
    0x00000cfc   0x00000088   Code   RO         1011    i.HT_SPI_ClearITPendingBit  ht6xxx_spi.o
    0x00000d84   0x00000090   Code   RO         1012    i.HT_SPI_ITFlagStatusGet  ht6xxx_spi.o
    0x00000e14   0x00000094   Code   RO         1061    i.HT_TBS_ClearITPendingBit  ht6xxx_tbs.o
    0x00000ea8   0x000000a0   Code   RO         1064    i.HT_TBS_ITFlagStatusGet  ht6xxx_tbs.o
    0x00000f48   0x00000004   Code   RO         1565    i.HardFault_Handler  ht6xxx_it.o
    0x00000f4c   0x00000008   Code   RO         1566    i.I2C_IRQHandler    ht6xxx_it.o
    0x00000f54   0x00000014   Code   RO         1567    i.KEY_IRQHandler    ht6xxx_it.o
    0x00000f68   0x00000016   Code   RO         1568    i.NMI_Handler       ht6xxx_it.o
    0x00000f7e   0x00000042   Code   RO         1569    i.PMU_IRQHandler    ht6xxx_it.o
    0x00000fc0   0x00000004   Code   RO          130    .ARM.__at_0x0FC0    startup_ht502x.o
    0x00000fc4   0x000000a8   Code   RO         1137    i.HT_TMR_ClearITPendingBit  ht6xxx_timer.o
    0x0000106c   0x000000b4   Code   RO         1143    i.HT_TMR_ITFlagStatusGet  ht6xxx_timer.o
    0x00001120   0x000000a4   Code   RO         1223    i.HT_UART_ClearITPendingBit  ht6xxx_uart&7816.o
    0x000011c4   0x000000b4   Code   RO         1225    i.HT_UART_ITFlagStatusGet  ht6xxx_uart&7816.o
    0x00001278   0x00000002   Code   RO         1570    i.PendSV_Handler    ht6xxx_it.o
    0x0000127a   0x00000002   PAD
    0x0000127c   0x00000014   Code   RO         1571    i.RTC_IRQHandler    ht6xxx_it.o
    0x00001290   0x00000030   Code   RO         1572    i.SPI0_IRQHandler   ht6xxx_it.o
    0x000012c0   0x00000002   Code   RO         1573    i.SVC_Handler       ht6xxx_it.o
    0x000012c2   0x00000002   Code   RO         1574    i.SysTick_Handler   ht6xxx_it.o
    0x000012c4   0x00000002   Code   RO            3    i.SystemInit        system_ht6xxx.o
    0x000012c6   0x00000096   Code   RO         1575    i.TBS_IRQHandler    ht6xxx_it.o
    0x0000135c   0x00000058   Code   RO         1576    i.TIMER_0_IRQHandler  ht6xxx_it.o
    0x000013b4   0x00000058   Code   RO         1577    i.TIMER_1_IRQHandler  ht6xxx_it.o
    0x0000140c   0x00000058   Code   RO         1578    i.TIMER_2_IRQHandler  ht6xxx_it.o
    0x00001464   0x00000058   Code   RO         1579    i.TIMER_3_IRQHandler  ht6xxx_it.o
    0x000014bc   0x00000030   Code   RO         1580    i.UART0_IRQHandler  ht6xxx_it.o
    0x000014ec   0x00000030   Code   RO         1581    i.UART1_IRQHandler  ht6xxx_it.o
    0x0000151c   0x00000030   Code   RO         1582    i.UART2_IRQHandler  ht6xxx_it.o
    0x0000154c   0x0000006c   Code   RO         1583    i.UART3_IRQHandler  ht6xxx_it.o
    0x000015b8   0x0000006c   Code   RO         1584    i.UART4_IRQHandler  ht6xxx_it.o
    0x00001624   0x0000002c   Code   RO         1585    i.UART5_IRQHandler  ht6xxx_it.o
    0x00001650   0x0000000e   Code   RO         1844    i.__scatterload_copy  mc_p.l(handlers.o)
    0x0000165e   0x00000002   Code   RO         1845    i.__scatterload_null  mc_p.l(handlers.o)
    0x00001660   0x0000000e   Code   RO         1846    i.__scatterload_zeroinit  mc_p.l(handlers.o)
    0x0000166e   0x00000004   Code   RO         1774    i.assert_failed     main.o
    0x00001672   0x00000008   Code   RO         1775    i.main              main.o
    0x0000167a   0x00000002   PAD
    0x0000167c   0x00000010   Data   RO         1842    Region$$Table       anon$$obj.o


    Execution Region RW_IRAM1 (Base: 0x20000000, Size: 0x00002000, Max: 0x00008000, ABSOLUTE)

    Base Addr    Size         Type   Attr      Idx    E Section Name        Object

    0x20000000   0x00002000   Zero   RW          127    STACK               startup_ht502x.o


==============================================================================

Image component sizes


      Code (inc. data)   RO Data    RW Data    ZI Data      Debug   Object Name

       204        136          0          0          0       1284   ht501x_keyscan.o
       248        138          0          0          0       1362   ht6xxx_aes&rand.o
       116         70          0          0          0        657   ht6xxx_cmu.o
       308        136          0          0          0       1348   ht6xxx_dma.o
       260        136          0          0          0       1316   ht6xxx_ecc.o
       792        260          0          0          0       2948   ht6xxx_exti.o
         2          0          0          0          0        532   ht6xxx_iic.o
      1710         46          0          0          0      17605   ht6xxx_it.o
       216        132          0          0          0       1276   ht6xxx_pmu.o
       280        132          0          0          0       1884   ht6xxx_spi.o
       308        144          0          0          0       1352   ht6xxx_tbs.o
       348        162          0          0          0       1880   ht6xxx_timer.o
       616        316          0          0          0       3398   ht6xxx_uart&7816.o
        16          8          0          0          0        505   ht6xxx_wdt.o
        12          0          0          0          0       1339   main.o
        32         12        192          0       8192        936   startup_ht502x.o
         2          0          0          0          0      67593   system_ht6xxx.o

    ----------------------------------------------------------------------
      5478       1828        208          0       8192     107215   Object Totals
         0          0         16          0          0          0   (incl. Generated)
         8          0          0          0          0          0   (incl. Padding)

    ----------------------------------------------------------------------

      Code (inc. data)   RO Data    RW Data    ZI Data      Debug   Library Member Name

         0          0          0          0          0          0   entry.o
         0          0          0          0          0          0   entry10a.o
         0          0          0          0          0          0   entry11a.o
         8          4          0          0          0          0   entry2.o
         4          0          0          0          0          0   entry5.o
         0          0          0          0          0          0   entry7b.o
         0          0          0          0          0          0   entry8b.o
         8          4          0          0          0          0   entry9a.o
        30          0          0          0          0          0   handlers.o
        36          8          0          0          0         68   init.o

    ----------------------------------------------------------------------
        86         16          0          0          0         68   Library Totals
         0          0          0          0          0          0   (incl. Padding)

    ----------------------------------------------------------------------

      Code (inc. data)   RO Data    RW Data    ZI Data      Debug   Library Name

        86         16          0          0          0         68   mc_p.l

    ----------------------------------------------------------------------
        86         16          0          0          0         68   Library Totals

    ----------------------------------------------------------------------

==============================================================================


      Code (inc. data)   RO Data    RW Data    ZI Data      Debug   

      5564       1844        208          0       8192     104751   Grand Totals
      5564       1844        208          0       8192     104751   ELF Image Totals
      5564       1844        208          0          0          0   ROM Totals

==============================================================================

    Total RO  Size (Code + RO Data)                 5772 (   5.64kB)
    Total RW  Size (RW Data + ZI Data)              8192 (   8.00kB)
    Total ROM Size (Code + RO Data + RW Data)       5772 (   5.64kB)

==============================================================================

