Component: ARM Compiler 5.05 update 1 (build 106) Tool: armlink [4d0efa]

==============================================================================

Section Cross References

    startup_ht503x.o(RESET) refers to startup_ht503x.o(STACK) for __initial_sp
    startup_ht503x.o(RESET) refers to startup_ht503x.o(.text) for Reset_Handler
    startup_ht503x.o(RESET) refers to ht6xxx_it.o(i.NMI_Handler) for NMI_Handler
    startup_ht503x.o(RESET) refers to ht6xxx_it.o(i.HardFault_Handler) for HardFault_Handler
    startup_ht503x.o(RESET) refers to ht6xxx_it.o(i.SVC_Handler) for SVC_Handler
    startup_ht503x.o(RESET) refers to ht6xxx_it.o(i.PendSV_Handler) for PendSV_Handler
    startup_ht503x.o(RESET) refers to ht6xxx_it.o(i.SysTick_Handler) for SysTick_Handler
    startup_ht503x.o(RESET) refers to ht6xxx_it.o(i.PMU_IRQHandler) for PMU_IRQHandler
    startup_ht503x.o(RESET) refers to ht6xxx_it.o(i.AES_IRQHandler) for AES_IRQHandler
    startup_ht503x.o(RESET) refers to ht6xxx_it.o(i.EXTI0_IRQHandler) for EXTI0_IRQHandler
    startup_ht503x.o(RESET) refers to ht6xxx_it.o(i.EXTI1_IRQHandler) for EXTI1_IRQHandler
    startup_ht503x.o(RESET) refers to ht6xxx_it.o(i.EXTI2_IRQHandler) for EXTI2_IRQHandler
    startup_ht503x.o(RESET) refers to ht6xxx_it.o(i.EXTI3_IRQHandler) for EXTI3_IRQHandler
    startup_ht503x.o(RESET) refers to ht6xxx_it.o(i.EXTI4_IRQHandler) for EXTI4_IRQHandler
    startup_ht503x.o(RESET) refers to ht6xxx_it.o(i.EXTI5_IRQHandler) for EXTI5_IRQHandler
    startup_ht503x.o(RESET) refers to ht6xxx_it.o(i.EXTI6_IRQHandler) for EXTI6_IRQHandler
    startup_ht503x.o(RESET) refers to ht6xxx_it.o(i.UART0_IRQHandler) for UART0_IRQHandler
    startup_ht503x.o(RESET) refers to ht6xxx_it.o(i.UART1_IRQHandler) for UART1_IRQHandler
    startup_ht503x.o(RESET) refers to ht6xxx_it.o(i.UART2_IRQHandler) for UART2_IRQHandler
    startup_ht503x.o(RESET) refers to ht6xxx_it.o(i.UART3_IRQHandler) for UART3_IRQHandler
    startup_ht503x.o(RESET) refers to ht6xxx_it.o(i.UART4_IRQHandler) for UART4_IRQHandler
    startup_ht503x.o(RESET) refers to ht6xxx_it.o(i.UART5_IRQHandler) for UART5_IRQHandler
    startup_ht503x.o(RESET) refers to ht6xxx_it.o(i.TIMER_0_IRQHandler) for TIMER_0_IRQHandler
    startup_ht503x.o(RESET) refers to ht6xxx_it.o(i.TIMER_1_IRQHandler) for TIMER_1_IRQHandler
    startup_ht503x.o(RESET) refers to ht6xxx_it.o(i.TIMER_2_IRQHandler) for TIMER_2_IRQHandler
    startup_ht503x.o(RESET) refers to ht6xxx_it.o(i.TIMER_3_IRQHandler) for TIMER_3_IRQHandler
    startup_ht503x.o(RESET) refers to ht6xxx_it.o(i.TBS_IRQHandler) for TBS_IRQHandler
    startup_ht503x.o(RESET) refers to ht6xxx_it.o(i.RTC_IRQHandler) for RTC_IRQHandler
    startup_ht503x.o(RESET) refers to ht6xxx_it.o(i.I2C_IRQHandler) for I2C_IRQHandler
    startup_ht503x.o(RESET) refers to ht6xxx_it.o(i.SPI0_IRQHandler) for SPI0_IRQHandler
    startup_ht503x.o(RESET) refers to ht6xxx_it.o(i.SPI1_IRQHandler) for SPI1_IRQHandler
    startup_ht503x.o(RESET) refers to ht6xxx_it.o(i.EMU_IRQHandler) for EMU_IRQHandler
    startup_ht503x.o(RESET) refers to ht6xxx_it.o(i.DMA_IRQHandler) for DMA_IRQHandler
    startup_ht503x.o(RESET) refers to ht6xxx_it.o(i.KEY_IRQHandler) for KEY_IRQHandler
    startup_ht503x.o(RESET) refers to ht6xxx_it.o(i.EXTI7_9_IRQHandler) for EXTI7_9_IRQHandler
    startup_ht503x.o(RESET) refers to ht6xxx_it.o(i.UART6_IRQHandler) for UART6_IRQHandler
    startup_ht503x.o(RESET) refers to ht6xxx_it.o(i.SPI2_IRQHandler) for SPI2_IRQHandler
    startup_ht503x.o(RESET) refers to ht6xxx_it.o(i.FRAM_IRQHandler) for FRAM_IRQHandler
    startup_ht503x.o(.text) refers to system_ht6xxx.o(i.SystemInit) for SystemInit
    startup_ht503x.o(.text) refers to entry.o(.ARM.Collect$$$$00000000) for __main
    ht6xxx_aes&rand.o(i.HT_AES_Decrypt) refers to main.o(i.assert_failed) for assert_failed
    ht6xxx_aes&rand.o(i.HT_AES_Encrypt) refers to main.o(i.assert_failed) for assert_failed
    ht6xxx_aes&rand.o(i.HT_AES_GHASH_RAND_ClearITPendingBit) refers to main.o(i.assert_failed) for assert_failed
    ht6xxx_aes&rand.o(i.HT_AES_GHASH_RAND_ITConfig) refers to main.o(i.assert_failed) for assert_failed
    ht6xxx_aes&rand.o(i.HT_AES_GHASH_RAND_ITFlagStatusGet) refers to main.o(i.assert_failed) for assert_failed
    ht6xxx_aes&rand.o(i.HT_RAND_WorkState) refers to main.o(i.assert_failed) for assert_failed
    ht6xxx_cmu.o(i.HT_CMU_CTRL_2T_Set) refers to ht6xxx_cmu.o(.constdata) for RegisterWriteProtect
    ht6xxx_cmu.o(i.HT_CMU_CTRL_3T_Set) refers to ht6xxx_cmu.o(.constdata) for RegisterWriteProtect
    ht6xxx_cmu.o(i.HT_CMU_Cache_Set) refers to ht6xxx_cmu.o(.constdata) for RegisterWriteProtect
    ht6xxx_cmu.o(i.HT_CMU_ClkCtrl0Config) refers to ht6xxx_cmu.o(.constdata) for RegisterWriteProtect
    ht6xxx_cmu.o(i.HT_CMU_ClkCtrl1Config) refers to ht6xxx_cmu.o(.constdata) for RegisterWriteProtect
    ht6xxx_cmu.o(i.HT_CMU_ClkoutSet) refers to main.o(i.assert_failed) for assert_failed
[...]
    ht50xx_emu.o(i.HT_EMU_LpMode_Init) refers to ht50xx_emu.o(i.HT_Set_EMU_LpStandByTime) for HT_Set_EMU_LpStandByTime
    ht50xx_emu.o(i.HT_EMU_LpMode_Init) refers to ht50xx_emu.o(i.HT_Set_EMU_UConstEn) for HT_Set_EMU_UConstEn
    ht50xx_emu.o(i.HT_EMU_LpMode_Init) refers to ht50xx_emu.o(i.HT_Set_EMU_LpVrefEn) for HT_Set_EMU_LpVrefEn
    ht50xx_emu.o(i.HT_EMU_LpMode_Init) refers to ht50xx_emu.o(i.HT_Set_EMU_VrefEn) for HT_Set_EMU_VrefEn
    ht50xx_emu.o(i.HT_EMU_LpMode_Init) refers to ht50xx_emu.o(i.HT_Set_EMU_LpCF1CF3_Sel) for HT_Set_EMU_LpCF1CF3_Sel
    ht50xx_emu.o(i.HT_EMU_LpMode_Init) refers to ht50xx_emu.o(i.HT_Set_EMU_LpEmuClk_Sel) for HT_Set_EMU_LpEmuClk_Sel
    ht50xx_emu.o(i.HT_EMU_LpMode_Init) refers to ht50xx_emu.o(i.HT_Set_EMU_LpProc_Sel) for HT_Set_EMU_LpProc_Sel
    ht50xx_emu.o(i.HT_EMU_LpMode_Init) refers to ht50xx_emu.o(i.HT_EMU_OneCycRms_Init) for HT_EMU_OneCycRms_Init
    ht50xx_emu.o(i.HT_EMU_LpMode_Init) refers to ht50xx_emu.o(i.HT_Set_EMU_LpModeEn) for HT_Set_EMU_LpModeEn
    ht50xx_emu.o(i.HT_EMU_OneCycRms_Init) refers to ht50xx_emu.o(i.HT_Set_EMU_FlickerEn) for HT_Set_EMU_FlickerEn
    ht50xx_emu.o(i.HT_EMU_OneCycRms_Init) refers to ht50xx_emu.o(i.HT_Set_EMU_OneCycRmsNum) for HT_Set_EMU_OneCycRmsNum
    ht50xx_emu.o(i.HT_EMU_OneCycRms_Init) refers to ht50xx_emu.o(i.HT_Set_EMU_OneCycRmsEn) for HT_Set_EMU_OneCycRmsEn
    ht50xx_emu.o(i.HT_EMU_PowerConst_Init) refers to ht50xx_emu.o(i.HT_Set_EMU_EnergyConstClk_Sel) for HT_Set_EMU_EnergyConstClk_Sel
    ht50xx_emu.o(i.HT_EMU_PowerStart_Init) refers to ht50xx_emu.o(i.HT_Set_EMU_PStart_SpeedSel) for HT_Set_EMU_PStart_SpeedSel
    ht50xx_emu.o(i.HT_EMU_PowerStart_Init) refers to ht50xx_emu.o(i.HT_Set_EMU_SSart_CFG) for HT_Set_EMU_SSart_CFG
    ht50xx_emu.o(i.HT_EMU_PowerStart_Init) refers to ht50xx_emu.o(i.HT_Set_EMU_PQStartSel) for HT_Set_EMU_PQStartSel
    ht50xx_emu.o(i.HT_EMU_RmsIt_Init) refers to ht50xx_emu.o(i.HT_Set_EMU_RmsItTHO) for HT_Set_EMU_RmsItTHO
    ht50xx_emu.o(i.HT_EMU_RmsIt_Init) refers to ht50xx_emu.o(i.HT_Set_EMU_RmsIt_AddMode) for HT_Set_EMU_RmsIt_AddMode
    ht50xx_emu.o(i.HT_EMU_RmsIt_Init) refers to ht50xx_emu.o(i.HT_Set_EMU_FundIt_En) for HT_Set_EMU_FundIt_En
    ht50xx_emu.o(i.HT_EMU_RmsIt_Init) refers to ht50xx_emu.o(i.HT_Set_EMU_RMSIt_En) for HT_Set_EMU_RMSIt_En
    ht50xx_emu.o(i.HT_EMU_SagPeakIOV_Init) refers to ht50xx_emu.o(i.HT_Set_EMU_UPeakSag_SrcSel) for HT_Set_EMU_UPeakSag_SrcSel
    ht50xx_emu.o(i.HT_EMU_SagPeakIOV_Init) refers to ht50xx_emu.o(i.HT_Set_EMU_USagEn) for HT_Set_EMU_USagEn
    ht50xx_emu.o(i.HT_EMU_SagPeakIOV_Init) refers to ht50xx_emu.o(i.HT_Set_EMU_UPeakEn) for HT_Set_EMU_UPeakEn
    ht50xx_emu.o(i.HT_EMU_SagPeakIOV_Init) refers to ht50xx_emu.o(i.HT_Set_EMU_IOVEn) for HT_Set_EMU_IOVEn
    ht50xx_emu.o(i.HT_EMU_Sync_Init) refers to ht50xx_emu.o(i.HT_Set_EMU_SyncISrcSel) for HT_Set_EMU_SyncISrcSel
    ht50xx_emu.o(i.HT_EMU_Sync_Init) refers to ht50xx_emu.o(i.HT_Set_EMU_SyncUGain) for HT_Set_EMU_SyncUGain
    ht50xx_emu.o(i.HT_EMU_Sync_Init) refers to ht50xx_emu.o(i.HT_Set_EMU_SyncIGain) for HT_Set_EMU_SyncIGain
    ht50xx_emu.o(i.HT_EMU_Sync_Init) refers to ht50xx_emu.o(i.HT_Set_EMU_SyncEn) for HT_Set_EMU_SyncEn
    ht50xx_emu.o(i.HT_EMU_Tamp_Init) refers to ht50xx_emu.o(i.HT_Set_EMU_MeterChanel_Sel) for HT_Set_EMU_MeterChanel_Sel
    ht50xx_emu.o(i.HT_EMU_Tamp_Init) refers to ht50xx_emu.o(i.HT_Set_EMU_IPTamp_SrcSpeedSel) for HT_Set_EMU_IPTamp_SrcSpeedSel
    ht50xx_emu.o(i.HT_EMU_Tamp_Init) refers to ht50xx_emu.o(i.HT_Set_EMU_IPTamp_SrcSel) for HT_Set_EMU_IPTamp_SrcSel
    ht50xx_emu.o(i.HT_EMU_Tamp_Init) refers to ht50xx_emu.o(i.HT_Set_EMU_Tamp_SrcSpeedSel) for HT_Set_EMU_Tamp_SrcSpeedSel
    ht50xx_emu.o(i.HT_EMU_Tamp_Init) refers to ht50xx_emu.o(i.HT_Set_EMU_Tamp_SrcSel) for HT_Set_EMU_Tamp_SrcSel
    ht50xx_emu.o(i.HT_EMU_Tamp_Init) refers to ht50xx_emu.o(i.HT_Set_EMU_CHNFix_Sel) for HT_Set_EMU_CHNFix_Sel
    ht50xx_emu.o(i.HT_EMU_Tamp_Init) refers to ht50xx_emu.o(i.HT_Set_EMU_FltonEn) for HT_Set_EMU_FltonEn
    ht50xx_emu.o(i.HT_EMU_TempComp_Init) refers to main.o(i.assert_failed) for assert_failed
    ht50xx_emu.o(i.HT_EMU_TempComp_Init) refers to ht50xx_emu.o(i.HT_Set_EMU_AutoTC_En) for HT_Set_EMU_AutoTC_En
    ht50xx_emu.o(i.HT_EMU_ZC_Init) refers to ht50xx_emu.o(i.HT_Set_EMU_ZXSrcSel) for HT_Set_EMU_ZXSrcSel
    ht50xx_emu.o(i.HT_EMU_ZC_Init) refers to ht50xx_emu.o(i.HT_Set_EMU_ZCd_Sel) for HT_Set_EMU_ZCd_Sel
    ht50xx_emu.o(i.HT_EMU_ZC_Init) refers to ht50xx_emu.o(i.HT_Set_EMU_IHCycVp_ZCSel) for HT_Set_EMU_IHCycVp_ZCSel
    ht50xx_emu.o(i.HT_Get_EMU_ADCOffset) refers to main.o(i.assert_failed) for assert_failed
    ht50xx_emu.o(i.HT_Get_EMU_CFxCnt) refers to main.o(i.assert_failed) for assert_failed
    ht50xx_emu.o(i.HT_Get_EMU_PowerGain) refers to main.o(i.assert_failed) for assert_failed
    ht50xx_emu.o(i.HT_Get_EMU_PowerGphs) refers to main.o(i.assert_failed) for assert_failed
    ht50xx_emu.o(i.HT_Get_EMU_PowerOffset) refers to main.o(i.assert_failed) for assert_failed
    ht50xx_emu.o(i.HT_Get_EMU_RmsOffset) refers to main.o(i.assert_failed) for assert_failed
    ht50xx_emu.o(i.HT_Set_EMU_ADCEn) refers to main.o(i.assert_failed) for assert_failed
    ht50xx_emu.o(i.HT_Set_EMU_ADCOffset) refers to main.o(i.assert_failed) for assert_failed
    ht50xx_emu.o(i.HT_Set_EMU_AFDIV) refers to main.o(i.assert_failed) for assert_failed
    ht50xx_emu.o(i.HT_Set_EMU_AutoTC_En) refers to main.o(i.assert_failed) for assert_failed
    ht50xx_emu.o(i.HT_Set_EMU_AvgPower_SrcSel) refers to main.o(i.assert_failed) for assert_failed
    ht50xx_emu.o(i.HT_Set_EMU_CF1_OutSel) refers to main.o(i.assert_failed) for assert_failed
    ht50xx_emu.o(i.HT_Set_EMU_CF2_OutSel) refers to main.o(i.assert_failed) for assert_failed
    ht50xx_emu.o(i.HT_Set_EMU_CF3_OutSel) refers to main.o(i.assert_failed) for assert_failed
    ht50xx_emu.o(i.HT_Set_EMU_CFP) refers to main.o(i.assert_failed) for assert_failed
    ht50xx_emu.o(i.HT_Set_EMU_CF_POS_Sel) refers to main.o(i.assert_failed) for assert_failed
    ht50xx_emu.o(i.HT_Set_EMU_CFxCnt) refers to main.o(i.assert_failed) for assert_failed
    ht50xx_emu.o(i.HT_Set_EMU_CHNFix_Sel) refers to main.o(i.assert_failed) for assert_failed
    ht50xx_emu.o(i.HT_Set_EMU_CIADDEn) refers to main.o(i.assert_failed) for assert_failed
    ht50xx_emu.o(i.HT_Set_EMU_CIADD_AddMode) refers to main.o(i.assert_failed) for assert_failed
    ht50xx_emu.o(i.HT_Set_EMU_DCUpdSel) refers to main.o(i.assert_failed) for assert_failed
    ht50xx_emu.o(i.HT_Set_EMU_DC_En) refers to main.o(i.assert_failed) for assert_failed
    ht50xx_emu.o(i.HT_Set_EMU_DECShift) refers to main.o(i.assert_failed) for assert_failed
    ht50xx_emu.o(i.HT_Set_EMU_DMA_SrcSel) refers to main.o(i.assert_failed) for assert_failed
    ht50xx_emu.o(i.HT_Set_EMU_Energy1AccuMode) refers to main.o(i.assert_failed) for assert_failed
    ht50xx_emu.o(i.HT_Set_EMU_Energy2AccuMode) refers to main.o(i.assert_failed) for assert_failed
    ht50xx_emu.o(i.HT_Set_EMU_Energy2_SrcSel) refers to main.o(i.assert_failed) for assert_failed
    ht50xx_emu.o(i.HT_Set_EMU_Energy2_SrcSel) refers to ht50xx_emu.o(i.HT_Set_EMU_PowerConstEn) for HT_Set_EMU_PowerConstEn
    ht50xx_emu.o(i.HT_Set_EMU_EnergyAccuAlg) refers to main.o(i.assert_failed) for assert_failed
    ht50xx_emu.o(i.HT_Set_EMU_EnergyConstClk_Sel) refers to main.o(i.assert_failed) for assert_failed
    ht50xx_emu.o(i.HT_Set_EMU_EnergyInSrcSel) refers to main.o(i.assert_failed) for assert_failed
    ht50xx_emu.o(i.HT_Set_EMU_EnergyReadNotClr_En) refers to main.o(i.assert_failed) for assert_failed
    ht50xx_emu.o(i.HT_Set_EMU_EnergyRunEn) refers to main.o(i.assert_failed) for assert_failed
    ht50xx_emu.o(i.HT_Set_EMU_FastPRMS_UpdSel) refers to main.o(i.assert_failed) for assert_failed
    ht50xx_emu.o(i.HT_Set_EMU_FlickerEn) refers to main.o(i.assert_failed) for assert_failed
    ht50xx_emu.o(i.HT_Set_EMU_FlickerSetOffsetEn) refers to main.o(i.assert_failed) for assert_failed
    ht50xx_emu.o(i.HT_Set_EMU_FltonEn) refers to main.o(i.assert_failed) for assert_failed
    ht50xx_emu.o(i.HT_Set_EMU_FundEn) refers to main.o(i.assert_failed) for assert_failed
    ht50xx_emu.o(i.HT_Set_EMU_FundIt_En) refers to main.o(i.assert_failed) for assert_failed
    ht50xx_emu.o(i.HT_Set_EMU_FundUpdSel) refers to main.o(i.assert_failed) for assert_failed
    ht50xx_emu.o(i.HT_Set_EMU_HCycRms_UpdSel) refers to main.o(i.assert_failed) for assert_failed
    ht50xx_emu.o(i.HT_Set_EMU_HCycleRMS_I2En) refers to main.o(i.assert_failed) for assert_failed
    ht50xx_emu.o(i.HT_Set_EMU_HCycleRms_En) refers to main.o(i.assert_failed) for assert_failed
    ht50xx_emu.o(i.HT_Set_EMU_HFConst) refers to main.o(i.assert_failed) for assert_failed
    ht50xx_emu.o(i.HT_Set_EMU_HpfEn) refers to main.o(i.assert_failed) for assert_failed
    ht50xx_emu.o(i.HT_Set_EMU_I1DG) refers to main.o(i.assert_failed) for assert_failed
    ht50xx_emu.o(i.HT_Set_EMU_I1PGA) refers to main.o(i.assert_failed) for assert_failed
    ht50xx_emu.o(i.HT_Set_EMU_I2DG) refers to main.o(i.assert_failed) for assert_failed
    ht50xx_emu.o(i.HT_Set_EMU_I2PGA) refers to main.o(i.assert_failed) for assert_failed
    ht50xx_emu.o(i.HT_Set_EMU_IHCycVp_ZCSel) refers to main.o(i.assert_failed) for assert_failed
    ht50xx_emu.o(i.HT_Set_EMU_IOVEn) refers to main.o(i.assert_failed) for assert_failed
    ht50xx_emu.o(i.HT_Set_EMU_IPTamp_SrcSel) refers to main.o(i.assert_failed) for assert_failed
    ht50xx_emu.o(i.HT_Set_EMU_IPTamp_SrcSpeedSel) refers to main.o(i.assert_failed) for assert_failed
    ht50xx_emu.o(i.HT_Set_EMU_IRosiEn) refers to main.o(i.assert_failed) for assert_failed
    ht50xx_emu.o(i.HT_Set_EMU_LDO_En) refers to main.o(i.assert_failed) for assert_failed
    ht50xx_emu.o(i.HT_Set_EMU_LpCF1CF3_Sel) refers to main.o(i.assert_failed) for assert_failed
    ht50xx_emu.o(i.HT_Set_EMU_LpEmuClk_Sel) refers to main.o(i.assert_failed) for assert_failed
    ht50xx_emu.o(i.HT_Set_EMU_LpIdleTime) refers to main.o(i.assert_failed) for assert_failed
    ht50xx_emu.o(i.HT_Set_EMU_LpIdle_En) refers to main.o(i.assert_failed) for assert_failed
    ht50xx_emu.o(i.HT_Set_EMU_LpModeEn) refers to main.o(i.assert_failed) for assert_failed
    ht50xx_emu.o(i.HT_Set_EMU_LpProc_Sel) refers to main.o(i.assert_failed) for assert_failed
    ht50xx_emu.o(i.HT_Set_EMU_LpStandByTime) refers to main.o(i.assert_failed) for assert_failed
    ht50xx_emu.o(i.HT_Set_EMU_LpVrefEn) refers to main.o(i.assert_failed) for assert_failed
    ht50xx_emu.o(i.HT_Set_EMU_MeterChanel_Sel) refers to main.o(i.assert_failed) for assert_failed
    ht50xx_emu.o(i.HT_Set_EMU_NormalEmuClk_Sel) refers to main.o(i.assert_failed) for assert_failed
    ht50xx_emu.o(i.HT_Set_EMU_OSR) refers to main.o(i.assert_failed) for assert_failed
    ht50xx_emu.o(i.HT_Set_EMU_OneCycRmsEn) refers to main.o(i.assert_failed) for assert_failed
    ht50xx_emu.o(i.HT_Set_EMU_OneCycRmsNum) refers to main.o(i.assert_failed) for assert_failed
    ht50xx_emu.o(i.HT_Set_EMU_PQLpfEn) refers to main.o(i.assert_failed) for assert_failed
    ht50xx_emu.o(i.HT_Set_EMU_PQStartSel) refers to main.o(i.assert_failed) for assert_failed
    ht50xx_emu.o(i.HT_Set_EMU_PStart_SpeedSel) refers to main.o(i.assert_failed) for assert_failed
    ht50xx_emu.o(i.HT_Set_EMU_PowerConstEn) refers to main.o(i.assert_failed) for assert_failed
    ht50xx_emu.o(i.HT_Set_EMU_PowerGain) refers to main.o(i.assert_failed) for assert_failed
    ht50xx_emu.o(i.HT_Set_EMU_PowerGphs) refers to main.o(i.assert_failed) for assert_failed
    ht50xx_emu.o(i.HT_Set_EMU_PowerOV_PNEn) refers to main.o(i.assert_failed) for assert_failed
    ht50xx_emu.o(i.HT_Set_EMU_PowerOffset) refers to main.o(i.assert_failed) for assert_failed
    ht50xx_emu.o(i.HT_Set_EMU_PowerQ_SrcSel) refers to main.o(i.assert_failed) for assert_failed
    ht50xx_emu.o(i.HT_Set_EMU_PowerRmsAvgNum) refers to main.o(i.assert_failed) for assert_failed
    ht50xx_emu.o(i.HT_Set_EMU_PowerS_DCEn) refers to main.o(i.assert_failed) for assert_failed
    ht50xx_emu.o(i.HT_Set_EMU_PowerS_SrcSel) refers to main.o(i.assert_failed) for assert_failed
    ht50xx_emu.o(i.HT_Set_EMU_PowerShift) refers to main.o(i.assert_failed) for assert_failed
    ht50xx_emu.o(i.HT_Set_EMU_RMSIt_En) refers to main.o(i.assert_failed) for assert_failed
    ht50xx_emu.o(i.HT_Set_EMU_RmsIt_AddMode) refers to main.o(i.assert_failed) for assert_failed
    ht50xx_emu.o(i.HT_Set_EMU_RmsLpfEn) refers to main.o(i.assert_failed) for assert_failed
    ht50xx_emu.o(i.HT_Set_EMU_RmsOffset) refers to main.o(i.assert_failed) for assert_failed
    ht50xx_emu.o(i.HT_Set_EMU_SSart_CFG) refers to main.o(i.assert_failed) for assert_failed
    ht50xx_emu.o(i.HT_Set_EMU_SlowPRMS_UpdSel) refers to main.o(i.assert_failed) for assert_failed
    ht50xx_emu.o(i.HT_Set_EMU_SyncEn) refers to main.o(i.assert_failed) for assert_failed
    ht50xx_emu.o(i.HT_Set_EMU_SyncIGain) refers to main.o(i.assert_failed) for assert_failed
    ht50xx_emu.o(i.HT_Set_EMU_SyncISrcSel) refers to main.o(i.assert_failed) for assert_failed
    ht50xx_emu.o(i.HT_Set_EMU_SyncUGain) refers to main.o(i.assert_failed) for assert_failed
    ht50xx_emu.o(i.HT_Set_EMU_SysFreq_Sel) refers to main.o(i.assert_failed) for assert_failed
    ht50xx_emu.o(i.HT_Set_EMU_Tamp_SrcSel) refers to main.o(i.assert_failed) for assert_failed
    ht50xx_emu.o(i.HT_Set_EMU_Tamp_SrcSpeedSel) refers to main.o(i.assert_failed) for assert_failed
    ht50xx_emu.o(i.HT_Set_EMU_UConstEn) refers to main.o(i.assert_failed) for assert_failed
    ht50xx_emu.o(i.HT_Set_EMU_UDG) refers to main.o(i.assert_failed) for assert_failed
    ht50xx_emu.o(i.HT_Set_EMU_UPGA) refers to main.o(i.assert_failed) for assert_failed
    ht50xx_emu.o(i.HT_Set_EMU_UPeakEn) refers to main.o(i.assert_failed) for assert_failed
    ht50xx_emu.o(i.HT_Set_EMU_UPeakSag_SrcSel) refers to main.o(i.assert_failed) for assert_failed
    ht50xx_emu.o(i.HT_Set_EMU_USagEn) refers to main.o(i.assert_failed) for assert_failed
    ht50xx_emu.o(i.HT_Set_EMU_VrefEn) refers to main.o(i.assert_failed) for assert_failed
    ht50xx_emu.o(i.HT_Set_EMU_Wave_SrcSel) refers to main.o(i.assert_failed) for assert_failed
    ht50xx_emu.o(i.HT_Set_EMU_Wave_Upd) refers to main.o(i.assert_failed) for assert_failed
    ht50xx_emu.o(i.HT_Set_EMU_ZCd_Sel) refers to main.o(i.assert_failed) for assert_failed
    ht50xx_emu.o(i.HT_Set_EMU_ZXSrcSel) refers to main.o(i.assert_failed) for assert_failed
    ht50xx_emu.o(i.Open_emu_LDO) refers to ht50xx_emu.o(i.HT_Set_EMU_LDO_En) for HT_Set_EMU_LDO_En
    ht50xx_emu.o(i.Open_emu_LDO) refers to ht50xx_emu.o(i.HT_Set_EMU_VrefEn) for HT_Set_EMU_VrefEn
    ht50xx_emu.o(i.Read_ECR_Reg) refers to main.o(i.assert_failed) for assert_failed
    ht50xx_emu.o(i.Read_EPR_Reg) refers to main.o(i.assert_failed) for assert_failed
    ht50xx_emu.o(i.Write_ECR_Reg) refers to main.o(i.assert_failed) for assert_failed
    ht6xxx_wdt.o(i.HT_FreeDog_WithPara) refers to main.o(i.assert_failed) for assert_failed
    ht6xxx_wdt.o(i.HT_FreeDog_WithPara) refers to dmul.o(.text) for __aeabi_dmul
    ht6xxx_wdt.o(i.HT_FreeDog_WithPara) refers to dfixui.o(.text) for __aeabi_d2uiz
    ht6xxx_wdt.o(i.HT_FreeDog_WithPara) refers to ddiv.o(.text) for __aeabi_ddiv
    ht6xxx_wdt.o(i.HT_FreeDog_WithPara) refers to dadd.o(.text) for __aeabi_dsub
    ht5x3x_frampack.o(i.HT_FRAMPACK_ClearITPendingBit) refers to main.o(i.assert_failed) for assert_failed
    ht5x3x_frampack.o(i.HT_FRAMPACK_ITConfig) refers to main.o(i.assert_failed) for assert_failed
    ht5x3x_frampack.o(i.HT_FRAMPACK_ITFlagStatusGet) refers to main.o(i.assert_failed) for assert_failed
    ht5x3x_frampack.o(i.HT_FRAMPACK_Init) refers to main.o(i.assert_failed) for assert_failed
    ht5x3x_emuiface.o(i.HT_EMUIFACE_ClearITPendingBit) refers to main.o(i.assert_failed) for assert_failed
    ht5x3x_emuiface.o(i.HT_EMUIFACE_ITConfig) refers to main.o(i.assert_failed) for assert_failed
    ht5x3x_emuiface.o(i.HT_EMUIFACE_ITFlagStatusGet) refers to main.o(i.assert_failed) for assert_failed
    ht5x3x_emuiface.o(i.HT_EMUIFACE_Init) refers to main.o(i.assert_failed) for assert_failed
    ht6xxx_it.o(i.AES_IRQHandler) refers to ht6xxx_ecc.o(i.HT_ECC_ITFlagStatusGet) for HT_ECC_ITFlagStatusGet
    ht6xxx_it.o(i.AES_IRQHandler) refers to ht6xxx_ecc.o(i.HT_ECC_ClearITPendingBit) for HT_ECC_ClearITPendingBit
    ht6xxx_it.o(i.AES_IRQHandler) refers to ht6xxx_aes&rand.o(i.HT_AES_GHASH_RAND_ITFlagStatusGet) for HT_AES_GHASH_RAND_ITFlagStatusGet
    ht6xxx_it.o(i.AES_IRQHandler) refers to ht6xxx_aes&rand.o(i.HT_AES_GHASH_RAND_ClearITPendingBit) for HT_AES_GHASH_RAND_ClearITPendingBit
    ht6xxx_it.o(i.DMA_IRQHandler) refers to ht6xxx_it.o(i.DMA_IRQProc) for DMA_IRQProc
    ht6xxx_it.o(i.DMA_IRQProc) refers to ht6xxx_dma.o(i.HT_DMA_ITFlagStatusGet) for HT_DMA_ITFlagStatusGet
    ht6xxx_it.o(i.DMA_IRQProc) refers to ht6xxx_dma.o(i.HT_DMA_ClearITPendingBit) for HT_DMA_ClearITPendingBit
    ht6xxx_it.o(i.EXTI0_IRQHandler) refers to ht6xxx_exti.o(i.HT_EXTIRise_ITFlagStatusGet) for HT_EXTIRise_ITFlagStatusGet
    ht6xxx_it.o(i.EXTI0_IRQHandler) refers to ht6xxx_exti.o(i.HT_EXTIRise_ClearITPendingBit) for HT_EXTIRise_ClearITPendingBit
    ht6xxx_it.o(i.EXTI0_IRQHandler) refers to ht6xxx_exti.o(i.HT_EXTIFall_ITFlagStatusGet) for HT_EXTIFall_ITFlagStatusGet
    ht6xxx_it.o(i.EXTI0_IRQHandler) refers to ht6xxx_exti.o(i.HT_EXTIFall_ClearITPendingBit) for HT_EXTIFall_ClearITPendingBit
    ht6xxx_it.o(i.EXTI1_IRQHandler) refers to ht6xxx_exti.o(i.HT_EXTIRise_ITFlagStatusGet) for HT_EXTIRise_ITFlagStatusGet
    ht6xxx_it.o(i.EXTI1_IRQHandler) refers to ht6xxx_exti.o(i.HT_EXTIRise_ClearITPendingBit) for HT_EXTIRise_ClearITPendingBit
    ht6xxx_it.o(i.EXTI1_IRQHandler) refers to ht6xxx_exti.o(i.HT_EXTIFall_ITFlagStatusGet) for HT_EXTIFall_ITFlagStatusGet
    ht6xxx_it.o(i.EXTI1_IRQHandler) refers to ht6xxx_exti.o(i.HT_EXTIFall_ClearITPendingBit) for HT_EXTIFall_ClearITPendingBit
    ht6xxx_it.o(i.EXTI2_IRQHandler) refers to ht6xxx_exti.o(i.HT_EXTIRise_ITFlagStatusGet) for HT_EXTIRise_ITFlagStatusGet
    ht6xxx_it.o(i.EXTI2_IRQHandler) refers to ht6xxx_exti.o(i.HT_EXTIRise_ClearITPendingBit) for HT_EXTIRise_ClearITPendingBit
    ht6xxx_it.o(i.EXTI2_IRQHandler) refers to ht6xxx_exti.o(i.HT_EXTIFall_ITFlagStatusGet) for HT_EXTIFall_ITFlagStatusGet
    ht6xxx_it.o(i.EXTI2_IRQHandler) refers to ht6xxx_exti.o(i.HT_EXTIFall_ClearITPendingBit) for HT_EXTIFall_ClearITPendingBit
    ht6xxx_it.o(i.EXTI3_IRQHandler) refers to ht6xxx_exti.o(i.HT_EXTIRise_ITFlagStatusGet) for HT_EXTIRise_ITFlagStatusGet
    ht6xxx_it.o(i.EXTI3_IRQHandler) refers to ht6xxx_exti.o(i.HT_EXTIRise_ClearITPendingBit) for HT_EXTIRise_ClearITPendingBit
    ht6xxx_it.o(i.EXTI3_IRQHandler) refers to ht6xxx_exti.o(i.HT_EXTIFall_ITFlagStatusGet) for HT_EXTIFall_ITFlagStatusGet
    ht6xxx_it.o(i.EXTI3_IRQHandler) refers to ht6xxx_exti.o(i.HT_EXTIFall_ClearITPendingBit) for HT_EXTIFall_ClearITPendingBit
    ht6xxx_it.o(i.EXTI4_IRQHandler) refers to ht6xxx_exti.o(i.HT_EXTIRise_ITFlagStatusGet) for HT_EXTIRise_ITFlagStatusGet
    ht6xxx_it.o(i.EXTI4_IRQHandler) refers to ht6xxx_exti.o(i.HT_EXTIRise_ClearITPendingBit) for HT_EXTIRise_ClearITPendingBit
    ht6xxx_it.o(i.EXTI4_IRQHandler) refers to ht6xxx_exti.o(i.HT_EXTIFall_ITFlagStatusGet) for HT_EXTIFall_ITFlagStatusGet
    ht6xxx_it.o(i.EXTI4_IRQHandler) refers to ht6xxx_exti.o(i.HT_EXTIFall_ClearITPendingBit) for HT_EXTIFall_ClearITPendingBit
    ht6xxx_it.o(i.EXTI5_IRQHandler) refers to ht6xxx_exti.o(i.HT_EXTIRise_ITFlagStatusGet) for HT_EXTIRise_ITFlagStatusGet
    ht6xxx_it.o(i.EXTI5_IRQHandler) refers to ht6xxx_exti.o(i.HT_EXTIRise_ClearITPendingBit) for HT_EXTIRise_ClearITPendingBit
    ht6xxx_it.o(i.EXTI5_IRQHandler) refers to ht6xxx_exti.o(i.HT_EXTIFall_ITFlagStatusGet) for HT_EXTIFall_ITFlagStatusGet
    ht6xxx_it.o(i.EXTI5_IRQHandler) refers to ht6xxx_exti.o(i.HT_EXTIFall_ClearITPendingBit) for HT_EXTIFall_ClearITPendingBit
    ht6xxx_it.o(i.EXTI6_IRQHandler) refers to ht6xxx_exti.o(i.HT_EXTIRise_ITFlagStatusGet) for HT_EXTIRise_ITFlagStatusGet
    ht6xxx_it.o(i.EXTI6_IRQHandler) refers to ht6xxx_exti.o(i.HT_EXTIRise_ClearITPendingBit) for HT_EXTIRise_ClearITPendingBit
    ht6xxx_it.o(i.EXTI6_IRQHandler) refers to ht6xxx_exti.o(i.HT_EXTIFall_ITFlagStatusGet) for HT_EXTIFall_ITFlagStatusGet
    ht6xxx_it.o(i.EXTI6_IRQHandler) refers to ht6xxx_exti.o(i.HT_EXTIFall_ClearITPendingBit) for HT_EXTIFall_ClearITPendingBit
    ht6xxx_it.o(i.EXTI7_9_IRQHandler) refers to ht6xxx_exti.o(i.HT_EXTIRise_ITFlagStatusGet) for HT_EXTIRise_ITFlagStatusGet
    ht6xxx_it.o(i.EXTI7_9_IRQHandler) refers to ht6xxx_exti.o(i.HT_EXTIRise_ClearITPendingBit) for HT_EXTIRise_ClearITPendingBit
    ht6xxx_it.o(i.EXTI7_9_IRQHandler) refers to ht6xxx_exti.o(i.HT_EXTIFall_ITFlagStatusGet) for HT_EXTIFall_ITFlagStatusGet
    ht6xxx_it.o(i.EXTI7_9_IRQHandler) refers to ht6xxx_exti.o(i.HT_EXTIFall_ClearITPendingBit) for HT_EXTIFall_ClearITPendingBit
    ht6xxx_it.o(i.FRAM_IRQHandler) refers to ht5x3x_emuiface.o(i.HT_EMUIFACE_ITFlagStatusGet) for HT_EMUIFACE_ITFlagStatusGet
    ht6xxx_it.o(i.FRAM_IRQHandler) refers to ht5x3x_emuiface.o(i.HT_EMUIFACE_ClearITPendingBit) for HT_EMUIFACE_ClearITPendingBit
    ht6xxx_it.o(i.FRAM_IRQHandler) refers to ht5x3x_frampack.o(i.HT_FRAMPACK_ITFlagStatusGet) for HT_FRAMPACK_ITFlagStatusGet
    ht6xxx_it.o(i.FRAM_IRQHandler) refers to ht5x3x_frampack.o(i.HT_FRAMPACK_ClearITPendingBit) for HT_FRAMPACK_ClearITPendingBit
    ht6xxx_it.o(i.I2C_IRQHandler) refers to ht6xxx_iic.o(i.HT_I2C_IRQHandler_Default) for HT_I2C_IRQHandler_Default
    ht6xxx_it.o(i.KEY_IRQHandler) refers to ht501x_keyscan.o(i.HT_KEY_ITFlagStatusGet) for HT_KEY_ITFlagStatusGet
    ht6xxx_it.o(i.KEY_IRQHandler) refers to ht501x_keyscan.o(i.HT_KEY_ClearITPendingBit) for HT_KEY_ClearITPendingBit
    ht6xxx_it.o(i.NMI_Handler) refers to ht6xxx_cmu.o(i.HT_CMU_StopFlagGet) for HT_CMU_StopFlagGet
    ht6xxx_it.o(i.PMU_IRQHandler) refers to ht6xxx_pmu.o(i.HT_PMU_ITFlagStatusGet) for HT_PMU_ITFlagStatusGet
    ht6xxx_it.o(i.PMU_IRQHandler) refers to ht6xxx_pmu.o(i.HT_PMU_ClearITPendingBit) for HT_PMU_ClearITPendingBit
    ht6xxx_it.o(i.SPI0_IRQHandler) refers to ht6xxx_spi.o(i.HT_SPI_ITFlagStatusGet) for HT_SPI_ITFlagStatusGet
    ht6xxx_it.o(i.SPI0_IRQHandler) refers to ht6xxx_spi.o(i.HT_SPI_ClearITPendingBit) for HT_SPI_ClearITPendingBit
    ht6xxx_it.o(i.SPI1_IRQHandler) refers to ht6xxx_spi.o(i.HT_SPI_ITFlagStatusGet) for HT_SPI_ITFlagStatusGet
    ht6xxx_it.o(i.SPI1_IRQHandler) refers to ht6xxx_spi.o(i.HT_SPI_ClearITPendingBit) for HT_SPI_ClearITPendingBit
    ht6xxx_it.o(i.SPI2_IRQHandler) refers to ht6xxx_spi.o(i.HT_SPI_ITFlagStatusGet) for HT_SPI_ITFlagStatusGet
    ht6xxx_it.o(i.SPI2_IRQHandler) refers to ht6xxx_spi.o(i.HT_SPI_ClearITPendingBit) for HT_SPI_ClearITPendingBit
    ht6xxx_it.o(i.TBS_IRQHandler) refers to ht6xxx_tbs.o(i.HT_TBS_ITFlagStatusGet) for HT_TBS_ITFlagStatusGet
    ht6xxx_it.o(i.TBS_IRQHandler) refers to ht6xxx_tbs.o(i.HT_TBS_ClearITPendingBit) for HT_TBS_ClearITPendingBit
    ht6xxx_it.o(i.TIMER_0_IRQHandler) refers to ht6xxx_timer.o(i.HT_TMR_ITFlagStatusGet) for HT_TMR_ITFlagStatusGet
    ht6xxx_it.o(i.TIMER_0_IRQHandler) refers to ht6xxx_timer.o(i.HT_TMR_ClearITPendingBit) for HT_TMR_ClearITPendingBit
    ht6xxx_it.o(i.TIMER_1_IRQHandler) refers to ht6xxx_timer.o(i.HT_TMR_ITFlagStatusGet) for HT_TMR_ITFlagStatusGet
    ht6xxx_it.o(i.TIMER_1_IRQHandler) refers to ht6xxx_timer.o(i.HT_TMR_ClearITPendingBit) for HT_TMR_ClearITPendingBit
    ht6xxx_it.o(i.TIMER_2_IRQHandler) refers to ht6xxx_timer.o(i.HT_TMR_ITFlagStatusGet) for HT_TMR_ITFlagStatusGet
    ht6xxx_it.o(i.TIMER_2_IRQHandler) refers to ht6xxx_timer.o(i.HT_TMR_ClearITPendingBit) for HT_TMR_ClearITPendingBit
    ht6xxx_it.o(i.TIMER_3_IRQHandler) refers to ht6xxx_timer.o(i.HT_TMR_ITFlagStatusGet) for HT_TMR_ITFlagStatusGet
    ht6xxx_it.o(i.TIMER_3_IRQHandler) refers to ht6xxx_timer.o(i.HT_TMR_ClearITPendingBit) for HT_TMR_ClearITPendingBit
    ht6xxx_it.o(i.UART0_IRQHandler) refers to ht6xxx_uart&7816.o(i.HT_UART_ITFlagStatusGet) for HT_UART_ITFlagStatusGet
    ht6xxx_it.o(i.UART0_IRQHandler) refers to ht6xxx_uart&7816.o(i.HT_UART_ClearITPendingBit) for HT_UART_ClearITPendingBit
    ht6xxx_it.o(i.UART1_IRQHandler) refers to ht6xxx_uart&7816.o(i.HT_UART_ITFlagStatusGet) for HT_UART_ITFlagStatusGet
    ht6xxx_it.o(i.UART1_IRQHandler) refers to ht6xxx_uart&7816.o(i.HT_UART_ClearITPendingBit) for HT_UART_ClearITPendingBit
    ht6xxx_it.o(i.UART2_IRQHandler) refers to ht6xxx_uart&7816.o(i.HT_UART_ITFlagStatusGet) for HT_UART_ITFlagStatusGet
    ht6xxx_it.o(i.UART2_IRQHandler) refers to ht6xxx_uart&7816.o(i.HT_UART_ClearITPendingBit) for HT_UART_ClearITPendingBit
    ht6xxx_it.o(i.UART3_IRQHandler) refers to ht6xxx_uart&7816.o(i.HT_UART_ITFlagStatusGet) for HT_UART_ITFlagStatusGet
    ht6xxx_it.o(i.UART3_IRQHandler) refers to ht6xxx_uart&7816.o(i.HT_UART_ClearITPendingBit) for HT_UART_ClearITPendingBit
    ht6xxx_it.o(i.UART3_IRQHandler) refers to ht6xxx_uart&7816.o(i.HT_ISO7816_ITFlagStatusGet) for HT_ISO7816_ITFlagStatusGet
    ht6xxx_it.o(i.UART3_IRQHandler) refers to ht6xxx_uart&7816.o(i.HT_ISO7816_ClearITPendingBit) for HT_ISO7816_ClearITPendingBit
    ht6xxx_it.o(i.UART4_IRQHandler) refers to ht6xxx_uart&7816.o(i.HT_UART_ITFlagStatusGet) for HT_UART_ITFlagStatusGet
    ht6xxx_it.o(i.UART4_IRQHandler) refers to ht6xxx_uart&7816.o(i.HT_UART_ClearITPendingBit) for HT_UART_ClearITPendingBit
    ht6xxx_it.o(i.UART4_IRQHandler) refers to ht6xxx_uart&7816.o(i.HT_ISO7816_ITFlagStatusGet) for HT_ISO7816_ITFlagStatusGet
    ht6xxx_it.o(i.UART4_IRQHandler) refers to ht6xxx_uart&7816.o(i.HT_ISO7816_ClearITPendingBit) for HT_ISO7816_ClearITPendingBit
    ht6xxx_it.o(i.UART5_IRQHandler) refers to ht6xxx_uart&7816.o(i.HT_UART_ITFlagStatusGet) for HT_UART_ITFlagStatusGet
    ht6xxx_it.o(i.UART5_IRQHandler) refers to ht6xxx_uart&7816.o(i.HT_UART_ClearITPendingBit) for HT_UART_ClearITPendingBit
    ht6xxx_it.o(i.UART6_IRQHandler) refers to ht6xxx_uart&7816.o(i.HT_UART_ITFlagStatusGet) for HT_UART_ITFlagStatusGet
    ht6xxx_it.o(i.UART6_IRQHandler) refers to ht6xxx_uart&7816.o(i.HT_UART_ClearITPendingBit) for HT_UART_ClearITPendingBit
    main.o(i.main) refers to ht6xxx_wdt.o(i.HT_FreeDog) for HT_FreeDog
    entry.o(.ARM.Collect$$$$00000000) refers (Special) to entry10a.o(.ARM.Collect$$$$0000000D) for __rt_final_cpp
    entry.o(.ARM.Collect$$$$00000000) refers (Special) to entry11a.o(.ARM.Collect$$$$0000000F) for __rt_final_exit
    entry.o(.ARM.Collect$$$$00000000) refers (Special) to entry7b.o(.ARM.Collect$$$$00000008) for _main_clock
    entry.o(.ARM.Collect$$$$00000000) refers (Special) to entry8b.o(.ARM.Collect$$$$0000000A) for _main_cpp_init
    entry.o(.ARM.Collect$$$$00000000) refers (Special) to entry9a.o(.ARM.Collect$$$$0000000B) for _main_init
    entry.o(.ARM.Collect$$$$00000000) refers (Special) to entry5.o(.ARM.Collect$$$$00000004) for _main_scatterload
    entry.o(.ARM.Collect$$$$00000000) refers (Special) to entry2.o(.ARM.Collect$$$$00000001) for _main_stk
    dadd.o(.text) refers (Special) to iusefp.o(.text) for __I$use$fp
    dadd.o(.text) refers to llshl.o(.text) for __aeabi_llsl
    dadd.o(.text) refers to llsshr.o(.text) for __aeabi_lasr
    dadd.o(.text) refers to depilogue.o(.text) for _double_epilogue
    dmul.o(.text) refers (Special) to iusefp.o(.text) for __I$use$fp
    dmul.o(.text) refers to depilogue.o(.text) for _double_epilogue
    ddiv.o(.text) refers (Special) to iusefp.o(.text) for __I$use$fp
    ddiv.o(.text) refers to depilogue.o(.text) for _double_round
    dfltui.o(.text) refers (Special) to iusefp.o(.text) for __I$use$fp
    dfltui.o(.text) refers to depilogue.o(.text) for _double_epilogue
    dfixui.o(.text) refers (Special) to iusefp.o(.text) for __I$use$fp
    dfixui.o(.text) refers to llushr.o(.text) for __aeabi_llsr
    cdrcmple.o(.text) refers (Special) to iusefp.o(.text) for __I$use$fp
    entry2.o(.ARM.Collect$$$$00000001) refers to entry2.o(.ARM.Collect$$$$00002712) for __lit__00000000
    entry2.o(.ARM.Collect$$$$00002712) refers to startup_ht503x.o(STACK) for __initial_sp
    entry2.o(__vectab_stack_and_reset_area) refers to startup_ht503x.o(STACK) for __initial_sp
    entry2.o(__vectab_stack_and_reset_area) refers to entry.o(.ARM.Collect$$$$00000000) for __main
    entry5.o(.ARM.Collect$$$$00000004) refers to init.o(.text) for __scatterload
    entry9a.o(.ARM.Collect$$$$0000000B) refers to main.o(i.main) for main
    entry9b.o(.ARM.Collect$$$$0000000C) refers to main.o(i.main) for main
    depilogue.o(.text) refers to depilogue.o(i.__ARM_clz) for __ARM_clz
    depilogue.o(.text) refers to llshl.o(.text) for __aeabi_llsl
    depilogue.o(.text) refers to llushr.o(.text) for __aeabi_llsr
    init.o(.text) refers to entry5.o(.ARM.Collect$$$$00000004) for __main_after_scatterload


==============================================================================

Removing Unused input sections from the image.

    Removing system_ht6xxx.o(.rev16_text), (4 bytes).
    Removing system_ht6xxx.o(.revsh_text), (4 bytes).
    Removing startup_ht503x.o(HEAP), (0 bytes).
    Removing ht6xxx_aes&rand.o(.rev16_text), (4 bytes).
    Removing ht6xxx_aes&rand.o(.revsh_text), (4 bytes).
    Removing ht6xxx_aes&rand.o(i.HT_AES_Busy_StatusGet), (12 bytes).
    Removing ht6xxx_aes&rand.o(i.HT_AES_Decrypt), (248 bytes).
    Removing ht6xxx_aes&rand.o(i.HT_AES_Encrypt), (248 bytes).
    Removing ht6xxx_aes&rand.o(i.HT_AES_GHASH_RAND_ITConfig), (160 bytes).
    Removing ht6xxx_aes&rand.o(i.HT_AES_Read), (36 bytes).
    Removing ht6xxx_aes&rand.o(i.HT_AES_Xor128bits), (36 bytes).
    Removing ht6xxx_aes&rand.o(i.HT_GHASH_Busy_StatusGet), (12 bytes).
    Removing ht6xxx_aes&rand.o(i.HT_GHASH_Multiply), (56 bytes).
    Removing ht6xxx_aes&rand.o(i.HT_GHASH_Multiply_Read), (36 bytes).
    Removing ht6xxx_aes&rand.o(i.HT_RAND_DataGet), (24 bytes).
    Removing ht6xxx_aes&rand.o(i.HT_RAND_WorkState), (132 bytes).
    Removing ht6xxx_cmu.o(.rev16_text), (4 bytes).
    Removing ht6xxx_cmu.o(.revsh_text), (4 bytes).
    Removing ht6xxx_cmu.o(i.HT_CMU_CPUClkGet), (96 bytes).
    Removing ht6xxx_cmu.o(i.HT_CMU_CTRL_2T_Set), (68 bytes).
    Removing ht6xxx_cmu.o(i.HT_CMU_CTRL_3T_Set), (68 bytes).
    Removing ht6xxx_cmu.o(i.HT_CMU_Cache_Set), (68 bytes).
    Removing ht6xxx_cmu.o(i.HT_CMU_ChipIDGet), (12 bytes).
    Removing ht6xxx_cmu.o(i.HT_CMU_ClkCtrl0Config), (192 bytes).
    Removing ht6xxx_cmu.o(i.HT_CMU_ClkCtrl1Config), (72 bytes).
    Removing ht6xxx_cmu.o(i.HT_CMU_ClkoutSet), (168 bytes).
    Removing ht6xxx_cmu.o(i.HT_CMU_Init), (392 bytes).
    Removing ht6xxx_cmu.o(i.HT_CMU_JTAGStatusGet), (4 bytes).
    Removing ht6xxx_cmu.o(i.HT_CMU_SysClkGet), (80 bytes).
    Removing ht6xxx_cmu.o(i.WaitPllLock), (40 bytes).
    Removing ht6xxx_cmu.o(.constdata), (8 bytes).
    Removing ht6xxx_crc.o(.rev16_text), (4 bytes).
    Removing ht6xxx_crc.o(.revsh_text), (4 bytes).
    Removing ht6xxx_crc.o(i.HT_CRC_DataCalc), (240 bytes).
    Removing ht6xxx_crc.o(i.HT_CRC_ModeSelect), (392 bytes).
    Removing ht6xxx_crc.o(.data), (1 bytes).
    Removing ht6xxx_dma.o(.rev16_text), (4 bytes).
    Removing ht6xxx_dma.o(.revsh_text), (4 bytes).
    Removing ht6xxx_dma.o(i.HT_DMA_Cmd), (168 bytes).
    Removing ht6xxx_dma.o(i.HT_DMA_ITConfig), (260 bytes).
    Removing ht6xxx_dma.o(i.HT_DMA_Init), (496 bytes).
    Removing ht6xxx_ecc.o(.rev16_text), (4 bytes).
    Removing ht6xxx_ecc.o(.revsh_text), (4 bytes).
    Removing ht6xxx_ecc.o(i.HT_ECC_Busy_StatusGet), (16 bytes).
    Removing ht6xxx_ecc.o(i.HT_ECC_ECDSA_Init), (72 bytes).
    Removing ht6xxx_ecc.o(i.HT_ECC_ECDSA_S), (92 bytes).
    Removing ht6xxx_ecc.o(i.HT_ECC_ECDSA_S_Read), (52 bytes).
    Removing ht6xxx_ecc.o(i.HT_ECC_ECDSA_V), (112 bytes).
    Removing ht6xxx_ecc.o(i.HT_ECC_ITConfig), (124 bytes).
    Removing ht6xxx_ecc.o(i.HT_ECC_ModOperate), (160 bytes).
    Removing ht6xxx_ecc.o(i.HT_ECC_ModOperate_Read), (32 bytes).
    Removing ht6xxx_ecc.o(i.HT_ECC_PointOperate), (200 bytes).
    Removing ht6xxx_ecc.o(i.HT_ECC_PointOperate_Init), (44 bytes).
    Removing ht6xxx_ecc.o(i.HT_ECC_PointOperate_Read), (52 bytes).
    Removing ht6xxx_ecc.o(i.HT_ECC_PublickeyValidate), (112 bytes).
    Removing ht6xxx_exti.o(.rev16_text), (4 bytes).
    Removing ht6xxx_exti.o(.revsh_text), (4 bytes).
    Removing ht6xxx_exti.o(i.HT_EXTIFall_ITConfig), (232 bytes).
    Removing ht6xxx_exti.o(i.HT_EXTIRise_ITConfig), (252 bytes).
    Removing ht6xxx_exti.o(i.HT_EXTI_FilterConfig), (236 bytes).
    Removing ht6xxx_flash.o(.rev16_text), (4 bytes).
    Removing ht6xxx_flash.o(.revsh_text), (4 bytes).
    Removing ht6xxx_flash.o(.emb_text), (632 bytes).
    Removing ht6xxx_flash.o(i.HT_Flash_ByteRead), (216 bytes).
    Removing ht6xxx_flash.o(i.HT_Flash_ChipErase), (76 bytes).
    Removing ht6xxx_flash.o(i.HT_Flash_EWR_Pro), (584 bytes).
    Removing ht6xxx_flash.o(i.HT_Flash_HalfWordRead), (232 bytes).
    Removing ht6xxx_flash.o(i.HT_Flash_PageEraseWithSectionUnlock), (536 bytes).
    Removing ht6xxx_flash.o(i.HT_Flash_WordRead), (232 bytes).
    Removing ht6xxx_flash.o(i.HT_Info_Additional_ByteWrite), (412 bytes).
    Removing ht6xxx_flash.o(i.HT_Info_Additional_HalfWordWrite), (420 bytes).
    Removing ht6xxx_flash.o(i.HT_Info_Additional_PageErase), (368 bytes).
    Removing ht6xxx_flash.o(i.HT_Info_Additional_WordWrite), (420 bytes).
    Removing ht6xxx_flash.o(i.HT_Info_ByteRead), (276 bytes).
    Removing ht6xxx_flash.o(i.HT_Info_EWR_Pro), (628 bytes).
    Removing ht6xxx_flash.o(i.HT_Info_HalfWordRead), (296 bytes).
    Removing ht6xxx_flash.o(i.HT_Info_WordRead), (296 bytes).
    Removing ht6xxx_flash.o(.constdata), (8 bytes).
    Removing ht6xxx_gpio.o(.rev16_text), (4 bytes).
    Removing ht6xxx_gpio.o(.revsh_text), (4 bytes).
    Removing ht6xxx_gpio.o(i.HT_GPIO_AFInit), (328 bytes).
    Removing ht6xxx_gpio.o(i.HT_GPIO_BitsRead), (156 bytes).
    Removing ht6xxx_gpio.o(i.HT_GPIO_BitsReset), (152 bytes).
    Removing ht6xxx_gpio.o(i.HT_GPIO_BitsSet), (152 bytes).
    Removing ht6xxx_gpio.o(i.HT_GPIO_BitsToggle), (152 bytes).
    Removing ht6xxx_gpio.o(i.HT_GPIO_DirectionSet), (192 bytes).
    Removing ht6xxx_gpio.o(i.HT_GPIO_HighCurrentSet), (136 bytes).
    Removing ht6xxx_gpio.o(i.HT_GPIO_Init), (484 bytes).
    Removing ht6xxx_gpio.o(i.HT_GPIO_InputFilter), (192 bytes).
    Removing ht6xxx_gpio.o(i.HT_GPIO_InputStatusSet), (192 bytes).
    Removing ht6xxx_gpio.o(i.HT_GPIO_OutputStatusSet), (192 bytes).
    Removing ht6xxx_iic.o(.rev16_text), (4 bytes).
    Removing ht6xxx_iic.o(.revsh_text), (4 bytes).
    Removing ht6xxx_iic.o(i.HT_I2C_ClearITPendingBit), (20 bytes).
    Removing ht6xxx_iic.o(i.HT_I2C_ITFlagStatusGet), (24 bytes).
    Removing ht6xxx_iic.o(i.HT_I2C_Init), (228 bytes).
    Removing ht6xxx_iic.o(i.HT_I2C_Master_Receive), (152 bytes).
    Removing ht6xxx_iic.o(i.HT_I2C_Master_Receive_IT), (20 bytes).
    Removing ht6xxx_iic.o(i.HT_I2C_Master_Transmit), (156 bytes).
    Removing ht6xxx_iic.o(i.HT_I2C_Master_Transmit_IT), (88 bytes).
    Removing ht6xxx_iic.o(i.HT_I2C_Slave_Receive), (96 bytes).
    Removing ht6xxx_iic.o(i.HT_I2C_Slave_Receive_IT), (2 bytes).
    Removing ht6xxx_iic.o(i.HT_I2C_Slave_Transmit), (96 bytes).
    Removing ht6xxx_iic.o(i.HT_I2C_Slave_Transmit_IT), (2 bytes).
    Removing ht6xxx_iic.o(i.HT_I2C_Start), (20 bytes).
    Removing ht6xxx_iic.o(i.HT_I2C_Stop), (2 bytes).
    Removing ht6xxx_iic.o(i.__NVIC_EnableIRQ), (24 bytes).
    Removing ht6xxx_iic.o(.data), (16 bytes).
    Removing ht6xxx_lcd.o(.rev16_text), (4 bytes).
    Removing ht6xxx_lcd.o(.revsh_text), (4 bytes).
    Removing ht6xxx_lcd.o(i.HT_LCD_CP_Init), (208 bytes).
    Removing ht6xxx_lcd.o(i.HT_LCD_Init), (188 bytes).
    Removing ht6xxx_lcd.o(i.HT_LCD_OutConfig), (36 bytes).
    Removing ht6xxx_lcd.o(i.HT_LCD_Read), (24 bytes).
    Removing ht6xxx_lcd.o(i.HT_LCD_Write), (16 bytes).
    Removing ht6xxx_pmu.o(.rev16_text), (4 bytes).
    Removing ht6xxx_pmu.o(.revsh_text), (4 bytes).
    Removing ht6xxx_pmu.o(i.HT_PMUState_FlagStatusGet), (116 bytes).
    Removing ht6xxx_pmu.o(i.HT_PMU_HoldLDOConfig), (72 bytes).
    Removing ht6xxx_pmu.o(i.HT_PMU_ITConfig), (128 bytes).
    Removing ht6xxx_pmu.o(i.HT_PMU_Init), (144 bytes).
    Removing ht6xxx_pmu.o(.constdata), (8 bytes).
    Removing ht6xxx_reset.o(.rev16_text), (4 bytes).
    Removing ht6xxx_reset.o(.revsh_text), (4 bytes).
    Removing ht6xxx_reset.o(i.HT_EnterHold), (16 bytes).
    Removing ht6xxx_reset.o(i.HT_EnterSleep), (16 bytes).
    Removing ht6xxx_reset.o(i.HT_ResetFlagClear), (16 bytes).
    Removing ht6xxx_reset.o(i.HT_ResetFlagStatusGet), (24 bytes).
    Removing ht6xxx_reset.o(i.HT_WakeFlagStatusGet), (24 bytes).
    Removing ht6xxx_rtc.o(.rev16_text), (4 bytes).
    Removing ht6xxx_rtc.o(.revsh_text), (4 bytes).
    Removing ht6xxx_rtc.o(i.HT_RTC_AlarmSet), (24 bytes).
    Removing ht6xxx_rtc.o(i.HT_RTC_ClearITPendingBit), (132 bytes).
    Removing ht6xxx_rtc.o(i.HT_RTC_ITConfig), (176 bytes).
    Removing ht6xxx_rtc.o(i.HT_RTC_ITFlagStatusGet), (144 bytes).
    Removing ht6xxx_rtc.o(i.HT_RTC_Init), (276 bytes).
    Removing ht6xxx_rtc.o(i.HT_RTC_LoadInfoData), (336 bytes).
    Removing ht6xxx_rtc.o(i.HT_RTC_OSC_Current_ADJ), (116 bytes).
    Removing ht6xxx_rtc.o(i.HT_RTC_RTCCLK_CFG), (132 bytes).
    Removing ht6xxx_rtc.o(i.HT_RTC_Read), (100 bytes).
    Removing ht6xxx_rtc.o(i.HT_RTC_TMRConfig), (140 bytes).
    Removing ht6xxx_rtc.o(i.HT_RTC_ToutSet), (136 bytes).
    Removing ht6xxx_rtc.o(i.HT_RTC_Write), (308 bytes).
    Removing ht6xxx_rtc.o(.constdata), (8 bytes).
    Removing ht6xxx_spi.o(.rev16_text), (4 bytes).
    Removing ht6xxx_spi.o(.revsh_text), (4 bytes).
    Removing ht6xxx_spi.o(i.HT_SPIFIFO_ClearITPendingBit), (180 bytes).
    Removing ht6xxx_spi.o(i.HT_SPIFIFO_ITFlagStatusGet), (192 bytes).
    Removing ht6xxx_spi.o(i.HT_SPIFIFO_SETByteDelay), (160 bytes).
    Removing ht6xxx_spi.o(i.HT_SPIFIFO_SETITConfig), (196 bytes).
    Removing ht6xxx_spi.o(i.HT_SPI_CSDelayInit), (236 bytes).
    Removing ht6xxx_spi.o(i.HT_SPI_CSHigh), (148 bytes).
    Removing ht6xxx_spi.o(i.HT_SPI_CSLow), (148 bytes).
    Removing ht6xxx_spi.o(i.HT_SPI_FIFOInit), (320 bytes).
    Removing ht6xxx_spi.o(i.HT_SPI_Init), (372 bytes).
    Removing ht6xxx_spi.o(i.HT_SPI_SendByte), (152 bytes).
    Removing ht6xxx_spi.o(i.HT_SPI_SetMsam_Delay), (164 bytes).
    Removing ht6xxx_tbs.o(.rev16_text), (4 bytes).
    Removing ht6xxx_tbs.o(.revsh_text), (4 bytes).
    Removing ht6xxx_tbs.o(i.HT_TBSConfig), (212 bytes).
    Removing ht6xxx_tbs.o(i.HT_TBS_ADCInjectConfig), (36 bytes).
    Removing ht6xxx_tbs.o(i.HT_TBS_ADCInjectSample), (152 bytes).
    Removing ht6xxx_tbs.o(i.HT_TBS_ADCTriSample), (164 bytes).
    Removing ht6xxx_tbs.o(i.HT_TBS_CMPThresholdSet), (124 bytes).
    Removing ht6xxx_tbs.o(i.HT_TBS_ClkSelConfig), (480 bytes).
    Removing ht6xxx_tbs.o(i.HT_TBS_FilCntConfig), (140 bytes).
    Removing ht6xxx_tbs.o(i.HT_TBS_ITConfig), (192 bytes).
    Removing ht6xxx_tbs.o(i.HT_TBS_PeriodSet), (404 bytes).
    Removing ht6xxx_tbs.o(i.HT_TBS_TBSReset), (44 bytes).
    Removing ht6xxx_tbs.o(i.HT_TBS_ValueRead), (240 bytes).
    Removing ht6xxx_timer.o(.rev16_text), (4 bytes).
    Removing ht6xxx_timer.o(.revsh_text), (4 bytes).
    Removing ht6xxx_timer.o(i.HT_TMR_CaptureGet), (124 bytes).
    Removing ht6xxx_timer.o(i.HT_TMR_Cmd), (164 bytes).
    Removing ht6xxx_timer.o(i.HT_TMR_CompareSet), (124 bytes).
    Removing ht6xxx_timer.o(i.HT_TMR_CountGet), (124 bytes).
    Removing ht6xxx_timer.o(i.HT_TMR_CounterSet), (124 bytes).
    Removing ht6xxx_timer.o(i.HT_TMR_ITConfig), (208 bytes).
    Removing ht6xxx_timer.o(i.HT_TMR_Init), (256 bytes).
    Removing ht6xxx_timer.o(i.HT_TMR_PeriodSet), (128 bytes).
    Removing ht6xxx_timer.o(i.HT_TMR_PrescalerSet), (124 bytes).
    Removing ht6xxx_uart&7816.o(.rev16_text), (4 bytes).
    Removing ht6xxx_uart&7816.o(.revsh_text), (4 bytes).
    Removing ht6xxx_uart&7816.o(i.HT_IR_Init), (216 bytes).
    Removing ht6xxx_uart&7816.o(i.HT_ISO7816_ITConfig), (148 bytes).
    Removing ht6xxx_uart&7816.o(i.HT_ISO7816_Init), (292 bytes).
    Removing ht6xxx_uart&7816.o(i.HT_ISO7816_ReceiveData), (108 bytes).
    Removing ht6xxx_uart&7816.o(i.HT_ISO7816_SendData), (108 bytes).
    Removing ht6xxx_uart&7816.o(i.HT_UART_ITConfig), (196 bytes).
    Removing ht6xxx_uart&7816.o(i.HT_UART_Init), (440 bytes).
    Removing ht6xxx_uart&7816.o(i.HT_UART_RXFilterConfig), (156 bytes).
    Removing ht6xxx_uart&7816.o(i.HT_UART_ReceiveData), (152 bytes).
    Removing ht6xxx_uart&7816.o(i.HT_UART_SendData), (156 bytes).
    Removing ht501x_keyscan.o(.rev16_text), (4 bytes).
    Removing ht501x_keyscan.o(.revsh_text), (4 bytes).
    Removing ht501x_keyscan.o(i.HT_KEY_ClearScanStatus), (12 bytes).
    Removing ht501x_keyscan.o(i.HT_KEY_ClkConfig), (136 bytes).
    Removing ht501x_keyscan.o(i.HT_KEY_ScanStatusGet), (12 bytes).
    Removing ht501x_keyscan.o(.constdata), (8 bytes).
    Removing ht50xx_emu.o(.rev16_text), (4 bytes).
    Removing ht50xx_emu.o(.revsh_text), (4 bytes).
    Removing ht50xx_emu.o(i.Close_emu_LDO), (10 bytes).
    Removing ht50xx_emu.o(i.Disable_emu_module), (52 bytes).
    Removing ht50xx_emu.o(i.Enable_emu_module), (52 bytes).
    Removing ht50xx_emu.o(i.HT_Clear_EMUSR_PendingBit), (160 bytes).
    Removing ht50xx_emu.o(i.HT_EMUSR_FlagStatusGet), (244 bytes).
    Removing ht50xx_emu.o(i.HT_EMU_CIADD_Init), (18 bytes).
    Removing ht50xx_emu.o(i.HT_EMU_ClearITPendingBit), (260 bytes).
    Removing ht50xx_emu.o(i.HT_EMU_Flicker_Init), (228 bytes).
    Removing ht50xx_emu.o(i.HT_EMU_Fund_Init), (212 bytes).
    Removing ht50xx_emu.o(i.HT_EMU_HCycRms_Init), (40 bytes).
    Removing ht50xx_emu.o(i.HT_EMU_ITConfig), (288 bytes).
    Removing ht50xx_emu.o(i.HT_EMU_ITFlagStatusGet), (244 bytes).
    Removing ht50xx_emu.o(i.HT_EMU_LpMode_Init), (156 bytes).
    Removing ht50xx_emu.o(i.HT_EMU_OneCycRms_Init), (64 bytes).
    Removing ht50xx_emu.o(i.HT_EMU_PowerConst_Init), (200 bytes).
    Removing ht50xx_emu.o(i.HT_EMU_PowerStart_Init), (44 bytes).
    Removing ht50xx_emu.o(i.HT_EMU_RmsIt_Init), (30 bytes).
    Removing ht50xx_emu.o(i.HT_EMU_SagPeakIOV_Init), (72 bytes).
    Removing ht50xx_emu.o(i.HT_EMU_Sync_Init), (56 bytes).
    Removing ht50xx_emu.o(i.HT_EMU_Tamp_Init), (64 bytes).
    Removing ht50xx_emu.o(i.HT_EMU_TempComp_Init), (196 bytes).
    Removing ht50xx_emu.o(i.HT_EMU_ZC_Init), (64 bytes).
    Removing ht50xx_emu.o(i.HT_Get_EMU_ADCOffset), (140 bytes).
    Removing ht50xx_emu.o(i.HT_Get_EMU_CFxCnt), (208 bytes).
    Removing ht50xx_emu.o(i.HT_Get_EMU_DECShift), (36 bytes).
    Removing ht50xx_emu.o(i.HT_Get_EMU_HFConst), (12 bytes).
    Removing ht50xx_emu.o(i.HT_Get_EMU_I2Gain), (16 bytes).
    Removing ht50xx_emu.o(i.HT_Get_EMU_PowerGain), (232 bytes).
    Removing ht50xx_emu.o(i.HT_Get_EMU_PowerGphs), (144 bytes).
    Removing ht50xx_emu.o(i.HT_Get_EMU_PowerOffset), (208 bytes).
    Removing ht50xx_emu.o(i.HT_Get_EMU_RmsOffset), (208 bytes).
    Removing ht50xx_emu.o(i.HT_Get_EMU_UConst), (12 bytes).
    Removing ht50xx_emu.o(i.HT_Reset_EMU_Flicker), (12 bytes).
    Removing ht50xx_emu.o(i.HT_Set_EMU_ADCEn), (160 bytes).
    Removing ht50xx_emu.o(i.HT_Set_EMU_ADCOffset), (140 bytes).
    Removing ht50xx_emu.o(i.HT_Set_EMU_AFDIV), (104 bytes).
    Removing ht50xx_emu.o(i.HT_Set_EMU_AutoTC_En), (124 bytes).
    Removing ht50xx_emu.o(i.HT_Set_EMU_AvgPower_SrcSel), (124 bytes).
    Removing ht50xx_emu.o(i.HT_Set_EMU_CF1_OutSel), (176 bytes).
    Removing ht50xx_emu.o(i.HT_Set_EMU_CF2_OutSel), (132 bytes).
    Removing ht50xx_emu.o(i.HT_Set_EMU_CF3_OutSel), (132 bytes).
    Removing ht50xx_emu.o(i.HT_Set_EMU_CFP), (128 bytes).
    Removing ht50xx_emu.o(i.HT_Set_EMU_CF_POS_Sel), (120 bytes).
    Removing ht50xx_emu.o(i.HT_Set_EMU_CFxCnt), (228 bytes).
    Removing ht50xx_emu.o(i.HT_Set_EMU_CHNFix_Sel), (124 bytes).
    Removing ht50xx_emu.o(i.HT_Set_EMU_CIADDEn), (120 bytes).
    Removing ht50xx_emu.o(i.HT_Set_EMU_CIADD_AddMode), (124 bytes).
    Removing ht50xx_emu.o(i.HT_Set_EMU_DCUpdSel), (140 bytes).
    Removing ht50xx_emu.o(i.HT_Set_EMU_DC_En), (124 bytes).
    Removing ht50xx_emu.o(i.HT_Set_EMU_DECShift), (148 bytes).
    Removing ht50xx_emu.o(i.HT_Set_EMU_DMA_SrcSel), (124 bytes).
    Removing ht50xx_emu.o(i.HT_Set_EMU_Energy1AccuMode), (120 bytes).
    Removing ht50xx_emu.o(i.HT_Set_EMU_Energy2AccuMode), (128 bytes).
    Removing ht50xx_emu.o(i.HT_Set_EMU_Energy2_SrcSel), (256 bytes).
    Removing ht50xx_emu.o(i.HT_Set_EMU_EnergyAccuAlg), (120 bytes).
    Removing ht50xx_emu.o(i.HT_Set_EMU_EnergyConstClk_Sel), (120 bytes).
    Removing ht50xx_emu.o(i.HT_Set_EMU_EnergyInSrcSel), (120 bytes).
    Removing ht50xx_emu.o(i.HT_Set_EMU_EnergyReadNotClr_En), (124 bytes).
    Removing ht50xx_emu.o(i.HT_Set_EMU_EnergyRunEn), (148 bytes).
    Removing ht50xx_emu.o(i.HT_Set_EMU_FastPRMS_UpdSel), (120 bytes).
    Removing ht50xx_emu.o(i.HT_Set_EMU_FlickerEn), (124 bytes).
    Removing ht50xx_emu.o(i.HT_Set_EMU_FlickerSetOffsetEn), (124 bytes).
    Removing ht50xx_emu.o(i.HT_Set_EMU_FltonEn), (124 bytes).
    Removing ht50xx_emu.o(i.HT_Set_EMU_FundEn), (124 bytes).
    Removing ht50xx_emu.o(i.HT_Set_EMU_FundIt_En), (124 bytes).
    Removing ht50xx_emu.o(i.HT_Set_EMU_FundUpdSel), (156 bytes).
    Removing ht50xx_emu.o(i.HT_Set_EMU_HCycRms_UpdSel), (124 bytes).
    Removing ht50xx_emu.o(i.HT_Set_EMU_HCycleRMS_I2En), (124 bytes).
    Removing ht50xx_emu.o(i.HT_Set_EMU_HCycleRms_En), (124 bytes).
    Removing ht50xx_emu.o(i.HT_Set_EMU_HFConst), (108 bytes).
    Removing ht50xx_emu.o(i.HT_Set_EMU_HpfEn), (148 bytes).
    Removing ht50xx_emu.o(i.HT_Set_EMU_I1DG), (140 bytes).
    Removing ht50xx_emu.o(i.HT_Set_EMU_I1PGA), (132 bytes).
    Removing ht50xx_emu.o(i.HT_Set_EMU_I2DG), (140 bytes).
    Removing ht50xx_emu.o(i.HT_Set_EMU_I2Gain), (12 bytes).
    Removing ht50xx_emu.o(i.HT_Set_EMU_I2PGA), (128 bytes).
    Removing ht50xx_emu.o(i.HT_Set_EMU_ICHK), (12 bytes).
    Removing ht50xx_emu.o(i.HT_Set_EMU_IHCycVp_ZCSel), (124 bytes).
    Removing ht50xx_emu.o(i.HT_Set_EMU_IOVEn), (124 bytes).
    Removing ht50xx_emu.o(i.HT_Set_EMU_IPTamp), (12 bytes).
    Removing ht50xx_emu.o(i.HT_Set_EMU_IPTamp_SrcSel), (120 bytes).
    Removing ht50xx_emu.o(i.HT_Set_EMU_IPTamp_SrcSpeedSel), (124 bytes).
    Removing ht50xx_emu.o(i.HT_Set_EMU_IRosiEn), (144 bytes).
    Removing ht50xx_emu.o(i.HT_Set_EMU_LDO_En), (124 bytes).
    Removing ht50xx_emu.o(i.HT_Set_EMU_LpCF1CF3_Sel), (120 bytes).
    Removing ht50xx_emu.o(i.HT_Set_EMU_LpEmuClk_Sel), (120 bytes).
    Removing ht50xx_emu.o(i.HT_Set_EMU_LpIdleTime), (104 bytes).
    Removing ht50xx_emu.o(i.HT_Set_EMU_LpIdle_En), (124 bytes).
    Removing ht50xx_emu.o(i.HT_Set_EMU_LpModeEn), (120 bytes).
    Removing ht50xx_emu.o(i.HT_Set_EMU_LpProc_Sel), (124 bytes).
    Removing ht50xx_emu.o(i.HT_Set_EMU_LpRmsTHO), (12 bytes).
    Removing ht50xx_emu.o(i.HT_Set_EMU_LpStandByTime), (144 bytes).
    Removing ht50xx_emu.o(i.HT_Set_EMU_LpVrefEn), (124 bytes).
    Removing ht50xx_emu.o(i.HT_Set_EMU_MeterChanel_Sel), (120 bytes).
    Removing ht50xx_emu.o(i.HT_Set_EMU_NormalEmuClk_Sel), (132 bytes).
    Removing ht50xx_emu.o(i.HT_Set_EMU_OSR), (120 bytes).
    Removing ht50xx_emu.o(i.HT_Set_EMU_OneCycRmsEn), (124 bytes).
    Removing ht50xx_emu.o(i.HT_Set_EMU_OneCycRmsNum), (108 bytes).
    Removing ht50xx_emu.o(i.HT_Set_EMU_PQLpfEn), (124 bytes).
    Removing ht50xx_emu.o(i.HT_Set_EMU_PQStartSel), (124 bytes).
    Removing ht50xx_emu.o(i.HT_Set_EMU_PStart_SpeedSel), (132 bytes).
    Removing ht50xx_emu.o(i.HT_Set_EMU_PowerConstEn), (156 bytes).
    Removing ht50xx_emu.o(i.HT_Set_EMU_PowerGain), (228 bytes).
    Removing ht50xx_emu.o(i.HT_Set_EMU_PowerGphs), (140 bytes).
    Removing ht50xx_emu.o(i.HT_Set_EMU_PowerOV_PNEn), (148 bytes).
    Removing ht50xx_emu.o(i.HT_Set_EMU_PowerOffset), (204 bytes).
    Removing ht50xx_emu.o(i.HT_Set_EMU_PowerQ_SrcSel), (124 bytes).
    Removing ht50xx_emu.o(i.HT_Set_EMU_PowerRmsAvgNum), (108 bytes).
    Removing ht50xx_emu.o(i.HT_Set_EMU_PowerS_DCEn), (124 bytes).
    Removing ht50xx_emu.o(i.HT_Set_EMU_PowerS_SrcSel), (124 bytes).
    Removing ht50xx_emu.o(i.HT_Set_EMU_PowerShift), (148 bytes).
    Removing ht50xx_emu.o(i.HT_Set_EMU_RMSIt_En), (124 bytes).
    Removing ht50xx_emu.o(i.HT_Set_EMU_RmsItTHO), (12 bytes).
    Removing ht50xx_emu.o(i.HT_Set_EMU_RmsIt_AddMode), (124 bytes).
    Removing ht50xx_emu.o(i.HT_Set_EMU_RmsLpfEn), (124 bytes).
    Removing ht50xx_emu.o(i.HT_Set_EMU_RmsOffset), (204 bytes).
    Removing ht50xx_emu.o(i.HT_Set_EMU_SSart_CFG), (124 bytes).
    Removing ht50xx_emu.o(i.HT_Set_EMU_SlowPRMS_UpdSel), (120 bytes).
    Removing ht50xx_emu.o(i.HT_Set_EMU_SyncEn), (144 bytes).
    Removing ht50xx_emu.o(i.HT_Set_EMU_SyncIGain), (200 bytes).
    Removing ht50xx_emu.o(i.HT_Set_EMU_SyncISrcSel), (120 bytes).
    Removing ht50xx_emu.o(i.HT_Set_EMU_SyncUGain), (160 bytes).
    Removing ht50xx_emu.o(i.HT_Set_EMU_SysFreq_Sel), (120 bytes).
    Removing ht50xx_emu.o(i.HT_Set_EMU_Tamp_SrcSel), (120 bytes).
    Removing ht50xx_emu.o(i.HT_Set_EMU_Tamp_SrcSpeedSel), (124 bytes).
    Removing ht50xx_emu.o(i.HT_Set_EMU_UConst), (12 bytes).
    Removing ht50xx_emu.o(i.HT_Set_EMU_UConstEn), (124 bytes).
    Removing ht50xx_emu.o(i.HT_Set_EMU_UDG), (140 bytes).
    Removing ht50xx_emu.o(i.HT_Set_EMU_UPGA), (120 bytes).
    Removing ht50xx_emu.o(i.HT_Set_EMU_UPeakEn), (124 bytes).
    Removing ht50xx_emu.o(i.HT_Set_EMU_UPeakSag_SrcSel), (124 bytes).
    Removing ht50xx_emu.o(i.HT_Set_EMU_USagEn), (124 bytes).
    Removing ht50xx_emu.o(i.HT_Set_EMU_VrefEn), (124 bytes).
    Removing ht50xx_emu.o(i.HT_Set_EMU_Wave_SrcSel), (124 bytes).
    Removing ht50xx_emu.o(i.HT_Set_EMU_Wave_Upd), (124 bytes).
    Removing ht50xx_emu.o(i.HT_Set_EMU_ZCd_Sel), (124 bytes).
    Removing ht50xx_emu.o(i.HT_Set_EMU_ZXSrcSel), (124 bytes).
    Removing ht50xx_emu.o(i.Open_emu_LDO), (16 bytes).
    Removing ht50xx_emu.o(i.Read_ECR_Chksum1_Reg), (12 bytes).
    Removing ht50xx_emu.o(i.Read_ECR_Chksum2_Reg), (12 bytes).
    Removing ht50xx_emu.o(i.Read_ECR_Reg), (108 bytes).
    Removing ht50xx_emu.o(i.Read_EPR_Reg), (104 bytes).
    Removing ht50xx_emu.o(i.Reset_EMU_ECA_Regs), (12 bytes).
    Removing ht50xx_emu.o(i.Reset_EMU_Module), (12 bytes).
    Removing ht50xx_emu.o(i.Write_ECR_Reg), (108 bytes).
    Removing ht50xx_emu.o(.constdata), (8 bytes).
    Removing ht6xxx_wdt.o(.rev16_text), (4 bytes).
    Removing ht6xxx_wdt.o(.revsh_text), (4 bytes).
    Removing ht6xxx_wdt.o(i.HT_FreeDog_WithPara), (268 bytes).
    Removing ht6xxx_wdt.o(i.HT_SHModeDogConfigure), (6 bytes).
    Removing ht5x3x_frampack.o(.rev16_text), (4 bytes).
    Removing ht5x3x_frampack.o(.revsh_text), (4 bytes).
    Removing ht5x3x_frampack.o(i.HT_FRAMPACK_ITConfig), (136 bytes).
    Removing ht5x3x_frampack.o(i.HT_FRAMPACK_Init), (948 bytes).
    Removing ht5x3x_emuiface.o(.rev16_text), (4 bytes).
    Removing ht5x3x_emuiface.o(.revsh_text), (4 bytes).
    Removing ht5x3x_emuiface.o(i.HT_EMUIFACE_ITConfig), (120 bytes).
    Removing ht5x3x_emuiface.o(i.HT_EMUIFACE_Init), (284 bytes).
    Removing ht6xxx_it.o(.rev16_text), (4 bytes).
    Removing ht6xxx_it.o(.revsh_text), (4 bytes).
    Removing main.o(.rev16_text), (4 bytes).
    Removing main.o(.revsh_text), (4 bytes).
    Removing dadd.o(.text), (356 bytes).
    Removing dmul.o(.text), (208 bytes).
    Removing ddiv.o(.text), (240 bytes).
    Removing dfltui.o(.text), (28 bytes).
    Removing dfixui.o(.text), (60 bytes).
    Removing cdrcmple.o(.text), (40 bytes).
    Removing depilogue.o(.text), (190 bytes).
    Removing ht6xxx_crc.o(i.__ARM_common_switch8), (28 bytes).
    Removing depilogue.o(i.__ARM_clz), (46 bytes).

372 unused section(s) (total 46243 bytes) removed from the image.

==============================================================================

Image Symbol Table

    Local Symbols

    Symbol Name                              Value     Ov Type        Size  Object(Section)

    RESET                                    0x00000000   Section      192  startup_ht503x.o(RESET)
    ../clib/microlib/division.c              0x00000000   Number         0  uidiv.o ABSOLUTE
    ../clib/microlib/init/entry.s            0x00000000   Number         0  entry7a.o ABSOLUTE
    ../clib/microlib/init/entry.s            0x00000000   Number         0  entry5.o ABSOLUTE
    ../clib/microlib/init/entry.s            0x00000000   Number         0  entry2.o ABSOLUTE
    ../clib/microlib/init/entry.s            0x00000000   Number         0  entry9b.o ABSOLUTE
    ../clib/microlib/init/entry.s            0x00000000   Number         0  entry11b.o ABSOLUTE
    ../clib/microlib/init/entry.s            0x00000000   Number         0  entry.o ABSOLUTE
    ../clib/microlib/init/entry.s            0x00000000   Number         0  entry8b.o ABSOLUTE
    ../clib/microlib/init/entry.s            0x00000000   Number         0  entry11a.o ABSOLUTE
    ../clib/microlib/init/entry.s            0x00000000   Number         0  entry10b.o ABSOLUTE
    ../clib/microlib/init/entry.s            0x00000000   Number         0  entry10a.o ABSOLUTE
    ../clib/microlib/init/entry.s            0x00000000   Number         0  entry9a.o ABSOLUTE
    ../clib/microlib/init/entry.s            0x00000000   Number         0  entry8a.o ABSOLUTE
    ../clib/microlib/init/entry.s            0x00000000   Number         0  entry7b.o ABSOLUTE
    ../clib/microlib/longlong.c              0x00000000   Number         0  llsshr.o ABSOLUTE
    ../clib/microlib/longlong.c              0x00000000   Number         0  llushr.o ABSOLUTE
    ../clib/microlib/longlong.c              0x00000000   Number         0  llshl.o ABSOLUTE
    ../clib/microlib/stubs.s                 0x00000000   Number         0  iusefp.o ABSOLUTE
    ../fplib/microlib/fpadd.c                0x00000000   Number         0  dadd.o ABSOLUTE
    ../fplib/microlib/fpdiv.c                0x00000000   Number         0  ddiv.o ABSOLUTE
    ../fplib/microlib/fpepilogue.c           0x00000000   Number         0  depilogue.o ABSOLUTE
    ../fplib/microlib/fpfix.c                0x00000000   Number         0  dfixui.o ABSOLUTE
    ../fplib/microlib/fpflt.c                0x00000000   Number         0  dfltui.o ABSOLUTE
    ../fplib/microlib/fpmul.c                0x00000000   Number         0  dmul.o ABSOLUTE
    ..\..\Libraries\CMSIS\DeviceSupport\src\system_ht6xxx.c 0x00000000   Number         0  system_ht6xxx.o ABSOLUTE
    ..\..\Libraries\HT60xx_StdPeriph_Driver\src\ht501x_keyscan.c 0x00000000   Number         0  ht501x_keyscan.o ABSOLUTE
    ..\..\Libraries\HT60xx_StdPeriph_Driver\src\ht50xx_emu.c 0x00000000   Number         0  ht50xx_emu.o ABSOLUTE
    ..\..\Libraries\HT60xx_StdPeriph_Driver\src\ht5x3x_emuiface.c 0x00000000   Number         0  ht5x3x_emuiface.o ABSOLUTE
    ..\..\Libraries\HT60xx_StdPeriph_Driver\src\ht5x3x_frampack.c 0x00000000   Number         0  ht5x3x_frampack.o ABSOLUTE
    ..\..\Libraries\HT60xx_StdPeriph_Driver\src\ht6xxx_aes&rand.c 0x00000000   Number         0  ht6xxx_aes&rand.o ABSOLUTE
    ..\..\Libraries\HT60xx_StdPeriph_Driver\src\ht6xxx_cmu.c 0x00000000   Number         0  ht6xxx_cmu.o ABSOLUTE
    ..\..\Libraries\HT60xx_StdPeriph_Driver\src\ht6xxx_crc.c 0x00000000   Number         0  ht6xxx_crc.o ABSOLUTE
    ..\..\Libraries\HT60xx_StdPeriph_Driver\src\ht6xxx_dma.c 0x00000000   Number         0  ht6xxx_dma.o ABSOLUTE
    ..\..\Libraries\HT60xx_StdPeriph_Driver\src\ht6xxx_ecc.c 0x00000000   Number         0  ht6xxx_ecc.o ABSOLUTE
    ..\..\Libraries\HT60xx_StdPeriph_Driver\src\ht6xxx_exti.c 0x00000000   Number         0  ht6xxx_exti.o ABSOLUTE
    ..\..\Libraries\HT60xx_StdPeriph_Driver\src\ht6xxx_flash.c 0x00000000   Number         0  ht6xxx_flash.o ABSOLUTE
    ..\..\Libraries\HT60xx_StdPeriph_Driver\src\ht6xxx_gpio.c 0x00000000   Number         0  ht6xxx_gpio.o ABSOLUTE
    ..\..\Libraries\HT60xx_StdPeriph_Driver\src\ht6xxx_iic.c 0x00000000   Number         0  ht6xxx_iic.o ABSOLUTE
    ..\..\Libraries\HT60xx_StdPeriph_Driver\src\ht6xxx_lcd.c 0x00000000   Number         0  ht6xxx_lcd.o ABSOLUTE
    ..\..\Libraries\HT60xx_StdPeriph_Driver\src\ht6xxx_pmu.c 0x00000000   Number         0  ht6xxx_pmu.o ABSOLUTE
    ..\..\Libraries\HT60xx_StdPeriph_Driver\src\ht6xxx_reset.c 0x00000000   Number         0  ht6xxx_reset.o ABSOLUTE
    ..\..\Libraries\HT60xx_StdPeriph_Driver\src\ht6xxx_rtc.c 0x00000000   Number         0  ht6xxx_rtc.o ABSOLUTE
    ..\..\Libraries\HT60xx_StdPeriph_Driver\src\ht6xxx_spi.c 0x00000000   Number         0  ht6xxx_spi.o ABSOLUTE
    ..\..\Libraries\HT60xx_StdPeriph_Driver\src\ht6xxx_tbs.c 0x00000000   Number         0  ht6xxx_tbs.o ABSOLUTE
    ..\..\Libraries\HT60xx_StdPeriph_Driver\src\ht6xxx_timer.c 0x00000000   Number         0  ht6xxx_timer.o ABSOLUTE
    ..\..\Libraries\HT60xx_StdPeriph_Driver\src\ht6xxx_uart&7816.c 0x00000000   Number         0  ht6xxx_uart&7816.o ABSOLUTE
    ..\..\Libraries\HT60xx_StdPeriph_Driver\src\ht6xxx_wdt.c 0x00000000   Number         0  ht6xxx_wdt.o ABSOLUTE
    ..\..\Libraries\Startup\Keil\startup_ht503x.s 0x00000000   Number         0  startup_ht503x.o ABSOLUTE
    ..\..\Users\src\ht6xxx_it.c              0x00000000   Number         0  ht6xxx_it.o ABSOLUTE
    ..\..\Users\src\main.c                   0x00000000   Number         0  main.o ABSOLUTE
    ..\\..\\Libraries\\CMSIS\\DeviceSupport\\src\\system_ht6xxx.c 0x00000000   Number         0  system_ht6xxx.o ABSOLUTE
    ..\\..\\Libraries\\HT60xx_StdPeriph_Driver\\src\\ht501x_keyscan.c 0x00000000   Number         0  ht501x_keyscan.o ABSOLUTE
    ..\\..\\Libraries\\HT60xx_StdPeriph_Driver\\src\\ht50xx_emu.c 0x00000000   Number         0  ht50xx_emu.o ABSOLUTE
    ..\\..\\Libraries\\HT60xx_StdPeriph_Driver\\src\\ht5x3x_emuiface.c 0x00000000   Number         0  ht5x3x_emuiface.o ABSOLUTE
    ..\\..\\Libraries\\HT60xx_StdPeriph_Driver\\src\\ht5x3x_frampack.c 0x00000000   Number         0  ht5x3x_frampack.o ABSOLUTE
    ..\\..\\Libraries\\HT60xx_StdPeriph_Driver\\src\\ht6xxx_aes&rand.c 0x00000000   Number         0  ht6xxx_aes&rand.o ABSOLUTE
    ..\\..\\Libraries\\HT60xx_StdPeriph_Driver\\src\\ht6xxx_cmu.c 0x00000000   Number         0  ht6xxx_cmu.o ABSOLUTE
    ..\\..\\Libraries\\HT60xx_StdPeriph_Driver\\src\\ht6xxx_crc.c 0x00000000   Number         0  ht6xxx_crc.o ABSOLUTE
    ..\\..\\Libraries\\HT60xx_StdPeriph_Driver\\src\\ht6xxx_dma.c 0x00000000   Number         0  ht6xxx_dma.o ABSOLUTE
    ..\\..\\Libraries\\HT60xx_StdPeriph_Driver\\src\\ht6xxx_ecc.c 0x00000000   Number         0  ht6xxx_ecc.o ABSOLUTE
    ..\\..\\Libraries\\HT60xx_StdPeriph_Driver\\src\\ht6xxx_exti.c 0x00000000   Number         0  ht6xxx_exti.o ABSOLUTE
    ..\\..\\Libraries\\HT60xx_StdPeriph_Driver\\src\\ht6xxx_flash.c 0x00000000   Number         0  ht6xxx_flash.o ABSOLUTE
    ..\\..\\Libraries\\HT60xx_StdPeriph_Driver\\src\\ht6xxx_gpio.c 0x00000000   Number         0  ht6xxx_gpio.o ABSOLUTE
    ..\\..\\Libraries\\HT60xx_StdPeriph_Driver\\src\\ht6xxx_iic.c 0x00000000   Number         0  ht6xxx_iic.o ABSOLUTE
    ..\\..\\Libraries\\HT60xx_StdPeriph_Driver\\src\\ht6xxx_lcd.c 0x00000000   Number         0  ht6xxx_lcd.o ABSOLUTE
    ..\\..\\Libraries\\HT60xx_StdPeriph_Driver\\src\\ht6xxx_pmu.c 0x00000000   Number         0  ht6xxx_pmu.o ABSOLUTE
    ..\\..\\Libraries\\HT60xx_StdPeriph_Driver\\src\\ht6xxx_reset.c 0x00000000   Number         0  ht6xxx_reset.o ABSOLUTE
    ..\\..\\Libraries\\HT60xx_StdPeriph_Driver\\src\\ht6xxx_rtc.c 0x00000000   Number         0  ht6xxx_rtc.o ABSOLUTE
    ..\\..\\Libraries\\HT60xx_StdPeriph_Driver\\src\\ht6xxx_spi.c 0x00000000   Number         0  ht6xxx_spi.o ABSOLUTE
    ..\\..\\Libraries\\HT60xx_StdPeriph_Driver\\src\\ht6xxx_tbs.c 0x00000000   Number         0  ht6xxx_tbs.o ABSOLUTE
    ..\\..\\Libraries\\HT60xx_StdPeriph_Driver\\src\\ht6xxx_timer.c 0x00000000   Number         0  ht6xxx_timer.o ABSOLUTE
    ..\\..\\Libraries\\HT60xx_StdPeriph_Driver\\src\\ht6xxx_uart&7816.c 0x00000000   Number         0  ht6xxx_uart&7816.o ABSOLUTE
    ..\\..\\Libraries\\HT60xx_StdPeriph_Driver\\src\\ht6xxx_wdt.c 0x00000000   Number         0  ht6xxx_wdt.o ABSOLUTE
    ..\\..\\Users\\src\\ht6xxx_it.c          0x00000000   Number         0  ht6xxx_it.o ABSOLUTE
    ..\\..\\Users\\src\\main.c               0x00000000   Number         0  main.o ABSOLUTE
    cdrcmple.s                               0x00000000   Number         0  cdrcmple.o ABSOLUTE
    dc.s                                     0x00000000   Number         0  dc.o ABSOLUTE
    handlers.s                               0x00000000   Number         0  handlers.o ABSOLUTE
    init.s                                   0x00000000   Number         0  init.o ABSOLUTE
    .ARM.Collect$$$$00000000                 0x000000c0   Section        0  entry.o(.ARM.Collect$$$$00000000)
    .ARM.Collect$$$$00000001                 0x000000c0   Section        4  entry2.o(.ARM.Collect$$$$00000001)
    .ARM.Collect$$$$00000004                 0x000000c4   Section        4  entry5.o(.ARM.Collect$$$$00000004)
    .ARM.Collect$$$$00000008                 0x000000c8   Section        0  entry7b.o(.ARM.Collect$$$$00000008)
    .ARM.Collect$$$$0000000A                 0x000000c8   Section        0  entry8b.o(.ARM.Collect$$$$0000000A)
    .ARM.Collect$$$$0000000B                 0x000000c8   Section        8  entry9a.o(.ARM.Collect$$$$0000000B)
    .ARM.Collect$$$$0000000D                 0x000000d0   Section        0  entry10a.o(.ARM.Collect$$$$0000000D)
    .ARM.Collect$$$$0000000F                 0x000000d0   Section        0  entry11a.o(.ARM.Collect$$$$0000000F)
    .ARM.Collect$$$$00002712                 0x000000d0   Section        4  entry2.o(.ARM.Collect$$$$00002712)
    __lit__00000000                          0x000000d0   Data           4  entry2.o(.ARM.Collect$$$$00002712)
    .text                                    0x000000d4   Section       28  startup_ht503x.o(.text)
    .text                                    0x000000f0   Section       36  init.o(.text)
    i.AES_IRQHandler                         0x00000114   Section        0  ht6xxx_it.o(i.AES_IRQHandler)
    i.DMA_IRQHandler                         0x00000154   Section        0  ht6xxx_it.o(i.DMA_IRQHandler)
    i.DMA_IRQProc                            0x0000015c   Section        0  ht6xxx_it.o(i.DMA_IRQProc)
    DMA_IRQProc                              0x0000015d   Thumb Code   422  ht6xxx_it.o(i.DMA_IRQProc)
    i.EMU_IRQHandler                         0x00000302   Section        0  ht6xxx_it.o(i.EMU_IRQHandler)
    i.EXTI0_IRQHandler                       0x00000304   Section        0  ht6xxx_it.o(i.EXTI0_IRQHandler)
    i.EXTI1_IRQHandler                       0x00000328   Section        0  ht6xxx_it.o(i.EXTI1_IRQHandler)
    i.EXTI2_IRQHandler                       0x0000034e   Section        0  ht6xxx_it.o(i.EXTI2_IRQHandler)
    i.EXTI3_IRQHandler                       0x00000374   Section        0  ht6xxx_it.o(i.EXTI3_IRQHandler)
    i.EXTI4_IRQHandler                       0x0000039a   Section        0  ht6xxx_it.o(i.EXTI4_IRQHandler)
    i.EXTI5_IRQHandler                       0x000003c0   Section        0  ht6xxx_it.o(i.EXTI5_IRQHandler)
    i.EXTI6_IRQHandler                       0x000003e6   Section        0  ht6xxx_it.o(i.EXTI6_IRQHandler)
    i.EXTI7_9_IRQHandler                     0x0000040c   Section        0  ht6xxx_it.o(i.EXTI7_9_IRQHandler)
    i.FRAM_IRQHandler                        0x0000047c   Section        0  ht6xxx_it.o(i.FRAM_IRQHandler)
    i.HT_AES_GHASH_RAND_ClearITPendingBit    0x000004e0   Section        0  ht6xxx_aes&rand.o(i.HT_AES_GHASH_RAND_ClearITPendingBit)
    i.HT_AES_GHASH_RAND_ITFlagStatusGet      0x00000554   Section        0  ht6xxx_aes&rand.o(i.HT_AES_GHASH_RAND_ITFlagStatusGet)
    i.HT_CMU_StopFlagGet                     0x000005d8   Section        0  ht6xxx_cmu.o(i.HT_CMU_StopFlagGet)
    i.HT_DMA_ClearITPendingBit               0x0000064c   Section        0  ht6xxx_dma.o(i.HT_DMA_ClearITPendingBit)
    i.HT_DMA_ITFlagStatusGet                 0x0000073c   Section        0  ht6xxx_dma.o(i.HT_DMA_ITFlagStatusGet)
    i.HT_ECC_ClearITPendingBit               0x00000838   Section        0  ht6xxx_ecc.o(i.HT_ECC_ClearITPendingBit)
    i.HT_ECC_ITFlagStatusGet                 0x000008b4   Section        0  ht6xxx_ecc.o(i.HT_ECC_ITFlagStatusGet)
    i.HT_EMUIFACE_ClearITPendingBit          0x0000093c   Section        0  ht5x3x_emuiface.o(i.HT_EMUIFACE_ClearITPendingBit)
    i.HT_EMUIFACE_ITFlagStatusGet            0x0000099c   Section        0  ht5x3x_emuiface.o(i.HT_EMUIFACE_ITFlagStatusGet)
    i.HT_EXTIFall_ClearITPendingBit          0x00000a08   Section        0  ht6xxx_exti.o(i.HT_EXTIFall_ClearITPendingBit)
    i.HT_EXTIFall_ITFlagStatusGet            0x00000abc   Section        0  ht6xxx_exti.o(i.HT_EXTIFall_ITFlagStatusGet)
    i.HT_EXTIRise_ClearITPendingBit          0x00000b80   Section        0  ht6xxx_exti.o(i.HT_EXTIRise_ClearITPendingBit)
    i.HT_EXTIRise_ITFlagStatusGet            0x00000c4c   Section        0  ht6xxx_exti.o(i.HT_EXTIRise_ITFlagStatusGet)
    i.HT_FRAMPACK_ClearITPendingBit          0x00000d20   Section        0  ht5x3x_frampack.o(i.HT_FRAMPACK_ClearITPendingBit)
    i.HT_FRAMPACK_ITFlagStatusGet            0x00000d9c   Section        0  ht5x3x_frampack.o(i.HT_FRAMPACK_ITFlagStatusGet)
    i.HT_FreeDog                             0x00000e28   Section        0  ht6xxx_wdt.o(i.HT_FreeDog)
    i.HT_I2C_IRQHandler_Default              0x00000e38   Section        0  ht6xxx_iic.o(i.HT_I2C_IRQHandler_Default)
    i.HT_ISO7816_ClearITPendingBit           0x00000e3c   Section        0  ht6xxx_uart&7816.o(i.HT_ISO7816_ClearITPendingBit)
    i.HT_ISO7816_ITFlagStatusGet             0x00000ebc   Section        0  ht6xxx_uart&7816.o(i.HT_ISO7816_ITFlagStatusGet)
    i.HT_KEY_ClearITPendingBit               0x00000f4c   Section        0  ht501x_keyscan.o(i.HT_KEY_ClearITPendingBit)
    i.HardFault_Handler                      0x00000fac   Section        0  ht6xxx_it.o(i.HardFault_Handler)
    i.I2C_IRQHandler                         0x00000fb0   Section        0  ht6xxx_it.o(i.I2C_IRQHandler)
    i.PendSV_Handler                         0x00000fb8   Section        0  ht6xxx_it.o(i.PendSV_Handler)
    i.SVC_Handler                            0x00000fba   Section        0  ht6xxx_it.o(i.SVC_Handler)
    i.SysTick_Handler                        0x00000fbc   Section        0  ht6xxx_it.o(i.SysTick_Handler)
    i.SystemInit                             0x00000fbe   Section        0  system_ht6xxx.o(i.SystemInit)
    .ARM.__at_0x0FC0                         0x00000fc0   Section        4  startup_ht503x.o(.ARM.__at_0x0FC0)
    i.HT_KEY_ITFlagStatusGet                 0x00000fc4   Section        0  ht501x_keyscan.o(i.HT_KEY_ITFlagStatusGet)
    i.HT_PMU_ClearITPendingBit               0x00001030   Section        0  ht6xxx_pmu.o(i.HT_PMU_ClearITPendingBit)
    i.HT_PMU_ITFlagStatusGet                 0x00001094   Section        0  ht6xxx_pmu.o(i.HT_PMU_ITFlagStatusGet)
    i.HT_SPI_ClearITPendingBit               0x00001108   Section        0  ht6xxx_spi.o(i.HT_SPI_ClearITPendingBit)
    i.HT_SPI_ITFlagStatusGet                 0x000011a4   Section        0  ht6xxx_spi.o(i.HT_SPI_ITFlagStatusGet)
    i.HT_TBS_ClearITPendingBit               0x00001248   Section        0  ht6xxx_tbs.o(i.HT_TBS_ClearITPendingBit)
    i.HT_TBS_ITFlagStatusGet                 0x000012f4   Section        0  ht6xxx_tbs.o(i.HT_TBS_ITFlagStatusGet)
    i.HT_TMR_ClearITPendingBit               0x000013ac   Section        0  ht6xxx_timer.o(i.HT_TMR_ClearITPendingBit)
    i.HT_TMR_ITFlagStatusGet                 0x00001454   Section        0  ht6xxx_timer.o(i.HT_TMR_ITFlagStatusGet)
    i.HT_UART_ClearITPendingBit              0x00001508   Section        0  ht6xxx_uart&7816.o(i.HT_UART_ClearITPendingBit)
    i.HT_UART_ITFlagStatusGet                0x000015b8   Section        0  ht6xxx_uart&7816.o(i.HT_UART_ITFlagStatusGet)
    i.KEY_IRQHandler                         0x00001674   Section        0  ht6xxx_it.o(i.KEY_IRQHandler)
    i.NMI_Handler                            0x00001688   Section        0  ht6xxx_it.o(i.NMI_Handler)
    i.PMU_IRQHandler                         0x0000169e   Section        0  ht6xxx_it.o(i.PMU_IRQHandler)
    i.RTC_IRQHandler                         0x000016e0   Section        0  ht6xxx_it.o(i.RTC_IRQHandler)
    i.SPI0_IRQHandler                        0x000016f4   Section        0  ht6xxx_it.o(i.SPI0_IRQHandler)
    i.SPI1_IRQHandler                        0x00001724   Section        0  ht6xxx_it.o(i.SPI1_IRQHandler)
    i.SPI2_IRQHandler                        0x00001754   Section        0  ht6xxx_it.o(i.SPI2_IRQHandler)
    i.TBS_IRQHandler                         0x00001784   Section        0  ht6xxx_it.o(i.TBS_IRQHandler)
    i.TIMER_0_IRQHandler                     0x00001860   Section        0  ht6xxx_it.o(i.TIMER_0_IRQHandler)
    i.TIMER_1_IRQHandler                     0x000018b8   Section        0  ht6xxx_it.o(i.TIMER_1_IRQHandler)
    i.TIMER_2_IRQHandler                     0x00001910   Section        0  ht6xxx_it.o(i.TIMER_2_IRQHandler)
    i.TIMER_3_IRQHandler                     0x00001968   Section        0  ht6xxx_it.o(i.TIMER_3_IRQHandler)
    i.UART0_IRQHandler                       0x000019c0   Section        0  ht6xxx_it.o(i.UART0_IRQHandler)
    i.UART1_IRQHandler                       0x000019f0   Section        0  ht6xxx_it.o(i.UART1_IRQHandler)
    i.UART2_IRQHandler                       0x00001a20   Section        0  ht6xxx_it.o(i.UART2_IRQHandler)
    i.UART3_IRQHandler                       0x00001a50   Section        0  ht6xxx_it.o(i.UART3_IRQHandler)
    i.UART4_IRQHandler                       0x00001abc   Section        0  ht6xxx_it.o(i.UART4_IRQHandler)
    i.UART5_IRQHandler                       0x00001b28   Section        0  ht6xxx_it.o(i.UART5_IRQHandler)
    i.UART6_IRQHandler                       0x00001b54   Section        0  ht6xxx_it.o(i.UART6_IRQHandler)
    i.__scatterload_copy                     0x00001b84   Section       14  handlers.o(i.__scatterload_copy)
    i.__scatterload_null                     0x00001b92   Section        2  handlers.o(i.__scatterload_null)
    i.__scatterload_zeroinit                 0x00001b94   Section       14  handlers.o(i.__scatterload_zeroinit)
    i.assert_failed                          0x00001ba2   Section        0  main.o(i.assert_failed)
    i.main                                   0x00001ba6   Section        0  main.o(i.main)
    STACK                                    0x20000000   Section    16384  startup_ht503x.o(STACK)

    Global Symbols

    Symbol Name                              Value     Ov Type        Size  Object(Section)

    BuildAttributes$$THM_ISAv3M$S$PE$A:L22$X:L11$S22$IEEE1$IW$USESV6$~STKCKD$USESV7$~SHL$OSPACE$ROPI$EBA8$MICROLIB$REQ8$EABIv2 0x00000000   Number         0  anon$$obj.o ABSOLUTE
    __ARM_use_no_argv                        0x00000000   Number         0  main.o ABSOLUTE
    __Vectors                                0x00000000   Data           4  startup_ht503x.o(RESET)
    __cpp_initialize__aeabi_                  - Undefined Weak Reference
    __cxa_finalize                            - Undefined Weak Reference
    __decompress                              - Undefined Weak Reference
    _clock_init                               - Undefined Weak Reference
    _microlib_exit                            - Undefined Weak Reference
    __main                                   0x000000c1   Thumb Code     0  entry.o(.ARM.Collect$$$$00000000)
    _main_stk                                0x000000c1   Thumb Code     0  entry2.o(.ARM.Collect$$$$00000001)
    _main_scatterload                        0x000000c5   Thumb Code     0  entry5.o(.ARM.Collect$$$$00000004)
    __main_after_scatterload                 0x000000c9   Thumb Code     0  entry5.o(.ARM.Collect$$$$00000004)
    _main_clock                              0x000000c9   Thumb Code     0  entry7b.o(.ARM.Collect$$$$00000008)
    _main_cpp_init                           0x000000c9   Thumb Code     0  entry8b.o(.ARM.Collect$$$$0000000A)
    _main_init                               0x000000c9   Thumb Code     0  entry9a.o(.ARM.Collect$$$$0000000B)
    __rt_final_cpp                           0x000000d1   Thumb Code     0  entry10a.o(.ARM.Collect$$$$0000000D)
    __rt_final_exit                          0x000000d1   Thumb Code     0  entry11a.o(.ARM.Collect$$$$0000000F)
    Reset_Handler                            0x000000d5   Thumb Code     8  startup_ht503x.o(.text)
    SelfTestFreq_IRQHandler                  0x000000e7   Thumb Code     0  startup_ht503x.o(.text)
    __scatterload                            0x000000f1   Thumb Code    28  init.o(.text)
    __scatterload_rt2                        0x000000f1   Thumb Code     0  init.o(.text)
    AES_IRQHandler                           0x00000115   Thumb Code    64  ht6xxx_it.o(i.AES_IRQHandler)
    DMA_IRQHandler                           0x00000155   Thumb Code     8  ht6xxx_it.o(i.DMA_IRQHandler)
    EMU_IRQHandler                           0x00000303   Thumb Code     2  ht6xxx_it.o(i.EMU_IRQHandler)
    EXTI0_IRQHandler                         0x00000305   Thumb Code    36  ht6xxx_it.o(i.EXTI0_IRQHandler)
    EXTI1_IRQHandler                         0x00000329   Thumb Code    38  ht6xxx_it.o(i.EXTI1_IRQHandler)
    EXTI2_IRQHandler                         0x0000034f   Thumb Code    38  ht6xxx_it.o(i.EXTI2_IRQHandler)
    EXTI3_IRQHandler                         0x00000375   Thumb Code    38  ht6xxx_it.o(i.EXTI3_IRQHandler)
    EXTI4_IRQHandler                         0x0000039b   Thumb Code    38  ht6xxx_it.o(i.EXTI4_IRQHandler)
    EXTI5_IRQHandler                         0x000003c1   Thumb Code    38  ht6xxx_it.o(i.EXTI5_IRQHandler)
    EXTI6_IRQHandler                         0x000003e7   Thumb Code    38  ht6xxx_it.o(i.EXTI6_IRQHandler)
    EXTI7_9_IRQHandler                       0x0000040d   Thumb Code   112  ht6xxx_it.o(i.EXTI7_9_IRQHandler)
    FRAM_IRQHandler                          0x0000047d   Thumb Code    98  ht6xxx_it.o(i.FRAM_IRQHandler)
    HT_AES_GHASH_RAND_ClearITPendingBit      0x000004e1   Thumb Code    48  ht6xxx_aes&rand.o(i.HT_AES_GHASH_RAND_ClearITPendingBit)
    HT_AES_GHASH_RAND_ITFlagStatusGet        0x00000555   Thumb Code    62  ht6xxx_aes&rand.o(i.HT_AES_GHASH_RAND_ITFlagStatusGet)
    HT_CMU_StopFlagGet                       0x000005d9   Thumb Code    46  ht6xxx_cmu.o(i.HT_CMU_StopFlagGet)
    HT_DMA_ClearITPendingBit                 0x0000064d   Thumb Code   170  ht6xxx_dma.o(i.HT_DMA_ClearITPendingBit)
    HT_DMA_ITFlagStatusGet                   0x0000073d   Thumb Code   182  ht6xxx_dma.o(i.HT_DMA_ITFlagStatusGet)
    HT_ECC_ClearITPendingBit                 0x00000839   Thumb Code    54  ht6xxx_ecc.o(i.HT_ECC_ClearITPendingBit)
    HT_ECC_ITFlagStatusGet                   0x000008b5   Thumb Code    70  ht6xxx_ecc.o(i.HT_ECC_ITFlagStatusGet)
    HT_EMUIFACE_ClearITPendingBit            0x0000093d   Thumb Code    26  ht5x3x_emuiface.o(i.HT_EMUIFACE_ClearITPendingBit)
    HT_EMUIFACE_ITFlagStatusGet              0x0000099d   Thumb Code    40  ht5x3x_emuiface.o(i.HT_EMUIFACE_ITFlagStatusGet)
    HT_EXTIFall_ClearITPendingBit            0x00000a09   Thumb Code   116  ht6xxx_exti.o(i.HT_EXTIFall_ClearITPendingBit)
    HT_EXTIFall_ITFlagStatusGet              0x00000abd   Thumb Code   130  ht6xxx_exti.o(i.HT_EXTIFall_ITFlagStatusGet)
    HT_EXTIRise_ClearITPendingBit            0x00000b81   Thumb Code   138  ht6xxx_exti.o(i.HT_EXTIRise_ClearITPendingBit)
    HT_EXTIRise_ITFlagStatusGet              0x00000c4d   Thumb Code   148  ht6xxx_exti.o(i.HT_EXTIRise_ITFlagStatusGet)
    HT_FRAMPACK_ClearITPendingBit            0x00000d21   Thumb Code    56  ht5x3x_frampack.o(i.HT_FRAMPACK_ClearITPendingBit)
    HT_FRAMPACK_ITFlagStatusGet              0x00000d9d   Thumb Code    70  ht5x3x_frampack.o(i.HT_FRAMPACK_ITFlagStatusGet)
    HT_FreeDog                               0x00000e29   Thumb Code     8  ht6xxx_wdt.o(i.HT_FreeDog)
    HT_I2C_IRQHandler_Default                0x00000e39   Thumb Code     2  ht6xxx_iic.o(i.HT_I2C_IRQHandler_Default)
    HT_ISO7816_ClearITPendingBit             0x00000e3d   Thumb Code    56  ht6xxx_uart&7816.o(i.HT_ISO7816_ClearITPendingBit)
    HT_ISO7816_ITFlagStatusGet               0x00000ebd   Thumb Code    70  ht6xxx_uart&7816.o(i.HT_ISO7816_ITFlagStatusGet)
    HT_KEY_ClearITPendingBit                 0x00000f4d   Thumb Code    28  ht501x_keyscan.o(i.HT_KEY_ClearITPendingBit)
    HardFault_Handler                        0x00000fad   Thumb Code     4  ht6xxx_it.o(i.HardFault_Handler)
    I2C_IRQHandler                           0x00000fb1   Thumb Code     8  ht6xxx_it.o(i.I2C_IRQHandler)
    PendSV_Handler                           0x00000fb9   Thumb Code     2  ht6xxx_it.o(i.PendSV_Handler)
    SVC_Handler                              0x00000fbb   Thumb Code     2  ht6xxx_it.o(i.SVC_Handler)
    SysTick_Handler                          0x00000fbd   Thumb Code     2  ht6xxx_it.o(i.SysTick_Handler)
    SystemInit                               0x00000fbf   Thumb Code     2  system_ht6xxx.o(i.SystemInit)
    HT_KEY_ITFlagStatusGet                   0x00000fc5   Thumb Code    40  ht501x_keyscan.o(i.HT_KEY_ITFlagStatusGet)
    HT_PMU_ClearITPendingBit                 0x00001031   Thumb Code    36  ht6xxx_pmu.o(i.HT_PMU_ClearITPendingBit)
    HT_PMU_ITFlagStatusGet                   0x00001095   Thumb Code    48  ht6xxx_pmu.o(i.HT_PMU_ITFlagStatusGet)
    HT_SPI_ClearITPendingBit                 0x00001109   Thumb Code    82  ht6xxx_spi.o(i.HT_SPI_ClearITPendingBit)
    HT_SPI_ITFlagStatusGet                   0x000011a5   Thumb Code    90  ht6xxx_spi.o(i.HT_SPI_ITFlagStatusGet)
    HT_TBS_ClearITPendingBit                 0x00001249   Thumb Code    98  ht6xxx_tbs.o(i.HT_TBS_ClearITPendingBit)
    HT_TBS_ITFlagStatusGet                   0x000012f5   Thumb Code   110  ht6xxx_tbs.o(i.HT_TBS_ITFlagStatusGet)
    HT_TMR_ClearITPendingBit                 0x000013ad   Thumb Code    86  ht6xxx_timer.o(i.HT_TMR_ClearITPendingBit)
    HT_TMR_ITFlagStatusGet                   0x00001455   Thumb Code   100  ht6xxx_timer.o(i.HT_TMR_ITFlagStatusGet)
    HT_UART_ClearITPendingBit                0x00001509   Thumb Code    86  ht6xxx_uart&7816.o(i.HT_UART_ClearITPendingBit)
    HT_UART_ITFlagStatusGet                  0x000015b9   Thumb Code   100  ht6xxx_uart&7816.o(i.HT_UART_ITFlagStatusGet)
    KEY_IRQHandler                           0x00001675   Thumb Code    20  ht6xxx_it.o(i.KEY_IRQHandler)
    NMI_Handler                              0x00001689   Thumb Code    22  ht6xxx_it.o(i.NMI_Handler)
    PMU_IRQHandler                           0x0000169f   Thumb Code    66  ht6xxx_it.o(i.PMU_IRQHandler)
    RTC_IRQHandler                           0x000016e1   Thumb Code    14  ht6xxx_it.o(i.RTC_IRQHandler)
    SPI0_IRQHandler                          0x000016f5   Thumb Code    44  ht6xxx_it.o(i.SPI0_IRQHandler)
    SPI1_IRQHandler                          0x00001725   Thumb Code    44  ht6xxx_it.o(i.SPI1_IRQHandler)
    SPI2_IRQHandler                          0x00001755   Thumb Code    44  ht6xxx_it.o(i.SPI2_IRQHandler)
    TBS_IRQHandler                           0x00001785   Thumb Code   220  ht6xxx_it.o(i.TBS_IRQHandler)
    TIMER_0_IRQHandler                       0x00001861   Thumb Code    84  ht6xxx_it.o(i.TIMER_0_IRQHandler)
    TIMER_1_IRQHandler                       0x000018b9   Thumb Code    84  ht6xxx_it.o(i.TIMER_1_IRQHandler)
    TIMER_2_IRQHandler                       0x00001911   Thumb Code    84  ht6xxx_it.o(i.TIMER_2_IRQHandler)
    TIMER_3_IRQHandler                       0x00001969   Thumb Code    84  ht6xxx_it.o(i.TIMER_3_IRQHandler)
    UART0_IRQHandler                         0x000019c1   Thumb Code    44  ht6xxx_it.o(i.UART0_IRQHandler)
    UART1_IRQHandler                         0x000019f1   Thumb Code    44  ht6xxx_it.o(i.UART1_IRQHandler)
    UART2_IRQHandler                         0x00001a21   Thumb Code    44  ht6xxx_it.o(i.UART2_IRQHandler)
    UART3_IRQHandler                         0x00001a51   Thumb Code   104  ht6xxx_it.o(i.UART3_IRQHandler)
    UART4_IRQHandler                         0x00001abd   Thumb Code   104  ht6xxx_it.o(i.UART4_IRQHandler)
    UART5_IRQHandler                         0x00001b29   Thumb Code    44  ht6xxx_it.o(i.UART5_IRQHandler)
    UART6_IRQHandler                         0x00001b55   Thumb Code    44  ht6xxx_it.o(i.UART6_IRQHandler)
    __scatterload_copy                       0x00001b85   Thumb Code    14  handlers.o(i.__scatterload_copy)
    __scatterload_null                       0x00001b93   Thumb Code     2  handlers.o(i.__scatterload_null)
    __scatterload_zeroinit                   0x00001b95   Thumb Code    14  handlers.o(i.__scatterload_zeroinit)
    assert_failed                            0x00001ba3   Thumb Code     4  main.o(i.assert_failed)
    main                                     0x00001ba7   Thumb Code     8  main.o(i.main)
    Region$$Table$$Base                      0x00001bb0   Number         0  anon$$obj.o(Region$$Table)
    Region$$Table$$Limit                     0x00001bc0   Number         0  anon$$obj.o(Region$$Table)
    __initial_sp                             0x20004000   Data           0  startup_ht503x.o(STACK)



==============================================================================

Memory Map of the image

  Image Entry point : 0x000000c1

  Load Region LR_IROM1 (Base: 0x00000000, Size: 0x00001bc0, Max: 0x00080000, ABSOLUTE)

    Execution Region ER_IROM1 (Base: 0x00000000, Size: 0x00001bc0, Max: 0x00080000, ABSOLUTE)

    Base Addr    Size         Type   Attr      Idx    E Section Name        Object

    0x00000000   0x000000c0   Data   RO          135    RESET               startup_ht503x.o
    0x000000c0   0x00000000   Code   RO         2756  * .ARM.Collect$$$$00000000  mc_p.l(entry.o)
    0x000000c0   0x00000004   Code   RO         2773    .ARM.Collect$$$$00000001  mc_p.l(entry2.o)
    0x000000c4   0x00000004   Code   RO         2776    .ARM.Collect$$$$00000004  mc_p.l(entry5.o)
    0x000000c8   0x00000000   Code   RO         2778    .ARM.Collect$$$$00000008  mc_p.l(entry7b.o)
    0x000000c8   0x00000000   Code   RO         2780    .ARM.Collect$$$$0000000A  mc_p.l(entry8b.o)
    0x000000c8   0x00000008   Code   RO         2781    .ARM.Collect$$$$0000000B  mc_p.l(entry9a.o)
    0x000000d0   0x00000000   Code   RO         2783    .ARM.Collect$$$$0000000D  mc_p.l(entry10a.o)
    0x000000d0   0x00000000   Code   RO         2785    .ARM.Collect$$$$0000000F  mc_p.l(entry11a.o)
    0x000000d0   0x00000004   Code   RO         2774    .ARM.Collect$$$$00002712  mc_p.l(entry2.o)
    0x000000d4   0x0000001c   Code   RO          137    .text               startup_ht503x.o
    0x000000f0   0x00000024   Code   RO         2798    .text               mc_p.l(init.o)
    0x00000114   0x00000040   Code   RO         2497    i.AES_IRQHandler    ht6xxx_it.o
    0x00000154   0x00000008   Code   RO         2498    i.DMA_IRQHandler    ht6xxx_it.o
    0x0000015c   0x000001a6   Code   RO         2499    i.DMA_IRQProc       ht6xxx_it.o
    0x00000302   0x00000002   Code   RO         2500    i.EMU_IRQHandler    ht6xxx_it.o
    0x00000304   0x00000024   Code   RO         2501    i.EXTI0_IRQHandler  ht6xxx_it.o
    0x00000328   0x00000026   Code   RO         2502    i.EXTI1_IRQHandler  ht6xxx_it.o
    0x0000034e   0x00000026   Code   RO         2503    i.EXTI2_IRQHandler  ht6xxx_it.o
    0x00000374   0x00000026   Code   RO         2504    i.EXTI3_IRQHandler  ht6xxx_it.o
    0x0000039a   0x00000026   Code   RO         2505    i.EXTI4_IRQHandler  ht6xxx_it.o
    0x000003c0   0x00000026   Code   RO         2506    i.EXTI5_IRQHandler  ht6xxx_it.o
    0x000003e6   0x00000026   Code   RO         2507    i.EXTI6_IRQHandler  ht6xxx_it.o
    0x0000040c   0x00000070   Code   RO         2508    i.EXTI7_9_IRQHandler  ht6xxx_it.o
    0x0000047c   0x00000062   Code   RO         2509    i.FRAM_IRQHandler   ht6xxx_it.o
    0x000004de   0x00000002   PAD
    0x000004e0   0x00000074   Code   RO          148    i.HT_AES_GHASH_RAND_ClearITPendingBit  ht6xxx_aes&rand.o
    0x00000554   0x00000084   Code   RO          150    i.HT_AES_GHASH_RAND_ITFlagStatusGet  ht6xxx_aes&rand.o
    0x000005d8   0x00000074   Code   RO          247    i.HT_CMU_StopFlagGet  ht6xxx_cmu.o
    0x0000064c   0x000000f0   Code   RO          359    i.HT_DMA_ClearITPendingBit  ht6xxx_dma.o
    0x0000073c   0x000000fc   Code   RO          362    i.HT_DMA_ITFlagStatusGet  ht6xxx_dma.o
    0x00000838   0x0000007c   Code   RO          404    i.HT_ECC_ClearITPendingBit  ht6xxx_ecc.o
    0x000008b4   0x00000088   Code   RO          410    i.HT_ECC_ITFlagStatusGet  ht6xxx_ecc.o
    0x0000093c   0x00000060   Code   RO         2459    i.HT_EMUIFACE_ClearITPendingBit  ht5x3x_emuiface.o
    0x0000099c   0x0000006c   Code   RO         2461    i.HT_EMUIFACE_ITFlagStatusGet  ht5x3x_emuiface.o
    0x00000a08   0x000000b4   Code   RO          501    i.HT_EXTIFall_ClearITPendingBit  ht6xxx_exti.o
    0x00000abc   0x000000c4   Code   RO          503    i.HT_EXTIFall_ITFlagStatusGet  ht6xxx_exti.o
    0x00000b80   0x000000cc   Code   RO          504    i.HT_EXTIRise_ClearITPendingBit  ht6xxx_exti.o
    0x00000c4c   0x000000d4   Code   RO          506    i.HT_EXTIRise_ITFlagStatusGet  ht6xxx_exti.o
    0x00000d20   0x0000007c   Code   RO         2421    i.HT_FRAMPACK_ClearITPendingBit  ht5x3x_frampack.o
    0x00000d9c   0x0000008c   Code   RO         2423    i.HT_FRAMPACK_ITFlagStatusGet  ht5x3x_frampack.o
    0x00000e28   0x00000010   Code   RO         2389    i.HT_FreeDog        ht6xxx_wdt.o
    0x00000e38   0x00000002   Code   RO          742    i.HT_I2C_IRQHandler_Default  ht6xxx_iic.o
    0x00000e3a   0x00000002   PAD
    0x00000e3c   0x00000080   Code   RO         1346    i.HT_ISO7816_ClearITPendingBit  ht6xxx_uart&7816.o
    0x00000ebc   0x00000090   Code   RO         1348    i.HT_ISO7816_ITFlagStatusGet  ht6xxx_uart&7816.o
    0x00000f4c   0x00000060   Code   RO         1443    i.HT_KEY_ClearITPendingBit  ht501x_keyscan.o
    0x00000fac   0x00000004   Code   RO         2510    i.HardFault_Handler  ht6xxx_it.o
    0x00000fb0   0x00000008   Code   RO         2511    i.I2C_IRQHandler    ht6xxx_it.o
    0x00000fb8   0x00000002   Code   RO         2515    i.PendSV_Handler    ht6xxx_it.o
    0x00000fba   0x00000002   Code   RO         2520    i.SVC_Handler       ht6xxx_it.o
    0x00000fbc   0x00000002   Code   RO         2521    i.SysTick_Handler   ht6xxx_it.o
    0x00000fbe   0x00000002   Code   RO            3    i.SystemInit        system_ht6xxx.o
    0x00000fc0   0x00000004   Code   RO          136    .ARM.__at_0x0FC0    startup_ht503x.o
    0x00000fc4   0x0000006c   Code   RO         1446    i.HT_KEY_ITFlagStatusGet  ht501x_keyscan.o
    0x00001030   0x00000064   Code   RO          895    i.HT_PMU_ClearITPendingBit  ht6xxx_pmu.o
    0x00001094   0x00000074   Code   RO          898    i.HT_PMU_ITFlagStatusGet  ht6xxx_pmu.o
    0x00001108   0x0000009c   Code   RO         1085    i.HT_SPI_ClearITPendingBit  ht6xxx_spi.o
    0x000011a4   0x000000a4   Code   RO         1087    i.HT_SPI_ITFlagStatusGet  ht6xxx_spi.o
    0x00001248   0x000000ac   Code   RO         1175    i.HT_TBS_ClearITPendingBit  ht6xxx_tbs.o
    0x000012f4   0x000000b8   Code   RO         1179    i.HT_TBS_ITFlagStatusGet  ht6xxx_tbs.o
    0x000013ac   0x000000a8   Code   RO         1266    i.HT_TMR_ClearITPendingBit  ht6xxx_timer.o
    0x00001454   0x000000b4   Code   RO         1272    i.HT_TMR_ITFlagStatusGet  ht6xxx_timer.o
    0x00001508   0x000000b0   Code   RO         1352    i.HT_UART_ClearITPendingBit  ht6xxx_uart&7816.o
    0x000015b8   0x000000bc   Code   RO         1354    i.HT_UART_ITFlagStatusGet  ht6xxx_uart&7816.o
    0x00001674   0x00000014   Code   RO         2512    i.KEY_IRQHandler    ht6xxx_it.o
    0x00001688   0x00000016   Code   RO         2513    i.NMI_Handler       ht6xxx_it.o
    0x0000169e   0x00000042   Code   RO         2514    i.PMU_IRQHandler    ht6xxx_it.o
    0x000016e0   0x00000014   Code   RO         2516    i.RTC_IRQHandler    ht6xxx_it.o
    0x000016f4   0x00000030   Code   RO         2517    i.SPI0_IRQHandler   ht6xxx_it.o
    0x00001724   0x00000030   Code   RO         2518    i.SPI1_IRQHandler   ht6xxx_it.o
    0x00001754   0x00000030   Code   RO         2519    i.SPI2_IRQHandler   ht6xxx_it.o
    0x00001784   0x000000dc   Code   RO         2522    i.TBS_IRQHandler    ht6xxx_it.o
    0x00001860   0x00000058   Code   RO         2523    i.TIMER_0_IRQHandler  ht6xxx_it.o
    0x000018b8   0x00000058   Code   RO         2524    i.TIMER_1_IRQHandler  ht6xxx_it.o
    0x00001910   0x00000058   Code   RO         2525    i.TIMER_2_IRQHandler  ht6xxx_it.o
    0x00001968   0x00000058   Code   RO         2526    i.TIMER_3_IRQHandler  ht6xxx_it.o
    0x000019c0   0x00000030   Code   RO         2527    i.UART0_IRQHandler  ht6xxx_it.o
    0x000019f0   0x00000030   Code   RO         2528    i.UART1_IRQHandler  ht6xxx_it.o
    0x00001a20   0x00000030   Code   RO         2529    i.UART2_IRQHandler  ht6xxx_it.o
    0x00001a50   0x0000006c   Code   RO         2530    i.UART3_IRQHandler  ht6xxx_it.o
    0x00001abc   0x0000006c   Code   RO         2531    i.UART4_IRQHandler  ht6xxx_it.o
    0x00001b28   0x0000002c   Code   RO         2532    i.UART5_IRQHandler  ht6xxx_it.o
    0x00001b54   0x00000030   Code   RO         2533    i.UART6_IRQHandler  ht6xxx_it.o
    0x00001b84   0x0000000e   Code   RO         2802    i.__scatterload_copy  mc_p.l(handlers.o)
    0x00001b92   0x00000002   Code   RO         2803    i.__scatterload_null  mc_p.l(handlers.o)
    0x00001b94   0x0000000e   Code   RO         2804    i.__scatterload_zeroinit  mc_p.l(handlers.o)
    0x00001ba2   0x00000004   Code   RO         2732    i.assert_failed     main.o
    0x00001ba6   0x00000008   Code   RO         2733    i.main              main.o
    0x00001bae   0x00000002   PAD
    0x00001bb0   0x00000010   Data   RO         2800    Region$$Table       anon$$obj.o


    Execution Region RW_IRAM1 (Base: 0x20000000, Size: 0x00004000, Max: 0x00010000, ABSOLUTE)

    Base Addr    Size         Type   Attr      Idx    E Section Name        Object

    0x20000000   0x00004000   Zero   RW          133    STACK               startup_ht503x.o


==============================================================================

Image component sizes


      Code (inc. data)   RO Data    RW Data    ZI Data      Debug   Object Name

       204        136          0          0          0       1288   ht501x_keyscan.o
       204        138          0          0          0       1310   ht5x3x_emuiface.o
       264        138          0          0          0       1362   ht5x3x_frampack.o
       248        138          0          0          0       1366   ht6xxx_aes&rand.o
       116         70          0          0          0        657   ht6xxx_cmu.o
       492        140          0          0          0       1476   ht6xxx_dma.o
       260        136          0          0          0       1320   ht6xxx_ecc.o
       792        260          0          0          0       2948   ht6xxx_exti.o
         2          0          0          0          0        536   ht6xxx_iic.o
      2284         58          0          0          0      18998   ht6xxx_it.o
       216        132          0          0          0       1280   ht6xxx_pmu.o
       320        148          0          0          0       1904   ht6xxx_spi.o
       356        148          0          0          0       1388   ht6xxx_tbs.o
       348        162          0          0          0       1880   ht6xxx_timer.o
       636        324          0          0          0       3406   ht6xxx_uart&7816.o
        16          8          0          0          0        509   ht6xxx_wdt.o
        12          0          0          0          0       1347   main.o
        32         12        192          0      16384        924   startup_ht503x.o
         2          0          0          0          0      98233   system_ht6xxx.o

    ----------------------------------------------------------------------
      6810       2148        208          0      16384     142132   Object Totals
         0          0         16          0          0          0   (incl. Generated)
         6          0          0          0          0          0   (incl. Padding)

    ----------------------------------------------------------------------

      Code (inc. data)   RO Data    RW Data    ZI Data      Debug   Library Member Name

         0          0          0          0          0          0   entry.o
         0          0          0          0          0          0   entry10a.o
         0          0          0          0          0          0   entry11a.o
         8          4          0          0          0          0   entry2.o
         4          0          0          0          0          0   entry5.o
         0          0          0          0          0          0   entry7b.o
         0          0          0          0          0          0   entry8b.o
         8          4          0          0          0          0   entry9a.o
        30          0          0          0          0          0   handlers.o
        36          8          0          0          0         68   init.o

    ----------------------------------------------------------------------
        86         16          0          0          0         68   Library Totals
         0          0          0          0          0          0   (incl. Padding)

    ----------------------------------------------------------------------

      Code (inc. data)   RO Data    RW Data    ZI Data      Debug   Library Name

        86         16          0          0          0         68   mc_p.l

    ----------------------------------------------------------------------
        86         16          0          0          0         68   Library Totals

    ----------------------------------------------------------------------

==============================================================================


      Code (inc. data)   RO Data    RW Data    ZI Data      Debug   

      6896       2164        208          0      16384     139404   Grand Totals
      6896       2164        208          0      16384     139404   ELF Image Totals
      6896       2164        208          0          0          0   ROM Totals

==============================================================================

    Total RO  Size (Code + RO Data)                 7104 (   6.94kB)
    Total RW  Size (RW Data + ZI Data)             16384 (  16.00kB)
    Total ROM Size (Code + RO Data + RW Data)       7104 (   6.94kB)

==============================================================================

