Component: ARM Compiler 5.05 update 1 (build 106) Tool: armlink [4d0efa]

==============================================================================

Section Cross References

    startup_ht6x2xk.o(RESET) refers to startup_ht6x2xk.o(STACK) for __initial_sp
    startup_ht6x2xk.o(RESET) refers to startup_ht6x2xk.o(.text) for Reset_Handler
    startup_ht6x2xk.o(RESET) refers to ht6xxx_it.o(i.NMI_Handler) for NMI_Handler
    startup_ht6x2xk.o(RESET) refers to ht6xxx_it.o(i.HardFault_Handler) for HardFault_Handler
    startup_ht6x2xk.o(RESET) refers to ht6xxx_it.o(i.SVC_Handler) for SVC_Handler
    startup_ht6x2xk.o(RESET) refers to ht6xxx_it.o(i.PendSV_Handler) for PendSV_Handler
    startup_ht6x2xk.o(RESET) refers to ht6xxx_it.o(i.SysTick_Handler) for SysTick_Handler
    startup_ht6x2xk.o(RESET) refers to ht6xxx_it.o(i.PMU_IRQHandler) for PMU_IRQHandler
    startup_ht6x2xk.o(RESET) refers to ht6xxx_it.o(i.EXTI0_IRQHandler) for EXTI0_IRQHandler
    startup_ht6x2xk.o(RESET) refers to ht6xxx_it.o(i.EXTI1_IRQHandler) for EXTI1_IRQHandler
    startup_ht6x2xk.o(RESET) refers to ht6xxx_it.o(i.EXTI2_IRQHandler) for EXTI2_IRQHandler
    startup_ht6x2xk.o(RESET) refers to ht6xxx_it.o(i.EXTI3_IRQHandler) for EXTI3_IRQHandler
    startup_ht6x2xk.o(RESET) refers to ht6xxx_it.o(i.EXTI4_IRQHandler) for EXTI4_IRQHandler
    startup_ht6x2xk.o(RESET) refers to ht6xxx_it.o(i.EXTI5_IRQHandler) for EXTI5_IRQHandler
    startup_ht6x2xk.o(RESET) refers to ht6xxx_it.o(i.EXTI6_IRQHandler) for EXTI6_IRQHandler
    startup_ht6x2xk.o(RESET) refers to ht6xxx_it.o(i.UART0_IRQHandler) for UART0_IRQHandler
    startup_ht6x2xk.o(RESET) refers to ht6xxx_it.o(i.UART1_IRQHandler) for UART1_IRQHandler
    startup_ht6x2xk.o(RESET) refers to ht6xxx_it.o(i.UART2_IRQHandler) for UART2_IRQHandler
    startup_ht6x2xk.o(RESET) refers to ht6xxx_it.o(i.UART3_IRQHandler) for UART3_IRQHandler
    startup_ht6x2xk.o(RESET) refers to ht6xxx_it.o(i.UART4_IRQHandler) for UART4_IRQHandler
    startup_ht6x2xk.o(RESET) refers to ht6xxx_it.o(i.UART5_IRQHandler) for UART5_IRQHandler
    startup_ht6x2xk.o(RESET) refers to ht6xxx_it.o(i.TIMER_0_IRQHandler) for TIMER_0_IRQHandler
    startup_ht6x2xk.o(RESET) refers to ht6xxx_it.o(i.TIMER_1_IRQHandler) for TIMER_1_IRQHandler
    startup_ht6x2xk.o(RESET) refers to ht6xxx_it.o(i.TIMER_2_IRQHandler) for TIMER_2_IRQHandler
    startup_ht6x2xk.o(RESET) refers to ht6xxx_it.o(i.TIMER_3_IRQHandler) for TIMER_3_IRQHandler
    startup_ht6x2xk.o(RESET) refers to ht6xxx_it.o(i.TBS_IRQHandler) for TBS_IRQHandler
    startup_ht6x2xk.o(RESET) refers to ht6xxx_it.o(i.RTC_IRQHandler) for RTC_IRQHandler
    startup_ht6x2xk.o(RESET) refers to ht6xxx_it.o(i.I2C_IRQHandler) for I2C_IRQHandler
    startup_ht6x2xk.o(RESET) refers to ht6xxx_it.o(i.SPI0_IRQHandler) for SPI0_IRQHandler
    startup_ht6x2xk.o(RESET) refers to ht6xxx_it.o(i.SPI1_IRQHandler) for SPI1_IRQHandler
    startup_ht6x2xk.o(RESET) refers to ht6xxx_it.o(i.SelfTestFreq_IRQHandler) for SelfTestFreq_IRQHandler
    startup_ht6x2xk.o(RESET) refers to ht6xxx_it.o(i.TIMER_4_IRQHandler) for TIMER_4_IRQHandler
    startup_ht6x2xk.o(RESET) refers to ht6xxx_it.o(i.TIMER_5_IRQHandler) for TIMER_5_IRQHandler
    startup_ht6x2xk.o(RESET) refers to ht6xxx_it.o(i.SPI3_IRQHandler) for SPI3_IRQHandler
    startup_ht6x2xk.o(RESET) refers to ht6xxx_it.o(i.EXTI7_IRQHandler) for EXTI7_IRQHandler
    startup_ht6x2xk.o(RESET) refers to ht6xxx_it.o(i.EXTI8_IRQHandler) for EXTI8_IRQHandler
    startup_ht6x2xk.o(RESET) refers to ht6xxx_it.o(i.DMA_IRQHandler) for DMA_IRQHandler
    startup_ht6x2xk.o(.text) refers to system_ht6xxx.o(i.SystemInit) for SystemInit
    startup_ht6x2xk.o(.text) refers to entry.o(.ARM.Collect$$$$00000000) for __main
    ht6xxx_cmu.o(i.HT_CMU_ClkCtrl0Config) refers to ht6xxx_cmu.o(.constdata) for RegisterWriteProtect
    ht6xxx_cmu.o(i.HT_CMU_ClkCtrl1Config) refers to ht6xxx_cmu.o(.constdata) for RegisterWriteProtect
    ht6xxx_cmu.o(i.HT_CMU_ClkoutSet) refers to main.o(i.assert_failed) for assert_failed
    ht6xxx_cmu.o(i.HT_CMU_ClkoutSet) refers to ht6xxx_cmu.o(.constdata) for RegisterWriteProtect
    ht6xxx_cmu.o(i.HT_CMU_Init) refers to main.o(i.assert_failed) for assert_failed
    ht6xxx_cmu.o(i.HT_CMU_Init) refers to ht6xxx_cmu.o(i.WaitPllLock) for WaitPllLock
    ht6xxx_cmu.o(i.HT_CMU_Init) refers to ht6xxx_cmu.o(.constdata) for RegisterWriteProtect
    ht6xxx_cmu.o(i.HT_CMU_Prefetch_Set) refers to ht6xxx_cmu.o(.constdata) for RegisterWriteProtect
    ht6xxx_cmu.o(i.HT_CMU_StopFlagGet) refers to main.o(i.assert_failed) for assert_failed
    ht6xxx_cmu.o(i.WaitPllLock) refers to ht6xxx_cmu.o(i.HT_CMU_SysClkGet) for HT_CMU_SysClkGet
    ht6xxx_crc.o(i.HT_CRC_DataCalc) refers to main.o(i.assert_failed) for assert_failed
    ht6xxx_crc.o(i.HT_CRC_DataCalc) refers to ht6xxx_crc.o(.data) for crc_using
    ht6xxx_crc.o(i.HT_CRC_ModeSelect) refers to main.o(i.assert_failed) for assert_failed
    ht6xxx_crc.o(i.HT_CRC_ModeSelect) refers to ht6xxx_crc.o(i.__ARM_common_switch8) for __ARM_common_switch8
    ht6xxx_dma.o(i.HT_DMA_ClearITPendingBit) refers to main.o(i.assert_failed) for assert_failed
    ht6xxx_dma.o(i.HT_DMA_Cmd) refers to main.o(i.assert_failed) for assert_failed
    ht6xxx_dma.o(i.HT_DMA_ITConfig) refers to main.o(i.assert_failed) for assert_failed
    ht6xxx_dma.o(i.HT_DMA_ITFlagStatusGet) refers to main.o(i.assert_failed) for assert_failed
    ht6xxx_dma.o(i.HT_DMA_Init) refers to main.o(i.assert_failed) for assert_failed
    ht6xxx_exti.o(i.HT_EXTIFall_ClearITPendingBit) refers to main.o(i.assert_failed) for assert_failed
    ht6xxx_exti.o(i.HT_EXTIFall_ITConfig) refers to main.o(i.assert_failed) for assert_failed
    ht6xxx_exti.o(i.HT_EXTIFall_ITFlagStatusGet) refers to main.o(i.assert_failed) for assert_failed
    ht6xxx_exti.o(i.HT_EXTIRise_ClearITPendingBit) refers to main.o(i.assert_failed) for assert_failed
    ht6xxx_exti.o(i.HT_EXTIRise_ITConfig) refers to main.o(i.assert_failed) for assert_failed
    ht6xxx_exti.o(i.HT_EXTIRise_ITFlagStatusGet) refers to main.o(i.assert_failed) for assert_failed
    ht6xxx_exti.o(i.HT_EXTI_FilterConfig) refers to main.o(i.assert_failed) for assert_failed
    ht6xxx_flash.o(i.HT_Flash_ByteRead) refers to main.o(i.assert_failed) for assert_failed
    ht6xxx_flash.o(i.HT_Flash_ByteRead) refers to ht6xxx_flash.o(.constdata) for RegisterWriteProtect
    ht6xxx_flash.o(i.HT_Flash_ChipErase) refers to ht6xxx_flash.o(.constdata) for RegisterWriteProtect
    ht6xxx_flash.o(i.HT_Flash_EWR_Pro) refers to ht6xxx_flash.o(.constdata) for RegisterWriteProtect
    ht6xxx_flash.o(i.HT_Flash_HalfWordRead) refers to main.o(i.assert_failed) for assert_failed
    ht6xxx_flash.o(i.HT_Flash_HalfWordRead) refers to ht6xxx_flash.o(.constdata) for RegisterWriteProtect
    ht6xxx_flash.o(i.HT_Flash_PageEraseWithSectionUnlock) refers to main.o(i.assert_failed) for assert_failed
    ht6xxx_flash.o(i.HT_Flash_PageEraseWithSectionUnlock) refers to ht6xxx_flash.o(.constdata) for RegisterWriteProtect
    ht6xxx_flash.o(i.HT_Flash_WordRead) refers to main.o(i.assert_failed) for assert_failed
    ht6xxx_flash.o(i.HT_Flash_WordRead) refers to ht6xxx_flash.o(.constdata) for RegisterWriteProtect
    ht6xxx_flash.o(i.HT_Info_ByteRead) refers to main.o(i.assert_failed) for assert_failed
    ht6xxx_flash.o(i.HT_Info_ByteRead) refers to ht6xxx_flash.o(.constdata) for RegisterWriteProtect
    ht6xxx_flash.o(i.HT_Info_EWR_Pro) refers to ht6xxx_flash.o(.constdata) for RegisterWriteProtect
    ht6xxx_flash.o(i.HT_Info_HalfWordRead) refers to main.o(i.assert_failed) for assert_failed
    ht6xxx_flash.o(i.HT_Info_HalfWordRead) refers to ht6xxx_flash.o(.constdata) for RegisterWriteProtect
    ht6xxx_flash.o(i.HT_Info_WordRead) refers to main.o(i.assert_failed) for assert_failed
    ht6xxx_flash.o(i.HT_Info_WordRead) refers to ht6xxx_flash.o(.constdata) for RegisterWriteProtect
    ht6xxx_gpio.o(i.HT_GPIO_AFInit) refers to main.o(i.assert_failed) for assert_failed
    ht6xxx_gpio.o(i.HT_GPIO_BitsRead) refers to main.o(i.assert_failed) for assert_failed
    ht6xxx_gpio.o(i.HT_GPIO_BitsReset) refers to main.o(i.assert_failed) for assert_failed
    ht6xxx_gpio.o(i.HT_GPIO_BitsSet) refers to main.o(i.assert_failed) for assert_failed
    ht6xxx_gpio.o(i.HT_GPIO_BitsToggle) refers to main.o(i.assert_failed) for assert_failed
    ht6xxx_gpio.o(i.HT_GPIO_DirectionSet) refers to main.o(i.assert_failed) for assert_failed
    ht6xxx_gpio.o(i.HT_GPIO_HighCurrentSet) refers to main.o(i.assert_failed) for assert_failed
    ht6xxx_gpio.o(i.HT_GPIO_Init) refers to main.o(i.assert_failed) for assert_failed
    ht6xxx_gpio.o(i.HT_GPIO_InputFilter) refers to main.o(i.assert_failed) for assert_failed
    ht6xxx_gpio.o(i.HT_GPIO_InputStatusSet) refers to main.o(i.assert_failed) for assert_failed
    ht6xxx_gpio.o(i.HT_GPIO_NewAFCtrl) refers to main.o(i.assert_failed) for assert_failed
    ht6xxx_gpio.o(i.HT_GPIO_OutputStatusSet) refers to main.o(i.assert_failed) for assert_failed
    ht6xxx_iic.o(i.HT_I2C_Init) refers to main.o(i.assert_failed) for assert_failed
    ht6xxx_iic.o(i.HT_I2C_Init) refers to ht6xxx_cmu.o(i.HT_CMU_SysClkGet) for HT_CMU_SysClkGet
    ht6xxx_iic.o(i.HT_I2C_Init) refers to uidiv.o(.text) for __aeabi_uidivmod
    ht6xxx_iic.o(i.HT_I2C_Master_Receive) refers to ht6xxx_iic.o(i.HT_I2C_Start) for HT_I2C_Start
    ht6xxx_iic.o(i.HT_I2C_Master_Receive) refers to ht6xxx_iic.o(i.HT_I2C_ITFlagStatusGet) for HT_I2C_ITFlagStatusGet
    ht6xxx_iic.o(i.HT_I2C_Master_Transmit) refers to ht6xxx_iic.o(i.HT_I2C_Start) for HT_I2C_Start
    ht6xxx_iic.o(i.HT_I2C_Master_Transmit) refers to ht6xxx_iic.o(i.HT_I2C_ITFlagStatusGet) for HT_I2C_ITFlagStatusGet
    ht6xxx_iic.o(i.HT_I2C_Master_Transmit_IT) refers to ht6xxx_iic.o(i.__NVIC_EnableIRQ) for __NVIC_EnableIRQ
    ht6xxx_iic.o(i.HT_I2C_Master_Transmit_IT) refers to ht6xxx_iic.o(i.HT_I2C_Start) for HT_I2C_Start
    ht6xxx_iic.o(i.HT_I2C_Master_Transmit_IT) refers to ht6xxx_iic.o(i.HT_I2C_ITFlagStatusGet) for HT_I2C_ITFlagStatusGet
    ht6xxx_iic.o(i.HT_I2C_Slave_Receive) refers to ht6xxx_iic.o(i.HT_I2C_ITFlagStatusGet) for HT_I2C_ITFlagStatusGet
    ht6xxx_iic.o(i.HT_I2C_Slave_Transmit) refers to ht6xxx_iic.o(i.HT_I2C_ITFlagStatusGet) for HT_I2C_ITFlagStatusGet
    ht6xxx_lcd.o(i.HT_LCD_Init) refers to main.o(i.assert_failed) for assert_failed
    ht6xxx_pmu.o(i.HT_PMUState_FlagStatusGet) refers to main.o(i.assert_failed) for assert_failed
    ht6xxx_pmu.o(i.HT_PMU_ClearITPendingBit) refers to main.o(i.assert_failed) for assert_failed
    ht6xxx_pmu.o(i.HT_PMU_DisChargeConfig) refers to ht6xxx_pmu.o(.constdata) for RegisterWriteProtect
    ht6xxx_pmu.o(i.HT_PMU_HoldLDOConfig) refers to ht6xxx_pmu.o(.constdata) for RegisterWriteProtect
    ht6xxx_pmu.o(i.HT_PMU_ITConfig) refers to main.o(i.assert_failed) for assert_failed
    ht6xxx_pmu.o(i.HT_PMU_ITFlagStatusGet) refers to main.o(i.assert_failed) for assert_failed
    ht6xxx_pmu.o(i.HT_PMU_Init) refers to ht6xxx_pmu.o(.constdata) for RegisterWriteProtect
    ht6xxx_rtc.o(i.HT_RTC_ClearITPendingBit) refers to main.o(i.assert_failed) for assert_failed
    ht6xxx_rtc.o(i.HT_RTC_ITConfig) refers to main.o(i.assert_failed) for assert_failed
    ht6xxx_rtc.o(i.HT_RTC_ITFlagStatusGet) refers to main.o(i.assert_failed) for assert_failed
    ht6xxx_rtc.o(i.HT_RTC_Init) refers to main.o(i.assert_failed) for assert_failed
    ht6xxx_rtc.o(i.HT_RTC_LRC_Write) refers to main.o(i.assert_failed) for assert_failed
    ht6xxx_rtc.o(i.HT_RTC_LRC_Write) refers to ht6xxx_rtc.o(.constdata) for RegisterWriteProtect
    ht6xxx_rtc.o(i.HT_RTC_LoadInfoData) refers to ht6xxx_rtc.o(.constdata) for RegisterWriteProtect
    ht6xxx_rtc.o(i.HT_RTC_TMRConfig) refers to main.o(i.assert_failed) for assert_failed
    ht6xxx_rtc.o(i.HT_RTC_ToutSet) refers to main.o(i.assert_failed) for assert_failed
    ht6xxx_rtc.o(i.HT_RTC_Write) refers to main.o(i.assert_failed) for assert_failed
    ht6xxx_rtc.o(i.HT_RTC_Write) refers to ht6xxx_rtc.o(.constdata) for RegisterWriteProtect
    ht6xxx_spi.o(i.HT_SPI_CSDelayInit) refers to main.o(i.assert_failed) for assert_failed
    ht6xxx_spi.o(i.HT_SPI_CSHigh) refers to main.o(i.assert_failed) for assert_failed
    ht6xxx_spi.o(i.HT_SPI_CSLow) refers to main.o(i.assert_failed) for assert_failed
    ht6xxx_spi.o(i.HT_SPI_ClearITPendingBit) refers to main.o(i.assert_failed) for assert_failed
    ht6xxx_spi.o(i.HT_SPI_ITFlagStatusGet) refers to main.o(i.assert_failed) for assert_failed
    ht6xxx_spi.o(i.HT_SPI_Init) refers to main.o(i.assert_failed) for assert_failed
    ht6xxx_spi.o(i.HT_SPI_SendByte) refers to main.o(i.assert_failed) for assert_failed
    ht6xxx_spi.o(i.HT_SPI_SendByte) refers to ht6xxx_spi.o(i.HT_SPI_ClearITPendingBit) for HT_SPI_ClearITPendingBit
    ht6xxx_spi.o(i.HT_SPI_SendByte) refers to ht6xxx_spi.o(i.HT_SPI_ITFlagStatusGet) for HT_SPI_ITFlagStatusGet
    ht6xxx_spi.o(i.HT_SPI_SetMsam_Delay) refers to main.o(i.assert_failed) for assert_failed
    ht6xxx_tbs.o(i.HT_TBSConfig) refers to main.o(i.assert_failed) for assert_failed
    ht6xxx_tbs.o(i.HT_TBS_ADCInjectSample) refers to main.o(i.assert_failed) for assert_failed
    ht6xxx_tbs.o(i.HT_TBS_ADCTriSample) refers to main.o(i.assert_failed) for assert_failed
    ht6xxx_tbs.o(i.HT_TBS_CMPThresholdSet) refers to main.o(i.assert_failed) for assert_failed
    ht6xxx_tbs.o(i.HT_TBS_ClearITPendingBit) refers to main.o(i.assert_failed) for assert_failed
    ht6xxx_tbs.o(i.HT_TBS_ClkSelConfig) refers to main.o(i.assert_failed) for assert_failed
    ht6xxx_tbs.o(i.HT_TBS_FilCntConfig) refers to main.o(i.assert_failed) for assert_failed
    ht6xxx_tbs.o(i.HT_TBS_ITConfig) refers to main.o(i.assert_failed) for assert_failed
    ht6xxx_tbs.o(i.HT_TBS_ITFlagStatusGet) refers to main.o(i.assert_failed) for assert_failed
    ht6xxx_tbs.o(i.HT_TBS_InjectClkConfig) refers to main.o(i.assert_failed) for assert_failed
    ht6xxx_tbs.o(i.HT_TBS_PeriodSet) refers to main.o(i.assert_failed) for assert_failed
    ht6xxx_tbs.o(i.HT_TBS_ValueRead) refers to main.o(i.assert_failed) for assert_failed
    ht6xxx_tbs.o(i.HT_TBS_ValueRead) refers to ht6xxx_crc.o(i.__ARM_common_switch8) for __ARM_common_switch8
    ht6xxx_timer.o(i.HT_TMRExt_Init) refers to main.o(i.assert_failed) for assert_failed
    ht6xxx_timer.o(i.HT_TMR_CaptureGet) refers to main.o(i.assert_failed) for assert_failed
    ht6xxx_timer.o(i.HT_TMR_ClearITPendingBit) refers to main.o(i.assert_failed) for assert_failed
    ht6xxx_timer.o(i.HT_TMR_Cmd) refers to main.o(i.assert_failed) for assert_failed
    ht6xxx_timer.o(i.HT_TMR_CompareSet) refers to main.o(i.assert_failed) for assert_failed
    ht6xxx_timer.o(i.HT_TMR_CountGet) refers to main.o(i.assert_failed) for assert_failed
    ht6xxx_timer.o(i.HT_TMR_CounterSet) refers to main.o(i.assert_failed) for assert_failed
    ht6xxx_timer.o(i.HT_TMR_ITConfig) refers to main.o(i.assert_failed) for assert_failed
    ht6xxx_timer.o(i.HT_TMR_ITFlagStatusGet) refers to main.o(i.assert_failed) for assert_failed
    ht6xxx_timer.o(i.HT_TMR_Init) refers to main.o(i.assert_failed) for assert_failed
    ht6xxx_timer.o(i.HT_TMR_PeriodSet) refers to main.o(i.assert_failed) for assert_failed
    ht6xxx_timer.o(i.HT_TMR_PrescalerSet) refers to main.o(i.assert_failed) for assert_failed
    ht6xxx_uart&7816.o(i.HT_IR_Init) refers to main.o(i.assert_failed) for assert_failed
    ht6xxx_uart&7816.o(i.HT_IR_Init) refers to ht6xxx_uart&7816.o(i.HT_UART_Init) for HT_UART_Init
    ht6xxx_uart&7816.o(i.HT_ISO7816_ClearITPendingBit) refers to main.o(i.assert_failed) for assert_failed
    ht6xxx_uart&7816.o(i.HT_ISO7816_ITConfig) refers to main.o(i.assert_failed) for assert_failed
    ht6xxx_uart&7816.o(i.HT_ISO7816_ITFlagStatusGet) refers to main.o(i.assert_failed) for assert_failed
    ht6xxx_uart&7816.o(i.HT_ISO7816_Init) refers to main.o(i.assert_failed) for assert_failed
    ht6xxx_uart&7816.o(i.HT_ISO7816_Init) refers to ht6xxx_cmu.o(i.HT_CMU_SysClkGet) for HT_CMU_SysClkGet
    ht6xxx_uart&7816.o(i.HT_ISO7816_Init) refers to uidiv.o(.text) for __aeabi_uidivmod
    ht6xxx_uart&7816.o(i.HT_ISO7816_ReceiveData) refers to main.o(i.assert_failed) for assert_failed
    ht6xxx_uart&7816.o(i.HT_ISO7816_SendData) refers to main.o(i.assert_failed) for assert_failed
    ht6xxx_uart&7816.o(i.HT_UART_ClearITPendingBit) refers to main.o(i.assert_failed) for assert_failed
    ht6xxx_uart&7816.o(i.HT_UART_ITConfig) refers to main.o(i.assert_failed) for assert_failed
    ht6xxx_uart&7816.o(i.HT_UART_ITFlagStatusGet) refers to main.o(i.assert_failed) for assert_failed
    ht6xxx_uart&7816.o(i.HT_UART_Init) refers to main.o(i.assert_failed) for assert_failed
    ht6xxx_uart&7816.o(i.HT_UART_Init) refers to ht6xxx_cmu.o(i.HT_CMU_SysClkGet) for HT_CMU_SysClkGet
    ht6xxx_uart&7816.o(i.HT_UART_Init) refers to dfltui.o(.text) for __aeabi_ui2d
    ht6xxx_uart&7816.o(i.HT_UART_Init) refers to ddiv.o(.text) for __aeabi_ddiv
    ht6xxx_uart&7816.o(i.HT_UART_Init) refers to dadd.o(.text) for __aeabi_dsub
    ht6xxx_uart&7816.o(i.HT_UART_Init) refers to dfixui.o(.text) for __aeabi_d2uiz
    ht6xxx_uart&7816.o(i.HT_UART_Init) refers to cdrcmple.o(.text) for __aeabi_cdrcmple
    ht6xxx_uart&7816.o(i.HT_UART_RXFilterConfig) refers to main.o(i.assert_failed) for assert_failed
    ht6xxx_uart&7816.o(i.HT_UART_ReceiveData) refers to main.o(i.assert_failed) for assert_failed
    ht6xxx_uart&7816.o(i.HT_UART_SendData) refers to main.o(i.assert_failed) for assert_failed
    ht6xxx_wdt.o(i.HT_FreeDog_WithPara) refers to main.o(i.assert_failed) for assert_failed
    ht6xxx_wdt.o(i.HT_FreeDog_WithPara) refers to dmul.o(.text) for __aeabi_dmul
    ht6xxx_wdt.o(i.HT_FreeDog_WithPara) refers to dfixui.o(.text) for __aeabi_d2uiz
    ht6xxx_wdt.o(i.HT_FreeDog_WithPara) refers to ddiv.o(.text) for __aeabi_ddiv
    ht6xxx_wdt.o(i.HT_FreeDog_WithPara) refers to dadd.o(.text) for __aeabi_dsub
    ht6xxx_it.o(i.DMA_IRQHandler) refers to ht6xxx_it.o(i.DMA_IRQProc) for DMA_IRQProc
    ht6xxx_it.o(i.DMA_IRQProc) refers to ht6xxx_dma.o(i.HT_DMA_ITFlagStatusGet) for HT_DMA_ITFlagStatusGet
    ht6xxx_it.o(i.DMA_IRQProc) refers to ht6xxx_dma.o(i.HT_DMA_ClearITPendingBit) for HT_DMA_ClearITPendingBit
    ht6xxx_it.o(i.EXTI0_IRQHandler) refers to ht6xxx_exti.o(i.HT_EXTIRise_ITFlagStatusGet) for HT_EXTIRise_ITFlagStatusGet
    ht6xxx_it.o(i.EXTI0_IRQHandler) refers to ht6xxx_exti.o(i.HT_EXTIRise_ClearITPendingBit) for HT_EXTIRise_ClearITPendingBit
    ht6xxx_it.o(i.EXTI0_IRQHandler) refers to ht6xxx_exti.o(i.HT_EXTIFall_ITFlagStatusGet) for HT_EXTIFall_ITFlagStatusGet
    ht6xxx_it.o(i.EXTI0_IRQHandler) refers to ht6xxx_exti.o(i.HT_EXTIFall_ClearITPendingBit) for HT_EXTIFall_ClearITPendingBit
    ht6xxx_it.o(i.EXTI1_IRQHandler) refers to ht6xxx_exti.o(i.HT_EXTIRise_ITFlagStatusGet) for HT_EXTIRise_ITFlagStatusGet
    ht6xxx_it.o(i.EXTI1_IRQHandler) refers to ht6xxx_exti.o(i.HT_EXTIRise_ClearITPendingBit) for HT_EXTIRise_ClearITPendingBit
    ht6xxx_it.o(i.EXTI1_IRQHandler) refers to ht6xxx_exti.o(i.HT_EXTIFall_ITFlagStatusGet) for HT_EXTIFall_ITFlagStatusGet
    ht6xxx_it.o(i.EXTI1_IRQHandler) refers to ht6xxx_exti.o(i.HT_EXTIFall_ClearITPendingBit) for HT_EXTIFall_ClearITPendingBit
    ht6xxx_it.o(i.EXTI2_IRQHandler) refers to ht6xxx_exti.o(i.HT_EXTIRise_ITFlagStatusGet) for HT_EXTIRise_ITFlagStatusGet
    ht6xxx_it.o(i.EXTI2_IRQHandler) refers to ht6xxx_exti.o(i.HT_EXTIRise_ClearITPendingBit) for HT_EXTIRise_ClearITPendingBit
    ht6xxx_it.o(i.EXTI2_IRQHandler) refers to ht6xxx_exti.o(i.HT_EXTIFall_ITFlagStatusGet) for HT_EXTIFall_ITFlagStatusGet
    ht6xxx_it.o(i.EXTI2_IRQHandler) refers to ht6xxx_exti.o(i.HT_EXTIFall_ClearITPendingBit) for HT_EXTIFall_ClearITPendingBit
    ht6xxx_it.o(i.EXTI3_IRQHandler) refers to ht6xxx_exti.o(i.HT_EXTIRise_ITFlagStatusGet) for HT_EXTIRise_ITFlagStatusGet
    ht6xxx_it.o(i.EXTI3_IRQHandler) refers to ht6xxx_exti.o(i.HT_EXTIRise_ClearITPendingBit) for HT_EXTIRise_ClearITPendingBit
    ht6xxx_it.o(i.EXTI3_IRQHandler) refers to ht6xxx_exti.o(i.HT_EXTIFall_ITFlagStatusGet) for HT_EXTIFall_ITFlagStatusGet
    ht6xxx_it.o(i.EXTI3_IRQHandler) refers to ht6xxx_exti.o(i.HT_EXTIFall_ClearITPendingBit) for HT_EXTIFall_ClearITPendingBit
    ht6xxx_it.o(i.EXTI4_IRQHandler) refers to ht6xxx_exti.o(i.HT_EXTIRise_ITFlagStatusGet) for HT_EXTIRise_ITFlagStatusGet
    ht6xxx_it.o(i.EXTI4_IRQHandler) refers to ht6xxx_exti.o(i.HT_EXTIRise_ClearITPendingBit) for HT_EXTIRise_ClearITPendingBit
    ht6xxx_it.o(i.EXTI4_IRQHandler) refers to ht6xxx_exti.o(i.HT_EXTIFall_ITFlagStatusGet) for HT_EXTIFall_ITFlagStatusGet
    ht6xxx_it.o(i.EXTI4_IRQHandler) refers to ht6xxx_exti.o(i.HT_EXTIFall_ClearITPendingBit) for HT_EXTIFall_ClearITPendingBit
    ht6xxx_it.o(i.EXTI5_IRQHandler) refers to ht6xxx_exti.o(i.HT_EXTIRise_ITFlagStatusGet) for HT_EXTIRise_ITFlagStatusGet
    ht6xxx_it.o(i.EXTI5_IRQHandler) refers to ht6xxx_exti.o(i.HT_EXTIRise_ClearITPendingBit) for HT_EXTIRise_ClearITPendingBit
    ht6xxx_it.o(i.EXTI5_IRQHandler) refers to ht6xxx_exti.o(i.HT_EXTIFall_ITFlagStatusGet) for HT_EXTIFall_ITFlagStatusGet
    ht6xxx_it.o(i.EXTI5_IRQHandler) refers to ht6xxx_exti.o(i.HT_EXTIFall_ClearITPendingBit) for HT_EXTIFall_ClearITPendingBit
    ht6xxx_it.o(i.EXTI6_IRQHandler) refers to ht6xxx_exti.o(i.HT_EXTIRise_ITFlagStatusGet) for HT_EXTIRise_ITFlagStatusGet
    ht6xxx_it.o(i.EXTI6_IRQHandler) refers to ht6xxx_exti.o(i.HT_EXTIRise_ClearITPendingBit) for HT_EXTIRise_ClearITPendingBit
    ht6xxx_it.o(i.EXTI6_IRQHandler) refers to ht6xxx_exti.o(i.HT_EXTIFall_ITFlagStatusGet) for HT_EXTIFall_ITFlagStatusGet
    ht6xxx_it.o(i.EXTI6_IRQHandler) refers to ht6xxx_exti.o(i.HT_EXTIFall_ClearITPendingBit) for HT_EXTIFall_ClearITPendingBit
    ht6xxx_it.o(i.EXTI7_IRQHandler) refers to ht6xxx_exti.o(i.HT_EXTIRise_ITFlagStatusGet) for HT_EXTIRise_ITFlagStatusGet
    ht6xxx_it.o(i.EXTI7_IRQHandler) refers to ht6xxx_exti.o(i.HT_EXTIRise_ClearITPendingBit) for HT_EXTIRise_ClearITPendingBit
    ht6xxx_it.o(i.EXTI7_IRQHandler) refers to ht6xxx_exti.o(i.HT_EXTIFall_ITFlagStatusGet) for HT_EXTIFall_ITFlagStatusGet
    ht6xxx_it.o(i.EXTI7_IRQHandler) refers to ht6xxx_exti.o(i.HT_EXTIFall_ClearITPendingBit) for HT_EXTIFall_ClearITPendingBit
    ht6xxx_it.o(i.EXTI8_IRQHandler) refers to ht6xxx_exti.o(i.HT_EXTIRise_ITFlagStatusGet) for HT_EXTIRise_ITFlagStatusGet
    ht6xxx_it.o(i.EXTI8_IRQHandler) refers to ht6xxx_exti.o(i.HT_EXTIRise_ClearITPendingBit) for HT_EXTIRise_ClearITPendingBit
    ht6xxx_it.o(i.EXTI8_IRQHandler) refers to ht6xxx_exti.o(i.HT_EXTIFall_ITFlagStatusGet) for HT_EXTIFall_ITFlagStatusGet
    ht6xxx_it.o(i.EXTI8_IRQHandler) refers to ht6xxx_exti.o(i.HT_EXTIFall_ClearITPendingBit) for HT_EXTIFall_ClearITPendingBit
    ht6xxx_it.o(i.EXTI9_IRQHandler) refers to ht6xxx_exti.o(i.HT_EXTIRise_ITFlagStatusGet) for HT_EXTIRise_ITFlagStatusGet
    ht6xxx_it.o(i.EXTI9_IRQHandler) refers to ht6xxx_exti.o(i.HT_EXTIRise_ClearITPendingBit) for HT_EXTIRise_ClearITPendingBit
    ht6xxx_it.o(i.EXTI9_IRQHandler) refers to ht6xxx_exti.o(i.HT_EXTIFall_ITFlagStatusGet) for HT_EXTIFall_ITFlagStatusGet
    ht6xxx_it.o(i.EXTI9_IRQHandler) refers to ht6xxx_exti.o(i.HT_EXTIFall_ClearITPendingBit) for HT_EXTIFall_ClearITPendingBit
    ht6xxx_it.o(i.I2C_IRQHandler) refers to ht6xxx_iic.o(i.HT_I2C_IRQHandler_Default) for HT_I2C_IRQHandler_Default
    ht6xxx_it.o(i.NMI_Handler) refers to ht6xxx_cmu.o(i.HT_CMU_StopFlagGet) for HT_CMU_StopFlagGet
    ht6xxx_it.o(i.PMU_IRQHandler) refers to ht6xxx_pmu.o(i.HT_PMU_ITFlagStatusGet) for HT_PMU_ITFlagStatusGet
    ht6xxx_it.o(i.PMU_IRQHandler) refers to ht6xxx_pmu.o(i.HT_PMU_ClearITPendingBit) for HT_PMU_ClearITPendingBit
    ht6xxx_it.o(i.SPI0_IRQHandler) refers to ht6xxx_spi.o(i.HT_SPI_ITFlagStatusGet) for HT_SPI_ITFlagStatusGet
    ht6xxx_it.o(i.SPI0_IRQHandler) refers to ht6xxx_spi.o(i.HT_SPI_ClearITPendingBit) for HT_SPI_ClearITPendingBit
    ht6xxx_it.o(i.SPI1_IRQHandler) refers to ht6xxx_spi.o(i.HT_SPI_ITFlagStatusGet) for HT_SPI_ITFlagStatusGet
    ht6xxx_it.o(i.SPI1_IRQHandler) refers to ht6xxx_spi.o(i.HT_SPI_ClearITPendingBit) for HT_SPI_ClearITPendingBit
    ht6xxx_it.o(i.SPI3_IRQHandler) refers to ht6xxx_spi.o(i.HT_SPI_ITFlagStatusGet) for HT_SPI_ITFlagStatusGet
    ht6xxx_it.o(i.SPI3_IRQHandler) refers to ht6xxx_spi.o(i.HT_SPI_ClearITPendingBit) for HT_SPI_ClearITPendingBit
    ht6xxx_it.o(i.TBS_IRQHandler) refers to ht6xxx_tbs.o(i.HT_TBS_ITFlagStatusGet) for HT_TBS_ITFlagStatusGet
    ht6xxx_it.o(i.TBS_IRQHandler) refers to ht6xxx_tbs.o(i.HT_TBS_ClearITPendingBit) for HT_TBS_ClearITPendingBit
    ht6xxx_it.o(i.TIMER_0_IRQHandler) refers to ht6xxx_timer.o(i.HT_TMR_ITFlagStatusGet) for HT_TMR_ITFlagStatusGet
    ht6xxx_it.o(i.TIMER_0_IRQHandler) refers to ht6xxx_timer.o(i.HT_TMR_ClearITPendingBit) for HT_TMR_ClearITPendingBit
    ht6xxx_it.o(i.TIMER_1_IRQHandler) refers to ht6xxx_timer.o(i.HT_TMR_ITFlagStatusGet) for HT_TMR_ITFlagStatusGet
    ht6xxx_it.o(i.TIMER_1_IRQHandler) refers to ht6xxx_timer.o(i.HT_TMR_ClearITPendingBit) for HT_TMR_ClearITPendingBit
    ht6xxx_it.o(i.TIMER_2_IRQHandler) refers to ht6xxx_timer.o(i.HT_TMR_ITFlagStatusGet) for HT_TMR_ITFlagStatusGet
    ht6xxx_it.o(i.TIMER_2_IRQHandler) refers to ht6xxx_timer.o(i.HT_TMR_ClearITPendingBit) for HT_TMR_ClearITPendingBit
    ht6xxx_it.o(i.TIMER_3_IRQHandler) refers to ht6xxx_timer.o(i.HT_TMR_ITFlagStatusGet) for HT_TMR_ITFlagStatusGet
    ht6xxx_it.o(i.TIMER_3_IRQHandler) refers to ht6xxx_timer.o(i.HT_TMR_ClearITPendingBit) for HT_TMR_ClearITPendingBit
    ht6xxx_it.o(i.TIMER_4_IRQHandler) refers to ht6xxx_timer.o(i.HT_TMR_ITFlagStatusGet) for HT_TMR_ITFlagStatusGet
    ht6xxx_it.o(i.TIMER_4_IRQHandler) refers to ht6xxx_timer.o(i.HT_TMR_ClearITPendingBit) for HT_TMR_ClearITPendingBit
    ht6xxx_it.o(i.TIMER_5_IRQHandler) refers to ht6xxx_timer.o(i.HT_TMR_ITFlagStatusGet) for HT_TMR_ITFlagStatusGet
    ht6xxx_it.o(i.TIMER_5_IRQHandler) refers to ht6xxx_timer.o(i.HT_TMR_ClearITPendingBit) for HT_TMR_ClearITPendingBit
    ht6xxx_it.o(i.UART0_IRQHandler) refers to ht6xxx_uart&7816.o(i.HT_UART_ITFlagStatusGet) for HT_UART_ITFlagStatusGet
    ht6xxx_it.o(i.UART0_IRQHandler) refers to ht6xxx_uart&7816.o(i.HT_UART_ClearITPendingBit) for HT_UART_ClearITPendingBit
    ht6xxx_it.o(i.UART1_IRQHandler) refers to ht6xxx_uart&7816.o(i.HT_UART_ITFlagStatusGet) for HT_UART_ITFlagStatusGet
    ht6xxx_it.o(i.UART1_IRQHandler) refers to ht6xxx_uart&7816.o(i.HT_UART_ClearITPendingBit) for HT_UART_ClearITPendingBit
    ht6xxx_it.o(i.UART2_IRQHandler) refers to ht6xxx_uart&7816.o(i.HT_UART_ITFlagStatusGet) for HT_UART_ITFlagStatusGet
    ht6xxx_it.o(i.UART2_IRQHandler) refers to ht6xxx_uart&7816.o(i.HT_UART_ClearITPendingBit) for HT_UART_ClearITPendingBit
    ht6xxx_it.o(i.UART3_IRQHandler) refers to ht6xxx_uart&7816.o(i.HT_UART_ITFlagStatusGet) for HT_UART_ITFlagStatusGet
    ht6xxx_it.o(i.UART3_IRQHandler) refers to ht6xxx_uart&7816.o(i.HT_UART_ClearITPendingBit) for HT_UART_ClearITPendingBit
    ht6xxx_it.o(i.UART3_IRQHandler) refers to ht6xxx_uart&7816.o(i.HT_ISO7816_ITFlagStatusGet) for HT_ISO7816_ITFlagStatusGet
    ht6xxx_it.o(i.UART3_IRQHandler) refers to ht6xxx_uart&7816.o(i.HT_ISO7816_ClearITPendingBit) for HT_ISO7816_ClearITPendingBit
    ht6xxx_it.o(i.UART4_IRQHandler) refers to ht6xxx_uart&7816.o(i.HT_UART_ITFlagStatusGet) for HT_UART_ITFlagStatusGet
    ht6xxx_it.o(i.UART4_IRQHandler) refers to ht6xxx_uart&7816.o(i.HT_UART_ClearITPendingBit) for HT_UART_ClearITPendingBit
    ht6xxx_it.o(i.UART4_IRQHandler) refers to ht6xxx_uart&7816.o(i.HT_ISO7816_ITFlagStatusGet) for HT_ISO7816_ITFlagStatusGet
    ht6xxx_it.o(i.UART4_IRQHandler) refers to ht6xxx_uart&7816.o(i.HT_ISO7816_ClearITPendingBit) for HT_ISO7816_ClearITPendingBit
    ht6xxx_it.o(i.UART5_IRQHandler) refers to ht6xxx_uart&7816.o(i.HT_UART_ITFlagStatusGet) for HT_UART_ITFlagStatusGet
    ht6xxx_it.o(i.UART5_IRQHandler) refers to ht6xxx_uart&7816.o(i.HT_UART_ClearITPendingBit) for HT_UART_ClearITPendingBit
    main.o(i.main) refers to ht6xxx_wdt.o(i.HT_FreeDog) for HT_FreeDog
    entry.o(.ARM.Collect$$$$00000000) refers (Special) to entry10a.o(.ARM.Collect$$$$0000000D) for __rt_final_cpp
    entry.o(.ARM.Collect$$$$00000000) refers (Special) to entry11a.o(.ARM.Collect$$$$0000000F) for __rt_final_exit
    entry.o(.ARM.Collect$$$$00000000) refers (Special) to entry7b.o(.ARM.Collect$$$$00000008) for _main_clock
    entry.o(.ARM.Collect$$$$00000000) refers (Special) to entry8b.o(.ARM.Collect$$$$0000000A) for _main_cpp_init
    entry.o(.ARM.Collect$$$$00000000) refers (Special) to entry9a.o(.ARM.Collect$$$$0000000B) for _main_init
    entry.o(.ARM.Collect$$$$00000000) refers (Special) to entry5.o(.ARM.Collect$$$$00000004) for _main_scatterload
    entry.o(.ARM.Collect$$$$00000000) refers (Special) to entry2.o(.ARM.Collect$$$$00000001) for _main_stk
    dadd.o(.text) refers (Special) to iusefp.o(.text) for __I$use$fp
    dadd.o(.text) refers to llshl.o(.text) for __aeabi_llsl
    dadd.o(.text) refers to llsshr.o(.text) for __aeabi_lasr
    dadd.o(.text) refers to depilogue.o(.text) for _double_epilogue
    dmul.o(.text) refers (Special) to iusefp.o(.text) for __I$use$fp
    dmul.o(.text) refers to depilogue.o(.text) for _double_epilogue
    ddiv.o(.text) refers (Special) to iusefp.o(.text) for __I$use$fp
    ddiv.o(.text) refers to depilogue.o(.text) for _double_round
    dfltui.o(.text) refers (Special) to iusefp.o(.text) for __I$use$fp
    dfltui.o(.text) refers to depilogue.o(.text) for _double_epilogue
    dfixui.o(.text) refers (Special) to iusefp.o(.text) for __I$use$fp
    dfixui.o(.text) refers to llushr.o(.text) for __aeabi_llsr
    cdrcmple.o(.text) refers (Special) to iusefp.o(.text) for __I$use$fp
    entry2.o(.ARM.Collect$$$$00000001) refers to entry2.o(.ARM.Collect$$$$00002712) for __lit__00000000
    entry2.o(.ARM.Collect$$$$00002712) refers to startup_ht6x2xk.o(STACK) for __initial_sp
    entry2.o(__vectab_stack_and_reset_area) refers to startup_ht6x2xk.o(STACK) for __initial_sp
    entry2.o(__vectab_stack_and_reset_area) refers to entry.o(.ARM.Collect$$$$00000000) for __main
    entry5.o(.ARM.Collect$$$$00000004) refers to init.o(.text) for __scatterload
    entry9a.o(.ARM.Collect$$$$0000000B) refers to main.o(i.main) for main
    entry9b.o(.ARM.Collect$$$$0000000C) refers to main.o(i.main) for main
    depilogue.o(.text) refers to depilogue.o(i.__ARM_clz) for __ARM_clz
    depilogue.o(.text) refers to llshl.o(.text) for __aeabi_llsl
    depilogue.o(.text) refers to llushr.o(.text) for __aeabi_llsr
    init.o(.text) refers to entry5.o(.ARM.Collect$$$$00000004) for __main_after_scatterload


==============================================================================

Removing Unused input sections from the image.

    Removing system_ht6xxx.o(.rev16_text), (4 bytes).
    Removing system_ht6xxx.o(.revsh_text), (4 bytes).
    Removing startup_ht6x2xk.o(HEAP), (0 bytes).
    Removing ht6xxx_cmu.o(.rev16_text), (4 bytes).
    Removing ht6xxx_cmu.o(.revsh_text), (4 bytes).
    Removing ht6xxx_cmu.o(i.HT_CMU_CPUClkGet), (108 bytes).
    Removing ht6xxx_cmu.o(i.HT_CMU_ChipIDGet), (12 bytes).
    Removing ht6xxx_cmu.o(i.HT_CMU_ClkCtrl0Config), (168 bytes).
    Removing ht6xxx_cmu.o(i.HT_CMU_ClkCtrl1Config), (68 bytes).
    Removing ht6xxx_cmu.o(i.HT_CMU_ClkoutSet), (172 bytes).
    Removing ht6xxx_cmu.o(i.HT_CMU_Init), (380 bytes).
    Removing ht6xxx_cmu.o(i.HT_CMU_JTAGStatusGet), (16 bytes).
    Removing ht6xxx_cmu.o(i.HT_CMU_Prefetch_Set), (68 bytes).
    Removing ht6xxx_cmu.o(i.HT_CMU_SysClkGet), (92 bytes).
    Removing ht6xxx_cmu.o(i.WaitPllLock), (40 bytes).
    Removing ht6xxx_cmu.o(.constdata), (8 bytes).
    Removing ht6xxx_crc.o(.rev16_text), (4 bytes).
    Removing ht6xxx_crc.o(.revsh_text), (4 bytes).
    Removing ht6xxx_crc.o(i.HT_CRC_DataCalc), (240 bytes).
    Removing ht6xxx_crc.o(i.HT_CRC_ModeSelect), (392 bytes).
    Removing ht6xxx_crc.o(.data), (1 bytes).
    Removing ht6xxx_dma.o(.rev16_text), (4 bytes).
    Removing ht6xxx_dma.o(.revsh_text), (4 bytes).
    Removing ht6xxx_dma.o(i.HT_DMA_Cmd), (128 bytes).
    Removing ht6xxx_dma.o(i.HT_DMA_ITConfig), (168 bytes).
    Removing ht6xxx_dma.o(i.HT_DMA_Init), (348 bytes).
    Removing ht6xxx_exti.o(.rev16_text), (4 bytes).
    Removing ht6xxx_exti.o(.revsh_text), (4 bytes).
    Removing ht6xxx_exti.o(i.HT_EXTIFall_ITConfig), (232 bytes).
    Removing ht6xxx_exti.o(i.HT_EXTIRise_ITConfig), (252 bytes).
    Removing ht6xxx_exti.o(i.HT_EXTI_FilterConfig), (236 bytes).
    Removing ht6xxx_flash.o(.rev16_text), (4 bytes).
    Removing ht6xxx_flash.o(.revsh_text), (4 bytes).
    Removing ht6xxx_flash.o(.emb_text), (632 bytes).
    Removing ht6xxx_flash.o(i.HT_Flash_ByteRead), (208 bytes).
    Removing ht6xxx_flash.o(i.HT_Flash_ChipErase), (76 bytes).
    Removing ht6xxx_flash.o(i.HT_Flash_EWR_Pro), (548 bytes).
    Removing ht6xxx_flash.o(i.HT_Flash_HalfWordRead), (224 bytes).
    Removing ht6xxx_flash.o(i.HT_Flash_PageEraseWithSectionUnlock), (184 bytes).
    Removing ht6xxx_flash.o(i.HT_Flash_WordRead), (228 bytes).
    Removing ht6xxx_flash.o(i.HT_Info_ByteRead), (236 bytes).
    Removing ht6xxx_flash.o(i.HT_Info_EWR_Pro), (592 bytes).
    Removing ht6xxx_flash.o(i.HT_Info_HalfWordRead), (252 bytes).
    Removing ht6xxx_flash.o(i.HT_Info_WordRead), (252 bytes).
    Removing ht6xxx_flash.o(.constdata), (8 bytes).
    Removing ht6xxx_gpio.o(.rev16_text), (4 bytes).
    Removing ht6xxx_gpio.o(.revsh_text), (4 bytes).
    Removing ht6xxx_gpio.o(i.HT_GPIO_AFInit), (352 bytes).
    Removing ht6xxx_gpio.o(i.HT_GPIO_BitsRead), (144 bytes).
    Removing ht6xxx_gpio.o(i.HT_GPIO_BitsReset), (144 bytes).
    Removing ht6xxx_gpio.o(i.HT_GPIO_BitsSet), (144 bytes).
    Removing ht6xxx_gpio.o(i.HT_GPIO_BitsToggle), (144 bytes).
    Removing ht6xxx_gpio.o(i.HT_GPIO_DirectionSet), (184 bytes).
    Removing ht6xxx_gpio.o(i.HT_GPIO_HighCurrentSet), (136 bytes).
    Removing ht6xxx_gpio.o(i.HT_GPIO_Init), (432 bytes).
    Removing ht6xxx_gpio.o(i.HT_GPIO_InputFilter), (184 bytes).
    Removing ht6xxx_gpio.o(i.HT_GPIO_InputStatusSet), (184 bytes).
    Removing ht6xxx_gpio.o(i.HT_GPIO_NewAFCtrl), (184 bytes).
    Removing ht6xxx_gpio.o(i.HT_GPIO_OutputStatusSet), (184 bytes).
    Removing ht6xxx_iic.o(.rev16_text), (4 bytes).
    Removing ht6xxx_iic.o(.revsh_text), (4 bytes).
    Removing ht6xxx_iic.o(i.HT_I2C_ClearITPendingBit), (20 bytes).
    Removing ht6xxx_iic.o(i.HT_I2C_ITFlagStatusGet), (24 bytes).
    Removing ht6xxx_iic.o(i.HT_I2C_Init), (228 bytes).
    Removing ht6xxx_iic.o(i.HT_I2C_Master_Receive), (152 bytes).
    Removing ht6xxx_iic.o(i.HT_I2C_Master_Receive_IT), (20 bytes).
    Removing ht6xxx_iic.o(i.HT_I2C_Master_Transmit), (156 bytes).
    Removing ht6xxx_iic.o(i.HT_I2C_Master_Transmit_IT), (88 bytes).
    Removing ht6xxx_iic.o(i.HT_I2C_Slave_Receive), (96 bytes).
    Removing ht6xxx_iic.o(i.HT_I2C_Slave_Receive_IT), (2 bytes).
    Removing ht6xxx_iic.o(i.HT_I2C_Slave_Transmit), (96 bytes).
    Removing ht6xxx_iic.o(i.HT_I2C_Slave_Transmit_IT), (2 bytes).
    Removing ht6xxx_iic.o(i.HT_I2C_Start), (20 bytes).
    Removing ht6xxx_iic.o(i.HT_I2C_Stop), (2 bytes).
    Removing ht6xxx_iic.o(i.__NVIC_EnableIRQ), (24 bytes).
    Removing ht6xxx_iic.o(.data), (16 bytes).
    Removing ht6xxx_lcd.o(.rev16_text), (4 bytes).
    Removing ht6xxx_lcd.o(.revsh_text), (4 bytes).
    Removing ht6xxx_lcd.o(i.HT_LCD_Init), (188 bytes).
    Removing ht6xxx_lcd.o(i.HT_LCD_Read), (24 bytes).
    Removing ht6xxx_lcd.o(i.HT_LCD_Write), (16 bytes).
    Removing ht6xxx_pmu.o(.rev16_text), (4 bytes).
    Removing ht6xxx_pmu.o(.revsh_text), (4 bytes).
    Removing ht6xxx_pmu.o(i.HT_PMUState_FlagStatusGet), (116 bytes).
    Removing ht6xxx_pmu.o(i.HT_PMU_DisChargeConfig), (84 bytes).
    Removing ht6xxx_pmu.o(i.HT_PMU_HoldLDOConfig), (72 bytes).
    Removing ht6xxx_pmu.o(i.HT_PMU_ITConfig), (128 bytes).
    Removing ht6xxx_pmu.o(i.HT_PMU_Init), (144 bytes).
    Removing ht6xxx_pmu.o(.constdata), (8 bytes).
    Removing ht6xxx_reset.o(.rev16_text), (4 bytes).
    Removing ht6xxx_reset.o(.revsh_text), (4 bytes).
    Removing ht6xxx_reset.o(i.HT_EnterHold), (16 bytes).
    Removing ht6xxx_reset.o(i.HT_EnterSleep), (16 bytes).
    Removing ht6xxx_reset.o(i.HT_ResetFlagClear), (16 bytes).
    Removing ht6xxx_reset.o(i.HT_ResetFlagStatusGet), (24 bytes).
    Removing ht6xxx_reset.o(i.HT_WakeFlagStatusGet), (24 bytes).
    Removing ht6xxx_rtc.o(.rev16_text), (4 bytes).
    Removing ht6xxx_rtc.o(.revsh_text), (4 bytes).
    Removing ht6xxx_rtc.o(i.HT_RTC_AlarmSet), (24 bytes).
    Removing ht6xxx_rtc.o(i.HT_RTC_ClearITPendingBit), (132 bytes).
    Removing ht6xxx_rtc.o(i.HT_RTC_ITConfig), (176 bytes).
    Removing ht6xxx_rtc.o(i.HT_RTC_ITFlagStatusGet), (144 bytes).
    Removing ht6xxx_rtc.o(i.HT_RTC_Init), (292 bytes).
    Removing ht6xxx_rtc.o(i.HT_RTC_LRC_Amend), (16 bytes).
    Removing ht6xxx_rtc.o(i.HT_RTC_LRC_Read), (100 bytes).
    Removing ht6xxx_rtc.o(i.HT_RTC_LRC_Write), (320 bytes).
    Removing ht6xxx_rtc.o(i.HT_RTC_LoadInfoData), (380 bytes).
    Removing ht6xxx_rtc.o(i.HT_RTC_Read), (100 bytes).
    Removing ht6xxx_rtc.o(i.HT_RTC_TMRConfig), (140 bytes).
    Removing ht6xxx_rtc.o(i.HT_RTC_ToutSet), (148 bytes).
    Removing ht6xxx_rtc.o(i.HT_RTC_Write), (308 bytes).
    Removing ht6xxx_rtc.o(.constdata), (8 bytes).
    Removing ht6xxx_spi.o(.rev16_text), (4 bytes).
    Removing ht6xxx_spi.o(.revsh_text), (4 bytes).
    Removing ht6xxx_spi.o(i.HT_SPI_CSDelayInit), (224 bytes).
    Removing ht6xxx_spi.o(i.HT_SPI_CSHigh), (124 bytes).
    Removing ht6xxx_spi.o(i.HT_SPI_CSLow), (124 bytes).
    Removing ht6xxx_spi.o(i.HT_SPI_Init), (288 bytes).
    Removing ht6xxx_spi.o(i.HT_SPI_SendByte), (152 bytes).
    Removing ht6xxx_spi.o(i.HT_SPI_SetMsam_Delay), (152 bytes).
    Removing ht6xxx_tbs.o(.rev16_text), (4 bytes).
    Removing ht6xxx_tbs.o(.revsh_text), (4 bytes).
    Removing ht6xxx_tbs.o(i.HT_TBSConfig), (196 bytes).
    Removing ht6xxx_tbs.o(i.HT_TBS_ADCInjectConfig), (88 bytes).
    Removing ht6xxx_tbs.o(i.HT_TBS_ADCInjectSample), (180 bytes).
    Removing ht6xxx_tbs.o(i.HT_TBS_ADCTriSample), (140 bytes).
    Removing ht6xxx_tbs.o(i.HT_TBS_CMPThresholdSet), (112 bytes).
    Removing ht6xxx_tbs.o(i.HT_TBS_ClkSelConfig), (264 bytes).
    Removing ht6xxx_tbs.o(i.HT_TBS_FilCntConfig), (140 bytes).
    Removing ht6xxx_tbs.o(i.HT_TBS_ITConfig), (172 bytes).
    Removing ht6xxx_tbs.o(i.HT_TBS_InjectClkConfig), (196 bytes).
    Removing ht6xxx_tbs.o(i.HT_TBS_PeriodSet), (364 bytes).
    Removing ht6xxx_tbs.o(i.HT_TBS_TBSReset), (60 bytes).
    Removing ht6xxx_tbs.o(i.HT_TBS_ValueRead), (204 bytes).
    Removing ht6xxx_timer.o(.rev16_text), (4 bytes).
    Removing ht6xxx_timer.o(.revsh_text), (4 bytes).
    Removing ht6xxx_timer.o(i.HT_TMRExt_Init), (260 bytes).
    Removing ht6xxx_timer.o(i.HT_TMR_CaptureGet), (144 bytes).
    Removing ht6xxx_timer.o(i.HT_TMR_Cmd), (184 bytes).
    Removing ht6xxx_timer.o(i.HT_TMR_CompareSet), (144 bytes).
    Removing ht6xxx_timer.o(i.HT_TMR_CountGet), (144 bytes).
    Removing ht6xxx_timer.o(i.HT_TMR_CounterSet), (144 bytes).
    Removing ht6xxx_timer.o(i.HT_TMR_ITConfig), (228 bytes).
    Removing ht6xxx_timer.o(i.HT_TMR_Init), (256 bytes).
    Removing ht6xxx_timer.o(i.HT_TMR_PeriodSet), (148 bytes).
    Removing ht6xxx_timer.o(i.HT_TMR_PrescalerSet), (144 bytes).
    Removing ht6xxx_uart&7816.o(.rev16_text), (4 bytes).
    Removing ht6xxx_uart&7816.o(.revsh_text), (4 bytes).
    Removing ht6xxx_uart&7816.o(i.HT_IR_Init), (208 bytes).
    Removing ht6xxx_uart&7816.o(i.HT_ISO7816_ITConfig), (148 bytes).
    Removing ht6xxx_uart&7816.o(i.HT_ISO7816_Init), (292 bytes).
    Removing ht6xxx_uart&7816.o(i.HT_ISO7816_ReceiveData), (108 bytes).
    Removing ht6xxx_uart&7816.o(i.HT_ISO7816_SendData), (108 bytes).
    Removing ht6xxx_uart&7816.o(i.HT_UART_ITConfig), (192 bytes).
    Removing ht6xxx_uart&7816.o(i.HT_UART_Init), (432 bytes).
    Removing ht6xxx_uart&7816.o(i.HT_UART_RXFilterConfig), (156 bytes).
    Removing ht6xxx_uart&7816.o(i.HT_UART_ReceiveData), (144 bytes).
    Removing ht6xxx_uart&7816.o(i.HT_UART_SendData), (144 bytes).
    Removing ht6xxx_wdt.o(.rev16_text), (4 bytes).
    Removing ht6xxx_wdt.o(.revsh_text), (4 bytes).
    Removing ht6xxx_wdt.o(i.HT_FreeDog_WithPara), (268 bytes).
    Removing ht6xxx_wdt.o(i.HT_SHModeDogConfigure), (6 bytes).
    Removing ht6xxx_it.o(.rev16_text), (4 bytes).
    Removing ht6xxx_it.o(.revsh_text), (4 bytes).
    Removing ht6xxx_it.o(i.AES_IRQHandler), (2 bytes).
    Removing ht6xxx_it.o(i.EXTI9_IRQHandler), (40 bytes).
    Removing main.o(.rev16_text), (4 bytes).
    Removing main.o(.revsh_text), (4 bytes).
    Removing dadd.o(.text), (356 bytes).
    Removing dmul.o(.text), (208 bytes).
    Removing ddiv.o(.text), (240 bytes).
    Removing dfltui.o(.text), (28 bytes).
    Removing dfixui.o(.text), (60 bytes).
    Removing cdrcmple.o(.text), (40 bytes).
    Removing depilogue.o(.text), (190 bytes).
    Removing ht6xxx_crc.o(i.__ARM_common_switch8), (28 bytes).
    Removing depilogue.o(i.__ARM_clz), (46 bytes).

177 unused section(s) (total 21667 bytes) removed from the image.

==============================================================================

Image Symbol Table

    Local Symbols

    Symbol Name                              Value     Ov Type        Size  Object(Section)

    RESET                                    0x00000000   Section      192  startup_ht6x2xk.o(RESET)
    ../clib/microlib/division.c              0x00000000   Number         0  uidiv.o ABSOLUTE
    ../clib/microlib/init/entry.s            0x00000000   Number         0  entry5.o ABSOLUTE
    ../clib/microlib/init/entry.s            0x00000000   Number         0  entry7a.o ABSOLUTE
    ../clib/microlib/init/entry.s            0x00000000   Number         0  entry8b.o ABSOLUTE
    ../clib/microlib/init/entry.s            0x00000000   Number         0  entry8a.o ABSOLUTE
    ../clib/microlib/init/entry.s            0x00000000   Number         0  entry11b.o ABSOLUTE
    ../clib/microlib/init/entry.s            0x00000000   Number         0  entry.o ABSOLUTE
    ../clib/microlib/init/entry.s            0x00000000   Number         0  entry11a.o ABSOLUTE
    ../clib/microlib/init/entry.s            0x00000000   Number         0  entry10b.o ABSOLUTE
    ../clib/microlib/init/entry.s            0x00000000   Number         0  entry10a.o ABSOLUTE
    ../clib/microlib/init/entry.s            0x00000000   Number         0  entry9b.o ABSOLUTE
    ../clib/microlib/init/entry.s            0x00000000   Number         0  entry7b.o ABSOLUTE
    ../clib/microlib/init/entry.s            0x00000000   Number         0  entry9a.o ABSOLUTE
    ../clib/microlib/init/entry.s            0x00000000   Number         0  entry2.o ABSOLUTE
    ../clib/microlib/longlong.c              0x00000000   Number         0  llsshr.o ABSOLUTE
    ../clib/microlib/longlong.c              0x00000000   Number         0  llushr.o ABSOLUTE
    ../clib/microlib/longlong.c              0x00000000   Number         0  llshl.o ABSOLUTE
    ../clib/microlib/stubs.s                 0x00000000   Number         0  iusefp.o ABSOLUTE
    ../fplib/microlib/fpadd.c                0x00000000   Number         0  dadd.o ABSOLUTE
    ../fplib/microlib/fpdiv.c                0x00000000   Number         0  ddiv.o ABSOLUTE
    ../fplib/microlib/fpepilogue.c           0x00000000   Number         0  depilogue.o ABSOLUTE
    ../fplib/microlib/fpfix.c                0x00000000   Number         0  dfixui.o ABSOLUTE
    ../fplib/microlib/fpflt.c                0x00000000   Number         0  dfltui.o ABSOLUTE
    ../fplib/microlib/fpmul.c                0x00000000   Number         0  dmul.o ABSOLUTE
    ..\..\Libraries\CMSIS\DeviceSupport\src\system_ht6xxx.c 0x00000000   Number         0  system_ht6xxx.o ABSOLUTE
    ..\..\Libraries\HT60xx_StdPeriph_Driver\src\ht6xxx_cmu.c 0x00000000   Number         0  ht6xxx_cmu.o ABSOLUTE
    ..\..\Libraries\HT60xx_StdPeriph_Driver\src\ht6xxx_crc.c 0x00000000   Number         0  ht6xxx_crc.o ABSOLUTE
    ..\..\Libraries\HT60xx_StdPeriph_Driver\src\ht6xxx_dma.c 0x00000000   Number         0  ht6xxx_dma.o ABSOLUTE
    ..\..\Libraries\HT60xx_StdPeriph_Driver\src\ht6xxx_exti.c 0x00000000   Number         0  ht6xxx_exti.o ABSOLUTE
    ..\..\Libraries\HT60xx_StdPeriph_Driver\src\ht6xxx_flash.c 0x00000000   Number         0  ht6xxx_flash.o ABSOLUTE
    ..\..\Libraries\HT60xx_StdPeriph_Driver\src\ht6xxx_gpio.c 0x00000000   Number         0  ht6xxx_gpio.o ABSOLUTE
    ..\..\Libraries\HT60xx_StdPeriph_Driver\src\ht6xxx_iic.c 0x00000000   Number         0  ht6xxx_iic.o ABSOLUTE
    ..\..\Libraries\HT60xx_StdPeriph_Driver\src\ht6xxx_lcd.c 0x00000000   Number         0  ht6xxx_lcd.o ABSOLUTE
    ..\..\Libraries\HT60xx_StdPeriph_Driver\src\ht6xxx_pmu.c 0x00000000   Number         0  ht6xxx_pmu.o ABSOLUTE
    ..\..\Libraries\HT60xx_StdPeriph_Driver\src\ht6xxx_reset.c 0x00000000   Number         0  ht6xxx_reset.o ABSOLUTE
    ..\..\Libraries\HT60xx_StdPeriph_Driver\src\ht6xxx_rtc.c 0x00000000   Number         0  ht6xxx_rtc.o ABSOLUTE
    ..\..\Libraries\HT60xx_StdPeriph_Driver\src\ht6xxx_spi.c 0x00000000   Number         0  ht6xxx_spi.o ABSOLUTE
    ..\..\Libraries\HT60xx_StdPeriph_Driver\src\ht6xxx_tbs.c 0x00000000   Number         0  ht6xxx_tbs.o ABSOLUTE
    ..\..\Libraries\HT60xx_StdPeriph_Driver\src\ht6xxx_tdes&rand.c 0x00000000   Number         0  ht6xxx_tdes&rand.o ABSOLUTE
    ..\..\Libraries\HT60xx_StdPeriph_Driver\src\ht6xxx_timer.c 0x00000000   Number         0  ht6xxx_timer.o ABSOLUTE
    ..\..\Libraries\HT60xx_StdPeriph_Driver\src\ht6xxx_uart&7816.c 0x00000000   Number         0  ht6xxx_uart&7816.o ABSOLUTE
    ..\..\Libraries\HT60xx_StdPeriph_Driver\src\ht6xxx_wdt.c 0x00000000   Number         0  ht6xxx_wdt.o ABSOLUTE
    ..\..\Libraries\Startup\Keil\startup_ht6x2xK.s 0x00000000   Number         0  startup_ht6x2xk.o ABSOLUTE
    ..\..\Users\src\ht6xxx_it.c              0x00000000   Number         0  ht6xxx_it.o ABSOLUTE
    ..\..\Users\src\main.c                   0x00000000   Number         0  main.o ABSOLUTE
    ..\\..\\Libraries\\CMSIS\\DeviceSupport\\src\\system_ht6xxx.c 0x00000000   Number         0  system_ht6xxx.o ABSOLUTE
    ..\\..\\Libraries\\HT60xx_StdPeriph_Driver\\src\\ht6xxx_cmu.c 0x00000000   Number         0  ht6xxx_cmu.o ABSOLUTE
    ..\\..\\Libraries\\HT60xx_StdPeriph_Driver\\src\\ht6xxx_crc.c 0x00000000   Number         0  ht6xxx_crc.o ABSOLUTE
    ..\\..\\Libraries\\HT60xx_StdPeriph_Driver\\src\\ht6xxx_dma.c 0x00000000   Number         0  ht6xxx_dma.o ABSOLUTE
    ..\\..\\Libraries\\HT60xx_StdPeriph_Driver\\src\\ht6xxx_exti.c 0x00000000   Number         0  ht6xxx_exti.o ABSOLUTE
    ..\\..\\Libraries\\HT60xx_StdPeriph_Driver\\src\\ht6xxx_flash.c 0x00000000   Number         0  ht6xxx_flash.o ABSOLUTE
    ..\\..\\Libraries\\HT60xx_StdPeriph_Driver\\src\\ht6xxx_gpio.c 0x00000000   Number         0  ht6xxx_gpio.o ABSOLUTE
    ..\\..\\Libraries\\HT60xx_StdPeriph_Driver\\src\\ht6xxx_iic.c 0x00000000   Number         0  ht6xxx_iic.o ABSOLUTE
    ..\\..\\Libraries\\HT60xx_StdPeriph_Driver\\src\\ht6xxx_lcd.c 0x00000000   Number         0  ht6xxx_lcd.o ABSOLUTE
    ..\\..\\Libraries\\HT60xx_StdPeriph_Driver\\src\\ht6xxx_pmu.c 0x00000000   Number         0  ht6xxx_pmu.o ABSOLUTE
    ..\\..\\Libraries\\HT60xx_StdPeriph_Driver\\src\\ht6xxx_reset.c 0x00000000   Number         0  ht6xxx_reset.o ABSOLUTE
    ..\\..\\Libraries\\HT60xx_StdPeriph_Driver\\src\\ht6xxx_rtc.c 0x00000000   Number         0  ht6xxx_rtc.o ABSOLUTE
    ..\\..\\Libraries\\HT60xx_StdPeriph_Driver\\src\\ht6xxx_spi.c 0x00000000   Number         0  ht6xxx_spi.o ABSOLUTE
    ..\\..\\Libraries\\HT60xx_StdPeriph_Driver\\src\\ht6xxx_tbs.c 0x00000000   Number         0  ht6xxx_tbs.o ABSOLUTE
    ..\\..\\Libraries\\HT60xx_StdPeriph_Driver\\src\\ht6xxx_timer.c 0x00000000   Number         0  ht6xxx_timer.o ABSOLUTE
    ..\\..\\Libraries\\HT60xx_StdPeriph_Driver\\src\\ht6xxx_uart&7816.c 0x00000000   Number         0  ht6xxx_uart&7816.o ABSOLUTE
    ..\\..\\Libraries\\HT60xx_StdPeriph_Driver\\src\\ht6xxx_wdt.c 0x00000000   Number         0  ht6xxx_wdt.o ABSOLUTE
    ..\\..\\Users\\src\\ht6xxx_it.c          0x00000000   Number         0  ht6xxx_it.o ABSOLUTE
    ..\\..\\Users\\src\\main.c               0x00000000   Number         0  main.o ABSOLUTE
    cdrcmple.s                               0x00000000   Number         0  cdrcmple.o ABSOLUTE
    dc.s                                     0x00000000   Number         0  dc.o ABSOLUTE
    handlers.s                               0x00000000   Number         0  handlers.o ABSOLUTE
    init.s                                   0x00000000   Number         0  init.o ABSOLUTE
    .ARM.Collect$$$$00000000                 0x000000c0   Section        0  entry.o(.ARM.Collect$$$$00000000)
    .ARM.Collect$$$$00000001                 0x000000c0   Section        4  entry2.o(.ARM.Collect$$$$00000001)
    .ARM.Collect$$$$00000004                 0x000000c4   Section        4  entry5.o(.ARM.Collect$$$$00000004)
    .ARM.Collect$$$$00000008                 0x000000c8   Section        0  entry7b.o(.ARM.Collect$$$$00000008)
    .ARM.Collect$$$$0000000A                 0x000000c8   Section        0  entry8b.o(.ARM.Collect$$$$0000000A)
    .ARM.Collect$$$$0000000B                 0x000000c8   Section        8  entry9a.o(.ARM.Collect$$$$0000000B)
    .ARM.Collect$$$$0000000D                 0x000000d0   Section        0  entry10a.o(.ARM.Collect$$$$0000000D)
    .ARM.Collect$$$$0000000F                 0x000000d0   Section        0  entry11a.o(.ARM.Collect$$$$0000000F)
    .ARM.Collect$$$$00002712                 0x000000d0   Section        4  entry2.o(.ARM.Collect$$$$00002712)
    __lit__00000000                          0x000000d0   Data           4  entry2.o(.ARM.Collect$$$$00002712)
    .text                                    0x000000d4   Section       28  startup_ht6x2xk.o(.text)
    .text                                    0x000000f0   Section       36  init.o(.text)
    i.DMA_IRQHandler                         0x00000114   Section        0  ht6xxx_it.o(i.DMA_IRQHandler)
    i.DMA_IRQProc                            0x0000011c   Section        0  ht6xxx_it.o(i.DMA_IRQProc)
    DMA_IRQProc                              0x0000011d   Thumb Code   152  ht6xxx_it.o(i.DMA_IRQProc)
    i.EXTI0_IRQHandler                       0x000001b4   Section        0  ht6xxx_it.o(i.EXTI0_IRQHandler)
    i.EXTI1_IRQHandler                       0x000001d8   Section        0  ht6xxx_it.o(i.EXTI1_IRQHandler)
    i.EXTI2_IRQHandler                       0x000001fe   Section        0  ht6xxx_it.o(i.EXTI2_IRQHandler)
    i.EXTI3_IRQHandler                       0x00000224   Section        0  ht6xxx_it.o(i.EXTI3_IRQHandler)
    i.EXTI4_IRQHandler                       0x0000024a   Section        0  ht6xxx_it.o(i.EXTI4_IRQHandler)
    i.EXTI5_IRQHandler                       0x00000270   Section        0  ht6xxx_it.o(i.EXTI5_IRQHandler)
    i.EXTI6_IRQHandler                       0x00000296   Section        0  ht6xxx_it.o(i.EXTI6_IRQHandler)
    i.EXTI7_IRQHandler                       0x000002bc   Section        0  ht6xxx_it.o(i.EXTI7_IRQHandler)
    i.EXTI8_IRQHandler                       0x000002e4   Section        0  ht6xxx_it.o(i.EXTI8_IRQHandler)
    i.HT_CMU_StopFlagGet                     0x0000030c   Section        0  ht6xxx_cmu.o(i.HT_CMU_StopFlagGet)
    i.HT_DMA_ClearITPendingBit               0x00000380   Section        0  ht6xxx_dma.o(i.HT_DMA_ClearITPendingBit)
    i.HT_DMA_ITFlagStatusGet                 0x00000414   Section        0  ht6xxx_dma.o(i.HT_DMA_ITFlagStatusGet)
    i.HT_EXTIFall_ClearITPendingBit          0x000004b4   Section        0  ht6xxx_exti.o(i.HT_EXTIFall_ClearITPendingBit)
    i.HT_EXTIFall_ITFlagStatusGet            0x00000568   Section        0  ht6xxx_exti.o(i.HT_EXTIFall_ITFlagStatusGet)
    i.HT_EXTIRise_ClearITPendingBit          0x0000062c   Section        0  ht6xxx_exti.o(i.HT_EXTIRise_ClearITPendingBit)
    i.HT_EXTIRise_ITFlagStatusGet            0x000006f8   Section        0  ht6xxx_exti.o(i.HT_EXTIRise_ITFlagStatusGet)
    i.HT_FreeDog                             0x000007cc   Section        0  ht6xxx_wdt.o(i.HT_FreeDog)
    i.HT_I2C_IRQHandler_Default              0x000007dc   Section        0  ht6xxx_iic.o(i.HT_I2C_IRQHandler_Default)
    i.HT_ISO7816_ClearITPendingBit           0x000007e0   Section        0  ht6xxx_uart&7816.o(i.HT_ISO7816_ClearITPendingBit)
    i.HT_ISO7816_ITFlagStatusGet             0x00000860   Section        0  ht6xxx_uart&7816.o(i.HT_ISO7816_ITFlagStatusGet)
    i.HT_PMU_ClearITPendingBit               0x000008f0   Section        0  ht6xxx_pmu.o(i.HT_PMU_ClearITPendingBit)
    i.HT_PMU_ITFlagStatusGet                 0x00000954   Section        0  ht6xxx_pmu.o(i.HT_PMU_ITFlagStatusGet)
    i.HT_SPI_ClearITPendingBit               0x000009c8   Section        0  ht6xxx_spi.o(i.HT_SPI_ClearITPendingBit)
    i.HT_SPI_ITFlagStatusGet                 0x00000a64   Section        0  ht6xxx_spi.o(i.HT_SPI_ITFlagStatusGet)
    i.HT_TBS_ClearITPendingBit               0x00000b08   Section        0  ht6xxx_tbs.o(i.HT_TBS_ClearITPendingBit)
    i.HT_TBS_ITFlagStatusGet                 0x00000b9c   Section        0  ht6xxx_tbs.o(i.HT_TBS_ITFlagStatusGet)
    i.HT_TMR_ClearITPendingBit               0x00000c3c   Section        0  ht6xxx_timer.o(i.HT_TMR_ClearITPendingBit)
    i.HT_TMR_ITFlagStatusGet                 0x00000cf4   Section        0  ht6xxx_timer.o(i.HT_TMR_ITFlagStatusGet)
    i.HT_UART_ClearITPendingBit              0x00000dbc   Section        0  ht6xxx_uart&7816.o(i.HT_UART_ClearITPendingBit)
    i.HT_UART_ITFlagStatusGet                0x00000e60   Section        0  ht6xxx_uart&7816.o(i.HT_UART_ITFlagStatusGet)
    i.HardFault_Handler                      0x00000f14   Section        0  ht6xxx_it.o(i.HardFault_Handler)
    i.I2C_IRQHandler                         0x00000f18   Section        0  ht6xxx_it.o(i.I2C_IRQHandler)
    i.NMI_Handler                            0x00000f20   Section        0  ht6xxx_it.o(i.NMI_Handler)
    i.PMU_IRQHandler                         0x00000f36   Section        0  ht6xxx_it.o(i.PMU_IRQHandler)
    i.PendSV_Handler                         0x00000f78   Section        0  ht6xxx_it.o(i.PendSV_Handler)
    i.RTC_IRQHandler                         0x00000f7c   Section        0  ht6xxx_it.o(i.RTC_IRQHandler)
    i.SPI0_IRQHandler                        0x00000f90   Section        0  ht6xxx_it.o(i.SPI0_IRQHandler)
    .ARM.__at_0x0FC0                         0x00000fc0   Section        4  startup_ht6x2xk.o(.ARM.__at_0x0FC0)
    i.SPI1_IRQHandler                        0x00000fc4   Section        0  ht6xxx_it.o(i.SPI1_IRQHandler)
    i.SPI3_IRQHandler                        0x00000ff4   Section        0  ht6xxx_it.o(i.SPI3_IRQHandler)
    i.SVC_Handler                            0x00001024   Section        0  ht6xxx_it.o(i.SVC_Handler)
    i.SelfTestFreq_IRQHandler                0x00001026   Section        0  ht6xxx_it.o(i.SelfTestFreq_IRQHandler)
    i.SysTick_Handler                        0x00001028   Section        0  ht6xxx_it.o(i.SysTick_Handler)
    i.SystemInit                             0x0000102a   Section        0  system_ht6xxx.o(i.SystemInit)
    i.TBS_IRQHandler                         0x0000102c   Section        0  ht6xxx_it.o(i.TBS_IRQHandler)
    i.TIMER_0_IRQHandler                     0x000010d4   Section        0  ht6xxx_it.o(i.TIMER_0_IRQHandler)
    i.TIMER_1_IRQHandler                     0x0000112c   Section        0  ht6xxx_it.o(i.TIMER_1_IRQHandler)
    i.TIMER_2_IRQHandler                     0x00001184   Section        0  ht6xxx_it.o(i.TIMER_2_IRQHandler)
    i.TIMER_3_IRQHandler                     0x000011dc   Section        0  ht6xxx_it.o(i.TIMER_3_IRQHandler)
    i.TIMER_4_IRQHandler                     0x00001234   Section        0  ht6xxx_it.o(i.TIMER_4_IRQHandler)
    i.TIMER_5_IRQHandler                     0x0000128c   Section        0  ht6xxx_it.o(i.TIMER_5_IRQHandler)
    i.UART0_IRQHandler                       0x000012e4   Section        0  ht6xxx_it.o(i.UART0_IRQHandler)
    i.UART1_IRQHandler                       0x00001314   Section        0  ht6xxx_it.o(i.UART1_IRQHandler)
    i.UART2_IRQHandler                       0x00001344   Section        0  ht6xxx_it.o(i.UART2_IRQHandler)
    i.UART3_IRQHandler                       0x00001374   Section        0  ht6xxx_it.o(i.UART3_IRQHandler)
    i.UART4_IRQHandler                       0x000013e0   Section        0  ht6xxx_it.o(i.UART4_IRQHandler)
    i.UART5_IRQHandler                       0x0000144c   Section        0  ht6xxx_it.o(i.UART5_IRQHandler)
    i.__scatterload_copy                     0x00001478   Section       14  handlers.o(i.__scatterload_copy)
    i.__scatterload_null                     0x00001486   Section        2  handlers.o(i.__scatterload_null)
    i.__scatterload_zeroinit                 0x00001488   Section       14  handlers.o(i.__scatterload_zeroinit)
    i.assert_failed                          0x00001496   Section        0  main.o(i.assert_failed)
    i.main                                   0x0000149a   Section        0  main.o(i.main)
    STACK                                    0x20000000   Section     8192  startup_ht6x2xk.o(STACK)

    Global Symbols

    Symbol Name                              Value     Ov Type        Size  Object(Section)

    BuildAttributes$$THM_ISAv3M$S$PE$A:L22$X:L11$S22$IEEE1$IW$USESV6$~STKCKD$USESV7$~SHL$OSPACE$ROPI$EBA8$MICROLIB$REQ8$EABIv2 0x00000000   Number         0  anon$$obj.o ABSOLUTE
    __ARM_use_no_argv                        0x00000000   Number         0  main.o ABSOLUTE
    __Vectors                                0x00000000   Data           4  startup_ht6x2xk.o(RESET)
    __cpp_initialize__aeabi_                  - Undefined Weak Reference
    __cxa_finalize                            - Undefined Weak Reference
    __decompress                              - Undefined Weak Reference
    _clock_init                               - Undefined Weak Reference
    _microlib_exit                            - Undefined Weak Reference
    __main                                   0x000000c1   Thumb Code     0  entry.o(.ARM.Collect$$$$00000000)
    _main_stk                                0x000000c1   Thumb Code     0  entry2.o(.ARM.Collect$$$$00000001)
    _main_scatterload                        0x000000c5   Thumb Code     0  entry5.o(.ARM.Collect$$$$00000004)
    __main_after_scatterload                 0x000000c9   Thumb Code     0  entry5.o(.ARM.Collect$$$$00000004)
    _main_clock                              0x000000c9   Thumb Code     0  entry7b.o(.ARM.Collect$$$$00000008)
    _main_cpp_init                           0x000000c9   Thumb Code     0  entry8b.o(.ARM.Collect$$$$0000000A)
    _main_init                               0x000000c9   Thumb Code     0  entry9a.o(.ARM.Collect$$$$0000000B)
    __rt_final_cpp                           0x000000d1   Thumb Code     0  entry10a.o(.ARM.Collect$$$$0000000D)
    __rt_final_exit                          0x000000d1   Thumb Code     0  entry11a.o(.ARM.Collect$$$$0000000F)
    Reset_Handler                            0x000000d5   Thumb Code     8  startup_ht6x2xk.o(.text)
    Reserved_IRQHandler                      0x000000e7   Thumb Code     0  startup_ht6x2xk.o(.text)
    __scatterload                            0x000000f1   Thumb Code    28  init.o(.text)
    __scatterload_rt2                        0x000000f1   Thumb Code     0  init.o(.text)
    DMA_IRQHandler                           0x00000115   Thumb Code     8  ht6xxx_it.o(i.DMA_IRQHandler)
    EXTI0_IRQHandler                         0x000001b5   Thumb Code    36  ht6xxx_it.o(i.EXTI0_IRQHandler)
    EXTI1_IRQHandler                         0x000001d9   Thumb Code    38  ht6xxx_it.o(i.EXTI1_IRQHandler)
    EXTI2_IRQHandler                         0x000001ff   Thumb Code    38  ht6xxx_it.o(i.EXTI2_IRQHandler)
    EXTI3_IRQHandler                         0x00000225   Thumb Code    38  ht6xxx_it.o(i.EXTI3_IRQHandler)
    EXTI4_IRQHandler                         0x0000024b   Thumb Code    38  ht6xxx_it.o(i.EXTI4_IRQHandler)
    EXTI5_IRQHandler                         0x00000271   Thumb Code    38  ht6xxx_it.o(i.EXTI5_IRQHandler)
    EXTI6_IRQHandler                         0x00000297   Thumb Code    38  ht6xxx_it.o(i.EXTI6_IRQHandler)
    EXTI7_IRQHandler                         0x000002bd   Thumb Code    40  ht6xxx_it.o(i.EXTI7_IRQHandler)
    EXTI8_IRQHandler                         0x000002e5   Thumb Code    40  ht6xxx_it.o(i.EXTI8_IRQHandler)
    HT_CMU_StopFlagGet                       0x0000030d   Thumb Code    46  ht6xxx_cmu.o(i.HT_CMU_StopFlagGet)
    HT_DMA_ClearITPendingBit                 0x00000381   Thumb Code    80  ht6xxx_dma.o(i.HT_DMA_ClearITPendingBit)
    HT_DMA_ITFlagStatusGet                   0x00000415   Thumb Code    92  ht6xxx_dma.o(i.HT_DMA_ITFlagStatusGet)
    HT_EXTIFall_ClearITPendingBit            0x000004b5   Thumb Code   116  ht6xxx_exti.o(i.HT_EXTIFall_ClearITPendingBit)
    HT_EXTIFall_ITFlagStatusGet              0x00000569   Thumb Code   130  ht6xxx_exti.o(i.HT_EXTIFall_ITFlagStatusGet)
    HT_EXTIRise_ClearITPendingBit            0x0000062d   Thumb Code   138  ht6xxx_exti.o(i.HT_EXTIRise_ClearITPendingBit)
    HT_EXTIRise_ITFlagStatusGet              0x000006f9   Thumb Code   148  ht6xxx_exti.o(i.HT_EXTIRise_ITFlagStatusGet)
    HT_FreeDog                               0x000007cd   Thumb Code     8  ht6xxx_wdt.o(i.HT_FreeDog)
    HT_I2C_IRQHandler_Default                0x000007dd   Thumb Code     2  ht6xxx_iic.o(i.HT_I2C_IRQHandler_Default)
    HT_ISO7816_ClearITPendingBit             0x000007e1   Thumb Code    56  ht6xxx_uart&7816.o(i.HT_ISO7816_ClearITPendingBit)
    HT_ISO7816_ITFlagStatusGet               0x00000861   Thumb Code    70  ht6xxx_uart&7816.o(i.HT_ISO7816_ITFlagStatusGet)
    HT_PMU_ClearITPendingBit                 0x000008f1   Thumb Code    36  ht6xxx_pmu.o(i.HT_PMU_ClearITPendingBit)
    HT_PMU_ITFlagStatusGet                   0x00000955   Thumb Code    48  ht6xxx_pmu.o(i.HT_PMU_ITFlagStatusGet)
    HT_SPI_ClearITPendingBit                 0x000009c9   Thumb Code    82  ht6xxx_spi.o(i.HT_SPI_ClearITPendingBit)
    HT_SPI_ITFlagStatusGet                   0x00000a65   Thumb Code    90  ht6xxx_spi.o(i.HT_SPI_ITFlagStatusGet)
    HT_TBS_ClearITPendingBit                 0x00000b09   Thumb Code    80  ht6xxx_tbs.o(i.HT_TBS_ClearITPendingBit)
    HT_TBS_ITFlagStatusGet                   0x00000b9d   Thumb Code    92  ht6xxx_tbs.o(i.HT_TBS_ITFlagStatusGet)
    HT_TMR_ClearITPendingBit                 0x00000c3d   Thumb Code   100  ht6xxx_timer.o(i.HT_TMR_ClearITPendingBit)
    HT_TMR_ITFlagStatusGet                   0x00000cf5   Thumb Code   112  ht6xxx_timer.o(i.HT_TMR_ITFlagStatusGet)
    HT_UART_ClearITPendingBit                0x00000dbd   Thumb Code    80  ht6xxx_uart&7816.o(i.HT_UART_ClearITPendingBit)
    HT_UART_ITFlagStatusGet                  0x00000e61   Thumb Code    94  ht6xxx_uart&7816.o(i.HT_UART_ITFlagStatusGet)
    HardFault_Handler                        0x00000f15   Thumb Code     4  ht6xxx_it.o(i.HardFault_Handler)
    I2C_IRQHandler                           0x00000f19   Thumb Code     8  ht6xxx_it.o(i.I2C_IRQHandler)
    NMI_Handler                              0x00000f21   Thumb Code    22  ht6xxx_it.o(i.NMI_Handler)
    PMU_IRQHandler                           0x00000f37   Thumb Code    66  ht6xxx_it.o(i.PMU_IRQHandler)
    PendSV_Handler                           0x00000f79   Thumb Code     2  ht6xxx_it.o(i.PendSV_Handler)
    RTC_IRQHandler                           0x00000f7d   Thumb Code    14  ht6xxx_it.o(i.RTC_IRQHandler)
    SPI0_IRQHandler                          0x00000f91   Thumb Code    44  ht6xxx_it.o(i.SPI0_IRQHandler)
    SPI1_IRQHandler                          0x00000fc5   Thumb Code    44  ht6xxx_it.o(i.SPI1_IRQHandler)
    SPI3_IRQHandler                          0x00000ff5   Thumb Code    44  ht6xxx_it.o(i.SPI3_IRQHandler)
    SVC_Handler                              0x00001025   Thumb Code     2  ht6xxx_it.o(i.SVC_Handler)
    SelfTestFreq_IRQHandler                  0x00001027   Thumb Code     2  ht6xxx_it.o(i.SelfTestFreq_IRQHandler)
    SysTick_Handler                          0x00001029   Thumb Code     2  ht6xxx_it.o(i.SysTick_Handler)
    SystemInit                               0x0000102b   Thumb Code     2  system_ht6xxx.o(i.SystemInit)
    TBS_IRQHandler                           0x0000102d   Thumb Code   166  ht6xxx_it.o(i.TBS_IRQHandler)
    TIMER_0_IRQHandler                       0x000010d5   Thumb Code    84  ht6xxx_it.o(i.TIMER_0_IRQHandler)
    TIMER_1_IRQHandler                       0x0000112d   Thumb Code    84  ht6xxx_it.o(i.TIMER_1_IRQHandler)
    TIMER_2_IRQHandler                       0x00001185   Thumb Code    84  ht6xxx_it.o(i.TIMER_2_IRQHandler)
    TIMER_3_IRQHandler                       0x000011dd   Thumb Code    84  ht6xxx_it.o(i.TIMER_3_IRQHandler)
    TIMER_4_IRQHandler                       0x00001235   Thumb Code    84  ht6xxx_it.o(i.TIMER_4_IRQHandler)
    TIMER_5_IRQHandler                       0x0000128d   Thumb Code    84  ht6xxx_it.o(i.TIMER_5_IRQHandler)
    UART0_IRQHandler                         0x000012e5   Thumb Code    44  ht6xxx_it.o(i.UART0_IRQHandler)
    UART1_IRQHandler                         0x00001315   Thumb Code    44  ht6xxx_it.o(i.UART1_IRQHandler)
    UART2_IRQHandler                         0x00001345   Thumb Code    44  ht6xxx_it.o(i.UART2_IRQHandler)
    UART3_IRQHandler                         0x00001375   Thumb Code   104  ht6xxx_it.o(i.UART3_IRQHandler)
    UART4_IRQHandler                         0x000013e1   Thumb Code   104  ht6xxx_it.o(i.UART4_IRQHandler)
    UART5_IRQHandler                         0x0000144d   Thumb Code    44  ht6xxx_it.o(i.UART5_IRQHandler)
    __scatterload_copy                       0x00001479   Thumb Code    14  handlers.o(i.__scatterload_copy)
    __scatterload_null                       0x00001487   Thumb Code     2  handlers.o(i.__scatterload_null)
    __scatterload_zeroinit                   0x00001489   Thumb Code    14  handlers.o(i.__scatterload_zeroinit)
    assert_failed                            0x00001497   Thumb Code     4  main.o(i.assert_failed)
    main                                     0x0000149b   Thumb Code     8  main.o(i.main)
    Region$$Table$$Base                      0x000014a4   Number         0  anon$$obj.o(Region$$Table)
    Region$$Table$$Limit                     0x000014b4   Number         0  anon$$obj.o(Region$$Table)
    __initial_sp                             0x20002000   Data           0  startup_ht6x2xk.o(STACK)



==============================================================================

Memory Map of the image

  Image Entry point : 0x000000c1

  Load Region LR_IROM1 (Base: 0x00000000, Size: 0x000014b4, Max: 0x00040000, ABSOLUTE)

    Execution Region ER_IROM1 (Base: 0x00000000, Size: 0x000014b4, Max: 0x00040000, ABSOLUTE)

    Base Addr    Size         Type   Attr      Idx    E Section Name        Object

    0x00000000   0x000000c0   Data   RO          129    RESET               startup_ht6x2xk.o
    0x000000c0   0x00000000   Code   RO         1502  * .ARM.Collect$$$$00000000  mc_p.l(entry.o)
    0x000000c0   0x00000004   Code   RO         1519    .ARM.Collect$$$$00000001  mc_p.l(entry2.o)
    0x000000c4   0x00000004   Code   RO         1522    .ARM.Collect$$$$00000004  mc_p.l(entry5.o)
    0x000000c8   0x00000000   Code   RO         1524    .ARM.Collect$$$$00000008  mc_p.l(entry7b.o)
    0x000000c8   0x00000000   Code   RO         1526    .ARM.Collect$$$$0000000A  mc_p.l(entry8b.o)
    0x000000c8   0x00000008   Code   RO         1527    .ARM.Collect$$$$0000000B  mc_p.l(entry9a.o)
    0x000000d0   0x00000000   Code   RO         1529    .ARM.Collect$$$$0000000D  mc_p.l(entry10a.o)
    0x000000d0   0x00000000   Code   RO         1531    .ARM.Collect$$$$0000000F  mc_p.l(entry11a.o)
    0x000000d0   0x00000004   Code   RO         1520    .ARM.Collect$$$$00002712  mc_p.l(entry2.o)
    0x000000d4   0x0000001c   Code   RO          131    .text               startup_ht6x2xk.o
    0x000000f0   0x00000024   Code   RO         1544    .text               mc_p.l(init.o)
    0x00000114   0x00000008   Code   RO         1238    i.DMA_IRQHandler    ht6xxx_it.o
    0x0000011c   0x00000098   Code   RO         1239    i.DMA_IRQProc       ht6xxx_it.o
    0x000001b4   0x00000024   Code   RO         1240    i.EXTI0_IRQHandler  ht6xxx_it.o
    0x000001d8   0x00000026   Code   RO         1241    i.EXTI1_IRQHandler  ht6xxx_it.o
    0x000001fe   0x00000026   Code   RO         1242    i.EXTI2_IRQHandler  ht6xxx_it.o
    0x00000224   0x00000026   Code   RO         1243    i.EXTI3_IRQHandler  ht6xxx_it.o
    0x0000024a   0x00000026   Code   RO         1244    i.EXTI4_IRQHandler  ht6xxx_it.o
    0x00000270   0x00000026   Code   RO         1245    i.EXTI5_IRQHandler  ht6xxx_it.o
    0x00000296   0x00000026   Code   RO         1246    i.EXTI6_IRQHandler  ht6xxx_it.o
    0x000002bc   0x00000028   Code   RO         1247    i.EXTI7_IRQHandler  ht6xxx_it.o
    0x000002e4   0x00000028   Code   RO         1248    i.EXTI8_IRQHandler  ht6xxx_it.o
    0x0000030c   0x00000074   Code   RO          147    i.HT_CMU_StopFlagGet  ht6xxx_cmu.o
    0x00000380   0x00000094   Code   RO          249    i.HT_DMA_ClearITPendingBit  ht6xxx_dma.o
    0x00000414   0x000000a0   Code   RO          252    i.HT_DMA_ITFlagStatusGet  ht6xxx_dma.o
    0x000004b4   0x000000b4   Code   RO          293    i.HT_EXTIFall_ClearITPendingBit  ht6xxx_exti.o
    0x00000568   0x000000c4   Code   RO          295    i.HT_EXTIFall_ITFlagStatusGet  ht6xxx_exti.o
    0x0000062c   0x000000cc   Code   RO          296    i.HT_EXTIRise_ClearITPendingBit  ht6xxx_exti.o
    0x000006f8   0x000000d4   Code   RO          298    i.HT_EXTIRise_ITFlagStatusGet  ht6xxx_exti.o
    0x000007cc   0x00000010   Code   RO         1205    i.HT_FreeDog        ht6xxx_wdt.o
    0x000007dc   0x00000002   Code   RO          516    i.HT_I2C_IRQHandler_Default  ht6xxx_iic.o
    0x000007de   0x00000002   PAD
    0x000007e0   0x00000080   Code   RO         1108    i.HT_ISO7816_ClearITPendingBit  ht6xxx_uart&7816.o
    0x00000860   0x00000090   Code   RO         1110    i.HT_ISO7816_ITFlagStatusGet  ht6xxx_uart&7816.o
    0x000008f0   0x00000064   Code   RO          657    i.HT_PMU_ClearITPendingBit  ht6xxx_pmu.o
    0x00000954   0x00000074   Code   RO          661    i.HT_PMU_ITFlagStatusGet  ht6xxx_pmu.o
    0x000009c8   0x0000009c   Code   RO          855    i.HT_SPI_ClearITPendingBit  ht6xxx_spi.o
    0x00000a64   0x000000a4   Code   RO          856    i.HT_SPI_ITFlagStatusGet  ht6xxx_spi.o
    0x00000b08   0x00000094   Code   RO          919    i.HT_TBS_ClearITPendingBit  ht6xxx_tbs.o
    0x00000b9c   0x000000a0   Code   RO          923    i.HT_TBS_ITFlagStatusGet  ht6xxx_tbs.o
    0x00000c3c   0x000000b8   Code   RO         1023    i.HT_TMR_ClearITPendingBit  ht6xxx_timer.o
    0x00000cf4   0x000000c8   Code   RO         1029    i.HT_TMR_ITFlagStatusGet  ht6xxx_timer.o
    0x00000dbc   0x000000a4   Code   RO         1114    i.HT_UART_ClearITPendingBit  ht6xxx_uart&7816.o
    0x00000e60   0x000000b4   Code   RO         1116    i.HT_UART_ITFlagStatusGet  ht6xxx_uart&7816.o
    0x00000f14   0x00000004   Code   RO         1250    i.HardFault_Handler  ht6xxx_it.o
    0x00000f18   0x00000008   Code   RO         1251    i.I2C_IRQHandler    ht6xxx_it.o
    0x00000f20   0x00000016   Code   RO         1252    i.NMI_Handler       ht6xxx_it.o
    0x00000f36   0x00000042   Code   RO         1253    i.PMU_IRQHandler    ht6xxx_it.o
    0x00000f78   0x00000002   Code   RO         1254    i.PendSV_Handler    ht6xxx_it.o
    0x00000f7a   0x00000002   PAD
    0x00000f7c   0x00000014   Code   RO         1255    i.RTC_IRQHandler    ht6xxx_it.o
    0x00000f90   0x00000030   Code   RO         1256    i.SPI0_IRQHandler   ht6xxx_it.o
    0x00000fc0   0x00000004   Code   RO          130    .ARM.__at_0x0FC0    startup_ht6x2xk.o
    0x00000fc4   0x00000030   Code   RO         1257    i.SPI1_IRQHandler   ht6xxx_it.o
    0x00000ff4   0x00000030   Code   RO         1258    i.SPI3_IRQHandler   ht6xxx_it.o
    0x00001024   0x00000002   Code   RO         1259    i.SVC_Handler       ht6xxx_it.o
    0x00001026   0x00000002   Code   RO         1260    i.SelfTestFreq_IRQHandler  ht6xxx_it.o
    0x00001028   0x00000002   Code   RO         1261    i.SysTick_Handler   ht6xxx_it.o
    0x0000102a   0x00000002   Code   RO            3    i.SystemInit        system_ht6xxx.o
    0x0000102c   0x000000a6   Code   RO         1262    i.TBS_IRQHandler    ht6xxx_it.o
    0x000010d2   0x00000002   PAD
    0x000010d4   0x00000058   Code   RO         1263    i.TIMER_0_IRQHandler  ht6xxx_it.o
    0x0000112c   0x00000058   Code   RO         1264    i.TIMER_1_IRQHandler  ht6xxx_it.o
    0x00001184   0x00000058   Code   RO         1265    i.TIMER_2_IRQHandler  ht6xxx_it.o
    0x000011dc   0x00000058   Code   RO         1266    i.TIMER_3_IRQHandler  ht6xxx_it.o
    0x00001234   0x00000058   Code   RO         1267    i.TIMER_4_IRQHandler  ht6xxx_it.o
    0x0000128c   0x00000058   Code   RO         1268    i.TIMER_5_IRQHandler  ht6xxx_it.o
    0x000012e4   0x00000030   Code   RO         1269    i.UART0_IRQHandler  ht6xxx_it.o
    0x00001314   0x00000030   Code   RO         1270    i.UART1_IRQHandler  ht6xxx_it.o
    0x00001344   0x00000030   Code   RO         1271    i.UART2_IRQHandler  ht6xxx_it.o
    0x00001374   0x0000006c   Code   RO         1272    i.UART3_IRQHandler  ht6xxx_it.o
    0x000013e0   0x0000006c   Code   RO         1273    i.UART4_IRQHandler  ht6xxx_it.o
    0x0000144c   0x0000002c   Code   RO         1274    i.UART5_IRQHandler  ht6xxx_it.o
    0x00001478   0x0000000e   Code   RO         1548    i.__scatterload_copy  mc_p.l(handlers.o)
    0x00001486   0x00000002   Code   RO         1549    i.__scatterload_null  mc_p.l(handlers.o)
    0x00001488   0x0000000e   Code   RO         1550    i.__scatterload_zeroinit  mc_p.l(handlers.o)
    0x00001496   0x00000004   Code   RO         1478    i.assert_failed     main.o
    0x0000149a   0x00000008   Code   RO         1479    i.main              main.o
    0x000014a2   0x00000002   PAD
    0x000014a4   0x00000010   Data   RO         1546    Region$$Table       anon$$obj.o


    Execution Region RW_IRAM1 (Base: 0x20000000, Size: 0x00002000, Max: 0x00008000, ABSOLUTE)

    Base Addr    Size         Type   Attr      Idx    E Section Name        Object

    0x20000000   0x00002000   Zero   RW          127    STACK               startup_ht6x2xk.o


==============================================================================

Image component sizes


      Code (inc. data)   RO Data    RW Data    ZI Data      Debug   Object Name

       116         70          0          0          0        657   ht6xxx_cmu.o
       308        136          0          0          0       1348   ht6xxx_dma.o
       792        260          0          0          0       2948   ht6xxx_exti.o
         2          0          0          0          0        532   ht6xxx_iic.o
      1874         62          0          0          0      18207   ht6xxx_it.o
       216        132          0          0          0       1276   ht6xxx_pmu.o
       320        148          0          0          0       1904   ht6xxx_spi.o
       308        136          0          0          0       1360   ht6xxx_tbs.o
       384        172          0          0          0       1904   ht6xxx_timer.o
       616        316          0          0          0       3398   ht6xxx_uart&7816.o
        16          8          0          0          0        505   ht6xxx_wdt.o
        12          0          0          0          0       1339   main.o
        32         12        192          0       8192        940   startup_ht6x2xk.o
         2          0          0          0          0      64941   system_ht6xxx.o

    ----------------------------------------------------------------------
      5006       1452        208          0       8192     101259   Object Totals
         0          0         16          0          0          0   (incl. Generated)
         8          0          0          0          0          0   (incl. Padding)

    ----------------------------------------------------------------------

      Code (inc. data)   RO Data    RW Data    ZI Data      Debug   Library Member Name

         0          0          0          0          0          0   entry.o
         0          0          0          0          0          0   entry10a.o
         0          0          0          0          0          0   entry11a.o
         8          4          0          0          0          0   entry2.o
         4          0          0          0          0          0   entry5.o
         0          0          0          0          0          0   entry7b.o
         0          0          0          0          0          0   entry8b.o
         8          4          0          0          0          0   entry9a.o
        30          0          0          0          0          0   handlers.o
        36          8          0          0          0         68   init.o

    ----------------------------------------------------------------------
        86         16          0          0          0         68   Library Totals
         0          0          0          0          0          0   (incl. Padding)

    ----------------------------------------------------------------------

      Code (inc. data)   RO Data    RW Data    ZI Data      Debug   Library Name

        86         16          0          0          0         68   mc_p.l

    ----------------------------------------------------------------------
        86         16          0          0          0         68   Library Totals

    ----------------------------------------------------------------------

==============================================================================


      Code (inc. data)   RO Data    RW Data    ZI Data      Debug   

      5092       1468        208          0       8192      99015   Grand Totals
      5092       1468        208          0       8192      99015   ELF Image Totals
      5092       1468        208          0          0          0   ROM Totals

==============================================================================

    Total RO  Size (Code + RO Data)                 5300 (   5.18kB)
    Total RW  Size (RW Data + ZI Data)              8192 (   8.00kB)
    Total ROM Size (Code + RO Data + RW Data)       5300 (   5.18kB)

==============================================================================

