Component: ARM Compiler 5.05 update 1 (build 106) Tool: armlink [4d0efa]

==============================================================================

Section Cross References

    startup_ht6x1x.o(RESET) refers to startup_ht6x1x.o(STACK) for __initial_sp
    startup_ht6x1x.o(RESET) refers to startup_ht6x1x.o(.text) for Reset_Handler
    startup_ht6x1x.o(RESET) refers to ht6xxx_it.o(i.NMI_Handler) for NMI_Handler
    startup_ht6x1x.o(RESET) refers to ht6xxx_it.o(i.HardFault_Handler) for HardFault_Handler
    startup_ht6x1x.o(RESET) refers to ht6xxx_it.o(i.SVC_Handler) for SVC_Handler
    startup_ht6x1x.o(RESET) refers to ht6xxx_it.o(i.PendSV_Handler) for PendSV_Handler
    startup_ht6x1x.o(RESET) refers to ht6xxx_it.o(i.SysTick_Handler) for SysTick_Handler
    startup_ht6x1x.o(RESET) refers to ht6xxx_it.o(i.PMU_IRQHandler) for PMU_IRQHandler
    startup_ht6x1x.o(RESET) refers to ht6xxx_it.o(i.TDES_IRQHandler) for TDES_IRQHandler
    startup_ht6x1x.o(RESET) refers to ht6xxx_it.o(i.EXTI0_IRQHandler) for EXTI0_IRQHandler
    startup_ht6x1x.o(RESET) refers to ht6xxx_it.o(i.EXTI1_IRQHandler) for EXTI1_IRQHandler
    startup_ht6x1x.o(RESET) refers to ht6xxx_it.o(i.EXTI2_IRQHandler) for EXTI2_IRQHandler
    startup_ht6x1x.o(RESET) refers to ht6xxx_it.o(i.EXTI3_IRQHandler) for EXTI3_IRQHandler
    startup_ht6x1x.o(RESET) refers to ht6xxx_it.o(i.EXTI4_IRQHandler) for EXTI4_IRQHandler
    startup_ht6x1x.o(RESET) refers to ht6xxx_it.o(i.EXTI5_IRQHandler) for EXTI5_IRQHandler
    startup_ht6x1x.o(RESET) refers to ht6xxx_it.o(i.EXTI6_IRQHandler) for EXTI6_IRQHandler
    startup_ht6x1x.o(RESET) refers to ht6xxx_it.o(i.UART0_IRQHandler) for UART0_IRQHandler
    startup_ht6x1x.o(RESET) refers to ht6xxx_it.o(i.UART1_IRQHandler) for UART1_IRQHandler
    startup_ht6x1x.o(RESET) refers to ht6xxx_it.o(i.UART2_IRQHandler) for UART2_IRQHandler
    startup_ht6x1x.o(RESET) refers to ht6xxx_it.o(i.UART3_IRQHandler) for UART3_IRQHandler
    startup_ht6x1x.o(RESET) refers to ht6xxx_it.o(i.UART4_IRQHandler) for UART4_IRQHandler
    startup_ht6x1x.o(RESET) refers to ht6xxx_it.o(i.UART5_IRQHandler) for UART5_IRQHandler
    startup_ht6x1x.o(RESET) refers to ht6xxx_it.o(i.TIMER_0_IRQHandler) for TIMER_0_IRQHandler
    startup_ht6x1x.o(RESET) refers to ht6xxx_it.o(i.TIMER_1_IRQHandler) for TIMER_1_IRQHandler
    startup_ht6x1x.o(RESET) refers to ht6xxx_it.o(i.TIMER_2_IRQHandler) for TIMER_2_IRQHandler
    startup_ht6x1x.o(RESET) refers to ht6xxx_it.o(i.TIMER_3_IRQHandler) for TIMER_3_IRQHandler
    startup_ht6x1x.o(RESET) refers to ht6xxx_it.o(i.TBS_IRQHandler) for TBS_IRQHandler
    startup_ht6x1x.o(RESET) refers to ht6xxx_it.o(i.RTC_IRQHandler) for RTC_IRQHandler
    startup_ht6x1x.o(RESET) refers to ht6xxx_it.o(i.I2C_IRQHandler) for I2C_IRQHandler
    startup_ht6x1x.o(RESET) refers to ht6xxx_it.o(i.SPI0_IRQHandler) for SPI0_IRQHandler
    startup_ht6x1x.o(RESET) refers to ht6xxx_it.o(i.WDT_IRQHandler) for WDT_IRQHandler
    startup_ht6x1x.o(.text) refers to system_ht6xxx.o(i.SystemInit) for SystemInit
    startup_ht6x1x.o(.text) refers to entry.o(.ARM.Collect$$$$00000000) for __main
    ht6xxx_cmu.o(i.HT_CMU_ClkCtrl0Config) refers to ht6xxx_cmu.o(.constdata) for RegisterWriteProtect
    ht6xxx_cmu.o(i.HT_CMU_ClkCtrl1Config) refers to ht6xxx_cmu.o(.constdata) for RegisterWriteProtect
    ht6xxx_cmu.o(i.HT_CMU_ClkoutSet) refers to main.o(i.assert_failed) for assert_failed
    ht6xxx_cmu.o(i.HT_CMU_ClkoutSet) refers to ht6xxx_cmu.o(.constdata) for RegisterWriteProtect
    ht6xxx_cmu.o(i.HT_CMU_Init) refers to main.o(i.assert_failed) for assert_failed
    ht6xxx_cmu.o(i.HT_CMU_Init) refers to ht6xxx_cmu.o(i.WaitPllLock) for WaitPllLock
    ht6xxx_cmu.o(i.HT_CMU_Init) refers to ht6xxx_cmu.o(.constdata) for RegisterWriteProtect
    ht6xxx_cmu.o(i.HT_CMU_StopFlagGet) refers to main.o(i.assert_failed) for assert_failed
    ht6xxx_cmu.o(i.WaitPllLock) refers to ht6xxx_cmu.o(i.HT_CMU_SysClkGet) for HT_CMU_SysClkGet
    ht6xxx_exti.o(i.HT_EXTIFall_ClearITPendingBit) refers to main.o(i.assert_failed) for assert_failed
    ht6xxx_exti.o(i.HT_EXTIFall_ITConfig) refers to main.o(i.assert_failed) for assert_failed
    ht6xxx_exti.o(i.HT_EXTIFall_ITFlagStatusGet) refers to main.o(i.assert_failed) for assert_failed
    ht6xxx_exti.o(i.HT_EXTIRise_ClearITPendingBit) refers to main.o(i.assert_failed) for assert_failed
    ht6xxx_exti.o(i.HT_EXTIRise_ITConfig) refers to main.o(i.assert_failed) for assert_failed
    ht6xxx_exti.o(i.HT_EXTIRise_ITFlagStatusGet) refers to main.o(i.assert_failed) for assert_failed
    ht6xxx_exti.o(i.HT_EXTI_FilterConfig) refers to main.o(i.assert_failed) for assert_failed
    ht6xxx_flash.o(i.HT_Flash_ByteRead) refers to main.o(i.assert_failed) for assert_failed
    ht6xxx_flash.o(i.HT_Flash_ByteRead) refers to ht6xxx_flash.o(.constdata) for RegisterWriteProtect
    ht6xxx_flash.o(i.HT_Flash_ChipErase) refers to ht6xxx_flash.o(.constdata) for RegisterWriteProtect
    ht6xxx_flash.o(i.HT_Flash_EWR_Pro) refers to ht6xxx_flash.o(.constdata) for RegisterWriteProtect
    ht6xxx_flash.o(i.HT_Flash_HalfWordRead) refers to main.o(i.assert_failed) for assert_failed
    ht6xxx_flash.o(i.HT_Flash_HalfWordRead) refers to ht6xxx_flash.o(.constdata) for RegisterWriteProtect
    ht6xxx_flash.o(i.HT_Flash_PageEraseWithSectionUnlock) refers to main.o(i.assert_failed) for assert_failed
    ht6xxx_flash.o(i.HT_Flash_PageEraseWithSectionUnlock) refers to ht6xxx_flash.o(.constdata) for RegisterWriteProtect
    ht6xxx_flash.o(i.HT_Flash_WordRead) refers to main.o(i.assert_failed) for assert_failed
    ht6xxx_flash.o(i.HT_Flash_WordRead) refers to ht6xxx_flash.o(.constdata) for RegisterWriteProtect
    ht6xxx_flash.o(i.HT_Info_ByteRead) refers to main.o(i.assert_failed) for assert_failed
    ht6xxx_flash.o(i.HT_Info_ByteRead) refers to ht6xxx_flash.o(.constdata) for RegisterWriteProtect
    ht6xxx_flash.o(i.HT_Info_EWR_Pro) refers to ht6xxx_flash.o(.constdata) for RegisterWriteProtect
    ht6xxx_flash.o(i.HT_Info_HalfWordRead) refers to main.o(i.assert_failed) for assert_failed
    ht6xxx_flash.o(i.HT_Info_HalfWordRead) refers to ht6xxx_flash.o(.constdata) for RegisterWriteProtect
    ht6xxx_flash.o(i.HT_Info_WordRead) refers to main.o(i.assert_failed) for assert_failed
    ht6xxx_flash.o(i.HT_Info_WordRead) refers to ht6xxx_flash.o(.constdata) for RegisterWriteProtect
    ht6xxx_gpio.o(i.HT_GPIO_AFInit) refers to main.o(i.assert_failed) for assert_failed
    ht6xxx_gpio.o(i.HT_GPIO_BitsRead) refers to main.o(i.assert_failed) for assert_failed
    ht6xxx_gpio.o(i.HT_GPIO_BitsReset) refers to main.o(i.assert_failed) for assert_failed
    ht6xxx_gpio.o(i.HT_GPIO_BitsSet) refers to main.o(i.assert_failed) for assert_failed
    ht6xxx_gpio.o(i.HT_GPIO_BitsToggle) refers to main.o(i.assert_failed) for assert_failed
    ht6xxx_gpio.o(i.HT_GPIO_DirectionSet) refers to main.o(i.assert_failed) for assert_failed
    ht6xxx_gpio.o(i.HT_GPIO_HighCurrentSet) refers to main.o(i.assert_failed) for assert_failed
    ht6xxx_gpio.o(i.HT_GPIO_Init) refers to main.o(i.assert_failed) for assert_failed
    ht6xxx_gpio.o(i.HT_GPIO_InputStatusSet) refers to main.o(i.assert_failed) for assert_failed
    ht6xxx_gpio.o(i.HT_GPIO_OutputStatusSet) refers to main.o(i.assert_failed) for assert_failed
    ht6xxx_iic.o(i.HT_I2C_Init) refers to main.o(i.assert_failed) for assert_failed
    ht6xxx_iic.o(i.HT_I2C_Init) refers to ht6xxx_cmu.o(i.HT_CMU_SysClkGet) for HT_CMU_SysClkGet
    ht6xxx_iic.o(i.HT_I2C_Init) refers to uidiv.o(.text) for __aeabi_uidivmod
    ht6xxx_iic.o(i.HT_I2C_Master_Receive) refers to ht6xxx_iic.o(i.HT_I2C_Start) for HT_I2C_Start
    ht6xxx_iic.o(i.HT_I2C_Master_Receive) refers to ht6xxx_iic.o(i.HT_I2C_ITFlagStatusGet) for HT_I2C_ITFlagStatusGet
    ht6xxx_iic.o(i.HT_I2C_Master_Transmit) refers to ht6xxx_iic.o(i.HT_I2C_Start) for HT_I2C_Start
    ht6xxx_iic.o(i.HT_I2C_Master_Transmit) refers to ht6xxx_iic.o(i.HT_I2C_ITFlagStatusGet) for HT_I2C_ITFlagStatusGet
    ht6xxx_iic.o(i.HT_I2C_Master_Transmit_IT) refers to ht6xxx_iic.o(i.__NVIC_EnableIRQ) for __NVIC_EnableIRQ
    ht6xxx_iic.o(i.HT_I2C_Master_Transmit_IT) refers to ht6xxx_iic.o(i.HT_I2C_Start) for HT_I2C_Start
    ht6xxx_iic.o(i.HT_I2C_Master_Transmit_IT) refers to ht6xxx_iic.o(i.HT_I2C_ITFlagStatusGet) for HT_I2C_ITFlagStatusGet
    ht6xxx_iic.o(i.HT_I2C_Slave_Receive) refers to ht6xxx_iic.o(i.HT_I2C_ITFlagStatusGet) for HT_I2C_ITFlagStatusGet
    ht6xxx_iic.o(i.HT_I2C_Slave_Transmit) refers to ht6xxx_iic.o(i.HT_I2C_ITFlagStatusGet) for HT_I2C_ITFlagStatusGet
    ht6xxx_pmu.o(i.HT_PMUState_FlagStatusGet) refers to main.o(i.assert_failed) for assert_failed
    ht6xxx_pmu.o(i.HT_PMU_ClearITPendingBit) refers to main.o(i.assert_failed) for assert_failed
    ht6xxx_pmu.o(i.HT_PMU_HoldLDOConfig) refers to ht6xxx_pmu.o(.constdata) for RegisterWriteProtect
    ht6xxx_pmu.o(i.HT_PMU_ITConfig) refers to main.o(i.assert_failed) for assert_failed
    ht6xxx_pmu.o(i.HT_PMU_ITFlagStatusGet) refers to main.o(i.assert_failed) for assert_failed
    ht6xxx_pmu.o(i.HT_PMU_Init) refers to ht6xxx_pmu.o(.constdata) for RegisterWriteProtect
    ht6xxx_rtc.o(i.HT_RTC_ClearITPendingBit) refers to main.o(i.assert_failed) for assert_failed
    ht6xxx_rtc.o(i.HT_RTC_ITConfig) refers to main.o(i.assert_failed) for assert_failed
    ht6xxx_rtc.o(i.HT_RTC_ITFlagStatusGet) refers to main.o(i.assert_failed) for assert_failed
    ht6xxx_rtc.o(i.HT_RTC_Init) refers to main.o(i.assert_failed) for assert_failed
    ht6xxx_rtc.o(i.HT_RTC_LoadInfoData) refers to ht6xxx_rtc.o(.constdata) for RegisterWriteProtect
    ht6xxx_rtc.o(i.HT_RTC_TMRConfig) refers to main.o(i.assert_failed) for assert_failed
    ht6xxx_rtc.o(i.HT_RTC_ToutSet) refers to main.o(i.assert_failed) for assert_failed
    ht6xxx_rtc.o(i.HT_RTC_Write) refers to main.o(i.assert_failed) for assert_failed
    ht6xxx_rtc.o(i.HT_RTC_Write) refers to ht6xxx_rtc.o(.constdata) for RegisterWriteProtect
    ht6xxx_spi.o(i.HT_SPI_CSHigh) refers to main.o(i.assert_failed) for assert_failed
    ht6xxx_spi.o(i.HT_SPI_CSLow) refers to main.o(i.assert_failed) for assert_failed
    ht6xxx_spi.o(i.HT_SPI_ClearITPendingBit) refers to main.o(i.assert_failed) for assert_failed
    ht6xxx_spi.o(i.HT_SPI_ITFlagStatusGet) refers to main.o(i.assert_failed) for assert_failed
    ht6xxx_spi.o(i.HT_SPI_Init) refers to main.o(i.assert_failed) for assert_failed
    ht6xxx_spi.o(i.HT_SPI_SendByte) refers to main.o(i.assert_failed) for assert_failed
    ht6xxx_spi.o(i.HT_SPI_SendByte) refers to ht6xxx_spi.o(i.HT_SPI_ClearITPendingBit) for HT_SPI_ClearITPendingBit
    ht6xxx_spi.o(i.HT_SPI_SendByte) refers to ht6xxx_spi.o(i.HT_SPI_ITFlagStatusGet) for HT_SPI_ITFlagStatusGet
    ht6xxx_tbs.o(i.HT_TBSConfig) refers to main.o(i.assert_failed) for assert_failed
    ht6xxx_tbs.o(i.HT_TBS_CMPThresholdSet) refers to main.o(i.assert_failed) for assert_failed
    ht6xxx_tbs.o(i.HT_TBS_ClearITPendingBit) refers to main.o(i.assert_failed) for assert_failed
    ht6xxx_tbs.o(i.HT_TBS_FilCntConfig) refers to main.o(i.assert_failed) for assert_failed
    ht6xxx_tbs.o(i.HT_TBS_ITConfig) refers to main.o(i.assert_failed) for assert_failed
    ht6xxx_tbs.o(i.HT_TBS_ITFlagStatusGet) refers to main.o(i.assert_failed) for assert_failed
    ht6xxx_tbs.o(i.HT_TBS_PeriodSet) refers to main.o(i.assert_failed) for assert_failed
    ht6xxx_tbs.o(i.HT_TBS_ValueRead) refers to main.o(i.assert_failed) for assert_failed
    ht6xxx_tbs.o(i.HT_TBS_ValueRead) refers to ht6xxx_tbs.o(i.__ARM_common_switch8) for __ARM_common_switch8
    ht6xxx_timer.o(i.HT_TMR_CaptureGet) refers to main.o(i.assert_failed) for assert_failed
    ht6xxx_timer.o(i.HT_TMR_ClearITPendingBit) refers to main.o(i.assert_failed) for assert_failed
    ht6xxx_timer.o(i.HT_TMR_Cmd) refers to main.o(i.assert_failed) for assert_failed
    ht6xxx_timer.o(i.HT_TMR_CompareSet) refers to main.o(i.assert_failed) for assert_failed
    ht6xxx_timer.o(i.HT_TMR_CountGet) refers to main.o(i.assert_failed) for assert_failed
    ht6xxx_timer.o(i.HT_TMR_CounterSet) refers to main.o(i.assert_failed) for assert_failed
    ht6xxx_timer.o(i.HT_TMR_ITConfig) refers to main.o(i.assert_failed) for assert_failed
    ht6xxx_timer.o(i.HT_TMR_ITFlagStatusGet) refers to main.o(i.assert_failed) for assert_failed
    ht6xxx_timer.o(i.HT_TMR_Init) refers to main.o(i.assert_failed) for assert_failed
    ht6xxx_timer.o(i.HT_TMR_PeriodSet) refers to main.o(i.assert_failed) for assert_failed
    ht6xxx_timer.o(i.HT_TMR_PrescalerSet) refers to main.o(i.assert_failed) for assert_failed
    ht6xxx_uart&7816.o(i.HT_IR_Init) refers to main.o(i.assert_failed) for assert_failed
    ht6xxx_uart&7816.o(i.HT_IR_Init) refers to ht6xxx_uart&7816.o(i.HT_UART_Init) for HT_UART_Init
    ht6xxx_uart&7816.o(i.HT_ISO7816_ClearITPendingBit) refers to main.o(i.assert_failed) for assert_failed
    ht6xxx_uart&7816.o(i.HT_ISO7816_ITConfig) refers to main.o(i.assert_failed) for assert_failed
    ht6xxx_uart&7816.o(i.HT_ISO7816_ITFlagStatusGet) refers to main.o(i.assert_failed) for assert_failed
    ht6xxx_uart&7816.o(i.HT_ISO7816_Init) refers to main.o(i.assert_failed) for assert_failed
    ht6xxx_uart&7816.o(i.HT_ISO7816_Init) refers to ht6xxx_cmu.o(i.HT_CMU_SysClkGet) for HT_CMU_SysClkGet
    ht6xxx_uart&7816.o(i.HT_ISO7816_Init) refers to uidiv.o(.text) for __aeabi_uidivmod
    ht6xxx_uart&7816.o(i.HT_ISO7816_ReceiveData) refers to main.o(i.assert_failed) for assert_failed
    ht6xxx_uart&7816.o(i.HT_ISO7816_SendData) refers to main.o(i.assert_failed) for assert_failed
    ht6xxx_uart&7816.o(i.HT_UART_ClearITPendingBit) refers to main.o(i.assert_failed) for assert_failed
    ht6xxx_uart&7816.o(i.HT_UART_ITConfig) refers to main.o(i.assert_failed) for assert_failed
    ht6xxx_uart&7816.o(i.HT_UART_ITFlagStatusGet) refers to main.o(i.assert_failed) for assert_failed
    ht6xxx_uart&7816.o(i.HT_UART_Init) refers to main.o(i.assert_failed) for assert_failed
    ht6xxx_uart&7816.o(i.HT_UART_Init) refers to ht6xxx_cmu.o(i.HT_CMU_SysClkGet) for HT_CMU_SysClkGet
    ht6xxx_uart&7816.o(i.HT_UART_Init) refers to dfltui.o(.text) for __aeabi_ui2d
    ht6xxx_uart&7816.o(i.HT_UART_Init) refers to ddiv.o(.text) for __aeabi_ddiv
    ht6xxx_uart&7816.o(i.HT_UART_Init) refers to dadd.o(.text) for __aeabi_dsub
    ht6xxx_uart&7816.o(i.HT_UART_Init) refers to dfixui.o(.text) for __aeabi_d2uiz
    ht6xxx_uart&7816.o(i.HT_UART_Init) refers to cdrcmple.o(.text) for __aeabi_cdrcmple
    ht6xxx_uart&7816.o(i.HT_UART_RXFilterConfig) refers to main.o(i.assert_failed) for assert_failed
    ht6xxx_uart&7816.o(i.HT_UART_ReceiveData) refers to main.o(i.assert_failed) for assert_failed
    ht6xxx_uart&7816.o(i.HT_UART_SendData) refers to main.o(i.assert_failed) for assert_failed
    ht6xxx_wdt.o(i.HT_FreeDog_WithPara) refers to main.o(i.assert_failed) for assert_failed
    ht6xxx_wdt.o(i.HT_FreeDog_WithPara) refers to dmul.o(.text) for __aeabi_dmul
    ht6xxx_wdt.o(i.HT_FreeDog_WithPara) refers to dfixui.o(.text) for __aeabi_d2uiz
    ht6xxx_wdt.o(i.HT_FreeDog_WithPara) refers to ddiv.o(.text) for __aeabi_ddiv
    ht6xxx_wdt.o(i.HT_FreeDog_WithPara) refers to dadd.o(.text) for __aeabi_dsub
    ht6xxx_wdt.o(i.HT_SHModeDogConfigure) refers to ht6xxx_cmu.o(i.HT_CMU_ClkCtrl0Config) for HT_CMU_ClkCtrl0Config
    ht6xxx_wdt.o(i.HT_WDT_Init) refers to main.o(i.assert_failed) for assert_failed
    ht6xxx_it.o(i.EXTI0_IRQHandler) refers to ht6xxx_exti.o(i.HT_EXTIRise_ITFlagStatusGet) for HT_EXTIRise_ITFlagStatusGet
    ht6xxx_it.o(i.EXTI0_IRQHandler) refers to ht6xxx_exti.o(i.HT_EXTIRise_ClearITPendingBit) for HT_EXTIRise_ClearITPendingBit
    ht6xxx_it.o(i.EXTI0_IRQHandler) refers to ht6xxx_exti.o(i.HT_EXTIFall_ITFlagStatusGet) for HT_EXTIFall_ITFlagStatusGet
    ht6xxx_it.o(i.EXTI0_IRQHandler) refers to ht6xxx_exti.o(i.HT_EXTIFall_ClearITPendingBit) for HT_EXTIFall_ClearITPendingBit
    ht6xxx_it.o(i.EXTI1_IRQHandler) refers to ht6xxx_exti.o(i.HT_EXTIRise_ITFlagStatusGet) for HT_EXTIRise_ITFlagStatusGet
    ht6xxx_it.o(i.EXTI1_IRQHandler) refers to ht6xxx_exti.o(i.HT_EXTIRise_ClearITPendingBit) for HT_EXTIRise_ClearITPendingBit
    ht6xxx_it.o(i.EXTI1_IRQHandler) refers to ht6xxx_exti.o(i.HT_EXTIFall_ITFlagStatusGet) for HT_EXTIFall_ITFlagStatusGet
    ht6xxx_it.o(i.EXTI1_IRQHandler) refers to ht6xxx_exti.o(i.HT_EXTIFall_ClearITPendingBit) for HT_EXTIFall_ClearITPendingBit
    ht6xxx_it.o(i.EXTI2_IRQHandler) refers to ht6xxx_exti.o(i.HT_EXTIRise_ITFlagStatusGet) for HT_EXTIRise_ITFlagStatusGet
    ht6xxx_it.o(i.EXTI2_IRQHandler) refers to ht6xxx_exti.o(i.HT_EXTIRise_ClearITPendingBit) for HT_EXTIRise_ClearITPendingBit
    ht6xxx_it.o(i.EXTI2_IRQHandler) refers to ht6xxx_exti.o(i.HT_EXTIFall_ITFlagStatusGet) for HT_EXTIFall_ITFlagStatusGet
    ht6xxx_it.o(i.EXTI2_IRQHandler) refers to ht6xxx_exti.o(i.HT_EXTIFall_ClearITPendingBit) for HT_EXTIFall_ClearITPendingBit
    ht6xxx_it.o(i.EXTI3_IRQHandler) refers to ht6xxx_exti.o(i.HT_EXTIRise_ITFlagStatusGet) for HT_EXTIRise_ITFlagStatusGet
    ht6xxx_it.o(i.EXTI3_IRQHandler) refers to ht6xxx_exti.o(i.HT_EXTIRise_ClearITPendingBit) for HT_EXTIRise_ClearITPendingBit
    ht6xxx_it.o(i.EXTI3_IRQHandler) refers to ht6xxx_exti.o(i.HT_EXTIFall_ITFlagStatusGet) for HT_EXTIFall_ITFlagStatusGet
    ht6xxx_it.o(i.EXTI3_IRQHandler) refers to ht6xxx_exti.o(i.HT_EXTIFall_ClearITPendingBit) for HT_EXTIFall_ClearITPendingBit
    ht6xxx_it.o(i.EXTI4_IRQHandler) refers to ht6xxx_exti.o(i.HT_EXTIRise_ITFlagStatusGet) for HT_EXTIRise_ITFlagStatusGet
    ht6xxx_it.o(i.EXTI4_IRQHandler) refers to ht6xxx_exti.o(i.HT_EXTIRise_ClearITPendingBit) for HT_EXTIRise_ClearITPendingBit
    ht6xxx_it.o(i.EXTI4_IRQHandler) refers to ht6xxx_exti.o(i.HT_EXTIFall_ITFlagStatusGet) for HT_EXTIFall_ITFlagStatusGet
    ht6xxx_it.o(i.EXTI4_IRQHandler) refers to ht6xxx_exti.o(i.HT_EXTIFall_ClearITPendingBit) for HT_EXTIFall_ClearITPendingBit
    ht6xxx_it.o(i.EXTI5_IRQHandler) refers to ht6xxx_exti.o(i.HT_EXTIRise_ITFlagStatusGet) for HT_EXTIRise_ITFlagStatusGet
    ht6xxx_it.o(i.EXTI5_IRQHandler) refers to ht6xxx_exti.o(i.HT_EXTIRise_ClearITPendingBit) for HT_EXTIRise_ClearITPendingBit
    ht6xxx_it.o(i.EXTI5_IRQHandler) refers to ht6xxx_exti.o(i.HT_EXTIFall_ITFlagStatusGet) for HT_EXTIFall_ITFlagStatusGet
    ht6xxx_it.o(i.EXTI5_IRQHandler) refers to ht6xxx_exti.o(i.HT_EXTIFall_ClearITPendingBit) for HT_EXTIFall_ClearITPendingBit
    ht6xxx_it.o(i.EXTI6_IRQHandler) refers to ht6xxx_exti.o(i.HT_EXTIRise_ITFlagStatusGet) for HT_EXTIRise_ITFlagStatusGet
    ht6xxx_it.o(i.EXTI6_IRQHandler) refers to ht6xxx_exti.o(i.HT_EXTIRise_ClearITPendingBit) for HT_EXTIRise_ClearITPendingBit
    ht6xxx_it.o(i.EXTI6_IRQHandler) refers to ht6xxx_exti.o(i.HT_EXTIFall_ITFlagStatusGet) for HT_EXTIFall_ITFlagStatusGet
    ht6xxx_it.o(i.EXTI6_IRQHandler) refers to ht6xxx_exti.o(i.HT_EXTIFall_ClearITPendingBit) for HT_EXTIFall_ClearITPendingBit
    ht6xxx_it.o(i.I2C_IRQHandler) refers to ht6xxx_iic.o(i.HT_I2C_IRQHandler_Default) for HT_I2C_IRQHandler_Default
    ht6xxx_it.o(i.NMI_Handler) refers to ht6xxx_cmu.o(i.HT_CMU_StopFlagGet) for HT_CMU_StopFlagGet
    ht6xxx_it.o(i.PMU_IRQHandler) refers to ht6xxx_pmu.o(i.HT_PMU_ITFlagStatusGet) for HT_PMU_ITFlagStatusGet
    ht6xxx_it.o(i.PMU_IRQHandler) refers to ht6xxx_pmu.o(i.HT_PMU_ClearITPendingBit) for HT_PMU_ClearITPendingBit
    ht6xxx_it.o(i.SPI0_IRQHandler) refers to ht6xxx_spi.o(i.HT_SPI_ITFlagStatusGet) for HT_SPI_ITFlagStatusGet
    ht6xxx_it.o(i.SPI0_IRQHandler) refers to ht6xxx_spi.o(i.HT_SPI_ClearITPendingBit) for HT_SPI_ClearITPendingBit
    ht6xxx_it.o(i.TBS_IRQHandler) refers to ht6xxx_tbs.o(i.HT_TBS_ITFlagStatusGet) for HT_TBS_ITFlagStatusGet
    ht6xxx_it.o(i.TBS_IRQHandler) refers to ht6xxx_tbs.o(i.HT_TBS_ClearITPendingBit) for HT_TBS_ClearITPendingBit
    ht6xxx_it.o(i.TIMER_0_IRQHandler) refers to ht6xxx_timer.o(i.HT_TMR_ITFlagStatusGet) for HT_TMR_ITFlagStatusGet
    ht6xxx_it.o(i.TIMER_0_IRQHandler) refers to ht6xxx_timer.o(i.HT_TMR_ClearITPendingBit) for HT_TMR_ClearITPendingBit
    ht6xxx_it.o(i.TIMER_1_IRQHandler) refers to ht6xxx_timer.o(i.HT_TMR_ITFlagStatusGet) for HT_TMR_ITFlagStatusGet
    ht6xxx_it.o(i.TIMER_1_IRQHandler) refers to ht6xxx_timer.o(i.HT_TMR_ClearITPendingBit) for HT_TMR_ClearITPendingBit
    ht6xxx_it.o(i.TIMER_2_IRQHandler) refers to ht6xxx_timer.o(i.HT_TMR_ITFlagStatusGet) for HT_TMR_ITFlagStatusGet
    ht6xxx_it.o(i.TIMER_2_IRQHandler) refers to ht6xxx_timer.o(i.HT_TMR_ClearITPendingBit) for HT_TMR_ClearITPendingBit
    ht6xxx_it.o(i.TIMER_3_IRQHandler) refers to ht6xxx_timer.o(i.HT_TMR_ITFlagStatusGet) for HT_TMR_ITFlagStatusGet
    ht6xxx_it.o(i.TIMER_3_IRQHandler) refers to ht6xxx_timer.o(i.HT_TMR_ClearITPendingBit) for HT_TMR_ClearITPendingBit
    ht6xxx_it.o(i.UART0_IRQHandler) refers to ht6xxx_uart&7816.o(i.HT_UART_ITFlagStatusGet) for HT_UART_ITFlagStatusGet
    ht6xxx_it.o(i.UART0_IRQHandler) refers to ht6xxx_uart&7816.o(i.HT_UART_ClearITPendingBit) for HT_UART_ClearITPendingBit
    ht6xxx_it.o(i.UART1_IRQHandler) refers to ht6xxx_uart&7816.o(i.HT_UART_ITFlagStatusGet) for HT_UART_ITFlagStatusGet
    ht6xxx_it.o(i.UART1_IRQHandler) refers to ht6xxx_uart&7816.o(i.HT_UART_ClearITPendingBit) for HT_UART_ClearITPendingBit
    ht6xxx_it.o(i.UART2_IRQHandler) refers to ht6xxx_uart&7816.o(i.HT_UART_ITFlagStatusGet) for HT_UART_ITFlagStatusGet
    ht6xxx_it.o(i.UART2_IRQHandler) refers to ht6xxx_uart&7816.o(i.HT_UART_ClearITPendingBit) for HT_UART_ClearITPendingBit
    ht6xxx_it.o(i.UART3_IRQHandler) refers to ht6xxx_uart&7816.o(i.HT_UART_ITFlagStatusGet) for HT_UART_ITFlagStatusGet
    ht6xxx_it.o(i.UART3_IRQHandler) refers to ht6xxx_uart&7816.o(i.HT_UART_ClearITPendingBit) for HT_UART_ClearITPendingBit
    ht6xxx_it.o(i.UART3_IRQHandler) refers to ht6xxx_uart&7816.o(i.HT_ISO7816_ITFlagStatusGet) for HT_ISO7816_ITFlagStatusGet
    ht6xxx_it.o(i.UART3_IRQHandler) refers to ht6xxx_uart&7816.o(i.HT_ISO7816_ClearITPendingBit) for HT_ISO7816_ClearITPendingBit
    ht6xxx_it.o(i.UART4_IRQHandler) refers to ht6xxx_uart&7816.o(i.HT_UART_ITFlagStatusGet) for HT_UART_ITFlagStatusGet
    ht6xxx_it.o(i.UART4_IRQHandler) refers to ht6xxx_uart&7816.o(i.HT_UART_ClearITPendingBit) for HT_UART_ClearITPendingBit
    ht6xxx_it.o(i.UART4_IRQHandler) refers to ht6xxx_uart&7816.o(i.HT_ISO7816_ITFlagStatusGet) for HT_ISO7816_ITFlagStatusGet
    ht6xxx_it.o(i.UART4_IRQHandler) refers to ht6xxx_uart&7816.o(i.HT_ISO7816_ClearITPendingBit) for HT_ISO7816_ClearITPendingBit
    ht6xxx_it.o(i.UART5_IRQHandler) refers to ht6xxx_uart&7816.o(i.HT_UART_ITFlagStatusGet) for HT_UART_ITFlagStatusGet
    ht6xxx_it.o(i.UART5_IRQHandler) refers to ht6xxx_uart&7816.o(i.HT_UART_ClearITPendingBit) for HT_UART_ClearITPendingBit
    main.o(i.main) refers to ht6xxx_wdt.o(i.HT_FreeDog) for HT_FreeDog
    entry.o(.ARM.Collect$$$$00000000) refers (Special) to entry10a.o(.ARM.Collect$$$$0000000D) for __rt_final_cpp
    entry.o(.ARM.Collect$$$$00000000) refers (Special) to entry11a.o(.ARM.Collect$$$$0000000F) for __rt_final_exit
    entry.o(.ARM.Collect$$$$00000000) refers (Special) to entry7b.o(.ARM.Collect$$$$00000008) for _main_clock
    entry.o(.ARM.Collect$$$$00000000) refers (Special) to entry8b.o(.ARM.Collect$$$$0000000A) for _main_cpp_init
    entry.o(.ARM.Collect$$$$00000000) refers (Special) to entry9a.o(.ARM.Collect$$$$0000000B) for _main_init
    entry.o(.ARM.Collect$$$$00000000) refers (Special) to entry5.o(.ARM.Collect$$$$00000004) for _main_scatterload
    entry.o(.ARM.Collect$$$$00000000) refers (Special) to entry2.o(.ARM.Collect$$$$00000001) for _main_stk
    dadd.o(.text) refers (Special) to iusefp.o(.text) for __I$use$fp
    dadd.o(.text) refers to llshl.o(.text) for __aeabi_llsl
    dadd.o(.text) refers to llsshr.o(.text) for __aeabi_lasr
    dadd.o(.text) refers to depilogue.o(.text) for _double_epilogue
    dmul.o(.text) refers (Special) to iusefp.o(.text) for __I$use$fp
    dmul.o(.text) refers to depilogue.o(.text) for _double_epilogue
    ddiv.o(.text) refers (Special) to iusefp.o(.text) for __I$use$fp
    ddiv.o(.text) refers to depilogue.o(.text) for _double_round
    dfltui.o(.text) refers (Special) to iusefp.o(.text) for __I$use$fp
    dfltui.o(.text) refers to depilogue.o(.text) for _double_epilogue
    dfixui.o(.text) refers (Special) to iusefp.o(.text) for __I$use$fp
    dfixui.o(.text) refers to llushr.o(.text) for __aeabi_llsr
    cdrcmple.o(.text) refers (Special) to iusefp.o(.text) for __I$use$fp
    entry2.o(.ARM.Collect$$$$00000001) refers to entry2.o(.ARM.Collect$$$$00002712) for __lit__00000000
    entry2.o(.ARM.Collect$$$$00002712) refers to startup_ht6x1x.o(STACK) for __initial_sp
    entry2.o(__vectab_stack_and_reset_area) refers to startup_ht6x1x.o(STACK) for __initial_sp
    entry2.o(__vectab_stack_and_reset_area) refers to entry.o(.ARM.Collect$$$$00000000) for __main
    entry5.o(.ARM.Collect$$$$00000004) refers to init.o(.text) for __scatterload
    entry9a.o(.ARM.Collect$$$$0000000B) refers to main.o(i.main) for main
    entry9b.o(.ARM.Collect$$$$0000000C) refers to main.o(i.main) for main
    depilogue.o(.text) refers to depilogue.o(i.__ARM_clz) for __ARM_clz
    depilogue.o(.text) refers to llshl.o(.text) for __aeabi_llsl
    depilogue.o(.text) refers to llushr.o(.text) for __aeabi_llsr
    init.o(.text) refers to entry5.o(.ARM.Collect$$$$00000004) for __main_after_scatterload


==============================================================================

Removing Unused input sections from the image.

    Removing system_ht6xxx.o(.rev16_text), (4 bytes).
    Removing system_ht6xxx.o(.revsh_text), (4 bytes).
    Removing startup_ht6x1x.o(HEAP), (0 bytes).
    Removing ht6xxx_cmu.o(.rev16_text), (4 bytes).
    Removing ht6xxx_cmu.o(.revsh_text), (4 bytes).
    Removing ht6xxx_cmu.o(i.HT_CMU_CPUClkGet), (92 bytes).
    Removing ht6xxx_cmu.o(i.HT_CMU_ChipIDGet), (4 bytes).
    Removing ht6xxx_cmu.o(i.HT_CMU_ClkCtrl0Config), (80 bytes).
    Removing ht6xxx_cmu.o(i.HT_CMU_ClkCtrl1Config), (68 bytes).
    Removing ht6xxx_cmu.o(i.HT_CMU_ClkoutSet), (172 bytes).
    Removing ht6xxx_cmu.o(i.HT_CMU_Init), (304 bytes).
    Removing ht6xxx_cmu.o(i.HT_CMU_JTAGStatusGet), (16 bytes).
    Removing ht6xxx_cmu.o(i.HT_CMU_SysClkGet), (76 bytes).
    Removing ht6xxx_cmu.o(i.WaitPllLock), (40 bytes).
    Removing ht6xxx_cmu.o(.constdata), (8 bytes).
    Removing ht6xxx_exti.o(.rev16_text), (4 bytes).
    Removing ht6xxx_exti.o(.revsh_text), (4 bytes).
    Removing ht6xxx_exti.o(i.HT_EXTIFall_ITConfig), (172 bytes).
    Removing ht6xxx_exti.o(i.HT_EXTIRise_ITConfig), (192 bytes).
    Removing ht6xxx_exti.o(i.HT_EXTI_FilterConfig), (176 bytes).
    Removing ht6xxx_flash.o(.rev16_text), (4 bytes).
    Removing ht6xxx_flash.o(.revsh_text), (4 bytes).
    Removing ht6xxx_flash.o(.emb_text), (632 bytes).
    Removing ht6xxx_flash.o(i.HT_Flash_ByteRead), (208 bytes).
    Removing ht6xxx_flash.o(i.HT_Flash_ChipErase), (76 bytes).
    Removing ht6xxx_flash.o(i.HT_Flash_EWR_Pro), (548 bytes).
    Removing ht6xxx_flash.o(i.HT_Flash_HalfWordRead), (224 bytes).
    Removing ht6xxx_flash.o(i.HT_Flash_PageEraseWithSectionUnlock), (184 bytes).
    Removing ht6xxx_flash.o(i.HT_Flash_WordRead), (228 bytes).
    Removing ht6xxx_flash.o(i.HT_Info_ByteRead), (236 bytes).
    Removing ht6xxx_flash.o(i.HT_Info_EWR_Pro), (592 bytes).
    Removing ht6xxx_flash.o(i.HT_Info_HalfWordRead), (252 bytes).
    Removing ht6xxx_flash.o(i.HT_Info_WordRead), (252 bytes).
    Removing ht6xxx_flash.o(.constdata), (8 bytes).
    Removing ht6xxx_gpio.o(.rev16_text), (4 bytes).
    Removing ht6xxx_gpio.o(.revsh_text), (4 bytes).
    Removing ht6xxx_gpio.o(i.HT_GPIO_AFInit), (248 bytes).
    Removing ht6xxx_gpio.o(i.HT_GPIO_BitsRead), (136 bytes).
    Removing ht6xxx_gpio.o(i.HT_GPIO_BitsReset), (132 bytes).
    Removing ht6xxx_gpio.o(i.HT_GPIO_BitsSet), (132 bytes).
    Removing ht6xxx_gpio.o(i.HT_GPIO_BitsToggle), (132 bytes).
    Removing ht6xxx_gpio.o(i.HT_GPIO_DirectionSet), (172 bytes).
    Removing ht6xxx_gpio.o(i.HT_GPIO_HighCurrentSet), (136 bytes).
    Removing ht6xxx_gpio.o(i.HT_GPIO_Init), (332 bytes).
    Removing ht6xxx_gpio.o(i.HT_GPIO_InputStatusSet), (172 bytes).
    Removing ht6xxx_gpio.o(i.HT_GPIO_OutputStatusSet), (172 bytes).
    Removing ht6xxx_iic.o(.rev16_text), (4 bytes).
    Removing ht6xxx_iic.o(.revsh_text), (4 bytes).
    Removing ht6xxx_iic.o(i.HT_I2C_ClearITPendingBit), (20 bytes).
    Removing ht6xxx_iic.o(i.HT_I2C_ITFlagStatusGet), (24 bytes).
    Removing ht6xxx_iic.o(i.HT_I2C_Init), (228 bytes).
    Removing ht6xxx_iic.o(i.HT_I2C_Master_Receive), (152 bytes).
    Removing ht6xxx_iic.o(i.HT_I2C_Master_Receive_IT), (20 bytes).
    Removing ht6xxx_iic.o(i.HT_I2C_Master_Transmit), (156 bytes).
    Removing ht6xxx_iic.o(i.HT_I2C_Master_Transmit_IT), (88 bytes).
    Removing ht6xxx_iic.o(i.HT_I2C_Slave_Receive), (96 bytes).
    Removing ht6xxx_iic.o(i.HT_I2C_Slave_Receive_IT), (2 bytes).
    Removing ht6xxx_iic.o(i.HT_I2C_Slave_Transmit), (96 bytes).
    Removing ht6xxx_iic.o(i.HT_I2C_Slave_Transmit_IT), (2 bytes).
    Removing ht6xxx_iic.o(i.HT_I2C_Start), (20 bytes).
    Removing ht6xxx_iic.o(i.HT_I2C_Stop), (2 bytes).
    Removing ht6xxx_iic.o(i.__NVIC_EnableIRQ), (24 bytes).
    Removing ht6xxx_iic.o(.data), (16 bytes).
    Removing ht6xxx_lcd.o(.rev16_text), (4 bytes).
    Removing ht6xxx_lcd.o(.revsh_text), (4 bytes).
    Removing ht6xxx_pmu.o(.rev16_text), (4 bytes).
    Removing ht6xxx_pmu.o(.revsh_text), (4 bytes).
    Removing ht6xxx_pmu.o(i.HT_PMUState_FlagStatusGet), (116 bytes).
    Removing ht6xxx_pmu.o(i.HT_PMU_HoldLDOConfig), (72 bytes).
    Removing ht6xxx_pmu.o(i.HT_PMU_ITConfig), (128 bytes).
    Removing ht6xxx_pmu.o(i.HT_PMU_Init), (136 bytes).
    Removing ht6xxx_pmu.o(.constdata), (8 bytes).
    Removing ht6xxx_reset.o(.rev16_text), (4 bytes).
    Removing ht6xxx_reset.o(.revsh_text), (4 bytes).
    Removing ht6xxx_reset.o(i.HT_EnterHold), (16 bytes).
    Removing ht6xxx_reset.o(i.HT_EnterSleep), (16 bytes).
    Removing ht6xxx_reset.o(i.HT_ResetFlagClear), (16 bytes).
    Removing ht6xxx_reset.o(i.HT_ResetFlagStatusGet), (24 bytes).
    Removing ht6xxx_reset.o(i.HT_WakeFlagStatusGet), (24 bytes).
    Removing ht6xxx_rtc.o(.rev16_text), (4 bytes).
    Removing ht6xxx_rtc.o(.revsh_text), (4 bytes).
    Removing ht6xxx_rtc.o(i.HT_RTC_AlarmSet), (24 bytes).
    Removing ht6xxx_rtc.o(i.HT_RTC_ClearITPendingBit), (132 bytes).
    Removing ht6xxx_rtc.o(i.HT_RTC_ITConfig), (176 bytes).
    Removing ht6xxx_rtc.o(i.HT_RTC_ITFlagStatusGet), (144 bytes).
    Removing ht6xxx_rtc.o(i.HT_RTC_Init), (292 bytes).
    Removing ht6xxx_rtc.o(i.HT_RTC_LoadInfoData), (380 bytes).
    Removing ht6xxx_rtc.o(i.HT_RTC_Read), (100 bytes).
    Removing ht6xxx_rtc.o(i.HT_RTC_TMRConfig), (140 bytes).
    Removing ht6xxx_rtc.o(i.HT_RTC_ToutSet), (148 bytes).
    Removing ht6xxx_rtc.o(i.HT_RTC_Write), (308 bytes).
    Removing ht6xxx_rtc.o(.constdata), (8 bytes).
    Removing ht6xxx_spi.o(.rev16_text), (4 bytes).
    Removing ht6xxx_spi.o(.revsh_text), (4 bytes).
    Removing ht6xxx_spi.o(i.HT_SPI_CSHigh), (96 bytes).
    Removing ht6xxx_spi.o(i.HT_SPI_CSLow), (96 bytes).
    Removing ht6xxx_spi.o(i.HT_SPI_Init), (268 bytes).
    Removing ht6xxx_spi.o(i.HT_SPI_SendByte), (132 bytes).
    Removing ht6xxx_tbs.o(.rev16_text), (4 bytes).
    Removing ht6xxx_tbs.o(.revsh_text), (4 bytes).
    Removing ht6xxx_tbs.o(i.HT_TBSConfig), (188 bytes).
    Removing ht6xxx_tbs.o(i.HT_TBS_CMPThresholdSet), (100 bytes).
    Removing ht6xxx_tbs.o(i.HT_TBS_FilCntConfig), (140 bytes).
    Removing ht6xxx_tbs.o(i.HT_TBS_ITConfig), (148 bytes).
    Removing ht6xxx_tbs.o(i.HT_TBS_PeriodSet), (268 bytes).
    Removing ht6xxx_tbs.o(i.HT_TBS_TBSReset), (32 bytes).
    Removing ht6xxx_tbs.o(i.HT_TBS_ValueRead), (168 bytes).
    Removing ht6xxx_tdes&rand.o(i.HT_TDES_Init), (2 bytes).
    Removing ht6xxx_timer.o(.rev16_text), (4 bytes).
    Removing ht6xxx_timer.o(.revsh_text), (4 bytes).
    Removing ht6xxx_timer.o(i.HT_TMR_CaptureGet), (124 bytes).
    Removing ht6xxx_timer.o(i.HT_TMR_Cmd), (164 bytes).
    Removing ht6xxx_timer.o(i.HT_TMR_CompareSet), (124 bytes).
    Removing ht6xxx_timer.o(i.HT_TMR_CountGet), (124 bytes).
    Removing ht6xxx_timer.o(i.HT_TMR_CounterSet), (124 bytes).
    Removing ht6xxx_timer.o(i.HT_TMR_ITConfig), (204 bytes).
    Removing ht6xxx_timer.o(i.HT_TMR_Init), (244 bytes).
    Removing ht6xxx_timer.o(i.HT_TMR_PeriodSet), (128 bytes).
    Removing ht6xxx_timer.o(i.HT_TMR_PrescalerSet), (124 bytes).
    Removing ht6xxx_uart&7816.o(.rev16_text), (4 bytes).
    Removing ht6xxx_uart&7816.o(.revsh_text), (4 bytes).
    Removing ht6xxx_uart&7816.o(i.HT_IR_Init), (196 bytes).
    Removing ht6xxx_uart&7816.o(i.HT_ISO7816_ITConfig), (148 bytes).
    Removing ht6xxx_uart&7816.o(i.HT_ISO7816_Init), (292 bytes).
    Removing ht6xxx_uart&7816.o(i.HT_ISO7816_ReceiveData), (108 bytes).
    Removing ht6xxx_uart&7816.o(i.HT_ISO7816_SendData), (108 bytes).
    Removing ht6xxx_uart&7816.o(i.HT_UART_ITConfig), (188 bytes).
    Removing ht6xxx_uart&7816.o(i.HT_UART_Init), (432 bytes).
    Removing ht6xxx_uart&7816.o(i.HT_UART_RXFilterConfig), (156 bytes).
    Removing ht6xxx_uart&7816.o(i.HT_UART_ReceiveData), (144 bytes).
    Removing ht6xxx_uart&7816.o(i.HT_UART_SendData), (144 bytes).
    Removing ht6xxx_wdt.o(.rev16_text), (4 bytes).
    Removing ht6xxx_wdt.o(.revsh_text), (4 bytes).
    Removing ht6xxx_wdt.o(i.HT_FreeDog_WithPara), (268 bytes).
    Removing ht6xxx_wdt.o(i.HT_SHModeDogConfigure), (32 bytes).
    Removing ht6xxx_wdt.o(i.HT_WDT_Init), (116 bytes).
    Removing ht6xxx_it.o(.rev16_text), (4 bytes).
    Removing ht6xxx_it.o(.revsh_text), (4 bytes).
    Removing main.o(.rev16_text), (4 bytes).
    Removing main.o(.revsh_text), (4 bytes).
    Removing dadd.o(.text), (356 bytes).
    Removing dmul.o(.text), (208 bytes).
    Removing ddiv.o(.text), (240 bytes).
    Removing dfltui.o(.text), (28 bytes).
    Removing dfixui.o(.text), (60 bytes).
    Removing cdrcmple.o(.text), (40 bytes).
    Removing depilogue.o(.text), (190 bytes).
    Removing ht6xxx_tbs.o(i.__ARM_common_switch8), (28 bytes).
    Removing depilogue.o(i.__ARM_clz), (46 bytes).

149 unused section(s) (total 16620 bytes) removed from the image.

==============================================================================

Image Symbol Table

    Local Symbols

    Symbol Name                              Value     Ov Type        Size  Object(Section)

    RESET                                    0x00000000   Section      192  startup_ht6x1x.o(RESET)
    ../clib/microlib/division.c              0x00000000   Number         0  uidiv.o ABSOLUTE
    ../clib/microlib/init/entry.s            0x00000000   Number         0  entry8b.o ABSOLUTE
    ../clib/microlib/init/entry.s            0x00000000   Number         0  entry9a.o ABSOLUTE
    ../clib/microlib/init/entry.s            0x00000000   Number         0  entry.o ABSOLUTE
    ../clib/microlib/init/entry.s            0x00000000   Number         0  entry10b.o ABSOLUTE
    ../clib/microlib/init/entry.s            0x00000000   Number         0  entry11a.o ABSOLUTE
    ../clib/microlib/init/entry.s            0x00000000   Number         0  entry11b.o ABSOLUTE
    ../clib/microlib/init/entry.s            0x00000000   Number         0  entry10a.o ABSOLUTE
    ../clib/microlib/init/entry.s            0x00000000   Number         0  entry2.o ABSOLUTE
    ../clib/microlib/init/entry.s            0x00000000   Number         0  entry5.o ABSOLUTE
    ../clib/microlib/init/entry.s            0x00000000   Number         0  entry7a.o ABSOLUTE
    ../clib/microlib/init/entry.s            0x00000000   Number         0  entry7b.o ABSOLUTE
    ../clib/microlib/init/entry.s            0x00000000   Number         0  entry8a.o ABSOLUTE
    ../clib/microlib/init/entry.s            0x00000000   Number         0  entry9b.o ABSOLUTE
    ../clib/microlib/longlong.c              0x00000000   Number         0  llushr.o ABSOLUTE
    ../clib/microlib/longlong.c              0x00000000   Number         0  llshl.o ABSOLUTE
    ../clib/microlib/longlong.c              0x00000000   Number         0  llsshr.o ABSOLUTE
    ../clib/microlib/stubs.s                 0x00000000   Number         0  iusefp.o ABSOLUTE
    ../fplib/microlib/fpadd.c                0x00000000   Number         0  dadd.o ABSOLUTE
    ../fplib/microlib/fpdiv.c                0x00000000   Number         0  ddiv.o ABSOLUTE
    ../fplib/microlib/fpepilogue.c           0x00000000   Number         0  depilogue.o ABSOLUTE
    ../fplib/microlib/fpfix.c                0x00000000   Number         0  dfixui.o ABSOLUTE
    ../fplib/microlib/fpflt.c                0x00000000   Number         0  dfltui.o ABSOLUTE
    ../fplib/microlib/fpmul.c                0x00000000   Number         0  dmul.o ABSOLUTE
    ..\..\Libraries\CMSIS\DeviceSupport\src\system_ht6xxx.c 0x00000000   Number         0  system_ht6xxx.o ABSOLUTE
    ..\..\Libraries\HT60xx_StdPeriph_Driver\src\ht6xxx_cmu.c 0x00000000   Number         0  ht6xxx_cmu.o ABSOLUTE
    ..\..\Libraries\HT60xx_StdPeriph_Driver\src\ht6xxx_exti.c 0x00000000   Number         0  ht6xxx_exti.o ABSOLUTE
    ..\..\Libraries\HT60xx_StdPeriph_Driver\src\ht6xxx_flash.c 0x00000000   Number         0  ht6xxx_flash.o ABSOLUTE
    ..\..\Libraries\HT60xx_StdPeriph_Driver\src\ht6xxx_gpio.c 0x00000000   Number         0  ht6xxx_gpio.o ABSOLUTE
    ..\..\Libraries\HT60xx_StdPeriph_Driver\src\ht6xxx_iic.c 0x00000000   Number         0  ht6xxx_iic.o ABSOLUTE
    ..\..\Libraries\HT60xx_StdPeriph_Driver\src\ht6xxx_lcd.c 0x00000000   Number         0  ht6xxx_lcd.o ABSOLUTE
    ..\..\Libraries\HT60xx_StdPeriph_Driver\src\ht6xxx_pmu.c 0x00000000   Number         0  ht6xxx_pmu.o ABSOLUTE
    ..\..\Libraries\HT60xx_StdPeriph_Driver\src\ht6xxx_reset.c 0x00000000   Number         0  ht6xxx_reset.o ABSOLUTE
    ..\..\Libraries\HT60xx_StdPeriph_Driver\src\ht6xxx_rtc.c 0x00000000   Number         0  ht6xxx_rtc.o ABSOLUTE
    ..\..\Libraries\HT60xx_StdPeriph_Driver\src\ht6xxx_spi.c 0x00000000   Number         0  ht6xxx_spi.o ABSOLUTE
    ..\..\Libraries\HT60xx_StdPeriph_Driver\src\ht6xxx_tbs.c 0x00000000   Number         0  ht6xxx_tbs.o ABSOLUTE
    ..\..\Libraries\HT60xx_StdPeriph_Driver\src\ht6xxx_tdes&rand.c 0x00000000   Number         0  ht6xxx_tdes&rand.o ABSOLUTE
    ..\..\Libraries\HT60xx_StdPeriph_Driver\src\ht6xxx_timer.c 0x00000000   Number         0  ht6xxx_timer.o ABSOLUTE
    ..\..\Libraries\HT60xx_StdPeriph_Driver\src\ht6xxx_uart&7816.c 0x00000000   Number         0  ht6xxx_uart&7816.o ABSOLUTE
    ..\..\Libraries\HT60xx_StdPeriph_Driver\src\ht6xxx_wdt.c 0x00000000   Number         0  ht6xxx_wdt.o ABSOLUTE
    ..\..\Libraries\Startup\Keil\startup_ht6x1x.s 0x00000000   Number         0  startup_ht6x1x.o ABSOLUTE
    ..\..\Users\src\ht6xxx_it.c              0x00000000   Number         0  ht6xxx_it.o ABSOLUTE
    ..\..\Users\src\main.c                   0x00000000   Number         0  main.o ABSOLUTE
    ..\\..\\Libraries\\CMSIS\\DeviceSupport\\src\\system_ht6xxx.c 0x00000000   Number         0  system_ht6xxx.o ABSOLUTE
    ..\\..\\Libraries\\HT60xx_StdPeriph_Driver\\src\\ht6xxx_cmu.c 0x00000000   Number         0  ht6xxx_cmu.o ABSOLUTE
    ..\\..\\Libraries\\HT60xx_StdPeriph_Driver\\src\\ht6xxx_exti.c 0x00000000   Number         0  ht6xxx_exti.o ABSOLUTE
    ..\\..\\Libraries\\HT60xx_StdPeriph_Driver\\src\\ht6xxx_flash.c 0x00000000   Number         0  ht6xxx_flash.o ABSOLUTE
    ..\\..\\Libraries\\HT60xx_StdPeriph_Driver\\src\\ht6xxx_gpio.c 0x00000000   Number         0  ht6xxx_gpio.o ABSOLUTE
    ..\\..\\Libraries\\HT60xx_StdPeriph_Driver\\src\\ht6xxx_iic.c 0x00000000   Number         0  ht6xxx_iic.o ABSOLUTE
    ..\\..\\Libraries\\HT60xx_StdPeriph_Driver\\src\\ht6xxx_lcd.c 0x00000000   Number         0  ht6xxx_lcd.o ABSOLUTE
    ..\\..\\Libraries\\HT60xx_StdPeriph_Driver\\src\\ht6xxx_pmu.c 0x00000000   Number         0  ht6xxx_pmu.o ABSOLUTE
    ..\\..\\Libraries\\HT60xx_StdPeriph_Driver\\src\\ht6xxx_reset.c 0x00000000   Number         0  ht6xxx_reset.o ABSOLUTE
    ..\\..\\Libraries\\HT60xx_StdPeriph_Driver\\src\\ht6xxx_rtc.c 0x00000000   Number         0  ht6xxx_rtc.o ABSOLUTE
    ..\\..\\Libraries\\HT60xx_StdPeriph_Driver\\src\\ht6xxx_spi.c 0x00000000   Number         0  ht6xxx_spi.o ABSOLUTE
    ..\\..\\Libraries\\HT60xx_StdPeriph_Driver\\src\\ht6xxx_tbs.c 0x00000000   Number         0  ht6xxx_tbs.o ABSOLUTE
    ..\\..\\Libraries\\HT60xx_StdPeriph_Driver\\src\\ht6xxx_timer.c 0x00000000   Number         0  ht6xxx_timer.o ABSOLUTE
    ..\\..\\Libraries\\HT60xx_StdPeriph_Driver\\src\\ht6xxx_uart&7816.c 0x00000000   Number         0  ht6xxx_uart&7816.o ABSOLUTE
    ..\\..\\Libraries\\HT60xx_StdPeriph_Driver\\src\\ht6xxx_wdt.c 0x00000000   Number         0  ht6xxx_wdt.o ABSOLUTE
    ..\\..\\Users\\src\\ht6xxx_it.c          0x00000000   Number         0  ht6xxx_it.o ABSOLUTE
    ..\\..\\Users\\src\\main.c               0x00000000   Number         0  main.o ABSOLUTE
    cdrcmple.s                               0x00000000   Number         0  cdrcmple.o ABSOLUTE
    dc.s                                     0x00000000   Number         0  dc.o ABSOLUTE
    handlers.s                               0x00000000   Number         0  handlers.o ABSOLUTE
    init.s                                   0x00000000   Number         0  init.o ABSOLUTE
    .ARM.Collect$$$$00000000                 0x000000c0   Section        0  entry.o(.ARM.Collect$$$$00000000)
    .ARM.Collect$$$$00000001                 0x000000c0   Section        4  entry2.o(.ARM.Collect$$$$00000001)
    .ARM.Collect$$$$00000004                 0x000000c4   Section        4  entry5.o(.ARM.Collect$$$$00000004)
    .ARM.Collect$$$$00000008                 0x000000c8   Section        0  entry7b.o(.ARM.Collect$$$$00000008)
    .ARM.Collect$$$$0000000A                 0x000000c8   Section        0  entry8b.o(.ARM.Collect$$$$0000000A)
    .ARM.Collect$$$$0000000B                 0x000000c8   Section        8  entry9a.o(.ARM.Collect$$$$0000000B)
    .ARM.Collect$$$$0000000D                 0x000000d0   Section        0  entry10a.o(.ARM.Collect$$$$0000000D)
    .ARM.Collect$$$$0000000F                 0x000000d0   Section        0  entry11a.o(.ARM.Collect$$$$0000000F)
    .ARM.Collect$$$$00002712                 0x000000d0   Section        4  entry2.o(.ARM.Collect$$$$00002712)
    __lit__00000000                          0x000000d0   Data           4  entry2.o(.ARM.Collect$$$$00002712)
    .text                                    0x000000d4   Section       28  startup_ht6x1x.o(.text)
    .text                                    0x000000f0   Section       36  init.o(.text)
    i.EXTI0_IRQHandler                       0x00000114   Section        0  ht6xxx_it.o(i.EXTI0_IRQHandler)
    i.EXTI1_IRQHandler                       0x00000138   Section        0  ht6xxx_it.o(i.EXTI1_IRQHandler)
    i.EXTI2_IRQHandler                       0x0000015e   Section        0  ht6xxx_it.o(i.EXTI2_IRQHandler)
    i.EXTI3_IRQHandler                       0x00000184   Section        0  ht6xxx_it.o(i.EXTI3_IRQHandler)
    i.EXTI4_IRQHandler                       0x000001aa   Section        0  ht6xxx_it.o(i.EXTI4_IRQHandler)
    i.EXTI5_IRQHandler                       0x000001d0   Section        0  ht6xxx_it.o(i.EXTI5_IRQHandler)
    i.EXTI6_IRQHandler                       0x000001f6   Section        0  ht6xxx_it.o(i.EXTI6_IRQHandler)
    i.HT_CMU_StopFlagGet                     0x0000021c   Section        0  ht6xxx_cmu.o(i.HT_CMU_StopFlagGet)
    i.HT_EXTIFall_ClearITPendingBit          0x00000290   Section        0  ht6xxx_exti.o(i.HT_EXTIFall_ClearITPendingBit)
    i.HT_EXTIFall_ITFlagStatusGet            0x00000314   Section        0  ht6xxx_exti.o(i.HT_EXTIFall_ITFlagStatusGet)
    i.HT_EXTIRise_ClearITPendingBit          0x000003a0   Section        0  ht6xxx_exti.o(i.HT_EXTIRise_ClearITPendingBit)
    i.HT_EXTIRise_ITFlagStatusGet            0x0000043c   Section        0  ht6xxx_exti.o(i.HT_EXTIRise_ITFlagStatusGet)
    i.HT_FreeDog                             0x000004d8   Section        0  ht6xxx_wdt.o(i.HT_FreeDog)
    i.HT_I2C_IRQHandler_Default              0x000004ec   Section        0  ht6xxx_iic.o(i.HT_I2C_IRQHandler_Default)
    i.HT_ISO7816_ClearITPendingBit           0x000004f0   Section        0  ht6xxx_uart&7816.o(i.HT_ISO7816_ClearITPendingBit)
    i.HT_ISO7816_ITFlagStatusGet             0x00000570   Section        0  ht6xxx_uart&7816.o(i.HT_ISO7816_ITFlagStatusGet)
    i.HT_PMU_ClearITPendingBit               0x00000600   Section        0  ht6xxx_pmu.o(i.HT_PMU_ClearITPendingBit)
    i.HT_PMU_ITFlagStatusGet                 0x00000664   Section        0  ht6xxx_pmu.o(i.HT_PMU_ITFlagStatusGet)
    i.HT_SPI_ClearITPendingBit               0x000006d8   Section        0  ht6xxx_spi.o(i.HT_SPI_ClearITPendingBit)
    i.HT_SPI_ITFlagStatusGet                 0x00000760   Section        0  ht6xxx_spi.o(i.HT_SPI_ITFlagStatusGet)
    i.HT_TBS_ClearITPendingBit               0x000007f0   Section        0  ht6xxx_tbs.o(i.HT_TBS_ClearITPendingBit)
    i.HT_TBS_ITFlagStatusGet                 0x00000870   Section        0  ht6xxx_tbs.o(i.HT_TBS_ITFlagStatusGet)
    i.HT_TMR_ClearITPendingBit               0x000008fc   Section        0  ht6xxx_timer.o(i.HT_TMR_ClearITPendingBit)
    i.HT_TMR_ITFlagStatusGet                 0x000009a4   Section        0  ht6xxx_timer.o(i.HT_TMR_ITFlagStatusGet)
    i.HT_UART_ClearITPendingBit              0x00000a54   Section        0  ht6xxx_uart&7816.o(i.HT_UART_ClearITPendingBit)
    i.HT_UART_ITFlagStatusGet                0x00000af8   Section        0  ht6xxx_uart&7816.o(i.HT_UART_ITFlagStatusGet)
    i.HardFault_Handler                      0x00000bac   Section        0  ht6xxx_it.o(i.HardFault_Handler)
    i.I2C_IRQHandler                         0x00000bb0   Section        0  ht6xxx_it.o(i.I2C_IRQHandler)
    i.NMI_Handler                            0x00000bb8   Section        0  ht6xxx_it.o(i.NMI_Handler)
    i.PMU_IRQHandler                         0x00000bce   Section        0  ht6xxx_it.o(i.PMU_IRQHandler)
    i.PendSV_Handler                         0x00000c00   Section        0  ht6xxx_it.o(i.PendSV_Handler)
    i.RTC_IRQHandler                         0x00000c04   Section        0  ht6xxx_it.o(i.RTC_IRQHandler)
    i.SPI0_IRQHandler                        0x00000c18   Section        0  ht6xxx_it.o(i.SPI0_IRQHandler)
    i.SVC_Handler                            0x00000c48   Section        0  ht6xxx_it.o(i.SVC_Handler)
    i.SysTick_Handler                        0x00000c4a   Section        0  ht6xxx_it.o(i.SysTick_Handler)
    i.SystemInit                             0x00000c4c   Section        0  system_ht6xxx.o(i.SystemInit)
    i.TBS_IRQHandler                         0x00000c4e   Section        0  ht6xxx_it.o(i.TBS_IRQHandler)
    i.TDES_IRQHandler                        0x00000cb0   Section        0  ht6xxx_it.o(i.TDES_IRQHandler)
    i.TIMER_0_IRQHandler                     0x00000cb4   Section        0  ht6xxx_it.o(i.TIMER_0_IRQHandler)
    i.TIMER_1_IRQHandler                     0x00000cf8   Section        0  ht6xxx_it.o(i.TIMER_1_IRQHandler)
    i.TIMER_2_IRQHandler                     0x00000d3c   Section        0  ht6xxx_it.o(i.TIMER_2_IRQHandler)
    i.TIMER_3_IRQHandler                     0x00000d80   Section        0  ht6xxx_it.o(i.TIMER_3_IRQHandler)
    i.UART0_IRQHandler                       0x00000dc4   Section        0  ht6xxx_it.o(i.UART0_IRQHandler)
    i.UART1_IRQHandler                       0x00000df4   Section        0  ht6xxx_it.o(i.UART1_IRQHandler)
    i.UART2_IRQHandler                       0x00000e24   Section        0  ht6xxx_it.o(i.UART2_IRQHandler)
    i.UART3_IRQHandler                       0x00000e54   Section        0  ht6xxx_it.o(i.UART3_IRQHandler)
    i.UART4_IRQHandler                       0x00000ec0   Section        0  ht6xxx_it.o(i.UART4_IRQHandler)
    i.UART5_IRQHandler                       0x00000f2c   Section        0  ht6xxx_it.o(i.UART5_IRQHandler)
    i.WDT_IRQHandler                         0x00000f58   Section        0  ht6xxx_it.o(i.WDT_IRQHandler)
    i.__scatterload_copy                     0x00000f5a   Section       14  handlers.o(i.__scatterload_copy)
    i.__scatterload_null                     0x00000f68   Section        2  handlers.o(i.__scatterload_null)
    i.__scatterload_zeroinit                 0x00000f6a   Section       14  handlers.o(i.__scatterload_zeroinit)
    i.assert_failed                          0x00000f78   Section        0  main.o(i.assert_failed)
    i.main                                   0x00000f7c   Section        0  main.o(i.main)
    .ARM.__at_0x0FC0                         0x00000fc0   Section        4  startup_ht6x1x.o(.ARM.__at_0x0FC0)
    STACK                                    0x20000000   Section     4096  startup_ht6x1x.o(STACK)

    Global Symbols

    Symbol Name                              Value     Ov Type        Size  Object(Section)

    BuildAttributes$$THM_ISAv3M$S$PE$A:L22$X:L11$S22$IEEE1$IW$USESV6$~STKCKD$USESV7$~SHL$OSPACE$ROPI$EBA8$MICROLIB$REQ8$EABIv2 0x00000000   Number         0  anon$$obj.o ABSOLUTE
    __ARM_use_no_argv                        0x00000000   Number         0  main.o ABSOLUTE
    __Vectors                                0x00000000   Data           4  startup_ht6x1x.o(RESET)
    __cpp_initialize__aeabi_                  - Undefined Weak Reference
    __cxa_finalize                            - Undefined Weak Reference
    __decompress                              - Undefined Weak Reference
    _clock_init                               - Undefined Weak Reference
    _microlib_exit                            - Undefined Weak Reference
    __main                                   0x000000c1   Thumb Code     0  entry.o(.ARM.Collect$$$$00000000)
    _main_stk                                0x000000c1   Thumb Code     0  entry2.o(.ARM.Collect$$$$00000001)
    _main_scatterload                        0x000000c5   Thumb Code     0  entry5.o(.ARM.Collect$$$$00000004)
    __main_after_scatterload                 0x000000c9   Thumb Code     0  entry5.o(.ARM.Collect$$$$00000004)
    _main_clock                              0x000000c9   Thumb Code     0  entry7b.o(.ARM.Collect$$$$00000008)
    _main_cpp_init                           0x000000c9   Thumb Code     0  entry8b.o(.ARM.Collect$$$$0000000A)
    _main_init                               0x000000c9   Thumb Code     0  entry9a.o(.ARM.Collect$$$$0000000B)
    __rt_final_cpp                           0x000000d1   Thumb Code     0  entry10a.o(.ARM.Collect$$$$0000000D)
    __rt_final_exit                          0x000000d1   Thumb Code     0  entry11a.o(.ARM.Collect$$$$0000000F)
    Reset_Handler                            0x000000d5   Thumb Code     8  startup_ht6x1x.o(.text)
    Reserved_IRQHandler                      0x000000e7   Thumb Code     0  startup_ht6x1x.o(.text)
    __scatterload                            0x000000f1   Thumb Code    28  init.o(.text)
    __scatterload_rt2                        0x000000f1   Thumb Code     0  init.o(.text)
    EXTI0_IRQHandler                         0x00000115   Thumb Code    36  ht6xxx_it.o(i.EXTI0_IRQHandler)
    EXTI1_IRQHandler                         0x00000139   Thumb Code    38  ht6xxx_it.o(i.EXTI1_IRQHandler)
    EXTI2_IRQHandler                         0x0000015f   Thumb Code    38  ht6xxx_it.o(i.EXTI2_IRQHandler)
    EXTI3_IRQHandler                         0x00000185   Thumb Code    38  ht6xxx_it.o(i.EXTI3_IRQHandler)
    EXTI4_IRQHandler                         0x000001ab   Thumb Code    38  ht6xxx_it.o(i.EXTI4_IRQHandler)
    EXTI5_IRQHandler                         0x000001d1   Thumb Code    38  ht6xxx_it.o(i.EXTI5_IRQHandler)
    EXTI6_IRQHandler                         0x000001f7   Thumb Code    38  ht6xxx_it.o(i.EXTI6_IRQHandler)
    HT_CMU_StopFlagGet                       0x0000021d   Thumb Code    46  ht6xxx_cmu.o(i.HT_CMU_StopFlagGet)
    HT_EXTIFall_ClearITPendingBit            0x00000291   Thumb Code    68  ht6xxx_exti.o(i.HT_EXTIFall_ClearITPendingBit)
    HT_EXTIFall_ITFlagStatusGet              0x00000315   Thumb Code    74  ht6xxx_exti.o(i.HT_EXTIFall_ITFlagStatusGet)
    HT_EXTIRise_ClearITPendingBit            0x000003a1   Thumb Code    90  ht6xxx_exti.o(i.HT_EXTIRise_ClearITPendingBit)
    HT_EXTIRise_ITFlagStatusGet              0x0000043d   Thumb Code    92  ht6xxx_exti.o(i.HT_EXTIRise_ITFlagStatusGet)
    HT_FreeDog                               0x000004d9   Thumb Code    12  ht6xxx_wdt.o(i.HT_FreeDog)
    HT_I2C_IRQHandler_Default                0x000004ed   Thumb Code     2  ht6xxx_iic.o(i.HT_I2C_IRQHandler_Default)
    HT_ISO7816_ClearITPendingBit             0x000004f1   Thumb Code    56  ht6xxx_uart&7816.o(i.HT_ISO7816_ClearITPendingBit)
    HT_ISO7816_ITFlagStatusGet               0x00000571   Thumb Code    70  ht6xxx_uart&7816.o(i.HT_ISO7816_ITFlagStatusGet)
    HT_PMU_ClearITPendingBit                 0x00000601   Thumb Code    36  ht6xxx_pmu.o(i.HT_PMU_ClearITPendingBit)
    HT_PMU_ITFlagStatusGet                   0x00000665   Thumb Code    48  ht6xxx_pmu.o(i.HT_PMU_ITFlagStatusGet)
    HT_SPI_ClearITPendingBit                 0x000006d9   Thumb Code    70  ht6xxx_spi.o(i.HT_SPI_ClearITPendingBit)
    HT_SPI_ITFlagStatusGet                   0x00000761   Thumb Code    78  ht6xxx_spi.o(i.HT_SPI_ITFlagStatusGet)
    HT_TBS_ClearITPendingBit                 0x000007f1   Thumb Code    58  ht6xxx_tbs.o(i.HT_TBS_ClearITPendingBit)
    HT_TBS_ITFlagStatusGet                   0x00000871   Thumb Code    70  ht6xxx_tbs.o(i.HT_TBS_ITFlagStatusGet)
    HT_TMR_ClearITPendingBit                 0x000008fd   Thumb Code    86  ht6xxx_timer.o(i.HT_TMR_ClearITPendingBit)
    HT_TMR_ITFlagStatusGet                   0x000009a5   Thumb Code    96  ht6xxx_timer.o(i.HT_TMR_ITFlagStatusGet)
    HT_UART_ClearITPendingBit                0x00000a55   Thumb Code    80  ht6xxx_uart&7816.o(i.HT_UART_ClearITPendingBit)
    HT_UART_ITFlagStatusGet                  0x00000af9   Thumb Code    94  ht6xxx_uart&7816.o(i.HT_UART_ITFlagStatusGet)
    HardFault_Handler                        0x00000bad   Thumb Code     4  ht6xxx_it.o(i.HardFault_Handler)
    I2C_IRQHandler                           0x00000bb1   Thumb Code     8  ht6xxx_it.o(i.I2C_IRQHandler)
    NMI_Handler                              0x00000bb9   Thumb Code    22  ht6xxx_it.o(i.NMI_Handler)
    PMU_IRQHandler                           0x00000bcf   Thumb Code    50  ht6xxx_it.o(i.PMU_IRQHandler)
    PendSV_Handler                           0x00000c01   Thumb Code     2  ht6xxx_it.o(i.PendSV_Handler)
    RTC_IRQHandler                           0x00000c05   Thumb Code    14  ht6xxx_it.o(i.RTC_IRQHandler)
    SPI0_IRQHandler                          0x00000c19   Thumb Code    44  ht6xxx_it.o(i.SPI0_IRQHandler)
    SVC_Handler                              0x00000c49   Thumb Code     2  ht6xxx_it.o(i.SVC_Handler)
    SysTick_Handler                          0x00000c4b   Thumb Code     2  ht6xxx_it.o(i.SysTick_Handler)
    SystemInit                               0x00000c4d   Thumb Code     2  system_ht6xxx.o(i.SystemInit)
    TBS_IRQHandler                           0x00000c4f   Thumb Code    98  ht6xxx_it.o(i.TBS_IRQHandler)
    TDES_IRQHandler                          0x00000cb1   Thumb Code     2  ht6xxx_it.o(i.TDES_IRQHandler)
    TIMER_0_IRQHandler                       0x00000cb5   Thumb Code    64  ht6xxx_it.o(i.TIMER_0_IRQHandler)
    TIMER_1_IRQHandler                       0x00000cf9   Thumb Code    64  ht6xxx_it.o(i.TIMER_1_IRQHandler)
    TIMER_2_IRQHandler                       0x00000d3d   Thumb Code    64  ht6xxx_it.o(i.TIMER_2_IRQHandler)
    TIMER_3_IRQHandler                       0x00000d81   Thumb Code    64  ht6xxx_it.o(i.TIMER_3_IRQHandler)
    UART0_IRQHandler                         0x00000dc5   Thumb Code    44  ht6xxx_it.o(i.UART0_IRQHandler)
    UART1_IRQHandler                         0x00000df5   Thumb Code    44  ht6xxx_it.o(i.UART1_IRQHandler)
    UART2_IRQHandler                         0x00000e25   Thumb Code    44  ht6xxx_it.o(i.UART2_IRQHandler)
    UART3_IRQHandler                         0x00000e55   Thumb Code   104  ht6xxx_it.o(i.UART3_IRQHandler)
    UART4_IRQHandler                         0x00000ec1   Thumb Code   104  ht6xxx_it.o(i.UART4_IRQHandler)
    UART5_IRQHandler                         0x00000f2d   Thumb Code    44  ht6xxx_it.o(i.UART5_IRQHandler)
    WDT_IRQHandler                           0x00000f59   Thumb Code     2  ht6xxx_it.o(i.WDT_IRQHandler)
    __scatterload_copy                       0x00000f5b   Thumb Code    14  handlers.o(i.__scatterload_copy)
    __scatterload_null                       0x00000f69   Thumb Code     2  handlers.o(i.__scatterload_null)
    __scatterload_zeroinit                   0x00000f6b   Thumb Code    14  handlers.o(i.__scatterload_zeroinit)
    assert_failed                            0x00000f79   Thumb Code     4  main.o(i.assert_failed)
    main                                     0x00000f7d   Thumb Code     8  main.o(i.main)
    Region$$Table$$Base                      0x00000f84   Number         0  anon$$obj.o(Region$$Table)
    Region$$Table$$Limit                     0x00000f94   Number         0  anon$$obj.o(Region$$Table)
    __initial_sp                             0x20001000   Data           0  startup_ht6x1x.o(STACK)



==============================================================================

Memory Map of the image

  Image Entry point : 0x000000c1

  Load Region LR_IROM1 (Base: 0x00000000, Size: 0x00000fc4, Max: 0x00020000, ABSOLUTE)

    Execution Region ER_IROM1 (Base: 0x00000000, Size: 0x00000fc4, Max: 0x00020000, ABSOLUTE)

    Base Addr    Size         Type   Attr      Idx    E Section Name        Object

    0x00000000   0x000000c0   Data   RO          129    RESET               startup_ht6x1x.o
    0x000000c0   0x00000000   Code   RO         1282  * .ARM.Collect$$$$00000000  mc_p.l(entry.o)
    0x000000c0   0x00000004   Code   RO         1299    .ARM.Collect$$$$00000001  mc_p.l(entry2.o)
    0x000000c4   0x00000004   Code   RO         1302    .ARM.Collect$$$$00000004  mc_p.l(entry5.o)
    0x000000c8   0x00000000   Code   RO         1304    .ARM.Collect$$$$00000008  mc_p.l(entry7b.o)
    0x000000c8   0x00000000   Code   RO         1306    .ARM.Collect$$$$0000000A  mc_p.l(entry8b.o)
    0x000000c8   0x00000008   Code   RO         1307    .ARM.Collect$$$$0000000B  mc_p.l(entry9a.o)
    0x000000d0   0x00000000   Code   RO         1309    .ARM.Collect$$$$0000000D  mc_p.l(entry10a.o)
    0x000000d0   0x00000000   Code   RO         1311    .ARM.Collect$$$$0000000F  mc_p.l(entry11a.o)
    0x000000d0   0x00000004   Code   RO         1300    .ARM.Collect$$$$00002712  mc_p.l(entry2.o)
    0x000000d4   0x0000001c   Code   RO          131    .text               startup_ht6x1x.o
    0x000000f0   0x00000024   Code   RO         1324    .text               mc_p.l(init.o)
    0x00000114   0x00000024   Code   RO         1070    i.EXTI0_IRQHandler  ht6xxx_it.o
    0x00000138   0x00000026   Code   RO         1071    i.EXTI1_IRQHandler  ht6xxx_it.o
    0x0000015e   0x00000026   Code   RO         1072    i.EXTI2_IRQHandler  ht6xxx_it.o
    0x00000184   0x00000026   Code   RO         1073    i.EXTI3_IRQHandler  ht6xxx_it.o
    0x000001aa   0x00000026   Code   RO         1074    i.EXTI4_IRQHandler  ht6xxx_it.o
    0x000001d0   0x00000026   Code   RO         1075    i.EXTI5_IRQHandler  ht6xxx_it.o
    0x000001f6   0x00000026   Code   RO         1076    i.EXTI6_IRQHandler  ht6xxx_it.o
    0x0000021c   0x00000074   Code   RO          146    i.HT_CMU_StopFlagGet  ht6xxx_cmu.o
    0x00000290   0x00000084   Code   RO          214    i.HT_EXTIFall_ClearITPendingBit  ht6xxx_exti.o
    0x00000314   0x0000008c   Code   RO          216    i.HT_EXTIFall_ITFlagStatusGet  ht6xxx_exti.o
    0x000003a0   0x0000009c   Code   RO          217    i.HT_EXTIRise_ClearITPendingBit  ht6xxx_exti.o
    0x0000043c   0x0000009c   Code   RO          219    i.HT_EXTIRise_ITFlagStatusGet  ht6xxx_exti.o
    0x000004d8   0x00000014   Code   RO         1032    i.HT_FreeDog        ht6xxx_wdt.o
    0x000004ec   0x00000002   Code   RO          425    i.HT_I2C_IRQHandler_Default  ht6xxx_iic.o
    0x000004ee   0x00000002   PAD
    0x000004f0   0x00000080   Code   RO          935    i.HT_ISO7816_ClearITPendingBit  ht6xxx_uart&7816.o
    0x00000570   0x00000090   Code   RO          937    i.HT_ISO7816_ITFlagStatusGet  ht6xxx_uart&7816.o
    0x00000600   0x00000064   Code   RO          548    i.HT_PMU_ClearITPendingBit  ht6xxx_pmu.o
    0x00000664   0x00000074   Code   RO          551    i.HT_PMU_ITFlagStatusGet  ht6xxx_pmu.o
    0x000006d8   0x00000088   Code   RO          721    i.HT_SPI_ClearITPendingBit  ht6xxx_spi.o
    0x00000760   0x00000090   Code   RO          722    i.HT_SPI_ITFlagStatusGet  ht6xxx_spi.o
    0x000007f0   0x00000080   Code   RO          771    i.HT_TBS_ClearITPendingBit  ht6xxx_tbs.o
    0x00000870   0x0000008c   Code   RO          774    i.HT_TBS_ITFlagStatusGet  ht6xxx_tbs.o
    0x000008fc   0x000000a8   Code   RO          855    i.HT_TMR_ClearITPendingBit  ht6xxx_timer.o
    0x000009a4   0x000000b0   Code   RO          861    i.HT_TMR_ITFlagStatusGet  ht6xxx_timer.o
    0x00000a54   0x000000a4   Code   RO          941    i.HT_UART_ClearITPendingBit  ht6xxx_uart&7816.o
    0x00000af8   0x000000b4   Code   RO          943    i.HT_UART_ITFlagStatusGet  ht6xxx_uart&7816.o
    0x00000bac   0x00000004   Code   RO         1077    i.HardFault_Handler  ht6xxx_it.o
    0x00000bb0   0x00000008   Code   RO         1078    i.I2C_IRQHandler    ht6xxx_it.o
    0x00000bb8   0x00000016   Code   RO         1079    i.NMI_Handler       ht6xxx_it.o
    0x00000bce   0x00000032   Code   RO         1080    i.PMU_IRQHandler    ht6xxx_it.o
    0x00000c00   0x00000002   Code   RO         1081    i.PendSV_Handler    ht6xxx_it.o
    0x00000c02   0x00000002   PAD
    0x00000c04   0x00000014   Code   RO         1082    i.RTC_IRQHandler    ht6xxx_it.o
    0x00000c18   0x00000030   Code   RO         1083    i.SPI0_IRQHandler   ht6xxx_it.o
    0x00000c48   0x00000002   Code   RO         1084    i.SVC_Handler       ht6xxx_it.o
    0x00000c4a   0x00000002   Code   RO         1085    i.SysTick_Handler   ht6xxx_it.o
    0x00000c4c   0x00000002   Code   RO            3    i.SystemInit        system_ht6xxx.o
    0x00000c4e   0x00000062   Code   RO         1086    i.TBS_IRQHandler    ht6xxx_it.o
    0x00000cb0   0x00000002   Code   RO         1087    i.TDES_IRQHandler   ht6xxx_it.o
    0x00000cb2   0x00000002   PAD
    0x00000cb4   0x00000044   Code   RO         1088    i.TIMER_0_IRQHandler  ht6xxx_it.o
    0x00000cf8   0x00000044   Code   RO         1089    i.TIMER_1_IRQHandler  ht6xxx_it.o
    0x00000d3c   0x00000044   Code   RO         1090    i.TIMER_2_IRQHandler  ht6xxx_it.o
    0x00000d80   0x00000044   Code   RO         1091    i.TIMER_3_IRQHandler  ht6xxx_it.o
    0x00000dc4   0x00000030   Code   RO         1092    i.UART0_IRQHandler  ht6xxx_it.o
    0x00000df4   0x00000030   Code   RO         1093    i.UART1_IRQHandler  ht6xxx_it.o
    0x00000e24   0x00000030   Code   RO         1094    i.UART2_IRQHandler  ht6xxx_it.o
    0x00000e54   0x0000006c   Code   RO         1095    i.UART3_IRQHandler  ht6xxx_it.o
    0x00000ec0   0x0000006c   Code   RO         1096    i.UART4_IRQHandler  ht6xxx_it.o
    0x00000f2c   0x0000002c   Code   RO         1097    i.UART5_IRQHandler  ht6xxx_it.o
    0x00000f58   0x00000002   Code   RO         1098    i.WDT_IRQHandler    ht6xxx_it.o
    0x00000f5a   0x0000000e   Code   RO         1328    i.__scatterload_copy  mc_p.l(handlers.o)
    0x00000f68   0x00000002   Code   RO         1329    i.__scatterload_null  mc_p.l(handlers.o)
    0x00000f6a   0x0000000e   Code   RO         1330    i.__scatterload_zeroinit  mc_p.l(handlers.o)
    0x00000f78   0x00000004   Code   RO         1258    i.assert_failed     main.o
    0x00000f7c   0x00000008   Code   RO         1259    i.main              main.o
    0x00000f84   0x00000010   Data   RO         1326    Region$$Table       anon$$obj.o
    0x00000f94   0x0000002c   PAD
    0x00000fc0   0x00000004   Code   RO          130    .ARM.__at_0x0FC0    startup_ht6x1x.o


    Execution Region RW_IRAM1 (Base: 0x20000000, Size: 0x00001000, Max: 0x00002000, ABSOLUTE)

    Base Addr    Size         Type   Attr      Idx    E Section Name        Object

    0x20000000   0x00001000   Zero   RW          127    STACK               startup_ht6x1x.o


==============================================================================

Image component sizes


      Code (inc. data)   RO Data    RW Data    ZI Data      Debug   Object Name

       116         70          0          0          0        657   ht6xxx_cmu.o
       584        260          0          0          0       2740   ht6xxx_exti.o
         2          0          0          0          0        532   ht6xxx_iic.o
      1200         46          0          0          0      14419   ht6xxx_it.o
       216        132          0          0          0       1276   ht6xxx_pmu.o
       280        132          0          0          0       1884   ht6xxx_spi.o
       268        140          0          0          0       1328   ht6xxx_tbs.o
       344        162          0          0          0       1876   ht6xxx_timer.o
       616        316          0          0          0       3398   ht6xxx_uart&7816.o
        20          8          0          0          0        513   ht6xxx_wdt.o
        12          0          0          0          0       1339   main.o
        32         12        192          0       4096        932   startup_ht6x1x.o
         2          0          0          0          0      46537   system_ht6xxx.o

    ----------------------------------------------------------------------
      3698       1278        252          0       4096      77431   Object Totals
         0          0         16          0          0          0   (incl. Generated)
         6          0         44          0          0          0   (incl. Padding)

    ----------------------------------------------------------------------

      Code (inc. data)   RO Data    RW Data    ZI Data      Debug   Library Member Name

         0          0          0          0          0          0   entry.o
         0          0          0          0          0          0   entry10a.o
         0          0          0          0          0          0   entry11a.o
         8          4          0          0          0          0   entry2.o
         4          0          0          0          0          0   entry5.o
         0          0          0          0          0          0   entry7b.o
         0          0          0          0          0          0   entry8b.o
         8          4          0          0          0          0   entry9a.o
        30          0          0          0          0          0   handlers.o
        36          8          0          0          0         68   init.o

    ----------------------------------------------------------------------
        86         16          0          0          0         68   Library Totals
         0          0          0          0          0          0   (incl. Padding)

    ----------------------------------------------------------------------

      Code (inc. data)   RO Data    RW Data    ZI Data      Debug   Library Name

        86         16          0          0          0         68   mc_p.l

    ----------------------------------------------------------------------
        86         16          0          0          0         68   Library Totals

    ----------------------------------------------------------------------

==============================================================================


      Code (inc. data)   RO Data    RW Data    ZI Data      Debug   

      3784       1294        252          0       4096      75583   Grand Totals
      3784       1294        252          0       4096      75583   ELF Image Totals
      3784       1294        252          0          0          0   ROM Totals

==============================================================================

    Total RO  Size (Code + RO Data)                 4036 (   3.94kB)
    Total RW  Size (RW Data + ZI Data)              4096 (   4.00kB)
    Total ROM Size (Code + RO Data + RW Data)       4036 (   3.94kB)

==============================================================================

