<!doctype html public "-//w3c//dtd html 4.0 transitional//en">
<html><head>
<title>Static Call Graph - [.\config\HT633x\Objects\HT633x.axf]</title></head>
<body><HR>
<H1>Static Call Graph for image .\config\HT633x\Objects\HT633x.axf</H1><HR>
<BR><P>#&#060CALLGRAPH&#062# ARM Linker, 5060750: Last Updated: Wed Jul 13 10:12:43 2022
<BR><P>
<H3>Maximum Stack Usage =        184 bytes + Unknown(Cycles, Untraceable Function Pointers)</H3><H3>
Call chain for Maximum Stack Depth:</H3>
main &rArr; FreeRTOS_Init &rArr; vTaskStartScheduler &rArr; xTimerCreateTimerTask &rArr; xTaskCreate &rArr; pvPortMalloc &rArr; xTaskResumeAll &rArr; xTaskIncrementTick
<P>
<H3>
Mutually Recursive functions
</H3> <LI><a href="#[26]">LPUART_IRQHandler</a>&nbsp;&nbsp;&nbsp;&rArr;&nbsp;&nbsp;&nbsp;<a href="#[26]">LPUART_IRQHandler</a><BR>
</UL>
<P>
<H3>
Function Pointers
</H3><UL>
 <LI><a href="#[7]">AES_IRQHandler</a> from ht6xxx_it.o(i.AES_IRQHandler) referenced from startup_ht633x.o(RESET)
 <LI><a href="#[25]">DMA_IRQHandler</a> from ht6xxx_it.o(i.DMA_IRQHandler) referenced from startup_ht633x.o(RESET)
 <LI><a href="#[8]">EXTI0_IRQHandler</a> from ht6xxx_it.o(i.EXTI0_IRQHandler) referenced from startup_ht633x.o(RESET)
 <LI><a href="#[27]">EXTI10_14_IRQHandler</a> from ht6xxx_it.o(i.EXTI10_14_IRQHandler) referenced from startup_ht633x.o(RESET)
 <LI><a href="#[9]">EXTI1_IRQHandler</a> from ht6xxx_it.o(i.EXTI1_IRQHandler) referenced from startup_ht633x.o(RESET)
 <LI><a href="#[a]">EXTI2_IRQHandler</a> from ht6xxx_it.o(i.EXTI2_IRQHandler) referenced from startup_ht633x.o(RESET)
 <LI><a href="#[b]">EXTI3_IRQHandler</a> from ht6xxx_it.o(i.EXTI3_IRQHandler) referenced from startup_ht633x.o(RESET)
 <LI><a href="#[c]">EXTI4_IRQHandler</a> from ht6xxx_it.o(i.EXTI4_IRQHandler) referenced from startup_ht633x.o(RESET)
 <LI><a href="#[d]">EXTI5_IRQHandler</a> from ht6xxx_it.o(i.EXTI5_IRQHandler) referenced from startup_ht633x.o(RESET)
 <LI><a href="#[e]">EXTI6_IRQHandler</a> from ht6xxx_it.o(i.EXTI6_IRQHandler) referenced from startup_ht633x.o(RESET)
 <LI><a href="#[22]">EXTI7_9_IRQHandler</a> from ht6xxx_it.o(i.EXTI7_9_IRQHandler) referenced from startup_ht633x.o(RESET)
 <LI><a href="#[2]">HardFault_Handler</a> from ht6xxx_it.o(i.HardFault_Handler) referenced from startup_ht633x.o(RESET)
 <LI><a href="#[1b]">I2C_IRQHandler</a> from ht6xxx_it.o(i.I2C_IRQHandler) referenced from startup_ht633x.o(RESET)
 <LI><a href="#[26]">LPUART_IRQHandler</a> from startup_ht633x.o(.text) referenced from startup_ht633x.o(RESET)
 <LI><a href="#[1]">NMI_Handler</a> from ht6xxx_it.o(i.NMI_Handler) referenced from startup_ht633x.o(RESET)
 <LI><a href="#[6]">PMU_IRQHandler</a> from ht6xxx_it.o(i.PMU_IRQHandler) referenced from startup_ht633x.o(RESET)
 <LI><a href="#[4]">PendSV_Handler</a> from port.o(.emb_text) referenced from startup_ht633x.o(RESET)
 <LI><a href="#[1a]">RTC_IRQHandler</a> from ht6xxx_it.o(i.RTC_IRQHandler) referenced from startup_ht633x.o(RESET)
 <LI><a href="#[23]">Reserved_IRQHandler</a> from startup_ht633x.o(.text) referenced 2 times from startup_ht633x.o(RESET)
 <LI><a href="#[0]">Reset_Handler</a> from startup_ht633x.o(.text) referenced from startup_ht633x.o(RESET)
 <LI><a href="#[1c]">SPI0_IRQHandler</a> from ht6xxx_it.o(i.SPI0_IRQHandler) referenced from startup_ht633x.o(RESET)
 <LI><a href="#[1d]">SPI1_IRQHandler</a> from ht6xxx_it.o(i.SPI1_IRQHandler) referenced from startup_ht633x.o(RESET)
 <LI><a href="#[24]">SPI2_IRQHandler</a> from ht6xxx_it.o(i.SPI2_IRQHandler) referenced from startup_ht633x.o(RESET)
 <LI><a href="#[28]">SPI3_IRQHandler</a> from ht6xxx_it.o(i.SPI3_IRQHandler) referenced from startup_ht633x.o(RESET)
 <LI><a href="#[3]">SVC_Handler</a> from port.o(.emb_text) referenced from startup_ht633x.o(RESET)
 <LI><a href="#[1e]">SelfTestFreq_IRQHandler</a> from ht6xxx_it.o(i.SelfTestFreq_IRQHandler) referenced from startup_ht633x.o(RESET)
 <LI><a href="#[5]">SysTick_Handler</a> from ht6xxx_it.o(i.SysTick_Handler) referenced from startup_ht633x.o(RESET)
 <LI><a href="#[2a]">SystemInit</a> from system_ht6xxx.o(i.SystemInit) referenced from startup_ht633x.o(.text)
 <LI><a href="#[19]">TBS_IRQHandler</a> from ht6xxx_it.o(i.TBS_IRQHandler) referenced from startup_ht633x.o(RESET)
 <LI><a href="#[15]">TIMER_0_IRQHandler</a> from ht6xxx_it.o(i.TIMER_0_IRQHandler) referenced from startup_ht633x.o(RESET)
 <LI><a href="#[16]">TIMER_1_IRQHandler</a> from ht6xxx_it.o(i.TIMER_1_IRQHandler) referenced from startup_ht633x.o(RESET)
 <LI><a href="#[17]">TIMER_2_IRQHandler</a> from ht6xxx_it.o(i.TIMER_2_IRQHandler) referenced from startup_ht633x.o(RESET)
 <LI><a href="#[18]">TIMER_3_IRQHandler</a> from ht6xxx_it.o(i.TIMER_3_IRQHandler) referenced from startup_ht633x.o(RESET)
 <LI><a href="#[1f]">TIMER_4_IRQHandler</a> from ht6xxx_it.o(i.TIMER_4_IRQHandler) referenced from startup_ht633x.o(RESET)
 <LI><a href="#[20]">TIMER_5_IRQHandler</a> from ht6xxx_it.o(i.TIMER_5_IRQHandler) referenced from startup_ht633x.o(RESET)
 <LI><a href="#[f]">UART0_IRQHandler</a> from ht6xxx_it.o(i.UART0_IRQHandler) referenced from startup_ht633x.o(RESET)
 <LI><a href="#[10]">UART1_IRQHandler</a> from ht6xxx_it.o(i.UART1_IRQHandler) referenced from startup_ht633x.o(RESET)
 <LI><a href="#[11]">UART2_IRQHandler</a> from ht6xxx_it.o(i.UART2_IRQHandler) referenced from startup_ht633x.o(RESET)
 <LI><a href="#[12]">UART3_IRQHandler</a> from ht6xxx_it.o(i.UART3_IRQHandler) referenced from startup_ht633x.o(RESET)
 <LI><a href="#[13]">UART4_IRQHandler</a> from ht6xxx_it.o(i.UART4_IRQHandler) referenced from startup_ht633x.o(RESET)
 <LI><a href="#[14]">UART5_IRQHandler</a> from ht6xxx_it.o(i.UART5_IRQHandler) referenced from startup_ht633x.o(RESET)
 <LI><a href="#[21]">UART6_IRQHandler</a> from ht6xxx_it.o(i.UART6_IRQHandler) referenced from startup_ht633x.o(RESET)
 <LI><a href="#[2b]">__main</a> from entry.o(.ARM.Collect$$$$00000000) referenced from startup_ht633x.o(.text)
 <LI><a href="#[2d]">fputc</a> from ht_uart.o(i.fputc) referenced from printf3.o(i.__0printf$3)
 <LI><a href="#[31]">idle_task</a> from ht_freertos.o(i.idle_task) referenced from ht_freertos.o(i.start_task)
 <LI><a href="#[30]">led0_task</a> from ht_freertos.o(i.led0_task) referenced from ht_freertos.o(i.start_task)
 <LI><a href="#[29]">main</a> from main.o(i.main) referenced from entry9a.o(.ARM.Collect$$$$0000000B)
 <LI><a href="#[32]">prvIdleTask</a> from tasks.o(i.prvIdleTask) referenced from tasks.o(i.vTaskStartScheduler)
 <LI><a href="#[2e]">prvTaskExitError</a> from port.o(i.prvTaskExitError) referenced from port.o(i.pxPortInitialiseStack)
 <LI><a href="#[33]">prvTimerTask</a> from timers.o(i.prvTimerTask) referenced from timers.o(i.xTimerCreateTimerTask)
 <LI><a href="#[2c]">start_task</a> from ht_freertos.o(i.start_task) referenced from ht_freertos.o(i.FreeRTOS_Init)
 <LI><a href="#[2f]">uart_task</a> from ht_freertos.o(i.uart_task) referenced from ht_freertos.o(i.start_task)
</UL>
<P>
<H3>
Global Symbols
</H3>
<P><STRONG><a name="[2b]"></a>__main</STRONG> (Thumb, 0 bytes, Stack size unknown bytes, entry.o(.ARM.Collect$$$$00000000))
<BR>[Address Reference Count : 1]<UL><LI> startup_ht633x.o(.text)
</UL>
<P><STRONG><a name="[cb]"></a>_main_stk</STRONG> (Thumb, 0 bytes, Stack size unknown bytes, entry2.o(.ARM.Collect$$$$00000001))

<P><STRONG><a name="[34]"></a>_main_scatterload</STRONG> (Thumb, 0 bytes, Stack size unknown bytes, entry5.o(.ARM.Collect$$$$00000004))
<BR><BR>[Calls]<UL><LI><a href="#[35]">&gt;&gt;</a>&nbsp;&nbsp;&nbsp;__scatterload
</UL>

<P><STRONG><a name="[45]"></a>__main_after_scatterload</STRONG> (Thumb, 0 bytes, Stack size unknown bytes, entry5.o(.ARM.Collect$$$$00000004))
<BR><BR>[Called By]<UL><LI><a href="#[35]">&gt;&gt;</a>&nbsp;&nbsp;&nbsp;__scatterload
</UL>

<P><STRONG><a name="[cc]"></a>_main_clock</STRONG> (Thumb, 0 bytes, Stack size unknown bytes, entry7b.o(.ARM.Collect$$$$00000008))

<P><STRONG><a name="[cd]"></a>_main_cpp_init</STRONG> (Thumb, 0 bytes, Stack size unknown bytes, entry8b.o(.ARM.Collect$$$$0000000A))

<P><STRONG><a name="[ce]"></a>_main_init</STRONG> (Thumb, 0 bytes, Stack size unknown bytes, entry9a.o(.ARM.Collect$$$$0000000B))

<P><STRONG><a name="[cf]"></a>__rt_final_cpp</STRONG> (Thumb, 0 bytes, Stack size unknown bytes, entry10a.o(.ARM.Collect$$$$0000000D))

<P><STRONG><a name="[d0]"></a>__rt_final_exit</STRONG> (Thumb, 0 bytes, Stack size unknown bytes, entry11a.o(.ARM.Collect$$$$0000000F))

<P><STRONG><a name="[3]"></a>SVC_Handler</STRONG> (Thumb, 32 bytes, Stack size 0 bytes, port.o(.emb_text))
<BR>[Address Reference Count : 1]<UL><LI> startup_ht633x.o(RESET)
</UL>
<P><STRONG><a name="[c7]"></a>__asm___6_port_c_39a90d8d__prvStartFirstTask</STRONG> (Thumb, 28 bytes, Stack size 0 bytes, port.o(.emb_text))
<BR><BR>[Called By]<UL><LI><a href="#[c5]">&gt;&gt;</a>&nbsp;&nbsp;&nbsp;xPortStartScheduler
</UL>

<P><STRONG><a name="[4]"></a>PendSV_Handler</STRONG> (Thumb, 72 bytes, Stack size 0 bytes, port.o(.emb_text))
<BR><BR>[Calls]<UL><LI><a href="#[36]">&gt;&gt;</a>&nbsp;&nbsp;&nbsp;vTaskSwitchContext
</UL>
<BR>[Address Reference Count : 1]<UL><LI> startup_ht633x.o(RESET)
</UL>
<P><STRONG><a name="[d1]"></a>vPortGetIPSR</STRONG> (Thumb, 6 bytes, Stack size 0 bytes, port.o(.emb_text), UNUSED)

<P><STRONG><a name="[0]"></a>Reset_Handler</STRONG> (Thumb, 8 bytes, Stack size 0 bytes, startup_ht633x.o(.text))
<BR>[Address Reference Count : 1]<UL><LI> startup_ht633x.o(RESET)
</UL>
<P><STRONG><a name="[26]"></a>LPUART_IRQHandler</STRONG> (Thumb, 0 bytes, Stack size 0 bytes, startup_ht633x.o(.text))
<BR><BR>[Calls]<UL><LI><a href="#[26]">&gt;&gt;</a>&nbsp;&nbsp;&nbsp;LPUART_IRQHandler
</UL>
<BR>[Called By]<UL><LI><a href="#[26]">&gt;&gt;</a>&nbsp;&nbsp;&nbsp;LPUART_IRQHandler
</UL>
<BR>[Address Reference Count : 1]<UL><LI> startup_ht633x.o(RESET)
</UL>
<P><STRONG><a name="[23]"></a>Reserved_IRQHandler</STRONG> (Thumb, 0 bytes, Stack size 0 bytes, startup_ht633x.o(.text))
<BR>[Address Reference Count : 1]<UL><LI> startup_ht633x.o(RESET)
</UL>
<P><STRONG><a name="[a0]"></a>__aeabi_memcpy</STRONG> (Thumb, 36 bytes, Stack size 0 bytes, memcpya.o(.text))
<BR><BR>[Called By]<UL><LI><a href="#[a1]">&gt;&gt;</a>&nbsp;&nbsp;&nbsp;prvCopyDataToQueue
<LI><a href="#[9f]">&gt;&gt;</a>&nbsp;&nbsp;&nbsp;prvCopyDataFromQueue
</UL>

<P><STRONG><a name="[d2]"></a>__aeabi_memcpy4</STRONG> (Thumb, 0 bytes, Stack size 0 bytes, memcpya.o(.text), UNUSED)

<P><STRONG><a name="[d3]"></a>__aeabi_memcpy8</STRONG> (Thumb, 0 bytes, Stack size 0 bytes, memcpya.o(.text), UNUSED)

<P><STRONG><a name="[38]"></a>__aeabi_memset</STRONG> (Thumb, 14 bytes, Stack size 0 bytes, memseta.o(.text))
<BR><BR>[Called By]<UL><LI><a href="#[a6]">&gt;&gt;</a>&nbsp;&nbsp;&nbsp;prvInitialiseNewTask
<LI><a href="#[39]">&gt;&gt;</a>&nbsp;&nbsp;&nbsp;_memset$wrapper
<LI><a href="#[37]">&gt;&gt;</a>&nbsp;&nbsp;&nbsp;__aeabi_memclr
</UL>

<P><STRONG><a name="[d4]"></a>__aeabi_memset4</STRONG> (Thumb, 0 bytes, Stack size 0 bytes, memseta.o(.text), UNUSED)

<P><STRONG><a name="[d5]"></a>__aeabi_memset8</STRONG> (Thumb, 0 bytes, Stack size 0 bytes, memseta.o(.text), UNUSED)

<P><STRONG><a name="[37]"></a>__aeabi_memclr</STRONG> (Thumb, 4 bytes, Stack size 0 bytes, memseta.o(.text), UNUSED)
<BR><BR>[Calls]<UL><LI><a href="#[38]">&gt;&gt;</a>&nbsp;&nbsp;&nbsp;__aeabi_memset
</UL>

<P><STRONG><a name="[d6]"></a>__aeabi_memclr4</STRONG> (Thumb, 0 bytes, Stack size 0 bytes, memseta.o(.text), UNUSED)

<P><STRONG><a name="[d7]"></a>__aeabi_memclr8</STRONG> (Thumb, 0 bytes, Stack size 0 bytes, memseta.o(.text), UNUSED)

<P><STRONG><a name="[39]"></a>_memset$wrapper</STRONG> (Thumb, 18 bytes, Stack size 8 bytes, memseta.o(.text), UNUSED)
<BR><BR>[Calls]<UL><LI><a href="#[38]">&gt;&gt;</a>&nbsp;&nbsp;&nbsp;__aeabi_memset
</UL>

<P><STRONG><a name="[3a]"></a>__aeabi_dadd</STRONG> (Thumb, 322 bytes, Stack size 48 bytes, dadd.o(.text))
<BR><BR>[Stack]<UL><LI>Max Depth = 88<LI>Call Chain = __aeabi_dadd &rArr; _double_epilogue &rArr; _double_round
</UL>
<BR>[Calls]<UL><LI><a href="#[3c]">&gt;&gt;</a>&nbsp;&nbsp;&nbsp;__aeabi_lasr
<LI><a href="#[3b]">&gt;&gt;</a>&nbsp;&nbsp;&nbsp;__aeabi_llsl
<LI><a href="#[3e]">&gt;&gt;</a>&nbsp;&nbsp;&nbsp;_double_round
<LI><a href="#[3d]">&gt;&gt;</a>&nbsp;&nbsp;&nbsp;_double_epilogue
</UL>
<BR>[Called By]<UL><LI><a href="#[3f]">&gt;&gt;</a>&nbsp;&nbsp;&nbsp;__aeabi_dsub
<LI><a href="#[40]">&gt;&gt;</a>&nbsp;&nbsp;&nbsp;__aeabi_drsub
</UL>

<P><STRONG><a name="[3f]"></a>__aeabi_dsub</STRONG> (Thumb, 6 bytes, Stack size 0 bytes, dadd.o(.text))
<BR><BR>[Stack]<UL><LI>Max Depth = 88<LI>Call Chain = __aeabi_dsub &rArr; __aeabi_dadd &rArr; _double_epilogue &rArr; _double_round
</UL>
<BR>[Calls]<UL><LI><a href="#[3a]">&gt;&gt;</a>&nbsp;&nbsp;&nbsp;__aeabi_dadd
</UL>
<BR>[Called By]<UL><LI><a href="#[71]">&gt;&gt;</a>&nbsp;&nbsp;&nbsp;HT_UART_Init
</UL>

<P><STRONG><a name="[40]"></a>__aeabi_drsub</STRONG> (Thumb, 6 bytes, Stack size 0 bytes, dadd.o(.text))
<BR><BR>[Stack]<UL><LI>Max Depth = 88<LI>Call Chain = __aeabi_drsub &rArr; __aeabi_dadd &rArr; _double_epilogue &rArr; _double_round
</UL>
<BR>[Calls]<UL><LI><a href="#[3a]">&gt;&gt;</a>&nbsp;&nbsp;&nbsp;__aeabi_dadd
</UL>
<BR>[Called By]<UL><LI><a href="#[71]">&gt;&gt;</a>&nbsp;&nbsp;&nbsp;HT_UART_Init
</UL>

<P><STRONG><a name="[41]"></a>__aeabi_ddiv</STRONG> (Thumb, 222 bytes, Stack size 32 bytes, ddiv.o(.text))
<BR><BR>[Stack]<UL><LI>Max Depth = 40<LI>Call Chain = __aeabi_ddiv &rArr; _double_round
</UL>
<BR>[Calls]<UL><LI><a href="#[3e]">&gt;&gt;</a>&nbsp;&nbsp;&nbsp;_double_round
</UL>
<BR>[Called By]<UL><LI><a href="#[71]">&gt;&gt;</a>&nbsp;&nbsp;&nbsp;HT_UART_Init
</UL>

<P><STRONG><a name="[42]"></a>__aeabi_ui2d</STRONG> (Thumb, 26 bytes, Stack size 16 bytes, dfltui.o(.text))
<BR><BR>[Stack]<UL><LI>Max Depth = 56<LI>Call Chain = __aeabi_ui2d &rArr; _double_epilogue &rArr; _double_round
</UL>
<BR>[Calls]<UL><LI><a href="#[3d]">&gt;&gt;</a>&nbsp;&nbsp;&nbsp;_double_epilogue
</UL>
<BR>[Called By]<UL><LI><a href="#[71]">&gt;&gt;</a>&nbsp;&nbsp;&nbsp;HT_UART_Init
</UL>

<P><STRONG><a name="[43]"></a>__aeabi_d2uiz</STRONG> (Thumb, 50 bytes, Stack size 8 bytes, dfixui.o(.text))
<BR><BR>[Stack]<UL><LI>Max Depth = 8<LI>Call Chain = __aeabi_d2uiz
</UL>
<BR>[Calls]<UL><LI><a href="#[44]">&gt;&gt;</a>&nbsp;&nbsp;&nbsp;__aeabi_llsr
</UL>
<BR>[Called By]<UL><LI><a href="#[71]">&gt;&gt;</a>&nbsp;&nbsp;&nbsp;HT_UART_Init
</UL>

<P><STRONG><a name="[73]"></a>__aeabi_cdrcmple</STRONG> (Thumb, 48 bytes, Stack size 0 bytes, cdrcmple.o(.text))
<BR><BR>[Called By]<UL><LI><a href="#[71]">&gt;&gt;</a>&nbsp;&nbsp;&nbsp;HT_UART_Init
</UL>

<P><STRONG><a name="[d8]"></a>__aeabi_uidiv</STRONG> (Thumb, 0 bytes, Stack size 12 bytes, uidiv.o(.text), UNUSED)

<P><STRONG><a name="[8f]"></a>__aeabi_uidivmod</STRONG> (Thumb, 44 bytes, Stack size 12 bytes, uidiv.o(.text), UNUSED)
<BR><BR>[Called By]<UL><LI><a href="#[8e]">&gt;&gt;</a>&nbsp;&nbsp;&nbsp;_printf_core
</UL>

<P><STRONG><a name="[3b]"></a>__aeabi_llsl</STRONG> (Thumb, 30 bytes, Stack size 0 bytes, llshl.o(.text))
<BR><BR>[Called By]<UL><LI><a href="#[3d]">&gt;&gt;</a>&nbsp;&nbsp;&nbsp;_double_epilogue
<LI><a href="#[3a]">&gt;&gt;</a>&nbsp;&nbsp;&nbsp;__aeabi_dadd
</UL>

<P><STRONG><a name="[d9]"></a>_ll_shift_l</STRONG> (Thumb, 0 bytes, Stack size 0 bytes, llshl.o(.text), UNUSED)

<P><STRONG><a name="[44]"></a>__aeabi_llsr</STRONG> (Thumb, 32 bytes, Stack size 0 bytes, llushr.o(.text))
<BR><BR>[Called By]<UL><LI><a href="#[43]">&gt;&gt;</a>&nbsp;&nbsp;&nbsp;__aeabi_d2uiz
<LI><a href="#[3d]">&gt;&gt;</a>&nbsp;&nbsp;&nbsp;_double_epilogue
</UL>

<P><STRONG><a name="[da]"></a>_ll_ushift_r</STRONG> (Thumb, 0 bytes, Stack size 0 bytes, llushr.o(.text), UNUSED)

<P><STRONG><a name="[3c]"></a>__aeabi_lasr</STRONG> (Thumb, 36 bytes, Stack size 0 bytes, llsshr.o(.text))
<BR><BR>[Called By]<UL><LI><a href="#[3a]">&gt;&gt;</a>&nbsp;&nbsp;&nbsp;__aeabi_dadd
</UL>

<P><STRONG><a name="[db]"></a>_ll_sshift_r</STRONG> (Thumb, 0 bytes, Stack size 0 bytes, llsshr.o(.text), UNUSED)

<P><STRONG><a name="[dc]"></a>__I$use$fp</STRONG> (Thumb, 0 bytes, Stack size 8 bytes, iusefp.o(.text), UNUSED)

<P><STRONG><a name="[3e]"></a>_double_round</STRONG> (Thumb, 30 bytes, Stack size 8 bytes, depilogue.o(.text))
<BR><BR>[Stack]<UL><LI>Max Depth = 8<LI>Call Chain = _double_round
</UL>
<BR>[Called By]<UL><LI><a href="#[41]">&gt;&gt;</a>&nbsp;&nbsp;&nbsp;__aeabi_ddiv
<LI><a href="#[3d]">&gt;&gt;</a>&nbsp;&nbsp;&nbsp;_double_epilogue
<LI><a href="#[3a]">&gt;&gt;</a>&nbsp;&nbsp;&nbsp;__aeabi_dadd
</UL>

<P><STRONG><a name="[3d]"></a>_double_epilogue</STRONG> (Thumb, 156 bytes, Stack size 32 bytes, depilogue.o(.text))
<BR><BR>[Stack]<UL><LI>Max Depth = 40<LI>Call Chain = _double_epilogue &rArr; _double_round
</UL>
<BR>[Calls]<UL><LI><a href="#[44]">&gt;&gt;</a>&nbsp;&nbsp;&nbsp;__aeabi_llsr
<LI><a href="#[3b]">&gt;&gt;</a>&nbsp;&nbsp;&nbsp;__aeabi_llsl
<LI><a href="#[3e]">&gt;&gt;</a>&nbsp;&nbsp;&nbsp;_double_round
</UL>
<BR>[Called By]<UL><LI><a href="#[42]">&gt;&gt;</a>&nbsp;&nbsp;&nbsp;__aeabi_ui2d
<LI><a href="#[3a]">&gt;&gt;</a>&nbsp;&nbsp;&nbsp;__aeabi_dadd
</UL>

<P><STRONG><a name="[35]"></a>__scatterload</STRONG> (Thumb, 28 bytes, Stack size 0 bytes, init.o(.text))
<BR><BR>[Calls]<UL><LI><a href="#[45]">&gt;&gt;</a>&nbsp;&nbsp;&nbsp;__main_after_scatterload
</UL>
<BR>[Called By]<UL><LI><a href="#[34]">&gt;&gt;</a>&nbsp;&nbsp;&nbsp;_main_scatterload
</UL>

<P><STRONG><a name="[dd]"></a>__scatterload_rt2</STRONG> (Thumb, 0 bytes, Stack size 0 bytes, init.o(.text), UNUSED)

<P><STRONG><a name="[7]"></a>AES_IRQHandler</STRONG> (Thumb, 64 bytes, Stack size 8 bytes, ht6xxx_it.o(i.AES_IRQHandler))
<BR><BR>[Stack]<UL><LI>Max Depth = 24<LI>Call Chain = AES_IRQHandler &rArr; HT_AES_GHASH_RAND_ITFlagStatusGet
</UL>
<BR>[Calls]<UL><LI><a href="#[46]">&gt;&gt;</a>&nbsp;&nbsp;&nbsp;HT_ECC_ITFlagStatusGet
<LI><a href="#[47]">&gt;&gt;</a>&nbsp;&nbsp;&nbsp;HT_ECC_ClearITPendingBit
<LI><a href="#[48]">&gt;&gt;</a>&nbsp;&nbsp;&nbsp;HT_AES_GHASH_RAND_ITFlagStatusGet
<LI><a href="#[49]">&gt;&gt;</a>&nbsp;&nbsp;&nbsp;HT_AES_GHASH_RAND_ClearITPendingBit
</UL>
<BR>[Address Reference Count : 1]<UL><LI> startup_ht633x.o(RESET)
</UL>
<P><STRONG><a name="[4a]"></a>AF_GPIO_Config</STRONG> (Thumb, 48 bytes, Stack size 40 bytes, ht_gpio.o(i.AF_GPIO_Config))
<BR><BR>[Stack]<UL><LI>Max Depth = 64<LI>Call Chain = AF_GPIO_Config &rArr; HT_GPIO_AFInit
</UL>
<BR>[Calls]<UL><LI><a href="#[4b]">&gt;&gt;</a>&nbsp;&nbsp;&nbsp;HT_GPIO_AFInit
</UL>
<BR>[Called By]<UL><LI><a href="#[74]">&gt;&gt;</a>&nbsp;&nbsp;&nbsp;HT_UART_MspInit
</UL>

<P><STRONG><a name="[4c]"></a>CMU_Config</STRONG> (Thumb, 26 bytes, Stack size 16 bytes, main.o(i.CMU_Config))
<BR><BR>[Stack]<UL><LI>Max Depth = 48<LI>Call Chain = CMU_Config &rArr; HT_Init &rArr; HT_InitTick &rArr; HT_CMU_CPUClkGet
</UL>
<BR>[Calls]<UL><LI><a href="#[4d]">&gt;&gt;</a>&nbsp;&nbsp;&nbsp;HT_CMU_Init
<LI><a href="#[4e]">&gt;&gt;</a>&nbsp;&nbsp;&nbsp;HT_Init
</UL>
<BR>[Called By]<UL><LI><a href="#[7d]">&gt;&gt;</a>&nbsp;&nbsp;&nbsp;SystemClock_Config
</UL>

<P><STRONG><a name="[25]"></a>DMA_IRQHandler</STRONG> (Thumb, 8 bytes, Stack size 8 bytes, ht6xxx_it.o(i.DMA_IRQHandler))
<BR><BR>[Stack]<UL><LI>Max Depth = 32<LI>Call Chain = DMA_IRQHandler &rArr; DMA_IRQProc &rArr; HT_DMA_ITFlagStatusGet
</UL>
<BR>[Calls]<UL><LI><a href="#[4f]">&gt;&gt;</a>&nbsp;&nbsp;&nbsp;DMA_IRQProc
</UL>
<BR>[Address Reference Count : 1]<UL><LI> startup_ht633x.o(RESET)
</UL>
<P><STRONG><a name="[8]"></a>EXTI0_IRQHandler</STRONG> (Thumb, 36 bytes, Stack size 8 bytes, ht6xxx_it.o(i.EXTI0_IRQHandler))
<BR><BR>[Stack]<UL><LI>Max Depth = 24<LI>Call Chain = EXTI0_IRQHandler &rArr; HT_EXTIRise_ITFlagStatusGet
</UL>
<BR>[Calls]<UL><LI><a href="#[52]">&gt;&gt;</a>&nbsp;&nbsp;&nbsp;HT_EXTIRise_ITFlagStatusGet
<LI><a href="#[53]">&gt;&gt;</a>&nbsp;&nbsp;&nbsp;HT_EXTIRise_ClearITPendingBit
<LI><a href="#[54]">&gt;&gt;</a>&nbsp;&nbsp;&nbsp;HT_EXTIFall_ITFlagStatusGet
<LI><a href="#[55]">&gt;&gt;</a>&nbsp;&nbsp;&nbsp;HT_EXTIFall_ClearITPendingBit
</UL>
<BR>[Address Reference Count : 1]<UL><LI> startup_ht633x.o(RESET)
</UL>
<P><STRONG><a name="[27]"></a>EXTI10_14_IRQHandler</STRONG> (Thumb, 184 bytes, Stack size 8 bytes, ht6xxx_it.o(i.EXTI10_14_IRQHandler))
<BR><BR>[Stack]<UL><LI>Max Depth = 24<LI>Call Chain = EXTI10_14_IRQHandler &rArr; HT_EXTIRise_ITFlagStatusGet
</UL>
<BR>[Calls]<UL><LI><a href="#[52]">&gt;&gt;</a>&nbsp;&nbsp;&nbsp;HT_EXTIRise_ITFlagStatusGet
<LI><a href="#[53]">&gt;&gt;</a>&nbsp;&nbsp;&nbsp;HT_EXTIRise_ClearITPendingBit
<LI><a href="#[54]">&gt;&gt;</a>&nbsp;&nbsp;&nbsp;HT_EXTIFall_ITFlagStatusGet
<LI><a href="#[55]">&gt;&gt;</a>&nbsp;&nbsp;&nbsp;HT_EXTIFall_ClearITPendingBit
</UL>
<BR>[Address Reference Count : 1]<UL><LI> startup_ht633x.o(RESET)
</UL>
<P><STRONG><a name="[9]"></a>EXTI1_IRQHandler</STRONG> (Thumb, 38 bytes, Stack size 8 bytes, ht6xxx_it.o(i.EXTI1_IRQHandler))
<BR><BR>[Stack]<UL><LI>Max Depth = 24<LI>Call Chain = EXTI1_IRQHandler &rArr; HT_EXTIRise_ITFlagStatusGet
</UL>
<BR>[Calls]<UL><LI><a href="#[52]">&gt;&gt;</a>&nbsp;&nbsp;&nbsp;HT_EXTIRise_ITFlagStatusGet
<LI><a href="#[53]">&gt;&gt;</a>&nbsp;&nbsp;&nbsp;HT_EXTIRise_ClearITPendingBit
<LI><a href="#[54]">&gt;&gt;</a>&nbsp;&nbsp;&nbsp;HT_EXTIFall_ITFlagStatusGet
<LI><a href="#[55]">&gt;&gt;</a>&nbsp;&nbsp;&nbsp;HT_EXTIFall_ClearITPendingBit
</UL>
<BR>[Address Reference Count : 1]<UL><LI> startup_ht633x.o(RESET)
</UL>
<P><STRONG><a name="[a]"></a>EXTI2_IRQHandler</STRONG> (Thumb, 38 bytes, Stack size 8 bytes, ht6xxx_it.o(i.EXTI2_IRQHandler))
<BR><BR>[Stack]<UL><LI>Max Depth = 24<LI>Call Chain = EXTI2_IRQHandler &rArr; HT_EXTIRise_ITFlagStatusGet
</UL>
<BR>[Calls]<UL><LI><a href="#[52]">&gt;&gt;</a>&nbsp;&nbsp;&nbsp;HT_EXTIRise_ITFlagStatusGet
<LI><a href="#[53]">&gt;&gt;</a>&nbsp;&nbsp;&nbsp;HT_EXTIRise_ClearITPendingBit
<LI><a href="#[54]">&gt;&gt;</a>&nbsp;&nbsp;&nbsp;HT_EXTIFall_ITFlagStatusGet
<LI><a href="#[55]">&gt;&gt;</a>&nbsp;&nbsp;&nbsp;HT_EXTIFall_ClearITPendingBit
</UL>
<BR>[Address Reference Count : 1]<UL><LI> startup_ht633x.o(RESET)
</UL>
<P><STRONG><a name="[b]"></a>EXTI3_IRQHandler</STRONG> (Thumb, 38 bytes, Stack size 8 bytes, ht6xxx_it.o(i.EXTI3_IRQHandler))
<BR><BR>[Stack]<UL><LI>Max Depth = 24<LI>Call Chain = EXTI3_IRQHandler &rArr; HT_EXTIRise_ITFlagStatusGet
</UL>
<BR>[Calls]<UL><LI><a href="#[52]">&gt;&gt;</a>&nbsp;&nbsp;&nbsp;HT_EXTIRise_ITFlagStatusGet
<LI><a href="#[53]">&gt;&gt;</a>&nbsp;&nbsp;&nbsp;HT_EXTIRise_ClearITPendingBit
<LI><a href="#[54]">&gt;&gt;</a>&nbsp;&nbsp;&nbsp;HT_EXTIFall_ITFlagStatusGet
<LI><a href="#[55]">&gt;&gt;</a>&nbsp;&nbsp;&nbsp;HT_EXTIFall_ClearITPendingBit
</UL>
<BR>[Address Reference Count : 1]<UL><LI> startup_ht633x.o(RESET)
</UL>
<P><STRONG><a name="[c]"></a>EXTI4_IRQHandler</STRONG> (Thumb, 38 bytes, Stack size 8 bytes, ht6xxx_it.o(i.EXTI4_IRQHandler))
<BR><BR>[Stack]<UL><LI>Max Depth = 24<LI>Call Chain = EXTI4_IRQHandler &rArr; HT_EXTIRise_ITFlagStatusGet
</UL>
<BR>[Calls]<UL><LI><a href="#[52]">&gt;&gt;</a>&nbsp;&nbsp;&nbsp;HT_EXTIRise_ITFlagStatusGet
<LI><a href="#[53]">&gt;&gt;</a>&nbsp;&nbsp;&nbsp;HT_EXTIRise_ClearITPendingBit
<LI><a href="#[54]">&gt;&gt;</a>&nbsp;&nbsp;&nbsp;HT_EXTIFall_ITFlagStatusGet
<LI><a href="#[55]">&gt;&gt;</a>&nbsp;&nbsp;&nbsp;HT_EXTIFall_ClearITPendingBit
</UL>
<BR>[Address Reference Count : 1]<UL><LI> startup_ht633x.o(RESET)
</UL>
<P><STRONG><a name="[d]"></a>EXTI5_IRQHandler</STRONG> (Thumb, 38 bytes, Stack size 8 bytes, ht6xxx_it.o(i.EXTI5_IRQHandler))
<BR><BR>[Stack]<UL><LI>Max Depth = 24<LI>Call Chain = EXTI5_IRQHandler &rArr; HT_EXTIRise_ITFlagStatusGet
</UL>
<BR>[Calls]<UL><LI><a href="#[52]">&gt;&gt;</a>&nbsp;&nbsp;&nbsp;HT_EXTIRise_ITFlagStatusGet
<LI><a href="#[53]">&gt;&gt;</a>&nbsp;&nbsp;&nbsp;HT_EXTIRise_ClearITPendingBit
<LI><a href="#[54]">&gt;&gt;</a>&nbsp;&nbsp;&nbsp;HT_EXTIFall_ITFlagStatusGet
<LI><a href="#[55]">&gt;&gt;</a>&nbsp;&nbsp;&nbsp;HT_EXTIFall_ClearITPendingBit
</UL>
<BR>[Address Reference Count : 1]<UL><LI> startup_ht633x.o(RESET)
</UL>
<P><STRONG><a name="[e]"></a>EXTI6_IRQHandler</STRONG> (Thumb, 38 bytes, Stack size 8 bytes, ht6xxx_it.o(i.EXTI6_IRQHandler))
<BR><BR>[Stack]<UL><LI>Max Depth = 24<LI>Call Chain = EXTI6_IRQHandler &rArr; HT_EXTIRise_ITFlagStatusGet
</UL>
<BR>[Calls]<UL><LI><a href="#[52]">&gt;&gt;</a>&nbsp;&nbsp;&nbsp;HT_EXTIRise_ITFlagStatusGet
<LI><a href="#[53]">&gt;&gt;</a>&nbsp;&nbsp;&nbsp;HT_EXTIRise_ClearITPendingBit
<LI><a href="#[54]">&gt;&gt;</a>&nbsp;&nbsp;&nbsp;HT_EXTIFall_ITFlagStatusGet
<LI><a href="#[55]">&gt;&gt;</a>&nbsp;&nbsp;&nbsp;HT_EXTIFall_ClearITPendingBit
</UL>
<BR>[Address Reference Count : 1]<UL><LI> startup_ht633x.o(RESET)
</UL>
<P><STRONG><a name="[22]"></a>EXTI7_9_IRQHandler</STRONG> (Thumb, 112 bytes, Stack size 8 bytes, ht6xxx_it.o(i.EXTI7_9_IRQHandler))
<BR><BR>[Stack]<UL><LI>Max Depth = 24<LI>Call Chain = EXTI7_9_IRQHandler &rArr; HT_EXTIRise_ITFlagStatusGet
</UL>
<BR>[Calls]<UL><LI><a href="#[52]">&gt;&gt;</a>&nbsp;&nbsp;&nbsp;HT_EXTIRise_ITFlagStatusGet
<LI><a href="#[53]">&gt;&gt;</a>&nbsp;&nbsp;&nbsp;HT_EXTIRise_ClearITPendingBit
<LI><a href="#[54]">&gt;&gt;</a>&nbsp;&nbsp;&nbsp;HT_EXTIFall_ITFlagStatusGet
<LI><a href="#[55]">&gt;&gt;</a>&nbsp;&nbsp;&nbsp;HT_EXTIFall_ClearITPendingBit
</UL>
<BR>[Address Reference Count : 1]<UL><LI> startup_ht633x.o(RESET)
</UL>
<P><STRONG><a name="[56]"></a>FreeRTOS_Init</STRONG> (Thumb, 28 bytes, Stack size 16 bytes, ht_freertos.o(i.FreeRTOS_Init))
<BR><BR>[Stack]<UL><LI>Max Depth = 184<LI>Call Chain = FreeRTOS_Init &rArr; vTaskStartScheduler &rArr; xTimerCreateTimerTask &rArr; xTaskCreate &rArr; pvPortMalloc &rArr; xTaskResumeAll &rArr; xTaskIncrementTick
</UL>
<BR>[Calls]<UL><LI><a href="#[57]">&gt;&gt;</a>&nbsp;&nbsp;&nbsp;xTaskCreate
<LI><a href="#[58]">&gt;&gt;</a>&nbsp;&nbsp;&nbsp;vTaskStartScheduler
</UL>
<BR>[Called By]<UL><LI><a href="#[29]">&gt;&gt;</a>&nbsp;&nbsp;&nbsp;main
</UL>

<P><STRONG><a name="[59]"></a>GPIO_Config</STRONG> (Thumb, 50 bytes, Stack size 32 bytes, ht_gpio.o(i.GPIO_Config))
<BR><BR>[Stack]<UL><LI>Max Depth = 48<LI>Call Chain = GPIO_Config &rArr; HT_GPIO_Init
</UL>
<BR>[Calls]<UL><LI><a href="#[5a]">&gt;&gt;</a>&nbsp;&nbsp;&nbsp;HT_GPIO_Init
</UL>
<BR>[Called By]<UL><LI><a href="#[5b]">&gt;&gt;</a>&nbsp;&nbsp;&nbsp;GPIO_Init
</UL>

<P><STRONG><a name="[5b]"></a>GPIO_Init</STRONG> (Thumb, 20 bytes, Stack size 8 bytes, ht_gpio.o(i.GPIO_Init))
<BR><BR>[Stack]<UL><LI>Max Depth = 56<LI>Call Chain = GPIO_Init &rArr; GPIO_Config &rArr; HT_GPIO_Init
</UL>
<BR>[Calls]<UL><LI><a href="#[59]">&gt;&gt;</a>&nbsp;&nbsp;&nbsp;GPIO_Config
</UL>
<BR>[Called By]<UL><LI><a href="#[30]">&gt;&gt;</a>&nbsp;&nbsp;&nbsp;led0_task
</UL>

<P><STRONG><a name="[80]"></a>HRC11M_Delay_mSec</STRONG> (Thumb, 40 bytes, Stack size 0 bytes, main.o(i.HRC11M_Delay_mSec))
<BR><BR>[Called By]<UL><LI><a href="#[7d]">&gt;&gt;</a>&nbsp;&nbsp;&nbsp;SystemClock_Config
</UL>

<P><STRONG><a name="[49]"></a>HT_AES_GHASH_RAND_ClearITPendingBit</STRONG> (Thumb, 44 bytes, Stack size 8 bytes, ht6xxx_aes&rand.o(i.HT_AES_GHASH_RAND_ClearITPendingBit))
<BR><BR>[Stack]<UL><LI>Max Depth = 8<LI>Call Chain = HT_AES_GHASH_RAND_ClearITPendingBit
</UL>
<BR>[Calls]<UL><LI><a href="#[5c]">&gt;&gt;</a>&nbsp;&nbsp;&nbsp;assert_failed
</UL>
<BR>[Called By]<UL><LI><a href="#[7]">&gt;&gt;</a>&nbsp;&nbsp;&nbsp;AES_IRQHandler
</UL>

<P><STRONG><a name="[48]"></a>HT_AES_GHASH_RAND_ITFlagStatusGet</STRONG> (Thumb, 56 bytes, Stack size 16 bytes, ht6xxx_aes&rand.o(i.HT_AES_GHASH_RAND_ITFlagStatusGet))
<BR><BR>[Stack]<UL><LI>Max Depth = 16<LI>Call Chain = HT_AES_GHASH_RAND_ITFlagStatusGet
</UL>
<BR>[Calls]<UL><LI><a href="#[5c]">&gt;&gt;</a>&nbsp;&nbsp;&nbsp;assert_failed
</UL>
<BR>[Called By]<UL><LI><a href="#[7]">&gt;&gt;</a>&nbsp;&nbsp;&nbsp;AES_IRQHandler
</UL>

<P><STRONG><a name="[63]"></a>HT_CMU_CPUClkGet</STRONG> (Thumb, 192 bytes, Stack size 8 bytes, ht6xxx_cmu.o(i.HT_CMU_CPUClkGet))
<BR><BR>[Stack]<UL><LI>Max Depth = 8<LI>Call Chain = HT_CMU_CPUClkGet
</UL>
<BR>[Called By]<UL><LI><a href="#[5f]">&gt;&gt;</a>&nbsp;&nbsp;&nbsp;HT_InitTick
</UL>

<P><STRONG><a name="[83]"></a>HT_CMU_ClkCtrl1Config</STRONG> (Thumb, 56 bytes, Stack size 8 bytes, ht6xxx_cmu.o(i.HT_CMU_ClkCtrl1Config))
<BR><BR>[Stack]<UL><LI>Max Depth = 8<LI>Call Chain = HT_CMU_ClkCtrl1Config
</UL>
<BR>[Called By]<UL><LI><a href="#[82]">&gt;&gt;</a>&nbsp;&nbsp;&nbsp;TMR_Cycle_Init
<LI><a href="#[86]">&gt;&gt;</a>&nbsp;&nbsp;&nbsp;UART0_Init
</UL>

<P><STRONG><a name="[4d]"></a>HT_CMU_Init</STRONG> (Thumb, 388 bytes, Stack size 16 bytes, ht6xxx_cmu.o(i.HT_CMU_Init))
<BR><BR>[Stack]<UL><LI>Max Depth = 24<LI>Call Chain = HT_CMU_Init &rArr; WaitPllLock
</UL>
<BR>[Calls]<UL><LI><a href="#[5d]">&gt;&gt;</a>&nbsp;&nbsp;&nbsp;WaitPllLock
<LI><a href="#[5c]">&gt;&gt;</a>&nbsp;&nbsp;&nbsp;assert_failed
</UL>
<BR>[Called By]<UL><LI><a href="#[4c]">&gt;&gt;</a>&nbsp;&nbsp;&nbsp;CMU_Config
</UL>

<P><STRONG><a name="[5e]"></a>HT_CMU_StopFlagGet</STRONG> (Thumb, 46 bytes, Stack size 16 bytes, ht6xxx_cmu.o(i.HT_CMU_StopFlagGet))
<BR><BR>[Stack]<UL><LI>Max Depth = 16<LI>Call Chain = HT_CMU_StopFlagGet
</UL>
<BR>[Calls]<UL><LI><a href="#[5c]">&gt;&gt;</a>&nbsp;&nbsp;&nbsp;assert_failed
</UL>
<BR>[Called By]<UL><LI><a href="#[7d]">&gt;&gt;</a>&nbsp;&nbsp;&nbsp;SystemClock_Config
<LI><a href="#[1]">&gt;&gt;</a>&nbsp;&nbsp;&nbsp;NMI_Handler
</UL>

<P><STRONG><a name="[8c]"></a>HT_CycleTmr</STRONG> (Thumb, 80 bytes, Stack size 8 bytes, ht_tmr.o(i.HT_CycleTmr))
<BR><BR>[Stack]<UL><LI>Max Depth = 8<LI>Call Chain = HT_CycleTmr
</UL>
<BR>[Called By]<UL><LI><a href="#[8b]">&gt;&gt;</a>&nbsp;&nbsp;&nbsp;Uart_RxFun
</UL>

<P><STRONG><a name="[90]"></a>HT_FreeDog</STRONG> (Thumb, 10 bytes, Stack size 0 bytes, ht6xxx_wdt.o(i.HT_FreeDog))
<BR><BR>[Called By]<UL><LI><a href="#[2f]">&gt;&gt;</a>&nbsp;&nbsp;&nbsp;uart_task
<LI><a href="#[30]">&gt;&gt;</a>&nbsp;&nbsp;&nbsp;led0_task
<LI><a href="#[31]">&gt;&gt;</a>&nbsp;&nbsp;&nbsp;idle_task
<LI><a href="#[29]">&gt;&gt;</a>&nbsp;&nbsp;&nbsp;main
</UL>

<P><STRONG><a name="[77]"></a>HT_GetTick</STRONG> (Thumb, 6 bytes, Stack size 0 bytes, ht_tmr.o(i.HT_GetTick))
<BR><BR>[Called By]<UL><LI><a href="#[76]">&gt;&gt;</a>&nbsp;&nbsp;&nbsp;HT_UART_RxCallbackFun
</UL>

<P><STRONG><a name="[7a]"></a>HT_I2C_IRQHandler_Default</STRONG> (Thumb, 2 bytes, Stack size 0 bytes, ht6xxx_iic.o(i.HT_I2C_IRQHandler_Default))
<BR><BR>[Called By]<UL><LI><a href="#[1b]">&gt;&gt;</a>&nbsp;&nbsp;&nbsp;I2C_IRQHandler
</UL>

<P><STRONG><a name="[4e]"></a>HT_Init</STRONG> (Thumb, 8 bytes, Stack size 8 bytes, ht_freertos.o(i.HT_Init))
<BR><BR>[Stack]<UL><LI>Max Depth = 32<LI>Call Chain = HT_Init &rArr; HT_InitTick &rArr; HT_CMU_CPUClkGet
</UL>
<BR>[Calls]<UL><LI><a href="#[5f]">&gt;&gt;</a>&nbsp;&nbsp;&nbsp;HT_InitTick
</UL>
<BR>[Called By]<UL><LI><a href="#[4c]">&gt;&gt;</a>&nbsp;&nbsp;&nbsp;CMU_Config
</UL>

<P><STRONG><a name="[1e]"></a>SelfTestFreq_IRQHandler</STRONG> (Thumb, 2 bytes, Stack size 0 bytes, ht6xxx_it.o(i.SelfTestFreq_IRQHandler))
<BR>[Address Reference Count : 1]<UL><LI> startup_ht633x.o(RESET)
</UL>
<P><STRONG><a name="[2a]"></a>SystemInit</STRONG> (Thumb, 2 bytes, Stack size 0 bytes, system_ht6xxx.o(i.SystemInit))
<BR>[Address Reference Count : 1]<UL><LI> startup_ht633x.o(.text)
</UL>
<P><STRONG><a name="[de]"></a>__scatterload_null</STRONG> (Thumb, 2 bytes, Stack size unknown bytes, handlers.o(i.__scatterload_null), UNUSED)

<P><STRONG><a name="[72]"></a>HT_CMU_SysClkGet</STRONG> (Thumb, 180 bytes, Stack size 0 bytes, ht6xxx_cmu.o(i.HT_CMU_SysClkGet))
<BR><BR>[Called By]<UL><LI><a href="#[5d]">&gt;&gt;</a>&nbsp;&nbsp;&nbsp;WaitPllLock
<LI><a href="#[71]">&gt;&gt;</a>&nbsp;&nbsp;&nbsp;HT_UART_Init
<LI><a href="#[82]">&gt;&gt;</a>&nbsp;&nbsp;&nbsp;TMR_Cycle_Init
</UL>

<P><STRONG><a name="[51]"></a>HT_DMA_ClearITPendingBit</STRONG> (Thumb, 164 bytes, Stack size 8 bytes, ht6xxx_dma.o(i.HT_DMA_ClearITPendingBit))
<BR><BR>[Stack]<UL><LI>Max Depth = 8<LI>Call Chain = HT_DMA_ClearITPendingBit
</UL>
<BR>[Calls]<UL><LI><a href="#[5c]">&gt;&gt;</a>&nbsp;&nbsp;&nbsp;assert_failed
</UL>
<BR>[Called By]<UL><LI><a href="#[4f]">&gt;&gt;</a>&nbsp;&nbsp;&nbsp;DMA_IRQProc
</UL>

<P><STRONG><a name="[50]"></a>HT_DMA_ITFlagStatusGet</STRONG> (Thumb, 174 bytes, Stack size 16 bytes, ht6xxx_dma.o(i.HT_DMA_ITFlagStatusGet))
<BR><BR>[Stack]<UL><LI>Max Depth = 16<LI>Call Chain = HT_DMA_ITFlagStatusGet
</UL>
<BR>[Calls]<UL><LI><a href="#[5c]">&gt;&gt;</a>&nbsp;&nbsp;&nbsp;assert_failed
</UL>
<BR>[Called By]<UL><LI><a href="#[4f]">&gt;&gt;</a>&nbsp;&nbsp;&nbsp;DMA_IRQProc
</UL>

<P><STRONG><a name="[47]"></a>HT_ECC_ClearITPendingBit</STRONG> (Thumb, 48 bytes, Stack size 8 bytes, ht6xxx_ecc.o(i.HT_ECC_ClearITPendingBit))
<BR><BR>[Stack]<UL><LI>Max Depth = 8<LI>Call Chain = HT_ECC_ClearITPendingBit
</UL>
<BR>[Calls]<UL><LI><a href="#[5c]">&gt;&gt;</a>&nbsp;&nbsp;&nbsp;assert_failed
</UL>
<BR>[Called By]<UL><LI><a href="#[7]">&gt;&gt;</a>&nbsp;&nbsp;&nbsp;AES_IRQHandler
</UL>

<P><STRONG><a name="[46]"></a>HT_ECC_ITFlagStatusGet</STRONG> (Thumb, 52 bytes, Stack size 8 bytes, ht6xxx_ecc.o(i.HT_ECC_ITFlagStatusGet))
<BR><BR>[Stack]<UL><LI>Max Depth = 8<LI>Call Chain = HT_ECC_ITFlagStatusGet
</UL>
<BR>[Calls]<UL><LI><a href="#[5c]">&gt;&gt;</a>&nbsp;&nbsp;&nbsp;assert_failed
</UL>
<BR>[Called By]<UL><LI><a href="#[7]">&gt;&gt;</a>&nbsp;&nbsp;&nbsp;AES_IRQHandler
</UL>

<P><STRONG><a name="[55]"></a>HT_EXTIFall_ClearITPendingBit</STRONG> (Thumb, 140 bytes, Stack size 16 bytes, ht6xxx_exti.o(i.HT_EXTIFall_ClearITPendingBit))
<BR><BR>[Stack]<UL><LI>Max Depth = 16<LI>Call Chain = HT_EXTIFall_ClearITPendingBit
</UL>
<BR>[Calls]<UL><LI><a href="#[5c]">&gt;&gt;</a>&nbsp;&nbsp;&nbsp;assert_failed
</UL>
<BR>[Called By]<UL><LI><a href="#[22]">&gt;&gt;</a>&nbsp;&nbsp;&nbsp;EXTI7_9_IRQHandler
<LI><a href="#[e]">&gt;&gt;</a>&nbsp;&nbsp;&nbsp;EXTI6_IRQHandler
<LI><a href="#[d]">&gt;&gt;</a>&nbsp;&nbsp;&nbsp;EXTI5_IRQHandler
<LI><a href="#[c]">&gt;&gt;</a>&nbsp;&nbsp;&nbsp;EXTI4_IRQHandler
<LI><a href="#[b]">&gt;&gt;</a>&nbsp;&nbsp;&nbsp;EXTI3_IRQHandler
<LI><a href="#[a]">&gt;&gt;</a>&nbsp;&nbsp;&nbsp;EXTI2_IRQHandler
<LI><a href="#[9]">&gt;&gt;</a>&nbsp;&nbsp;&nbsp;EXTI1_IRQHandler
<LI><a href="#[27]">&gt;&gt;</a>&nbsp;&nbsp;&nbsp;EXTI10_14_IRQHandler
<LI><a href="#[8]">&gt;&gt;</a>&nbsp;&nbsp;&nbsp;EXTI0_IRQHandler
</UL>

<P><STRONG><a name="[54]"></a>HT_EXTIFall_ITFlagStatusGet</STRONG> (Thumb, 148 bytes, Stack size 16 bytes, ht6xxx_exti.o(i.HT_EXTIFall_ITFlagStatusGet))
<BR><BR>[Stack]<UL><LI>Max Depth = 16<LI>Call Chain = HT_EXTIFall_ITFlagStatusGet
</UL>
<BR>[Calls]<UL><LI><a href="#[5c]">&gt;&gt;</a>&nbsp;&nbsp;&nbsp;assert_failed
</UL>
<BR>[Called By]<UL><LI><a href="#[22]">&gt;&gt;</a>&nbsp;&nbsp;&nbsp;EXTI7_9_IRQHandler
<LI><a href="#[e]">&gt;&gt;</a>&nbsp;&nbsp;&nbsp;EXTI6_IRQHandler
<LI><a href="#[d]">&gt;&gt;</a>&nbsp;&nbsp;&nbsp;EXTI5_IRQHandler
<LI><a href="#[c]">&gt;&gt;</a>&nbsp;&nbsp;&nbsp;EXTI4_IRQHandler
<LI><a href="#[b]">&gt;&gt;</a>&nbsp;&nbsp;&nbsp;EXTI3_IRQHandler
<LI><a href="#[a]">&gt;&gt;</a>&nbsp;&nbsp;&nbsp;EXTI2_IRQHandler
<LI><a href="#[9]">&gt;&gt;</a>&nbsp;&nbsp;&nbsp;EXTI1_IRQHandler
<LI><a href="#[27]">&gt;&gt;</a>&nbsp;&nbsp;&nbsp;EXTI10_14_IRQHandler
<LI><a href="#[8]">&gt;&gt;</a>&nbsp;&nbsp;&nbsp;EXTI0_IRQHandler
</UL>

<P><STRONG><a name="[53]"></a>HT_EXTIRise_ClearITPendingBit</STRONG> (Thumb, 154 bytes, Stack size 16 bytes, ht6xxx_exti.o(i.HT_EXTIRise_ClearITPendingBit))
<BR><BR>[Stack]<UL><LI>Max Depth = 16<LI>Call Chain = HT_EXTIRise_ClearITPendingBit
</UL>
<BR>[Calls]<UL><LI><a href="#[5c]">&gt;&gt;</a>&nbsp;&nbsp;&nbsp;assert_failed
</UL>
<BR>[Called By]<UL><LI><a href="#[22]">&gt;&gt;</a>&nbsp;&nbsp;&nbsp;EXTI7_9_IRQHandler
<LI><a href="#[e]">&gt;&gt;</a>&nbsp;&nbsp;&nbsp;EXTI6_IRQHandler
<LI><a href="#[d]">&gt;&gt;</a>&nbsp;&nbsp;&nbsp;EXTI5_IRQHandler
<LI><a href="#[c]">&gt;&gt;</a>&nbsp;&nbsp;&nbsp;EXTI4_IRQHandler
<LI><a href="#[b]">&gt;&gt;</a>&nbsp;&nbsp;&nbsp;EXTI3_IRQHandler
<LI><a href="#[a]">&gt;&gt;</a>&nbsp;&nbsp;&nbsp;EXTI2_IRQHandler
<LI><a href="#[9]">&gt;&gt;</a>&nbsp;&nbsp;&nbsp;EXTI1_IRQHandler
<LI><a href="#[27]">&gt;&gt;</a>&nbsp;&nbsp;&nbsp;EXTI10_14_IRQHandler
<LI><a href="#[8]">&gt;&gt;</a>&nbsp;&nbsp;&nbsp;EXTI0_IRQHandler
</UL>

<P><STRONG><a name="[52]"></a>HT_EXTIRise_ITFlagStatusGet</STRONG> (Thumb, 160 bytes, Stack size 16 bytes, ht6xxx_exti.o(i.HT_EXTIRise_ITFlagStatusGet))
<BR><BR>[Stack]<UL><LI>Max Depth = 16<LI>Call Chain = HT_EXTIRise_ITFlagStatusGet
</UL>
<BR>[Calls]<UL><LI><a href="#[5c]">&gt;&gt;</a>&nbsp;&nbsp;&nbsp;assert_failed
</UL>
<BR>[Called By]<UL><LI><a href="#[22]">&gt;&gt;</a>&nbsp;&nbsp;&nbsp;EXTI7_9_IRQHandler
<LI><a href="#[e]">&gt;&gt;</a>&nbsp;&nbsp;&nbsp;EXTI6_IRQHandler
<LI><a href="#[d]">&gt;&gt;</a>&nbsp;&nbsp;&nbsp;EXTI5_IRQHandler
<LI><a href="#[c]">&gt;&gt;</a>&nbsp;&nbsp;&nbsp;EXTI4_IRQHandler
<LI><a href="#[b]">&gt;&gt;</a>&nbsp;&nbsp;&nbsp;EXTI3_IRQHandler
<LI><a href="#[a]">&gt;&gt;</a>&nbsp;&nbsp;&nbsp;EXTI2_IRQHandler
<LI><a href="#[9]">&gt;&gt;</a>&nbsp;&nbsp;&nbsp;EXTI1_IRQHandler
<LI><a href="#[27]">&gt;&gt;</a>&nbsp;&nbsp;&nbsp;EXTI10_14_IRQHandler
<LI><a href="#[8]">&gt;&gt;</a>&nbsp;&nbsp;&nbsp;EXTI0_IRQHandler
</UL>

<P><STRONG><a name="[4b]"></a>HT_GPIO_AFInit</STRONG> (Thumb, 244 bytes, Stack size 24 bytes, ht6xxx_gpio.o(i.HT_GPIO_AFInit))
<BR><BR>[Stack]<UL><LI>Max Depth = 24<LI>Call Chain = HT_GPIO_AFInit
</UL>
<BR>[Calls]<UL><LI><a href="#[5c]">&gt;&gt;</a>&nbsp;&nbsp;&nbsp;assert_failed
</UL>
<BR>[Called By]<UL><LI><a href="#[4a]">&gt;&gt;</a>&nbsp;&nbsp;&nbsp;AF_GPIO_Config
</UL>

<P><STRONG><a name="[60]"></a>HT_GPIO_BitsToggle</STRONG> (Thumb, 64 bytes, Stack size 16 bytes, ht6xxx_gpio.o(i.HT_GPIO_BitsToggle))
<BR><BR>[Stack]<UL><LI>Max Depth = 16<LI>Call Chain = HT_GPIO_BitsToggle
</UL>
<BR>[Calls]<UL><LI><a href="#[5c]">&gt;&gt;</a>&nbsp;&nbsp;&nbsp;assert_failed
</UL>
<BR>[Called By]<UL><LI><a href="#[30]">&gt;&gt;</a>&nbsp;&nbsp;&nbsp;led0_task
<LI><a href="#[2]">&gt;&gt;</a>&nbsp;&nbsp;&nbsp;HardFault_Handler
</UL>

<P><STRONG><a name="[5a]"></a>HT_GPIO_Init</STRONG> (Thumb, 410 bytes, Stack size 16 bytes, ht6xxx_gpio.o(i.HT_GPIO_Init))
<BR><BR>[Stack]<UL><LI>Max Depth = 16<LI>Call Chain = HT_GPIO_Init
</UL>
<BR>[Calls]<UL><LI><a href="#[5c]">&gt;&gt;</a>&nbsp;&nbsp;&nbsp;assert_failed
</UL>
<BR>[Called By]<UL><LI><a href="#[59]">&gt;&gt;</a>&nbsp;&nbsp;&nbsp;GPIO_Config
<LI><a href="#[2]">&gt;&gt;</a>&nbsp;&nbsp;&nbsp;HardFault_Handler
</UL>

<P><STRONG><a name="[61]"></a>HT_ISO7816_ClearITPendingBit</STRONG> (Thumb, 54 bytes, Stack size 16 bytes, ht6xxx_uart&7816.o(i.HT_ISO7816_ClearITPendingBit))
<BR><BR>[Stack]<UL><LI>Max Depth = 16<LI>Call Chain = HT_ISO7816_ClearITPendingBit
</UL>
<BR>[Calls]<UL><LI><a href="#[5c]">&gt;&gt;</a>&nbsp;&nbsp;&nbsp;assert_failed
</UL>
<BR>[Called By]<UL><LI><a href="#[13]">&gt;&gt;</a>&nbsp;&nbsp;&nbsp;UART4_IRQHandler
<LI><a href="#[12]">&gt;&gt;</a>&nbsp;&nbsp;&nbsp;UART3_IRQHandler
</UL>

<P><STRONG><a name="[62]"></a>HT_ISO7816_ITFlagStatusGet</STRONG> (Thumb, 66 bytes, Stack size 16 bytes, ht6xxx_uart&7816.o(i.HT_ISO7816_ITFlagStatusGet))
<BR><BR>[Stack]<UL><LI>Max Depth = 16<LI>Call Chain = HT_ISO7816_ITFlagStatusGet
</UL>
<BR>[Calls]<UL><LI><a href="#[5c]">&gt;&gt;</a>&nbsp;&nbsp;&nbsp;assert_failed
</UL>
<BR>[Called By]<UL><LI><a href="#[13]">&gt;&gt;</a>&nbsp;&nbsp;&nbsp;UART4_IRQHandler
<LI><a href="#[12]">&gt;&gt;</a>&nbsp;&nbsp;&nbsp;UART3_IRQHandler
</UL>

<P><STRONG><a name="[5f]"></a>HT_InitTick</STRONG> (Thumb, 86 bytes, Stack size 16 bytes, ht_freertos.o(i.HT_InitTick))
<BR><BR>[Stack]<UL><LI>Max Depth = 24<LI>Call Chain = HT_InitTick &rArr; HT_CMU_CPUClkGet
</UL>
<BR>[Calls]<UL><LI><a href="#[63]">&gt;&gt;</a>&nbsp;&nbsp;&nbsp;HT_CMU_CPUClkGet
</UL>
<BR>[Called By]<UL><LI><a href="#[4e]">&gt;&gt;</a>&nbsp;&nbsp;&nbsp;HT_Init
</UL>

<P><STRONG><a name="[64]"></a>HT_PMU_ClearITPendingBit</STRONG> (Thumb, 32 bytes, Stack size 8 bytes, ht6xxx_pmu.o(i.HT_PMU_ClearITPendingBit))
<BR><BR>[Stack]<UL><LI>Max Depth = 8<LI>Call Chain = HT_PMU_ClearITPendingBit
</UL>
<BR>[Calls]<UL><LI><a href="#[5c]">&gt;&gt;</a>&nbsp;&nbsp;&nbsp;assert_failed
</UL>
<BR>[Called By]<UL><LI><a href="#[6]">&gt;&gt;</a>&nbsp;&nbsp;&nbsp;PMU_IRQHandler
</UL>

<P><STRONG><a name="[65]"></a>HT_PMU_ITFlagStatusGet</STRONG> (Thumb, 44 bytes, Stack size 16 bytes, ht6xxx_pmu.o(i.HT_PMU_ITFlagStatusGet))
<BR><BR>[Stack]<UL><LI>Max Depth = 16<LI>Call Chain = HT_PMU_ITFlagStatusGet
</UL>
<BR>[Calls]<UL><LI><a href="#[5c]">&gt;&gt;</a>&nbsp;&nbsp;&nbsp;assert_failed
</UL>
<BR>[Called By]<UL><LI><a href="#[6]">&gt;&gt;</a>&nbsp;&nbsp;&nbsp;PMU_IRQHandler
</UL>

<P><STRONG><a name="[7f]"></a>HT_ResetFlagClear</STRONG> (Thumb, 12 bytes, Stack size 0 bytes, ht6xxx_reset.o(i.HT_ResetFlagClear))
<BR><BR>[Called By]<UL><LI><a href="#[7d]">&gt;&gt;</a>&nbsp;&nbsp;&nbsp;SystemClock_Config
</UL>

<P><STRONG><a name="[7e]"></a>HT_ResetFlagStatusGet</STRONG> (Thumb, 18 bytes, Stack size 0 bytes, ht6xxx_reset.o(i.HT_ResetFlagStatusGet))
<BR><BR>[Called By]<UL><LI><a href="#[7d]">&gt;&gt;</a>&nbsp;&nbsp;&nbsp;SystemClock_Config
</UL>

<P><STRONG><a name="[66]"></a>HT_SPI_ClearITPendingBit</STRONG> (Thumb, 84 bytes, Stack size 16 bytes, ht6xxx_spi.o(i.HT_SPI_ClearITPendingBit))
<BR><BR>[Stack]<UL><LI>Max Depth = 16<LI>Call Chain = HT_SPI_ClearITPendingBit
</UL>
<BR>[Calls]<UL><LI><a href="#[5c]">&gt;&gt;</a>&nbsp;&nbsp;&nbsp;assert_failed
</UL>
<BR>[Called By]<UL><LI><a href="#[28]">&gt;&gt;</a>&nbsp;&nbsp;&nbsp;SPI3_IRQHandler
<LI><a href="#[24]">&gt;&gt;</a>&nbsp;&nbsp;&nbsp;SPI2_IRQHandler
<LI><a href="#[1d]">&gt;&gt;</a>&nbsp;&nbsp;&nbsp;SPI1_IRQHandler
<LI><a href="#[1c]">&gt;&gt;</a>&nbsp;&nbsp;&nbsp;SPI0_IRQHandler
</UL>

<P><STRONG><a name="[67]"></a>HT_SPI_ITFlagStatusGet</STRONG> (Thumb, 90 bytes, Stack size 16 bytes, ht6xxx_spi.o(i.HT_SPI_ITFlagStatusGet))
<BR><BR>[Stack]<UL><LI>Max Depth = 16<LI>Call Chain = HT_SPI_ITFlagStatusGet
</UL>
<BR>[Calls]<UL><LI><a href="#[5c]">&gt;&gt;</a>&nbsp;&nbsp;&nbsp;assert_failed
</UL>
<BR>[Called By]<UL><LI><a href="#[28]">&gt;&gt;</a>&nbsp;&nbsp;&nbsp;SPI3_IRQHandler
<LI><a href="#[24]">&gt;&gt;</a>&nbsp;&nbsp;&nbsp;SPI2_IRQHandler
<LI><a href="#[1d]">&gt;&gt;</a>&nbsp;&nbsp;&nbsp;SPI1_IRQHandler
<LI><a href="#[1c]">&gt;&gt;</a>&nbsp;&nbsp;&nbsp;SPI0_IRQHandler
</UL>

<P><STRONG><a name="[68]"></a>HT_TBS_ClearITPendingBit</STRONG> (Thumb, 100 bytes, Stack size 8 bytes, ht6xxx_tbs.o(i.HT_TBS_ClearITPendingBit))
<BR><BR>[Stack]<UL><LI>Max Depth = 8<LI>Call Chain = HT_TBS_ClearITPendingBit
</UL>
<BR>[Calls]<UL><LI><a href="#[5c]">&gt;&gt;</a>&nbsp;&nbsp;&nbsp;assert_failed
</UL>
<BR>[Called By]<UL><LI><a href="#[19]">&gt;&gt;</a>&nbsp;&nbsp;&nbsp;TBS_IRQHandler
</UL>

<P><STRONG><a name="[69]"></a>HT_TBS_ITFlagStatusGet</STRONG> (Thumb, 110 bytes, Stack size 16 bytes, ht6xxx_tbs.o(i.HT_TBS_ITFlagStatusGet))
<BR><BR>[Stack]<UL><LI>Max Depth = 16<LI>Call Chain = HT_TBS_ITFlagStatusGet
</UL>
<BR>[Calls]<UL><LI><a href="#[5c]">&gt;&gt;</a>&nbsp;&nbsp;&nbsp;assert_failed
</UL>
<BR>[Called By]<UL><LI><a href="#[19]">&gt;&gt;</a>&nbsp;&nbsp;&nbsp;TBS_IRQHandler
</UL>

<P><STRONG><a name="[81]"></a>HT_TMR3CallbackFun</STRONG> (Thumb, 12 bytes, Stack size 0 bytes, ht_tmr.o(i.HT_TMR3CallbackFun))
<BR><BR>[Called By]<UL><LI><a href="#[18]">&gt;&gt;</a>&nbsp;&nbsp;&nbsp;TIMER_3_IRQHandler
</UL>

<P><STRONG><a name="[6a]"></a>HT_TMR_ClearITPendingBit</STRONG> (Thumb, 100 bytes, Stack size 16 bytes, ht6xxx_timer.o(i.HT_TMR_ClearITPendingBit))
<BR><BR>[Stack]<UL><LI>Max Depth = 16<LI>Call Chain = HT_TMR_ClearITPendingBit
</UL>
<BR>[Calls]<UL><LI><a href="#[5c]">&gt;&gt;</a>&nbsp;&nbsp;&nbsp;assert_failed
</UL>
<BR>[Called By]<UL><LI><a href="#[20]">&gt;&gt;</a>&nbsp;&nbsp;&nbsp;TIMER_5_IRQHandler
<LI><a href="#[1f]">&gt;&gt;</a>&nbsp;&nbsp;&nbsp;TIMER_4_IRQHandler
<LI><a href="#[18]">&gt;&gt;</a>&nbsp;&nbsp;&nbsp;TIMER_3_IRQHandler
<LI><a href="#[17]">&gt;&gt;</a>&nbsp;&nbsp;&nbsp;TIMER_2_IRQHandler
<LI><a href="#[16]">&gt;&gt;</a>&nbsp;&nbsp;&nbsp;TIMER_1_IRQHandler
<LI><a href="#[15]">&gt;&gt;</a>&nbsp;&nbsp;&nbsp;TIMER_0_IRQHandler
</UL>

<P><STRONG><a name="[6b]"></a>HT_TMR_ITConfig</STRONG> (Thumb, 136 bytes, Stack size 16 bytes, ht6xxx_timer.o(i.HT_TMR_ITConfig))
<BR><BR>[Stack]<UL><LI>Max Depth = 16<LI>Call Chain = HT_TMR_ITConfig
</UL>
<BR>[Calls]<UL><LI><a href="#[5c]">&gt;&gt;</a>&nbsp;&nbsp;&nbsp;assert_failed
</UL>
<BR>[Called By]<UL><LI><a href="#[82]">&gt;&gt;</a>&nbsp;&nbsp;&nbsp;TMR_Cycle_Init
</UL>

<P><STRONG><a name="[6c]"></a>HT_TMR_ITFlagStatusGet</STRONG> (Thumb, 118 bytes, Stack size 16 bytes, ht6xxx_timer.o(i.HT_TMR_ITFlagStatusGet))
<BR><BR>[Stack]<UL><LI>Max Depth = 16<LI>Call Chain = HT_TMR_ITFlagStatusGet
</UL>
<BR>[Calls]<UL><LI><a href="#[5c]">&gt;&gt;</a>&nbsp;&nbsp;&nbsp;assert_failed
</UL>
<BR>[Called By]<UL><LI><a href="#[20]">&gt;&gt;</a>&nbsp;&nbsp;&nbsp;TIMER_5_IRQHandler
<LI><a href="#[1f]">&gt;&gt;</a>&nbsp;&nbsp;&nbsp;TIMER_4_IRQHandler
<LI><a href="#[18]">&gt;&gt;</a>&nbsp;&nbsp;&nbsp;TIMER_3_IRQHandler
<LI><a href="#[17]">&gt;&gt;</a>&nbsp;&nbsp;&nbsp;TIMER_2_IRQHandler
<LI><a href="#[16]">&gt;&gt;</a>&nbsp;&nbsp;&nbsp;TIMER_1_IRQHandler
<LI><a href="#[15]">&gt;&gt;</a>&nbsp;&nbsp;&nbsp;TIMER_0_IRQHandler
</UL>

<P><STRONG><a name="[6d]"></a>HT_TMR_Init</STRONG> (Thumb, 528 bytes, Stack size 16 bytes, ht6xxx_timer.o(i.HT_TMR_Init))
<BR><BR>[Stack]<UL><LI>Max Depth = 16<LI>Call Chain = HT_TMR_Init
</UL>
<BR>[Calls]<UL><LI><a href="#[5c]">&gt;&gt;</a>&nbsp;&nbsp;&nbsp;assert_failed
</UL>
<BR>[Called By]<UL><LI><a href="#[82]">&gt;&gt;</a>&nbsp;&nbsp;&nbsp;TMR_Cycle_Init
</UL>

<P><STRONG><a name="[6e]"></a>HT_UART_ClearITPendingBit</STRONG> (Thumb, 84 bytes, Stack size 16 bytes, ht6xxx_uart&7816.o(i.HT_UART_ClearITPendingBit))
<BR><BR>[Stack]<UL><LI>Max Depth = 16<LI>Call Chain = HT_UART_ClearITPendingBit
</UL>
<BR>[Calls]<UL><LI><a href="#[5c]">&gt;&gt;</a>&nbsp;&nbsp;&nbsp;assert_failed
</UL>
<BR>[Called By]<UL><LI><a href="#[79]">&gt;&gt;</a>&nbsp;&nbsp;&nbsp;HT_UART_Transmit
<LI><a href="#[21]">&gt;&gt;</a>&nbsp;&nbsp;&nbsp;UART6_IRQHandler
<LI><a href="#[14]">&gt;&gt;</a>&nbsp;&nbsp;&nbsp;UART5_IRQHandler
<LI><a href="#[13]">&gt;&gt;</a>&nbsp;&nbsp;&nbsp;UART4_IRQHandler
<LI><a href="#[12]">&gt;&gt;</a>&nbsp;&nbsp;&nbsp;UART3_IRQHandler
<LI><a href="#[11]">&gt;&gt;</a>&nbsp;&nbsp;&nbsp;UART2_IRQHandler
<LI><a href="#[10]">&gt;&gt;</a>&nbsp;&nbsp;&nbsp;UART1_IRQHandler
<LI><a href="#[f]">&gt;&gt;</a>&nbsp;&nbsp;&nbsp;UART0_IRQHandler
</UL>

<P><STRONG><a name="[6f]"></a>HT_UART_ITConfig</STRONG> (Thumb, 110 bytes, Stack size 24 bytes, ht6xxx_uart&7816.o(i.HT_UART_ITConfig))
<BR><BR>[Stack]<UL><LI>Max Depth = 24<LI>Call Chain = HT_UART_ITConfig
</UL>
<BR>[Calls]<UL><LI><a href="#[5c]">&gt;&gt;</a>&nbsp;&nbsp;&nbsp;assert_failed
</UL>
<BR>[Called By]<UL><LI><a href="#[86]">&gt;&gt;</a>&nbsp;&nbsp;&nbsp;UART0_Init
</UL>

<P><STRONG><a name="[70]"></a>HT_UART_ITFlagStatusGet</STRONG> (Thumb, 96 bytes, Stack size 16 bytes, ht6xxx_uart&7816.o(i.HT_UART_ITFlagStatusGet))
<BR><BR>[Stack]<UL><LI>Max Depth = 16<LI>Call Chain = HT_UART_ITFlagStatusGet
</UL>
<BR>[Calls]<UL><LI><a href="#[5c]">&gt;&gt;</a>&nbsp;&nbsp;&nbsp;assert_failed
</UL>
<BR>[Called By]<UL><LI><a href="#[79]">&gt;&gt;</a>&nbsp;&nbsp;&nbsp;HT_UART_Transmit
<LI><a href="#[21]">&gt;&gt;</a>&nbsp;&nbsp;&nbsp;UART6_IRQHandler
<LI><a href="#[14]">&gt;&gt;</a>&nbsp;&nbsp;&nbsp;UART5_IRQHandler
<LI><a href="#[13]">&gt;&gt;</a>&nbsp;&nbsp;&nbsp;UART4_IRQHandler
<LI><a href="#[12]">&gt;&gt;</a>&nbsp;&nbsp;&nbsp;UART3_IRQHandler
<LI><a href="#[11]">&gt;&gt;</a>&nbsp;&nbsp;&nbsp;UART2_IRQHandler
<LI><a href="#[10]">&gt;&gt;</a>&nbsp;&nbsp;&nbsp;UART1_IRQHandler
<LI><a href="#[f]">&gt;&gt;</a>&nbsp;&nbsp;&nbsp;UART0_IRQHandler
</UL>

<P><STRONG><a name="[71]"></a>HT_UART_Init</STRONG> (Thumb, 350 bytes, Stack size 64 bytes, ht6xxx_uart&7816.o(i.HT_UART_Init))
<BR><BR>[Stack]<UL><LI>Max Depth = 152<LI>Call Chain = HT_UART_Init &rArr; __aeabi_dsub &rArr; __aeabi_dadd &rArr; _double_epilogue &rArr; _double_round
</UL>
<BR>[Calls]<UL><LI><a href="#[72]">&gt;&gt;</a>&nbsp;&nbsp;&nbsp;HT_CMU_SysClkGet
<LI><a href="#[5c]">&gt;&gt;</a>&nbsp;&nbsp;&nbsp;assert_failed
<LI><a href="#[42]">&gt;&gt;</a>&nbsp;&nbsp;&nbsp;__aeabi_ui2d
<LI><a href="#[3f]">&gt;&gt;</a>&nbsp;&nbsp;&nbsp;__aeabi_dsub
<LI><a href="#[40]">&gt;&gt;</a>&nbsp;&nbsp;&nbsp;__aeabi_drsub
<LI><a href="#[41]">&gt;&gt;</a>&nbsp;&nbsp;&nbsp;__aeabi_ddiv
<LI><a href="#[43]">&gt;&gt;</a>&nbsp;&nbsp;&nbsp;__aeabi_d2uiz
<LI><a href="#[73]">&gt;&gt;</a>&nbsp;&nbsp;&nbsp;__aeabi_cdrcmple
</UL>
<BR>[Called By]<UL><LI><a href="#[86]">&gt;&gt;</a>&nbsp;&nbsp;&nbsp;UART0_Init
</UL>

<P><STRONG><a name="[75]"></a>HT_UART_ReceiveData</STRONG> (Thumb, 62 bytes, Stack size 8 bytes, ht6xxx_uart&7816.o(i.HT_UART_ReceiveData))
<BR><BR>[Stack]<UL><LI>Max Depth = 8<LI>Call Chain = HT_UART_ReceiveData
</UL>
<BR>[Calls]<UL><LI><a href="#[5c]">&gt;&gt;</a>&nbsp;&nbsp;&nbsp;assert_failed
</UL>
<BR>[Called By]<UL><LI><a href="#[76]">&gt;&gt;</a>&nbsp;&nbsp;&nbsp;HT_UART_RxCallbackFun
</UL>

<P><STRONG><a name="[76]"></a>HT_UART_RxCallbackFun</STRONG> (Thumb, 118 bytes, Stack size 8 bytes, ht_uart.o(i.HT_UART_RxCallbackFun))
<BR><BR>[Stack]<UL><LI>Max Depth = 16<LI>Call Chain = HT_UART_RxCallbackFun &rArr; HT_UART_ReceiveData
</UL>
<BR>[Calls]<UL><LI><a href="#[75]">&gt;&gt;</a>&nbsp;&nbsp;&nbsp;HT_UART_ReceiveData
<LI><a href="#[77]">&gt;&gt;</a>&nbsp;&nbsp;&nbsp;HT_GetTick
</UL>
<BR>[Called By]<UL><LI><a href="#[f]">&gt;&gt;</a>&nbsp;&nbsp;&nbsp;UART0_IRQHandler
</UL>

<P><STRONG><a name="[78]"></a>HT_UART_SendData</STRONG> (Thumb, 64 bytes, Stack size 16 bytes, ht6xxx_uart&7816.o(i.HT_UART_SendData))
<BR><BR>[Stack]<UL><LI>Max Depth = 16<LI>Call Chain = HT_UART_SendData
</UL>
<BR>[Calls]<UL><LI><a href="#[5c]">&gt;&gt;</a>&nbsp;&nbsp;&nbsp;assert_failed
</UL>
<BR>[Called By]<UL><LI><a href="#[79]">&gt;&gt;</a>&nbsp;&nbsp;&nbsp;HT_UART_Transmit
</UL>

<P><STRONG><a name="[79]"></a>HT_UART_Transmit</STRONG> (Thumb, 94 bytes, Stack size 32 bytes, ht_uart.o(i.HT_UART_Transmit))
<BR><BR>[Stack]<UL><LI>Max Depth = 48<LI>Call Chain = HT_UART_Transmit &rArr; HT_UART_SendData
</UL>
<BR>[Calls]<UL><LI><a href="#[78]">&gt;&gt;</a>&nbsp;&nbsp;&nbsp;HT_UART_SendData
<LI><a href="#[70]">&gt;&gt;</a>&nbsp;&nbsp;&nbsp;HT_UART_ITFlagStatusGet
<LI><a href="#[6e]">&gt;&gt;</a>&nbsp;&nbsp;&nbsp;HT_UART_ClearITPendingBit
</UL>
<BR>[Called By]<UL><LI><a href="#[2d]">&gt;&gt;</a>&nbsp;&nbsp;&nbsp;fputc
<LI><a href="#[8a]">&gt;&gt;</a>&nbsp;&nbsp;&nbsp;Uart_RxDataPro
</UL>

<P><STRONG><a name="[2]"></a>HardFault_Handler</STRONG> (Thumb, 74 bytes, Stack size 16 bytes, ht6xxx_it.o(i.HardFault_Handler))
<BR><BR>[Stack]<UL><LI>Max Depth = 32<LI>Call Chain = HardFault_Handler &rArr; HT_GPIO_Init
</UL>
<BR>[Calls]<UL><LI><a href="#[5a]">&gt;&gt;</a>&nbsp;&nbsp;&nbsp;HT_GPIO_Init
<LI><a href="#[60]">&gt;&gt;</a>&nbsp;&nbsp;&nbsp;HT_GPIO_BitsToggle
</UL>
<BR>[Address Reference Count : 1]<UL><LI> startup_ht633x.o(RESET)
</UL>
<P><STRONG><a name="[1b]"></a>I2C_IRQHandler</STRONG> (Thumb, 8 bytes, Stack size 8 bytes, ht6xxx_it.o(i.I2C_IRQHandler))
<BR><BR>[Stack]<UL><LI>Max Depth = 8<LI>Call Chain = I2C_IRQHandler
</UL>
<BR>[Calls]<UL><LI><a href="#[7a]">&gt;&gt;</a>&nbsp;&nbsp;&nbsp;HT_I2C_IRQHandler_Default
</UL>
<BR>[Address Reference Count : 1]<UL><LI> startup_ht633x.o(RESET)
</UL>
<P><STRONG><a name="[1]"></a>NMI_Handler</STRONG> (Thumb, 22 bytes, Stack size 8 bytes, ht6xxx_it.o(i.NMI_Handler))
<BR><BR>[Stack]<UL><LI>Max Depth = 24<LI>Call Chain = NMI_Handler &rArr; HT_CMU_StopFlagGet
</UL>
<BR>[Calls]<UL><LI><a href="#[5e]">&gt;&gt;</a>&nbsp;&nbsp;&nbsp;HT_CMU_StopFlagGet
</UL>
<BR>[Address Reference Count : 1]<UL><LI> startup_ht633x.o(RESET)
</UL>
<P><STRONG><a name="[6]"></a>PMU_IRQHandler</STRONG> (Thumb, 82 bytes, Stack size 8 bytes, ht6xxx_it.o(i.PMU_IRQHandler))
<BR><BR>[Stack]<UL><LI>Max Depth = 24<LI>Call Chain = PMU_IRQHandler &rArr; HT_PMU_ITFlagStatusGet
</UL>
<BR>[Calls]<UL><LI><a href="#[65]">&gt;&gt;</a>&nbsp;&nbsp;&nbsp;HT_PMU_ITFlagStatusGet
<LI><a href="#[64]">&gt;&gt;</a>&nbsp;&nbsp;&nbsp;HT_PMU_ClearITPendingBit
</UL>
<BR>[Address Reference Count : 1]<UL><LI> startup_ht633x.o(RESET)
</UL>
<P><STRONG><a name="[1a]"></a>RTC_IRQHandler</STRONG> (Thumb, 26 bytes, Stack size 0 bytes, ht6xxx_it.o(i.RTC_IRQHandler))
<BR>[Address Reference Count : 1]<UL><LI> startup_ht633x.o(RESET)
</UL>
<P><STRONG><a name="[1c]"></a>SPI0_IRQHandler</STRONG> (Thumb, 44 bytes, Stack size 8 bytes, ht6xxx_it.o(i.SPI0_IRQHandler))
<BR><BR>[Stack]<UL><LI>Max Depth = 24<LI>Call Chain = SPI0_IRQHandler &rArr; HT_SPI_ITFlagStatusGet
</UL>
<BR>[Calls]<UL><LI><a href="#[67]">&gt;&gt;</a>&nbsp;&nbsp;&nbsp;HT_SPI_ITFlagStatusGet
<LI><a href="#[66]">&gt;&gt;</a>&nbsp;&nbsp;&nbsp;HT_SPI_ClearITPendingBit
</UL>
<BR>[Address Reference Count : 1]<UL><LI> startup_ht633x.o(RESET)
</UL>
<P><STRONG><a name="[1d]"></a>SPI1_IRQHandler</STRONG> (Thumb, 44 bytes, Stack size 8 bytes, ht6xxx_it.o(i.SPI1_IRQHandler))
<BR><BR>[Stack]<UL><LI>Max Depth = 24<LI>Call Chain = SPI1_IRQHandler &rArr; HT_SPI_ITFlagStatusGet
</UL>
<BR>[Calls]<UL><LI><a href="#[67]">&gt;&gt;</a>&nbsp;&nbsp;&nbsp;HT_SPI_ITFlagStatusGet
<LI><a href="#[66]">&gt;&gt;</a>&nbsp;&nbsp;&nbsp;HT_SPI_ClearITPendingBit
</UL>
<BR>[Address Reference Count : 1]<UL><LI> startup_ht633x.o(RESET)
</UL>
<P><STRONG><a name="[24]"></a>SPI2_IRQHandler</STRONG> (Thumb, 44 bytes, Stack size 8 bytes, ht6xxx_it.o(i.SPI2_IRQHandler))
<BR><BR>[Stack]<UL><LI>Max Depth = 24<LI>Call Chain = SPI2_IRQHandler &rArr; HT_SPI_ITFlagStatusGet
</UL>
<BR>[Calls]<UL><LI><a href="#[67]">&gt;&gt;</a>&nbsp;&nbsp;&nbsp;HT_SPI_ITFlagStatusGet
<LI><a href="#[66]">&gt;&gt;</a>&nbsp;&nbsp;&nbsp;HT_SPI_ClearITPendingBit
</UL>
<BR>[Address Reference Count : 1]<UL><LI> startup_ht633x.o(RESET)
</UL>
<P><STRONG><a name="[28]"></a>SPI3_IRQHandler</STRONG> (Thumb, 44 bytes, Stack size 8 bytes, ht6xxx_it.o(i.SPI3_IRQHandler))
<BR><BR>[Stack]<UL><LI>Max Depth = 24<LI>Call Chain = SPI3_IRQHandler &rArr; HT_SPI_ITFlagStatusGet
</UL>
<BR>[Calls]<UL><LI><a href="#[67]">&gt;&gt;</a>&nbsp;&nbsp;&nbsp;HT_SPI_ITFlagStatusGet
<LI><a href="#[66]">&gt;&gt;</a>&nbsp;&nbsp;&nbsp;HT_SPI_ClearITPendingBit
</UL>
<BR>[Address Reference Count : 1]<UL><LI> startup_ht633x.o(RESET)
</UL>
<P><STRONG><a name="[5]"></a>SysTick_Handler</STRONG> (Thumb, 16 bytes, Stack size 8 bytes, ht6xxx_it.o(i.SysTick_Handler))
<BR><BR>[Stack]<UL><LI>Max Depth = 40<LI>Call Chain = SysTick_Handler &rArr; xPortSysTickHandler &rArr; xTaskIncrementTick
</UL>
<BR>[Calls]<UL><LI><a href="#[7b]">&gt;&gt;</a>&nbsp;&nbsp;&nbsp;xTaskGetSchedulerState
<LI><a href="#[7c]">&gt;&gt;</a>&nbsp;&nbsp;&nbsp;xPortSysTickHandler
</UL>
<BR>[Address Reference Count : 1]<UL><LI> startup_ht633x.o(RESET)
</UL>
<P><STRONG><a name="[7d]"></a>SystemClock_Config</STRONG> (Thumb, 168 bytes, Stack size 24 bytes, main.o(i.SystemClock_Config))
<BR><BR>[Stack]<UL><LI>Max Depth = 72<LI>Call Chain = SystemClock_Config &rArr; CMU_Config &rArr; HT_Init &rArr; HT_InitTick &rArr; HT_CMU_CPUClkGet
</UL>
<BR>[Calls]<UL><LI><a href="#[5e]">&gt;&gt;</a>&nbsp;&nbsp;&nbsp;HT_CMU_StopFlagGet
<LI><a href="#[7e]">&gt;&gt;</a>&nbsp;&nbsp;&nbsp;HT_ResetFlagStatusGet
<LI><a href="#[7f]">&gt;&gt;</a>&nbsp;&nbsp;&nbsp;HT_ResetFlagClear
<LI><a href="#[80]">&gt;&gt;</a>&nbsp;&nbsp;&nbsp;HRC11M_Delay_mSec
<LI><a href="#[4c]">&gt;&gt;</a>&nbsp;&nbsp;&nbsp;CMU_Config
</UL>
<BR>[Called By]<UL><LI><a href="#[29]">&gt;&gt;</a>&nbsp;&nbsp;&nbsp;main
</UL>

<P><STRONG><a name="[19]"></a>TBS_IRQHandler</STRONG> (Thumb, 238 bytes, Stack size 8 bytes, ht6xxx_it.o(i.TBS_IRQHandler))
<BR><BR>[Stack]<UL><LI>Max Depth = 24<LI>Call Chain = TBS_IRQHandler &rArr; HT_TBS_ITFlagStatusGet
</UL>
<BR>[Calls]<UL><LI><a href="#[69]">&gt;&gt;</a>&nbsp;&nbsp;&nbsp;HT_TBS_ITFlagStatusGet
<LI><a href="#[68]">&gt;&gt;</a>&nbsp;&nbsp;&nbsp;HT_TBS_ClearITPendingBit
</UL>
<BR>[Address Reference Count : 1]<UL><LI> startup_ht633x.o(RESET)
</UL>
<P><STRONG><a name="[15]"></a>TIMER_0_IRQHandler</STRONG> (Thumb, 96 bytes, Stack size 8 bytes, ht6xxx_it.o(i.TIMER_0_IRQHandler))
<BR><BR>[Stack]<UL><LI>Max Depth = 24<LI>Call Chain = TIMER_0_IRQHandler &rArr; HT_TMR_ITFlagStatusGet
</UL>
<BR>[Calls]<UL><LI><a href="#[6c]">&gt;&gt;</a>&nbsp;&nbsp;&nbsp;HT_TMR_ITFlagStatusGet
<LI><a href="#[6a]">&gt;&gt;</a>&nbsp;&nbsp;&nbsp;HT_TMR_ClearITPendingBit
</UL>
<BR>[Address Reference Count : 1]<UL><LI> startup_ht633x.o(RESET)
</UL>
<P><STRONG><a name="[16]"></a>TIMER_1_IRQHandler</STRONG> (Thumb, 96 bytes, Stack size 8 bytes, ht6xxx_it.o(i.TIMER_1_IRQHandler))
<BR><BR>[Stack]<UL><LI>Max Depth = 24<LI>Call Chain = TIMER_1_IRQHandler &rArr; HT_TMR_ITFlagStatusGet
</UL>
<BR>[Calls]<UL><LI><a href="#[6c]">&gt;&gt;</a>&nbsp;&nbsp;&nbsp;HT_TMR_ITFlagStatusGet
<LI><a href="#[6a]">&gt;&gt;</a>&nbsp;&nbsp;&nbsp;HT_TMR_ClearITPendingBit
</UL>
<BR>[Address Reference Count : 1]<UL><LI> startup_ht633x.o(RESET)
</UL>
<P><STRONG><a name="[17]"></a>TIMER_2_IRQHandler</STRONG> (Thumb, 96 bytes, Stack size 8 bytes, ht6xxx_it.o(i.TIMER_2_IRQHandler))
<BR><BR>[Stack]<UL><LI>Max Depth = 24<LI>Call Chain = TIMER_2_IRQHandler &rArr; HT_TMR_ITFlagStatusGet
</UL>
<BR>[Calls]<UL><LI><a href="#[6c]">&gt;&gt;</a>&nbsp;&nbsp;&nbsp;HT_TMR_ITFlagStatusGet
<LI><a href="#[6a]">&gt;&gt;</a>&nbsp;&nbsp;&nbsp;HT_TMR_ClearITPendingBit
</UL>
<BR>[Address Reference Count : 1]<UL><LI> startup_ht633x.o(RESET)
</UL>
<P><STRONG><a name="[18]"></a>TIMER_3_IRQHandler</STRONG> (Thumb, 118 bytes, Stack size 8 bytes, ht6xxx_it.o(i.TIMER_3_IRQHandler))
<BR><BR>[Stack]<UL><LI>Max Depth = 24<LI>Call Chain = TIMER_3_IRQHandler &rArr; HT_TMR_ITFlagStatusGet
</UL>
<BR>[Calls]<UL><LI><a href="#[6c]">&gt;&gt;</a>&nbsp;&nbsp;&nbsp;HT_TMR_ITFlagStatusGet
<LI><a href="#[6a]">&gt;&gt;</a>&nbsp;&nbsp;&nbsp;HT_TMR_ClearITPendingBit
<LI><a href="#[81]">&gt;&gt;</a>&nbsp;&nbsp;&nbsp;HT_TMR3CallbackFun
</UL>
<BR>[Address Reference Count : 1]<UL><LI> startup_ht633x.o(RESET)
</UL>
<P><STRONG><a name="[1f]"></a>TIMER_4_IRQHandler</STRONG> (Thumb, 116 bytes, Stack size 8 bytes, ht6xxx_it.o(i.TIMER_4_IRQHandler))
<BR><BR>[Stack]<UL><LI>Max Depth = 24<LI>Call Chain = TIMER_4_IRQHandler &rArr; HT_TMR_ITFlagStatusGet
</UL>
<BR>[Calls]<UL><LI><a href="#[6c]">&gt;&gt;</a>&nbsp;&nbsp;&nbsp;HT_TMR_ITFlagStatusGet
<LI><a href="#[6a]">&gt;&gt;</a>&nbsp;&nbsp;&nbsp;HT_TMR_ClearITPendingBit
</UL>
<BR>[Address Reference Count : 1]<UL><LI> startup_ht633x.o(RESET)
</UL>
<P><STRONG><a name="[20]"></a>TIMER_5_IRQHandler</STRONG> (Thumb, 116 bytes, Stack size 8 bytes, ht6xxx_it.o(i.TIMER_5_IRQHandler))
<BR><BR>[Stack]<UL><LI>Max Depth = 24<LI>Call Chain = TIMER_5_IRQHandler &rArr; HT_TMR_ITFlagStatusGet
</UL>
<BR>[Calls]<UL><LI><a href="#[6c]">&gt;&gt;</a>&nbsp;&nbsp;&nbsp;HT_TMR_ITFlagStatusGet
<LI><a href="#[6a]">&gt;&gt;</a>&nbsp;&nbsp;&nbsp;HT_TMR_ClearITPendingBit
</UL>
<BR>[Address Reference Count : 1]<UL><LI> startup_ht633x.o(RESET)
</UL>
<P><STRONG><a name="[82]"></a>TMR_Cycle_Init</STRONG> (Thumb, 136 bytes, Stack size 24 bytes, ht_tmr.o(i.TMR_Cycle_Init))
<BR><BR>[Stack]<UL><LI>Max Depth = 40<LI>Call Chain = TMR_Cycle_Init &rArr; HT_TMR_Init
</UL>
<BR>[Calls]<UL><LI><a href="#[72]">&gt;&gt;</a>&nbsp;&nbsp;&nbsp;HT_CMU_SysClkGet
<LI><a href="#[83]">&gt;&gt;</a>&nbsp;&nbsp;&nbsp;HT_CMU_ClkCtrl1Config
<LI><a href="#[6d]">&gt;&gt;</a>&nbsp;&nbsp;&nbsp;HT_TMR_Init
<LI><a href="#[6b]">&gt;&gt;</a>&nbsp;&nbsp;&nbsp;HT_TMR_ITConfig
<LI><a href="#[84]">&gt;&gt;</a>&nbsp;&nbsp;&nbsp;NVIC_TMRx_Init
</UL>
<BR>[Called By]<UL><LI><a href="#[85]">&gt;&gt;</a>&nbsp;&nbsp;&nbsp;TMR_Init
</UL>

<P><STRONG><a name="[85]"></a>TMR_Init</STRONG> (Thumb, 8 bytes, Stack size 8 bytes, ht_tmr.o(i.TMR_Init))
<BR><BR>[Stack]<UL><LI>Max Depth = 48<LI>Call Chain = TMR_Init &rArr; TMR_Cycle_Init &rArr; HT_TMR_Init
</UL>
<BR>[Calls]<UL><LI><a href="#[82]">&gt;&gt;</a>&nbsp;&nbsp;&nbsp;TMR_Cycle_Init
</UL>
<BR>[Called By]<UL><LI><a href="#[29]">&gt;&gt;</a>&nbsp;&nbsp;&nbsp;main
</UL>

<P><STRONG><a name="[f]"></a>UART0_IRQHandler</STRONG> (Thumb, 48 bytes, Stack size 8 bytes, ht6xxx_it.o(i.UART0_IRQHandler))
<BR><BR>[Stack]<UL><LI>Max Depth = 24<LI>Call Chain = UART0_IRQHandler &rArr; HT_UART_ITFlagStatusGet
</UL>
<BR>[Calls]<UL><LI><a href="#[70]">&gt;&gt;</a>&nbsp;&nbsp;&nbsp;HT_UART_ITFlagStatusGet
<LI><a href="#[6e]">&gt;&gt;</a>&nbsp;&nbsp;&nbsp;HT_UART_ClearITPendingBit
<LI><a href="#[76]">&gt;&gt;</a>&nbsp;&nbsp;&nbsp;HT_UART_RxCallbackFun
</UL>
<BR>[Address Reference Count : 1]<UL><LI> startup_ht633x.o(RESET)
</UL>
<P><STRONG><a name="[86]"></a>UART0_Init</STRONG> (Thumb, 86 bytes, Stack size 24 bytes, ht_uart.o(i.UART0_Init))
<BR><BR>[Stack]<UL><LI>Max Depth = 176<LI>Call Chain = UART0_Init &rArr; HT_UART_Init &rArr; __aeabi_dsub &rArr; __aeabi_dadd &rArr; _double_epilogue &rArr; _double_round
</UL>
<BR>[Calls]<UL><LI><a href="#[83]">&gt;&gt;</a>&nbsp;&nbsp;&nbsp;HT_CMU_ClkCtrl1Config
<LI><a href="#[71]">&gt;&gt;</a>&nbsp;&nbsp;&nbsp;HT_UART_Init
<LI><a href="#[6f]">&gt;&gt;</a>&nbsp;&nbsp;&nbsp;HT_UART_ITConfig
<LI><a href="#[87]">&gt;&gt;</a>&nbsp;&nbsp;&nbsp;NVIC_UART0_Init
<LI><a href="#[74]">&gt;&gt;</a>&nbsp;&nbsp;&nbsp;HT_UART_MspInit
</UL>
<BR>[Called By]<UL><LI><a href="#[88]">&gt;&gt;</a>&nbsp;&nbsp;&nbsp;Uart_Init
</UL>

<P><STRONG><a name="[10]"></a>UART1_IRQHandler</STRONG> (Thumb, 44 bytes, Stack size 8 bytes, ht6xxx_it.o(i.UART1_IRQHandler))
<BR><BR>[Stack]<UL><LI>Max Depth = 24<LI>Call Chain = UART1_IRQHandler &rArr; HT_UART_ITFlagStatusGet
</UL>
<BR>[Calls]<UL><LI><a href="#[70]">&gt;&gt;</a>&nbsp;&nbsp;&nbsp;HT_UART_ITFlagStatusGet
<LI><a href="#[6e]">&gt;&gt;</a>&nbsp;&nbsp;&nbsp;HT_UART_ClearITPendingBit
</UL>
<BR>[Address Reference Count : 1]<UL><LI> startup_ht633x.o(RESET)
</UL>
<P><STRONG><a name="[11]"></a>UART2_IRQHandler</STRONG> (Thumb, 44 bytes, Stack size 8 bytes, ht6xxx_it.o(i.UART2_IRQHandler))
<BR><BR>[Stack]<UL><LI>Max Depth = 24<LI>Call Chain = UART2_IRQHandler &rArr; HT_UART_ITFlagStatusGet
</UL>
<BR>[Calls]<UL><LI><a href="#[70]">&gt;&gt;</a>&nbsp;&nbsp;&nbsp;HT_UART_ITFlagStatusGet
<LI><a href="#[6e]">&gt;&gt;</a>&nbsp;&nbsp;&nbsp;HT_UART_ClearITPendingBit
</UL>
<BR>[Address Reference Count : 1]<UL><LI> startup_ht633x.o(RESET)
</UL>
<P><STRONG><a name="[12]"></a>UART3_IRQHandler</STRONG> (Thumb, 104 bytes, Stack size 8 bytes, ht6xxx_it.o(i.UART3_IRQHandler))
<BR><BR>[Stack]<UL><LI>Max Depth = 24<LI>Call Chain = UART3_IRQHandler &rArr; HT_UART_ITFlagStatusGet
</UL>
<BR>[Calls]<UL><LI><a href="#[70]">&gt;&gt;</a>&nbsp;&nbsp;&nbsp;HT_UART_ITFlagStatusGet
<LI><a href="#[6e]">&gt;&gt;</a>&nbsp;&nbsp;&nbsp;HT_UART_ClearITPendingBit
<LI><a href="#[62]">&gt;&gt;</a>&nbsp;&nbsp;&nbsp;HT_ISO7816_ITFlagStatusGet
<LI><a href="#[61]">&gt;&gt;</a>&nbsp;&nbsp;&nbsp;HT_ISO7816_ClearITPendingBit
</UL>
<BR>[Address Reference Count : 1]<UL><LI> startup_ht633x.o(RESET)
</UL>
<P><STRONG><a name="[13]"></a>UART4_IRQHandler</STRONG> (Thumb, 104 bytes, Stack size 8 bytes, ht6xxx_it.o(i.UART4_IRQHandler))
<BR><BR>[Stack]<UL><LI>Max Depth = 24<LI>Call Chain = UART4_IRQHandler &rArr; HT_UART_ITFlagStatusGet
</UL>
<BR>[Calls]<UL><LI><a href="#[70]">&gt;&gt;</a>&nbsp;&nbsp;&nbsp;HT_UART_ITFlagStatusGet
<LI><a href="#[6e]">&gt;&gt;</a>&nbsp;&nbsp;&nbsp;HT_UART_ClearITPendingBit
<LI><a href="#[62]">&gt;&gt;</a>&nbsp;&nbsp;&nbsp;HT_ISO7816_ITFlagStatusGet
<LI><a href="#[61]">&gt;&gt;</a>&nbsp;&nbsp;&nbsp;HT_ISO7816_ClearITPendingBit
</UL>
<BR>[Address Reference Count : 1]<UL><LI> startup_ht633x.o(RESET)
</UL>
<P><STRONG><a name="[14]"></a>UART5_IRQHandler</STRONG> (Thumb, 44 bytes, Stack size 8 bytes, ht6xxx_it.o(i.UART5_IRQHandler))
<BR><BR>[Stack]<UL><LI>Max Depth = 24<LI>Call Chain = UART5_IRQHandler &rArr; HT_UART_ITFlagStatusGet
</UL>
<BR>[Calls]<UL><LI><a href="#[70]">&gt;&gt;</a>&nbsp;&nbsp;&nbsp;HT_UART_ITFlagStatusGet
<LI><a href="#[6e]">&gt;&gt;</a>&nbsp;&nbsp;&nbsp;HT_UART_ClearITPendingBit
</UL>
<BR>[Address Reference Count : 1]<UL><LI> startup_ht633x.o(RESET)
</UL>
<P><STRONG><a name="[21]"></a>UART6_IRQHandler</STRONG> (Thumb, 44 bytes, Stack size 8 bytes, ht6xxx_it.o(i.UART6_IRQHandler))
<BR><BR>[Stack]<UL><LI>Max Depth = 24<LI>Call Chain = UART6_IRQHandler &rArr; HT_UART_ITFlagStatusGet
</UL>
<BR>[Calls]<UL><LI><a href="#[70]">&gt;&gt;</a>&nbsp;&nbsp;&nbsp;HT_UART_ITFlagStatusGet
<LI><a href="#[6e]">&gt;&gt;</a>&nbsp;&nbsp;&nbsp;HT_UART_ClearITPendingBit
</UL>
<BR>[Address Reference Count : 1]<UL><LI> startup_ht633x.o(RESET)
</UL>
<P><STRONG><a name="[88]"></a>Uart_Init</STRONG> (Thumb, 12 bytes, Stack size 8 bytes, ht_uart.o(i.Uart_Init))
<BR><BR>[Stack]<UL><LI>Max Depth = 184<LI>Call Chain = Uart_Init &rArr; UART0_Init &rArr; HT_UART_Init &rArr; __aeabi_dsub &rArr; __aeabi_dadd &rArr; _double_epilogue &rArr; _double_round
</UL>
<BR>[Calls]<UL><LI><a href="#[86]">&gt;&gt;</a>&nbsp;&nbsp;&nbsp;UART0_Init
<LI><a href="#[89]">&gt;&gt;</a>&nbsp;&nbsp;&nbsp;Uart_RxBufData_Init
</UL>
<BR>[Called By]<UL><LI><a href="#[2f]">&gt;&gt;</a>&nbsp;&nbsp;&nbsp;uart_task
</UL>

<P><STRONG><a name="[8b]"></a>Uart_RxFun</STRONG> (Thumb, 100 bytes, Stack size 8 bytes, ht_uart.o(i.Uart_RxFun))
<BR><BR>[Stack]<UL><LI>Max Depth = 64<LI>Call Chain = Uart_RxFun &rArr; Uart_RxDataPro &rArr; HT_UART_Transmit &rArr; HT_UART_SendData
</UL>
<BR>[Calls]<UL><LI><a href="#[8c]">&gt;&gt;</a>&nbsp;&nbsp;&nbsp;HT_CycleTmr
<LI><a href="#[8a]">&gt;&gt;</a>&nbsp;&nbsp;&nbsp;Uart_RxDataPro
</UL>
<BR>[Called By]<UL><LI><a href="#[2f]">&gt;&gt;</a>&nbsp;&nbsp;&nbsp;uart_task
</UL>

<P><STRONG><a name="[8d]"></a>__0printf$3</STRONG> (Thumb, 22 bytes, Stack size 24 bytes, printf3.o(i.__0printf$3), UNUSED)
<BR><BR>[Calls]<UL><LI><a href="#[8e]">&gt;&gt;</a>&nbsp;&nbsp;&nbsp;_printf_core
</UL>

<P><STRONG><a name="[df]"></a>__1printf$3</STRONG> (Thumb, 0 bytes, Stack size 24 bytes, printf3.o(i.__0printf$3), UNUSED)

<P><STRONG><a name="[bf]"></a>__2printf</STRONG> (Thumb, 0 bytes, Stack size 24 bytes, printf3.o(i.__0printf$3))
<BR><BR>[Stack]<UL><LI>Max Depth = 24<LI>Call Chain = __2printf
</UL>
<BR>[Called By]<UL><LI><a href="#[2f]">&gt;&gt;</a>&nbsp;&nbsp;&nbsp;uart_task
</UL>

<P><STRONG><a name="[e0]"></a>__scatterload_copy</STRONG> (Thumb, 14 bytes, Stack size unknown bytes, handlers.o(i.__scatterload_copy), UNUSED)

<P><STRONG><a name="[e1]"></a>__scatterload_zeroinit</STRONG> (Thumb, 14 bytes, Stack size unknown bytes, handlers.o(i.__scatterload_zeroinit), UNUSED)

<P><STRONG><a name="[5c]"></a>assert_failed</STRONG> (Thumb, 4 bytes, Stack size 0 bytes, main.o(i.assert_failed))
<BR><BR>[Called By]<UL><LI><a href="#[5a]">&gt;&gt;</a>&nbsp;&nbsp;&nbsp;HT_GPIO_Init
<LI><a href="#[60]">&gt;&gt;</a>&nbsp;&nbsp;&nbsp;HT_GPIO_BitsToggle
<LI><a href="#[4b]">&gt;&gt;</a>&nbsp;&nbsp;&nbsp;HT_GPIO_AFInit
<LI><a href="#[52]">&gt;&gt;</a>&nbsp;&nbsp;&nbsp;HT_EXTIRise_ITFlagStatusGet
<LI><a href="#[53]">&gt;&gt;</a>&nbsp;&nbsp;&nbsp;HT_EXTIRise_ClearITPendingBit
<LI><a href="#[54]">&gt;&gt;</a>&nbsp;&nbsp;&nbsp;HT_EXTIFall_ITFlagStatusGet
<LI><a href="#[55]">&gt;&gt;</a>&nbsp;&nbsp;&nbsp;HT_EXTIFall_ClearITPendingBit
<LI><a href="#[46]">&gt;&gt;</a>&nbsp;&nbsp;&nbsp;HT_ECC_ITFlagStatusGet
<LI><a href="#[47]">&gt;&gt;</a>&nbsp;&nbsp;&nbsp;HT_ECC_ClearITPendingBit
<LI><a href="#[50]">&gt;&gt;</a>&nbsp;&nbsp;&nbsp;HT_DMA_ITFlagStatusGet
<LI><a href="#[51]">&gt;&gt;</a>&nbsp;&nbsp;&nbsp;HT_DMA_ClearITPendingBit
<LI><a href="#[5e]">&gt;&gt;</a>&nbsp;&nbsp;&nbsp;HT_CMU_StopFlagGet
<LI><a href="#[4d]">&gt;&gt;</a>&nbsp;&nbsp;&nbsp;HT_CMU_Init
<LI><a href="#[48]">&gt;&gt;</a>&nbsp;&nbsp;&nbsp;HT_AES_GHASH_RAND_ITFlagStatusGet
<LI><a href="#[49]">&gt;&gt;</a>&nbsp;&nbsp;&nbsp;HT_AES_GHASH_RAND_ClearITPendingBit
<LI><a href="#[78]">&gt;&gt;</a>&nbsp;&nbsp;&nbsp;HT_UART_SendData
<LI><a href="#[75]">&gt;&gt;</a>&nbsp;&nbsp;&nbsp;HT_UART_ReceiveData
<LI><a href="#[71]">&gt;&gt;</a>&nbsp;&nbsp;&nbsp;HT_UART_Init
<LI><a href="#[70]">&gt;&gt;</a>&nbsp;&nbsp;&nbsp;HT_UART_ITFlagStatusGet
<LI><a href="#[6f]">&gt;&gt;</a>&nbsp;&nbsp;&nbsp;HT_UART_ITConfig
<LI><a href="#[6e]">&gt;&gt;</a>&nbsp;&nbsp;&nbsp;HT_UART_ClearITPendingBit
<LI><a href="#[62]">&gt;&gt;</a>&nbsp;&nbsp;&nbsp;HT_ISO7816_ITFlagStatusGet
<LI><a href="#[61]">&gt;&gt;</a>&nbsp;&nbsp;&nbsp;HT_ISO7816_ClearITPendingBit
<LI><a href="#[6d]">&gt;&gt;</a>&nbsp;&nbsp;&nbsp;HT_TMR_Init
<LI><a href="#[6c]">&gt;&gt;</a>&nbsp;&nbsp;&nbsp;HT_TMR_ITFlagStatusGet
<LI><a href="#[6b]">&gt;&gt;</a>&nbsp;&nbsp;&nbsp;HT_TMR_ITConfig
<LI><a href="#[6a]">&gt;&gt;</a>&nbsp;&nbsp;&nbsp;HT_TMR_ClearITPendingBit
<LI><a href="#[69]">&gt;&gt;</a>&nbsp;&nbsp;&nbsp;HT_TBS_ITFlagStatusGet
<LI><a href="#[68]">&gt;&gt;</a>&nbsp;&nbsp;&nbsp;HT_TBS_ClearITPendingBit
<LI><a href="#[67]">&gt;&gt;</a>&nbsp;&nbsp;&nbsp;HT_SPI_ITFlagStatusGet
<LI><a href="#[66]">&gt;&gt;</a>&nbsp;&nbsp;&nbsp;HT_SPI_ClearITPendingBit
<LI><a href="#[65]">&gt;&gt;</a>&nbsp;&nbsp;&nbsp;HT_PMU_ITFlagStatusGet
<LI><a href="#[64]">&gt;&gt;</a>&nbsp;&nbsp;&nbsp;HT_PMU_ClearITPendingBit
</UL>

<P><STRONG><a name="[2d]"></a>fputc</STRONG> (Thumb, 18 bytes, Stack size 16 bytes, ht_uart.o(i.fputc))
<BR><BR>[Stack]<UL><LI>Max Depth = 64<LI>Call Chain = fputc &rArr; HT_UART_Transmit &rArr; HT_UART_SendData
</UL>
<BR>[Calls]<UL><LI><a href="#[79]">&gt;&gt;</a>&nbsp;&nbsp;&nbsp;HT_UART_Transmit
</UL>
<BR>[Address Reference Count : 1]<UL><LI> printf3.o(i.__0printf$3)
</UL>
<P><STRONG><a name="[31]"></a>idle_task</STRONG> (Thumb, 16 bytes, Stack size 0 bytes, ht_freertos.o(i.idle_task))
<BR><BR>[Stack]<UL><LI>Max Depth = 56<LI>Call Chain = idle_task &rArr; vTaskDelay &rArr; xTaskResumeAll &rArr; xTaskIncrementTick
</UL>
<BR>[Calls]<UL><LI><a href="#[91]">&gt;&gt;</a>&nbsp;&nbsp;&nbsp;vTaskDelay
<LI><a href="#[90]">&gt;&gt;</a>&nbsp;&nbsp;&nbsp;HT_FreeDog
</UL>
<BR>[Address Reference Count : 1]<UL><LI> ht_freertos.o(i.start_task)
</UL>
<P><STRONG><a name="[30]"></a>led0_task</STRONG> (Thumb, 28 bytes, Stack size 0 bytes, ht_freertos.o(i.led0_task))
<BR><BR>[Stack]<UL><LI>Max Depth = 56<LI>Call Chain = led0_task &rArr; vTaskDelay &rArr; xTaskResumeAll &rArr; xTaskIncrementTick
</UL>
<BR>[Calls]<UL><LI><a href="#[60]">&gt;&gt;</a>&nbsp;&nbsp;&nbsp;HT_GPIO_BitsToggle
<LI><a href="#[91]">&gt;&gt;</a>&nbsp;&nbsp;&nbsp;vTaskDelay
<LI><a href="#[5b]">&gt;&gt;</a>&nbsp;&nbsp;&nbsp;GPIO_Init
<LI><a href="#[90]">&gt;&gt;</a>&nbsp;&nbsp;&nbsp;HT_FreeDog
</UL>
<BR>[Address Reference Count : 1]<UL><LI> ht_freertos.o(i.start_task)
</UL>
<P><STRONG><a name="[29]"></a>main</STRONG> (Thumb, 24 bytes, Stack size 0 bytes, main.o(i.main))
<BR><BR>[Stack]<UL><LI>Max Depth = 184<LI>Call Chain = main &rArr; FreeRTOS_Init &rArr; vTaskStartScheduler &rArr; xTimerCreateTimerTask &rArr; xTaskCreate &rArr; pvPortMalloc &rArr; xTaskResumeAll &rArr; xTaskIncrementTick
</UL>
<BR>[Calls]<UL><LI><a href="#[85]">&gt;&gt;</a>&nbsp;&nbsp;&nbsp;TMR_Init
<LI><a href="#[56]">&gt;&gt;</a>&nbsp;&nbsp;&nbsp;FreeRTOS_Init
<LI><a href="#[7d]">&gt;&gt;</a>&nbsp;&nbsp;&nbsp;SystemClock_Config
<LI><a href="#[90]">&gt;&gt;</a>&nbsp;&nbsp;&nbsp;HT_FreeDog
</UL>
<BR>[Address Reference Count : 1]<UL><LI> entry9a.o(.ARM.Collect$$$$0000000B)
</UL>
<P><STRONG><a name="[bb]"></a>pvPortMalloc</STRONG> (Thumb, 228 bytes, Stack size 24 bytes, heap_4.o(i.pvPortMalloc))
<BR><BR>[Stack]<UL><LI>Max Depth = 64<LI>Call Chain = pvPortMalloc &rArr; xTaskResumeAll &rArr; xTaskIncrementTick
</UL>
<BR>[Calls]<UL><LI><a href="#[b4]">&gt;&gt;</a>&nbsp;&nbsp;&nbsp;xTaskResumeAll
<LI><a href="#[b3]">&gt;&gt;</a>&nbsp;&nbsp;&nbsp;vTaskSuspendAll
<LI><a href="#[bd]">&gt;&gt;</a>&nbsp;&nbsp;&nbsp;prvInsertBlockIntoFreeList
<LI><a href="#[bc]">&gt;&gt;</a>&nbsp;&nbsp;&nbsp;prvHeapInit
</UL>
<BR>[Called By]<UL><LI><a href="#[57]">&gt;&gt;</a>&nbsp;&nbsp;&nbsp;xTaskCreate
<LI><a href="#[9b]">&gt;&gt;</a>&nbsp;&nbsp;&nbsp;xQueueGenericCreate
</UL>

<P><STRONG><a name="[a8]"></a>pxPortInitialiseStack</STRONG> (Thumb, 30 bytes, Stack size 0 bytes, port.o(i.pxPortInitialiseStack))
<BR><BR>[Called By]<UL><LI><a href="#[a6]">&gt;&gt;</a>&nbsp;&nbsp;&nbsp;prvInitialiseNewTask
</UL>

<P><STRONG><a name="[2c]"></a>start_task</STRONG> (Thumb, 82 bytes, Stack size 16 bytes, ht_freertos.o(i.start_task))
<BR><BR>[Stack]<UL><LI>Max Depth = 152<LI>Call Chain = start_task &rArr; xTaskCreate &rArr; pvPortMalloc &rArr; xTaskResumeAll &rArr; xTaskIncrementTick
</UL>
<BR>[Calls]<UL><LI><a href="#[57]">&gt;&gt;</a>&nbsp;&nbsp;&nbsp;xTaskCreate
<LI><a href="#[be]">&gt;&gt;</a>&nbsp;&nbsp;&nbsp;vTaskDelete
<LI><a href="#[98]">&gt;&gt;</a>&nbsp;&nbsp;&nbsp;vPortExitCritical
<LI><a href="#[96]">&gt;&gt;</a>&nbsp;&nbsp;&nbsp;vPortEnterCritical
</UL>
<BR>[Address Reference Count : 1]<UL><LI> ht_freertos.o(i.FreeRTOS_Init)
</UL>
<P><STRONG><a name="[2f]"></a>uart_task</STRONG> (Thumb, 28 bytes, Stack size 0 bytes, ht_freertos.o(i.uart_task))
<BR><BR>[Stack]<UL><LI>Max Depth = 184<LI>Call Chain = uart_task &rArr; Uart_Init &rArr; UART0_Init &rArr; HT_UART_Init &rArr; __aeabi_dsub &rArr; __aeabi_dadd &rArr; _double_epilogue &rArr; _double_round
</UL>
<BR>[Calls]<UL><LI><a href="#[91]">&gt;&gt;</a>&nbsp;&nbsp;&nbsp;vTaskDelay
<LI><a href="#[8b]">&gt;&gt;</a>&nbsp;&nbsp;&nbsp;Uart_RxFun
<LI><a href="#[88]">&gt;&gt;</a>&nbsp;&nbsp;&nbsp;Uart_Init
<LI><a href="#[90]">&gt;&gt;</a>&nbsp;&nbsp;&nbsp;HT_FreeDog
<LI><a href="#[bf]">&gt;&gt;</a>&nbsp;&nbsp;&nbsp;__2printf
</UL>
<BR>[Address Reference Count : 1]<UL><LI> ht_freertos.o(i.start_task)
</UL>
<P><STRONG><a name="[93]"></a>uxListRemove</STRONG> (Thumb, 40 bytes, Stack size 0 bytes, list.o(i.uxListRemove))
<BR><BR>[Called By]<UL><LI><a href="#[be]">&gt;&gt;</a>&nbsp;&nbsp;&nbsp;vTaskDelete
<LI><a href="#[af]">&gt;&gt;</a>&nbsp;&nbsp;&nbsp;prvProcessReceivedCommands
<LI><a href="#[ad]">&gt;&gt;</a>&nbsp;&nbsp;&nbsp;prvProcessExpiredTimer
<LI><a href="#[9d]">&gt;&gt;</a>&nbsp;&nbsp;&nbsp;prvCheckTasksWaitingTermination
<LI><a href="#[92]">&gt;&gt;</a>&nbsp;&nbsp;&nbsp;prvAddCurrentTaskToDelayedList
<LI><a href="#[a2]">&gt;&gt;</a>&nbsp;&nbsp;&nbsp;xTaskPriorityDisinherit
</UL>

<P><STRONG><a name="[9a]"></a>vListInitialise</STRONG> (Thumb, 26 bytes, Stack size 0 bytes, list.o(i.vListInitialise))
<BR><BR>[Called By]<UL><LI><a href="#[99]">&gt;&gt;</a>&nbsp;&nbsp;&nbsp;prvCheckForValidListAndQueue
<LI><a href="#[97]">&gt;&gt;</a>&nbsp;&nbsp;&nbsp;prvInitialiseTaskLists
<LI><a href="#[a5]">&gt;&gt;</a>&nbsp;&nbsp;&nbsp;xQueueGenericReset
</UL>

<P><STRONG><a name="[a7]"></a>vListInitialiseItem</STRONG> (Thumb, 6 bytes, Stack size 0 bytes, list.o(i.vListInitialiseItem))
<BR><BR>[Called By]<UL><LI><a href="#[a6]">&gt;&gt;</a>&nbsp;&nbsp;&nbsp;prvInitialiseNewTask
</UL>

<P><STRONG><a name="[94]"></a>vListInsert</STRONG> (Thumb, 52 bytes, Stack size 8 bytes, list.o(i.vListInsert))
<BR><BR>[Stack]<UL><LI>Max Depth = 8<LI>Call Chain = vListInsert
</UL>
<BR>[Called By]<UL><LI><a href="#[a9]">&gt;&gt;</a>&nbsp;&nbsp;&nbsp;prvInsertTimerInActiveList
<LI><a href="#[92]">&gt;&gt;</a>&nbsp;&nbsp;&nbsp;prvAddCurrentTaskToDelayedList
<LI><a href="#[c3]">&gt;&gt;</a>&nbsp;&nbsp;&nbsp;vTaskPlaceOnEventList
</UL>

<P><STRONG><a name="[c1]"></a>vListInsertEnd</STRONG> (Thumb, 24 bytes, Stack size 0 bytes, list.o(i.vListInsertEnd))
<BR><BR>[Called By]<UL><LI><a href="#[be]">&gt;&gt;</a>&nbsp;&nbsp;&nbsp;vTaskDelete
</UL>

<P><STRONG><a name="[96]"></a>vPortEnterCritical</STRONG> (Thumb, 30 bytes, Stack size 0 bytes, port.o(i.vPortEnterCritical))
<BR><BR>[Called By]<UL><LI><a href="#[b4]">&gt;&gt;</a>&nbsp;&nbsp;&nbsp;xTaskResumeAll
<LI><a href="#[be]">&gt;&gt;</a>&nbsp;&nbsp;&nbsp;vTaskDelete
<LI><a href="#[2c]">&gt;&gt;</a>&nbsp;&nbsp;&nbsp;start_task
<LI><a href="#[99]">&gt;&gt;</a>&nbsp;&nbsp;&nbsp;prvCheckForValidListAndQueue
<LI><a href="#[9d]">&gt;&gt;</a>&nbsp;&nbsp;&nbsp;prvCheckTasksWaitingTermination
<LI><a href="#[95]">&gt;&gt;</a>&nbsp;&nbsp;&nbsp;prvAddNewTaskToReadyList
<LI><a href="#[ca]">&gt;&gt;</a>&nbsp;&nbsp;&nbsp;xTaskCheckForTimeOut
<LI><a href="#[b1]">&gt;&gt;</a>&nbsp;&nbsp;&nbsp;xQueueReceive
<LI><a href="#[a5]">&gt;&gt;</a>&nbsp;&nbsp;&nbsp;xQueueGenericReset
<LI><a href="#[b5]">&gt;&gt;</a>&nbsp;&nbsp;&nbsp;vQueueWaitForMessageRestricted
<LI><a href="#[b9]">&gt;&gt;</a>&nbsp;&nbsp;&nbsp;prvUnlockQueue
<LI><a href="#[aa]">&gt;&gt;</a>&nbsp;&nbsp;&nbsp;prvIsQueueEmpty
</UL>

<P><STRONG><a name="[98]"></a>vPortExitCritical</STRONG> (Thumb, 28 bytes, Stack size 0 bytes, port.o(i.vPortExitCritical))
<BR><BR>[Called By]<UL><LI><a href="#[b4]">&gt;&gt;</a>&nbsp;&nbsp;&nbsp;xTaskResumeAll
<LI><a href="#[be]">&gt;&gt;</a>&nbsp;&nbsp;&nbsp;vTaskDelete
<LI><a href="#[2c]">&gt;&gt;</a>&nbsp;&nbsp;&nbsp;start_task
<LI><a href="#[99]">&gt;&gt;</a>&nbsp;&nbsp;&nbsp;prvCheckForValidListAndQueue
<LI><a href="#[9d]">&gt;&gt;</a>&nbsp;&nbsp;&nbsp;prvCheckTasksWaitingTermination
<LI><a href="#[95]">&gt;&gt;</a>&nbsp;&nbsp;&nbsp;prvAddNewTaskToReadyList
<LI><a href="#[ca]">&gt;&gt;</a>&nbsp;&nbsp;&nbsp;xTaskCheckForTimeOut
<LI><a href="#[b1]">&gt;&gt;</a>&nbsp;&nbsp;&nbsp;xQueueReceive
<LI><a href="#[a5]">&gt;&gt;</a>&nbsp;&nbsp;&nbsp;xQueueGenericReset
<LI><a href="#[b5]">&gt;&gt;</a>&nbsp;&nbsp;&nbsp;vQueueWaitForMessageRestricted
<LI><a href="#[b9]">&gt;&gt;</a>&nbsp;&nbsp;&nbsp;prvUnlockQueue
<LI><a href="#[aa]">&gt;&gt;</a>&nbsp;&nbsp;&nbsp;prvIsQueueEmpty
</UL>

<P><STRONG><a name="[a3]"></a>vPortFree</STRONG> (Thumb, 74 bytes, Stack size 16 bytes, heap_4.o(i.vPortFree))
<BR><BR>[Stack]<UL><LI>Max Depth = 56<LI>Call Chain = vPortFree &rArr; xTaskResumeAll &rArr; xTaskIncrementTick
</UL>
<BR>[Calls]<UL><LI><a href="#[b4]">&gt;&gt;</a>&nbsp;&nbsp;&nbsp;xTaskResumeAll
<LI><a href="#[b3]">&gt;&gt;</a>&nbsp;&nbsp;&nbsp;vTaskSuspendAll
<LI><a href="#[bd]">&gt;&gt;</a>&nbsp;&nbsp;&nbsp;prvInsertBlockIntoFreeList
</UL>
<BR>[Called By]<UL><LI><a href="#[57]">&gt;&gt;</a>&nbsp;&nbsp;&nbsp;xTaskCreate
<LI><a href="#[af]">&gt;&gt;</a>&nbsp;&nbsp;&nbsp;prvProcessReceivedCommands
<LI><a href="#[9e]">&gt;&gt;</a>&nbsp;&nbsp;&nbsp;prvDeleteTCB
</UL>

<P><STRONG><a name="[c6]"></a>vPortSetupTimerInterrupt</STRONG> (Thumb, 22 bytes, Stack size 0 bytes, port.o(i.vPortSetupTimerInterrupt))
<BR><BR>[Called By]<UL><LI><a href="#[c5]">&gt;&gt;</a>&nbsp;&nbsp;&nbsp;xPortStartScheduler
</UL>

<P><STRONG><a name="[9c]"></a>vQueueAddToRegistry</STRONG> (Thumb, 66 bytes, Stack size 8 bytes, queue.o(i.vQueueAddToRegistry))
<BR><BR>[Stack]<UL><LI>Max Depth = 8<LI>Call Chain = vQueueAddToRegistry
</UL>
<BR>[Called By]<UL><LI><a href="#[99]">&gt;&gt;</a>&nbsp;&nbsp;&nbsp;prvCheckForValidListAndQueue
</UL>

<P><STRONG><a name="[b5]"></a>vQueueWaitForMessageRestricted</STRONG> (Thumb, 74 bytes, Stack size 24 bytes, queue.o(i.vQueueWaitForMessageRestricted))
<BR><BR>[Stack]<UL><LI>Max Depth = 104<LI>Call Chain = vQueueWaitForMessageRestricted &rArr; prvUnlockQueue &rArr; prvNotifyQueueSetContainer &rArr; prvCopyDataToQueue &rArr; xTaskPriorityDisinherit
</UL>
<BR>[Calls]<UL><LI><a href="#[98]">&gt;&gt;</a>&nbsp;&nbsp;&nbsp;vPortExitCritical
<LI><a href="#[96]">&gt;&gt;</a>&nbsp;&nbsp;&nbsp;vPortEnterCritical
<LI><a href="#[c0]">&gt;&gt;</a>&nbsp;&nbsp;&nbsp;vTaskPlaceOnEventListRestricted
<LI><a href="#[b9]">&gt;&gt;</a>&nbsp;&nbsp;&nbsp;prvUnlockQueue
</UL>
<BR>[Called By]<UL><LI><a href="#[b2]">&gt;&gt;</a>&nbsp;&nbsp;&nbsp;prvProcessTimerOrBlockTask
</UL>

<P><STRONG><a name="[91]"></a>vTaskDelay</STRONG> (Thumb, 46 bytes, Stack size 16 bytes, tasks.o(i.vTaskDelay))
<BR><BR>[Stack]<UL><LI>Max Depth = 56<LI>Call Chain = vTaskDelay &rArr; xTaskResumeAll &rArr; xTaskIncrementTick
</UL>
<BR>[Calls]<UL><LI><a href="#[b4]">&gt;&gt;</a>&nbsp;&nbsp;&nbsp;xTaskResumeAll
<LI><a href="#[b3]">&gt;&gt;</a>&nbsp;&nbsp;&nbsp;vTaskSuspendAll
<LI><a href="#[92]">&gt;&gt;</a>&nbsp;&nbsp;&nbsp;prvAddCurrentTaskToDelayedList
</UL>
<BR>[Called By]<UL><LI><a href="#[2f]">&gt;&gt;</a>&nbsp;&nbsp;&nbsp;uart_task
<LI><a href="#[30]">&gt;&gt;</a>&nbsp;&nbsp;&nbsp;led0_task
<LI><a href="#[31]">&gt;&gt;</a>&nbsp;&nbsp;&nbsp;idle_task
</UL>

<P><STRONG><a name="[be]"></a>vTaskDelete</STRONG> (Thumb, 174 bytes, Stack size 16 bytes, tasks.o(i.vTaskDelete))
<BR><BR>[Stack]<UL><LI>Max Depth = 80<LI>Call Chain = vTaskDelete &rArr; prvDeleteTCB &rArr; vPortFree &rArr; xTaskResumeAll &rArr; xTaskIncrementTick
</UL>
[...]
</UL>
<BR>[Called By]<UL><LI><a href="#[b4]">&gt;&gt;</a>&nbsp;&nbsp;&nbsp;xTaskResumeAll
<LI><a href="#[7c]">&gt;&gt;</a>&nbsp;&nbsp;&nbsp;xPortSysTickHandler
</UL>

<P><STRONG><a name="[a2]"></a>xTaskPriorityDisinherit</STRONG> (Thumb, 162 bytes, Stack size 16 bytes, tasks.o(i.xTaskPriorityDisinherit))
<BR><BR>[Stack]<UL><LI>Max Depth = 16<LI>Call Chain = xTaskPriorityDisinherit
</UL>
<BR>[Calls]<UL><LI><a href="#[93]">&gt;&gt;</a>&nbsp;&nbsp;&nbsp;uxListRemove
</UL>
<BR>[Called By]<UL><LI><a href="#[a1]">&gt;&gt;</a>&nbsp;&nbsp;&nbsp;prvCopyDataToQueue
</UL>

<P><STRONG><a name="[ac]"></a>xTaskRemoveFromEventList</STRONG> (Thumb, 240 bytes, Stack size 16 bytes, tasks.o(i.xTaskRemoveFromEventList))
<BR><BR>[Stack]<UL><LI>Max Depth = 16<LI>Call Chain = xTaskRemoveFromEventList
</UL>
<BR>[Called By]<UL><LI><a href="#[b1]">&gt;&gt;</a>&nbsp;&nbsp;&nbsp;xQueueReceive
<LI><a href="#[a5]">&gt;&gt;</a>&nbsp;&nbsp;&nbsp;xQueueGenericReset
<LI><a href="#[b9]">&gt;&gt;</a>&nbsp;&nbsp;&nbsp;prvUnlockQueue
<LI><a href="#[ab]">&gt;&gt;</a>&nbsp;&nbsp;&nbsp;prvNotifyQueueSetContainer
</UL>

<P><STRONG><a name="[b4]"></a>xTaskResumeAll</STRONG> (Thumb, 310 bytes, Stack size 16 bytes, tasks.o(i.xTaskResumeAll))
<BR><BR>[Stack]<UL><LI>Max Depth = 40<LI>Call Chain = xTaskResumeAll &rArr; xTaskIncrementTick
</UL>
<BR>[Calls]<UL><LI><a href="#[98]">&gt;&gt;</a>&nbsp;&nbsp;&nbsp;vPortExitCritical
<LI><a href="#[96]">&gt;&gt;</a>&nbsp;&nbsp;&nbsp;vPortEnterCritical
<LI><a href="#[c8]">&gt;&gt;</a>&nbsp;&nbsp;&nbsp;xTaskIncrementTick
<LI><a href="#[c2]">&gt;&gt;</a>&nbsp;&nbsp;&nbsp;prvResetNextTaskUnblockTime
</UL>
<BR>[Called By]<UL><LI><a href="#[a3]">&gt;&gt;</a>&nbsp;&nbsp;&nbsp;vPortFree
<LI><a href="#[bb]">&gt;&gt;</a>&nbsp;&nbsp;&nbsp;pvPortMalloc
<LI><a href="#[91]">&gt;&gt;</a>&nbsp;&nbsp;&nbsp;vTaskDelay
<LI><a href="#[b2]">&gt;&gt;</a>&nbsp;&nbsp;&nbsp;prvProcessTimerOrBlockTask
<LI><a href="#[b1]">&gt;&gt;</a>&nbsp;&nbsp;&nbsp;xQueueReceive
</UL>

<P><STRONG><a name="[c4]"></a>xTimerCreateTimerTask</STRONG> (Thumb, 42 bytes, Stack size 16 bytes, timers.o(i.xTimerCreateTimerTask))
<BR><BR>[Stack]<UL><LI>Max Depth = 152<LI>Call Chain = xTimerCreateTimerTask &rArr; xTaskCreate &rArr; pvPortMalloc &rArr; xTaskResumeAll &rArr; xTaskIncrementTick
</UL>
<BR>[Calls]<UL><LI><a href="#[57]">&gt;&gt;</a>&nbsp;&nbsp;&nbsp;xTaskCreate
<LI><a href="#[99]">&gt;&gt;</a>&nbsp;&nbsp;&nbsp;prvCheckForValidListAndQueue
</UL>
<BR>[Called By]<UL><LI><a href="#[58]">&gt;&gt;</a>&nbsp;&nbsp;&nbsp;vTaskStartScheduler
</UL>
<P>
<H3>
Local Symbols
</H3>
<P><STRONG><a name="[5d]"></a>WaitPllLock</STRONG> (Thumb, 32 bytes, Stack size 8 bytes, ht6xxx_cmu.o(i.WaitPllLock))
<BR><BR>[Stack]<UL><LI>Max Depth = 8<LI>Call Chain = WaitPllLock
</UL>
<BR>[Calls]<UL><LI><a href="#[72]">&gt;&gt;</a>&nbsp;&nbsp;&nbsp;HT_CMU_SysClkGet
</UL>
<BR>[Called By]<UL><LI><a href="#[4d]">&gt;&gt;</a>&nbsp;&nbsp;&nbsp;HT_CMU_Init
</UL>

<P><STRONG><a name="[4f]"></a>DMA_IRQProc</STRONG> (Thumb, 422 bytes, Stack size 8 bytes, ht6xxx_it.o(i.DMA_IRQProc))
<BR><BR>[Stack]<UL><LI>Max Depth = 24<LI>Call Chain = DMA_IRQProc &rArr; HT_DMA_ITFlagStatusGet
</UL>
<BR>[Calls]<UL><LI><a href="#[50]">&gt;&gt;</a>&nbsp;&nbsp;&nbsp;HT_DMA_ITFlagStatusGet
<LI><a href="#[51]">&gt;&gt;</a>&nbsp;&nbsp;&nbsp;HT_DMA_ClearITPendingBit
</UL>
<BR>[Called By]<UL><LI><a href="#[25]">&gt;&gt;</a>&nbsp;&nbsp;&nbsp;DMA_IRQHandler
</UL>

<P><STRONG><a name="[74]"></a>HT_UART_MspInit</STRONG> (Thumb, 36 bytes, Stack size 8 bytes, ht_uart.o(i.HT_UART_MspInit))
<BR><BR>[Stack]<UL><LI>Max Depth = 72<LI>Call Chain = HT_UART_MspInit &rArr; AF_GPIO_Config &rArr; HT_GPIO_AFInit
</UL>
<BR>[Calls]<UL><LI><a href="#[4a]">&gt;&gt;</a>&nbsp;&nbsp;&nbsp;AF_GPIO_Config
</UL>
<BR>[Called By]<UL><LI><a href="#[86]">&gt;&gt;</a>&nbsp;&nbsp;&nbsp;UART0_Init
</UL>

<P><STRONG><a name="[87]"></a>NVIC_UART0_Init</STRONG> (Thumb, 138 bytes, Stack size 12 bytes, ht_uart.o(i.NVIC_UART0_Init))
<BR><BR>[Stack]<UL><LI>Max Depth = 12<LI>Call Chain = NVIC_UART0_Init
</UL>
<BR>[Called By]<UL><LI><a href="#[86]">&gt;&gt;</a>&nbsp;&nbsp;&nbsp;UART0_Init
</UL>

<P><STRONG><a name="[89]"></a>Uart_RxBufData_Init</STRONG> (Thumb, 34 bytes, Stack size 0 bytes, ht_uart.o(i.Uart_RxBufData_Init))
<BR><BR>[Called By]<UL><LI><a href="#[88]">&gt;&gt;</a>&nbsp;&nbsp;&nbsp;Uart_Init
</UL>

<P><STRONG><a name="[8a]"></a>Uart_RxDataPro</STRONG> (Thumb, 20 bytes, Stack size 8 bytes, ht_uart.o(i.Uart_RxDataPro))
<BR><BR>[Stack]<UL><LI>Max Depth = 56<LI>Call Chain = Uart_RxDataPro &rArr; HT_UART_Transmit &rArr; HT_UART_SendData
</UL>
<BR>[Calls]<UL><LI><a href="#[79]">&gt;&gt;</a>&nbsp;&nbsp;&nbsp;HT_UART_Transmit
</UL>
<BR>[Called By]<UL><LI><a href="#[8b]">&gt;&gt;</a>&nbsp;&nbsp;&nbsp;Uart_RxFun
</UL>

<P><STRONG><a name="[84]"></a>NVIC_TMRx_Init</STRONG> (Thumb, 138 bytes, Stack size 12 bytes, ht_tmr.o(i.NVIC_TMRx_Init))
<BR><BR>[Stack]<UL><LI>Max Depth = 12<LI>Call Chain = NVIC_TMRx_Init
</UL>
<BR>[Called By]<UL><LI><a href="#[82]">&gt;&gt;</a>&nbsp;&nbsp;&nbsp;TMR_Cycle_Init
</UL>

<P><STRONG><a name="[9f]"></a>prvCopyDataFromQueue</STRONG> (Thumb, 42 bytes, Stack size 16 bytes, queue.o(i.prvCopyDataFromQueue))
<BR><BR>[Stack]<UL><LI>Max Depth = 16<LI>Call Chain = prvCopyDataFromQueue
</UL>
<BR>[Calls]<UL><LI><a href="#[a0]">&gt;&gt;</a>&nbsp;&nbsp;&nbsp;__aeabi_memcpy
</UL>
<BR>[Called By]<UL><LI><a href="#[b1]">&gt;&gt;</a>&nbsp;&nbsp;&nbsp;xQueueReceive
</UL>

<P><STRONG><a name="[a1]"></a>prvCopyDataToQueue</STRONG> (Thumb, 126 bytes, Stack size 24 bytes, queue.o(i.prvCopyDataToQueue))
<BR><BR>[Stack]<UL><LI>Max Depth = 40<LI>Call Chain = prvCopyDataToQueue &rArr; xTaskPriorityDisinherit
</UL>
<BR>[Calls]<UL><LI><a href="#[a2]">&gt;&gt;</a>&nbsp;&nbsp;&nbsp;xTaskPriorityDisinherit
<LI><a href="#[a0]">&gt;&gt;</a>&nbsp;&nbsp;&nbsp;__aeabi_memcpy
</UL>
<BR>[Called By]<UL><LI><a href="#[ab]">&gt;&gt;</a>&nbsp;&nbsp;&nbsp;prvNotifyQueueSetContainer
</UL>

<P><STRONG><a name="[a4]"></a>prvInitialiseNewQueue</STRONG> (Thumb, 46 bytes, Stack size 24 bytes, queue.o(i.prvInitialiseNewQueue))
<BR><BR>[Stack]<UL><LI>Max Depth = 64<LI>Call Chain = prvInitialiseNewQueue &rArr; xQueueGenericReset &rArr; xTaskRemoveFromEventList
</UL>
<BR>[Calls]<UL><LI><a href="#[a5]">&gt;&gt;</a>&nbsp;&nbsp;&nbsp;xQueueGenericReset
</UL>
<BR>[Called By]<UL><LI><a href="#[9b]">&gt;&gt;</a>&nbsp;&nbsp;&nbsp;xQueueGenericCreate
</UL>

<P><STRONG><a name="[aa]"></a>prvIsQueueEmpty</STRONG> (Thumb, 26 bytes, Stack size 16 bytes, queue.o(i.prvIsQueueEmpty))
<BR><BR>[Stack]<UL><LI>Max Depth = 16<LI>Call Chain = prvIsQueueEmpty
</UL>
<BR>[Calls]<UL><LI><a href="#[98]">&gt;&gt;</a>&nbsp;&nbsp;&nbsp;vPortExitCritical
<LI><a href="#[96]">&gt;&gt;</a>&nbsp;&nbsp;&nbsp;vPortEnterCritical
</UL>
<BR>[Called By]<UL><LI><a href="#[b1]">&gt;&gt;</a>&nbsp;&nbsp;&nbsp;xQueueReceive
</UL>

<P><STRONG><a name="[ab]"></a>prvNotifyQueueSetContainer</STRONG> (Thumb, 76 bytes, Stack size 24 bytes, queue.o(i.prvNotifyQueueSetContainer))
<BR><BR>[Stack]<UL><LI>Max Depth = 64<LI>Call Chain = prvNotifyQueueSetContainer &rArr; prvCopyDataToQueue &rArr; xTaskPriorityDisinherit
</UL>
<BR>[Calls]<UL><LI><a href="#[ac]">&gt;&gt;</a>&nbsp;&nbsp;&nbsp;xTaskRemoveFromEventList
<LI><a href="#[a1]">&gt;&gt;</a>&nbsp;&nbsp;&nbsp;prvCopyDataToQueue
</UL>
<BR>[Called By]<UL><LI><a href="#[b9]">&gt;&gt;</a>&nbsp;&nbsp;&nbsp;prvUnlockQueue
</UL>

<P><STRONG><a name="[b9]"></a>prvUnlockQueue</STRONG> (Thumb, 144 bytes, Stack size 16 bytes, queue.o(i.prvUnlockQueue))
<BR><BR>[Stack]<UL><LI>Max Depth = 80<LI>Call Chain = prvUnlockQueue &rArr; prvNotifyQueueSetContainer &rArr; prvCopyDataToQueue &rArr; xTaskPriorityDisinherit
</UL>
<BR>[Calls]<UL><LI><a href="#[98]">&gt;&gt;</a>&nbsp;&nbsp;&nbsp;vPortExitCritical
<LI><a href="#[96]">&gt;&gt;</a>&nbsp;&nbsp;&nbsp;vPortEnterCritical
<LI><a href="#[ac]">&gt;&gt;</a>&nbsp;&nbsp;&nbsp;xTaskRemoveFromEventList
<LI><a href="#[ba]">&gt;&gt;</a>&nbsp;&nbsp;&nbsp;vTaskMissedYield
<LI><a href="#[ab]">&gt;&gt;</a>&nbsp;&nbsp;&nbsp;prvNotifyQueueSetContainer
</UL>
<BR>[Called By]<UL><LI><a href="#[b1]">&gt;&gt;</a>&nbsp;&nbsp;&nbsp;xQueueReceive
<LI><a href="#[b5]">&gt;&gt;</a>&nbsp;&nbsp;&nbsp;vQueueWaitForMessageRestricted
</UL>

<P><STRONG><a name="[92]"></a>prvAddCurrentTaskToDelayedList</STRONG> (Thumb, 164 bytes, Stack size 24 bytes, tasks.o(i.prvAddCurrentTaskToDelayedList))
<BR><BR>[Stack]<UL><LI>Max Depth = 32<LI>Call Chain = prvAddCurrentTaskToDelayedList &rArr; vListInsert
</UL>
<BR>[Calls]<UL><LI><a href="#[94]">&gt;&gt;</a>&nbsp;&nbsp;&nbsp;vListInsert
<LI><a href="#[93]">&gt;&gt;</a>&nbsp;&nbsp;&nbsp;uxListRemove
</UL>
<BR>[Called By]<UL><LI><a href="#[91]">&gt;&gt;</a>&nbsp;&nbsp;&nbsp;vTaskDelay
<LI><a href="#[c0]">&gt;&gt;</a>&nbsp;&nbsp;&nbsp;vTaskPlaceOnEventListRestricted
<LI><a href="#[c3]">&gt;&gt;</a>&nbsp;&nbsp;&nbsp;vTaskPlaceOnEventList
</UL>

<P><STRONG><a name="[95]"></a>prvAddNewTaskToReadyList</STRONG> (Thumb, 206 bytes, Stack size 8 bytes, tasks.o(i.prvAddNewTaskToReadyList))
<BR><BR>[Stack]<UL><LI>Max Depth = 16<LI>Call Chain = prvAddNewTaskToReadyList &rArr; prvInitialiseTaskLists
</UL>
<BR>[Calls]<UL><LI><a href="#[98]">&gt;&gt;</a>&nbsp;&nbsp;&nbsp;vPortExitCritical
<LI><a href="#[96]">&gt;&gt;</a>&nbsp;&nbsp;&nbsp;vPortEnterCritical
<LI><a href="#[97]">&gt;&gt;</a>&nbsp;&nbsp;&nbsp;prvInitialiseTaskLists
</UL>
<BR>[Called By]<UL><LI><a href="#[57]">&gt;&gt;</a>&nbsp;&nbsp;&nbsp;xTaskCreate
</UL>

<P><STRONG><a name="[9d]"></a>prvCheckTasksWaitingTermination</STRONG> (Thumb, 60 bytes, Stack size 8 bytes, tasks.o(i.prvCheckTasksWaitingTermination))
<BR><BR>[Stack]<UL><LI>Max Depth = 72<LI>Call Chain = prvCheckTasksWaitingTermination &rArr; prvDeleteTCB &rArr; vPortFree &rArr; xTaskResumeAll &rArr; xTaskIncrementTick
</UL>
<BR>[Calls]<UL><LI><a href="#[98]">&gt;&gt;</a>&nbsp;&nbsp;&nbsp;vPortExitCritical
<LI><a href="#[96]">&gt;&gt;</a>&nbsp;&nbsp;&nbsp;vPortEnterCritical
<LI><a href="#[9e]">&gt;&gt;</a>&nbsp;&nbsp;&nbsp;prvDeleteTCB
<LI><a href="#[93]">&gt;&gt;</a>&nbsp;&nbsp;&nbsp;uxListRemove
</UL>
<BR>[Called By]<UL><LI><a href="#[32]">&gt;&gt;</a>&nbsp;&nbsp;&nbsp;prvIdleTask
</UL>

<P><STRONG><a name="[9e]"></a>prvDeleteTCB</STRONG> (Thumb, 18 bytes, Stack size 8 bytes, tasks.o(i.prvDeleteTCB))
<BR><BR>[Stack]<UL><LI>Max Depth = 64<LI>Call Chain = prvDeleteTCB &rArr; vPortFree &rArr; xTaskResumeAll &rArr; xTaskIncrementTick
</UL>
<BR>[Calls]<UL><LI><a href="#[a3]">&gt;&gt;</a>&nbsp;&nbsp;&nbsp;vPortFree
</UL>
<BR>[Called By]<UL><LI><a href="#[be]">&gt;&gt;</a>&nbsp;&nbsp;&nbsp;vTaskDelete
<LI><a href="#[9d]">&gt;&gt;</a>&nbsp;&nbsp;&nbsp;prvCheckTasksWaitingTermination
</UL>

<P><STRONG><a name="[32]"></a>prvIdleTask</STRONG> (Thumb, 32 bytes, Stack size 0 bytes, tasks.o(i.prvIdleTask))
<BR><BR>[Stack]<UL><LI>Max Depth = 72<LI>Call Chain = prvIdleTask &rArr; prvCheckTasksWaitingTermination &rArr; prvDeleteTCB &rArr; vPortFree &rArr; xTaskResumeAll &rArr; xTaskIncrementTick
</UL>
<BR>[Calls]<UL><LI><a href="#[9d]">&gt;&gt;</a>&nbsp;&nbsp;&nbsp;prvCheckTasksWaitingTermination
</UL>
<BR>[Address Reference Count : 1]<UL><LI> tasks.o(i.vTaskStartScheduler)
</UL>
<P><STRONG><a name="[a6]"></a>prvInitialiseNewTask</STRONG> (Thumb, 154 bytes, Stack size 40 bytes, tasks.o(i.prvInitialiseNewTask))
<BR><BR>[Stack]<UL><LI>Max Depth = 40<LI>Call Chain = prvInitialiseNewTask
</UL>
<BR>[Calls]<UL><LI><a href="#[a8]">&gt;&gt;</a>&nbsp;&nbsp;&nbsp;pxPortInitialiseStack
<LI><a href="#[a7]">&gt;&gt;</a>&nbsp;&nbsp;&nbsp;vListInitialiseItem
<LI><a href="#[38]">&gt;&gt;</a>&nbsp;&nbsp;&nbsp;__aeabi_memset
</UL>
<BR>[Called By]<UL><LI><a href="#[57]">&gt;&gt;</a>&nbsp;&nbsp;&nbsp;xTaskCreate
</UL>

<P><STRONG><a name="[97]"></a>prvInitialiseTaskLists</STRONG> (Thumb, 70 bytes, Stack size 8 bytes, tasks.o(i.prvInitialiseTaskLists))
<BR><BR>[Stack]<UL><LI>Max Depth = 8<LI>Call Chain = prvInitialiseTaskLists
</UL>
<BR>[Calls]<UL><LI><a href="#[9a]">&gt;&gt;</a>&nbsp;&nbsp;&nbsp;vListInitialise
</UL>
<BR>[Called By]<UL><LI><a href="#[95]">&gt;&gt;</a>&nbsp;&nbsp;&nbsp;prvAddNewTaskToReadyList
</UL>

<P><STRONG><a name="[c2]"></a>prvResetNextTaskUnblockTime</STRONG> (Thumb, 40 bytes, Stack size 0 bytes, tasks.o(i.prvResetNextTaskUnblockTime))
<BR><BR>[Called By]<UL><LI><a href="#[b4]">&gt;&gt;</a>&nbsp;&nbsp;&nbsp;xTaskResumeAll
<LI><a href="#[be]">&gt;&gt;</a>&nbsp;&nbsp;&nbsp;vTaskDelete
<LI><a href="#[c8]">&gt;&gt;</a>&nbsp;&nbsp;&nbsp;xTaskIncrementTick
</UL>

<P><STRONG><a name="[99]"></a>prvCheckForValidListAndQueue</STRONG> (Thumb, 72 bytes, Stack size 8 bytes, timers.o(i.prvCheckForValidListAndQueue))
<BR><BR>[Stack]<UL><LI>Max Depth = 104<LI>Call Chain = prvCheckForValidListAndQueue &rArr; xQueueGenericCreate &rArr; pvPortMalloc &rArr; xTaskResumeAll &rArr; xTaskIncrementTick
</UL>
<BR>[Calls]<UL><LI><a href="#[9a]">&gt;&gt;</a>&nbsp;&nbsp;&nbsp;vListInitialise
<LI><a href="#[98]">&gt;&gt;</a>&nbsp;&nbsp;&nbsp;vPortExitCritical
<LI><a href="#[96]">&gt;&gt;</a>&nbsp;&nbsp;&nbsp;vPortEnterCritical
<LI><a href="#[9b]">&gt;&gt;</a>&nbsp;&nbsp;&nbsp;xQueueGenericCreate
<LI><a href="#[9c]">&gt;&gt;</a>&nbsp;&nbsp;&nbsp;vQueueAddToRegistry
</UL>
<BR>[Called By]<UL><LI><a href="#[c4]">&gt;&gt;</a>&nbsp;&nbsp;&nbsp;xTimerCreateTimerTask
</UL>

<P><STRONG><a name="[b8]"></a>prvGetNextExpireTime</STRONG> (Thumb, 36 bytes, Stack size 0 bytes, timers.o(i.prvGetNextExpireTime))
<BR><BR>[Called By]<UL><LI><a href="#[33]">&gt;&gt;</a>&nbsp;&nbsp;&nbsp;prvTimerTask
</UL>

<P><STRONG><a name="[a9]"></a>prvInsertTimerInActiveList</STRONG> (Thumb, 80 bytes, Stack size 24 bytes, timers.o(i.prvInsertTimerInActiveList))
<BR><BR>[Stack]<UL><LI>Max Depth = 32<LI>Call Chain = prvInsertTimerInActiveList &rArr; vListInsert
</UL>
<BR>[Calls]<UL><LI><a href="#[94]">&gt;&gt;</a>&nbsp;&nbsp;&nbsp;vListInsert
</UL>
<BR>[Called By]<UL><LI><a href="#[ae]">&gt;&gt;</a>&nbsp;&nbsp;&nbsp;prvReloadTimer
<LI><a href="#[af]">&gt;&gt;</a>&nbsp;&nbsp;&nbsp;prvProcessReceivedCommands
</UL>

<P><STRONG><a name="[ad]"></a>prvProcessExpiredTimer</STRONG> (Thumb, 62 bytes, Stack size 16 bytes, timers.o(i.prvProcessExpiredTimer))
<BR><BR>[Stack]<UL><LI>Max Depth = 64<LI>Call Chain = prvProcessExpiredTimer &rArr; prvReloadTimer &rArr; prvInsertTimerInActiveList &rArr; vListInsert
</UL>
<BR>[Calls]<UL><LI><a href="#[ae]">&gt;&gt;</a>&nbsp;&nbsp;&nbsp;prvReloadTimer
<LI><a href="#[93]">&gt;&gt;</a>&nbsp;&nbsp;&nbsp;uxListRemove
</UL>
<BR>[Called By]<UL><LI><a href="#[b7]">&gt;&gt;</a>&nbsp;&nbsp;&nbsp;prvSwitchTimerLists
<LI><a href="#[b2]">&gt;&gt;</a>&nbsp;&nbsp;&nbsp;prvProcessTimerOrBlockTask
</UL>

<P><STRONG><a name="[af]"></a>prvProcessReceivedCommands</STRONG> (Thumb, 268 bytes, Stack size 40 bytes, timers.o(i.prvProcessReceivedCommands))
<BR><BR>[Stack]<UL><LI>Max Depth = 168<LI>Call Chain = prvProcessReceivedCommands &rArr; xQueueReceive &rArr; prvUnlockQueue &rArr; prvNotifyQueueSetContainer &rArr; prvCopyDataToQueue &rArr; xTaskPriorityDisinherit
</UL>
<BR>[Calls]<UL><LI><a href="#[a3]">&gt;&gt;</a>&nbsp;&nbsp;&nbsp;vPortFree
<LI><a href="#[b0]">&gt;&gt;</a>&nbsp;&nbsp;&nbsp;prvSampleTimeNow
<LI><a href="#[ae]">&gt;&gt;</a>&nbsp;&nbsp;&nbsp;prvReloadTimer
<LI><a href="#[a9]">&gt;&gt;</a>&nbsp;&nbsp;&nbsp;prvInsertTimerInActiveList
<LI><a href="#[b1]">&gt;&gt;</a>&nbsp;&nbsp;&nbsp;xQueueReceive
<LI><a href="#[93]">&gt;&gt;</a>&nbsp;&nbsp;&nbsp;uxListRemove
</UL>
<BR>[Called By]<UL><LI><a href="#[33]">&gt;&gt;</a>&nbsp;&nbsp;&nbsp;prvTimerTask
</UL>

<P><STRONG><a name="[b2]"></a>prvProcessTimerOrBlockTask</STRONG> (Thumb, 102 bytes, Stack size 24 bytes, timers.o(i.prvProcessTimerOrBlockTask))
<BR><BR>[Stack]<UL><LI>Max Depth = 128<LI>Call Chain = prvProcessTimerOrBlockTask &rArr; vQueueWaitForMessageRestricted &rArr; prvUnlockQueue &rArr; prvNotifyQueueSetContainer &rArr; prvCopyDataToQueue &rArr; xTaskPriorityDisinherit
</UL>
<BR>[Calls]<UL><LI><a href="#[b4]">&gt;&gt;</a>&nbsp;&nbsp;&nbsp;xTaskResumeAll
<LI><a href="#[b3]">&gt;&gt;</a>&nbsp;&nbsp;&nbsp;vTaskSuspendAll
<LI><a href="#[b0]">&gt;&gt;</a>&nbsp;&nbsp;&nbsp;prvSampleTimeNow
<LI><a href="#[ad]">&gt;&gt;</a>&nbsp;&nbsp;&nbsp;prvProcessExpiredTimer
<LI><a href="#[b5]">&gt;&gt;</a>&nbsp;&nbsp;&nbsp;vQueueWaitForMessageRestricted
</UL>
<BR>[Called By]<UL><LI><a href="#[33]">&gt;&gt;</a>&nbsp;&nbsp;&nbsp;prvTimerTask
</UL>

<P><STRONG><a name="[ae]"></a>prvReloadTimer</STRONG> (Thumb, 40 bytes, Stack size 16 bytes, timers.o(i.prvReloadTimer))
<BR><BR>[Stack]<UL><LI>Max Depth = 48<LI>Call Chain = prvReloadTimer &rArr; prvInsertTimerInActiveList &rArr; vListInsert
</UL>
<BR>[Calls]<UL><LI><a href="#[a9]">&gt;&gt;</a>&nbsp;&nbsp;&nbsp;prvInsertTimerInActiveList
</UL>
<BR>[Called By]<UL><LI><a href="#[af]">&gt;&gt;</a>&nbsp;&nbsp;&nbsp;prvProcessReceivedCommands
<LI><a href="#[ad]">&gt;&gt;</a>&nbsp;&nbsp;&nbsp;prvProcessExpiredTimer
</UL>

<P><STRONG><a name="[b0]"></a>prvSampleTimeNow</STRONG> (Thumb, 40 bytes, Stack size 16 bytes, timers.o(i.prvSampleTimeNow))
<BR><BR>[Stack]<UL><LI>Max Depth = 96<LI>Call Chain = prvSampleTimeNow &rArr; prvSwitchTimerLists &rArr; prvProcessExpiredTimer &rArr; prvReloadTimer &rArr; prvInsertTimerInActiveList &rArr; vListInsert
</UL>
<BR>[Calls]<UL><LI><a href="#[b7]">&gt;&gt;</a>&nbsp;&nbsp;&nbsp;prvSwitchTimerLists
<LI><a href="#[b6]">&gt;&gt;</a>&nbsp;&nbsp;&nbsp;xTaskGetTickCount
</UL>
<BR>[Called By]<UL><LI><a href="#[b2]">&gt;&gt;</a>&nbsp;&nbsp;&nbsp;prvProcessTimerOrBlockTask
<LI><a href="#[af]">&gt;&gt;</a>&nbsp;&nbsp;&nbsp;prvProcessReceivedCommands
</UL>

<P><STRONG><a name="[b7]"></a>prvSwitchTimerLists</STRONG> (Thumb, 58 bytes, Stack size 16 bytes, timers.o(i.prvSwitchTimerLists))
<BR><BR>[Stack]<UL><LI>Max Depth = 80<LI>Call Chain = prvSwitchTimerLists &rArr; prvProcessExpiredTimer &rArr; prvReloadTimer &rArr; prvInsertTimerInActiveList &rArr; vListInsert
</UL>
<BR>[Calls]<UL><LI><a href="#[ad]">&gt;&gt;</a>&nbsp;&nbsp;&nbsp;prvProcessExpiredTimer
</UL>
<BR>[Called By]<UL><LI><a href="#[b0]">&gt;&gt;</a>&nbsp;&nbsp;&nbsp;prvSampleTimeNow
</UL>

<P><STRONG><a name="[33]"></a>prvTimerTask</STRONG> (Thumb, 26 bytes, Stack size 8 bytes, timers.o(i.prvTimerTask))
<BR><BR>[Stack]<UL><LI>Max Depth = 176<LI>Call Chain = prvTimerTask &rArr; prvProcessReceivedCommands &rArr; xQueueReceive &rArr; prvUnlockQueue &rArr; prvNotifyQueueSetContainer &rArr; prvCopyDataToQueue &rArr; xTaskPriorityDisinherit
</UL>
<BR>[Calls]<UL><LI><a href="#[b2]">&gt;&gt;</a>&nbsp;&nbsp;&nbsp;prvProcessTimerOrBlockTask
<LI><a href="#[af]">&gt;&gt;</a>&nbsp;&nbsp;&nbsp;prvProcessReceivedCommands
<LI><a href="#[b8]">&gt;&gt;</a>&nbsp;&nbsp;&nbsp;prvGetNextExpireTime
</UL>
<BR>[Address Reference Count : 1]<UL><LI> timers.o(i.xTimerCreateTimerTask)
</UL>
<P><STRONG><a name="[2e]"></a>prvTaskExitError</STRONG> (Thumb, 22 bytes, Stack size 0 bytes, port.o(i.prvTaskExitError))
<BR>[Address Reference Count : 1]<UL><LI> port.o(i.pxPortInitialiseStack)
</UL>
<P><STRONG><a name="[bc]"></a>prvHeapInit</STRONG> (Thumb, 98 bytes, Stack size 12 bytes, heap_4.o(i.prvHeapInit))
<BR><BR>[Stack]<UL><LI>Max Depth = 12<LI>Call Chain = prvHeapInit
</UL>
<BR>[Called By]<UL><LI><a href="#[bb]">&gt;&gt;</a>&nbsp;&nbsp;&nbsp;pvPortMalloc
</UL>

<P><STRONG><a name="[bd]"></a>prvInsertBlockIntoFreeList</STRONG> (Thumb, 96 bytes, Stack size 8 bytes, heap_4.o(i.prvInsertBlockIntoFreeList))
<BR><BR>[Stack]<UL><LI>Max Depth = 8<LI>Call Chain = prvInsertBlockIntoFreeList
</UL>
<BR>[Called By]<UL><LI><a href="#[a3]">&gt;&gt;</a>&nbsp;&nbsp;&nbsp;vPortFree
<LI><a href="#[bb]">&gt;&gt;</a>&nbsp;&nbsp;&nbsp;pvPortMalloc
</UL>

<P><STRONG><a name="[8e]"></a>_printf_core</STRONG> (Thumb, 436 bytes, Stack size 96 bytes, printf3.o(i._printf_core), UNUSED)
<BR><BR>[Calls]<UL><LI><a href="#[8f]">&gt;&gt;</a>&nbsp;&nbsp;&nbsp;__aeabi_uidivmod
</UL>
<BR>[Called By]<UL><LI><a href="#[8d]">&gt;&gt;</a>&nbsp;&nbsp;&nbsp;__0printf$3
</UL>
<P>
<H3>
Undefined Global Symbols
</H3><HR></body></html>
