<html>
<body>
<pre>
<h1>礦ision Build Log</h1>
<h2>Tool Versions:</h2>
IDE-Version: μVision V5.14.0.0
Copyright (C) 2015 ARM Ltd and ARM Germany GmbH. All rights reserved.
License Information: 1 ysyang, 1, LIC=GMZJJ-U1JUP-QD0KD-8FIXT-2GW9R-ED7XD
 
Tool Versions:
Toolchain:       MDK-ARM Standard  Version: 5.14.0.0
Toolchain Path:  D:\keil5\ARM\ARMCC\Bin
C Compiler:      Armcc.exe V5.05 update 1 (build 106)
Assembler:       Armasm.exe V5.05 update 1 (build 106)
Linker/Locator:  ArmLink.exe V5.05 update 1 (build 106)
Library Manager: ArmAr.exe V5.05 update 1 (build 106)
Hex Converter:   FromElf.exe V5.05 update 1 (build 106)
CPU DLL:         SARMCM3.DLL V5.14.0.0
Dialog DLL:      DARMCM1.DLL V1.12.0.0
Target DLL:      UL2CM3.DLL V1.155.0.0
Dialog DLL:      TARMCM1.DLL V1.9.0.0
 
<h2>Project:</h2>
C:\Users\ysyang\Desktop\6335\标准库\HT6xxx_StdPeriphLibV2.0.8_20220506\Projects\Keil5\HiTrendtech.uvprojx
Project File Date:  01/26/2022

<h2>Output:</h2>
Build target 'HT6x2xK'
compiling ht6xxx_tdes&rand.c...
linking...
Program Size: Code=5092 RO-data=208 RW-data=0 ZI-data=8192  
FromELF: creating hex file...
After Build - User command #1: fromelf.exe --bin -o "C:\Users\ysyang\Desktop\6335\标准库\HT6xxx_StdPeriphLibV2.0.8_20220506\Projects\Keil5\config\HT6x2xK\Objects\HT6x2xK.bin" "C:\Users\ysyang\Desktop\6335\标准库\HT6xxx_StdPeriphLibV2.0.8_20220506\Projects\Keil5\config\HT6x2xK\Objects\HT6x2xK.axf"
".\config\HT6x2xK\Objects\HT6x2xK.axf" - 0 Error(s), 0 Warning(s).

<h2>Collection of Component include folders:</h2>
  C:\Users\ysyang\Desktop\6335\标准库\HT6xxx_StdPeriphLibV2.0.8_20220506\Projects\Keil5\RTE
  D:\keil5\ARM\PACK\ARM\CMSIS\4.2.0\Device\ARM\ARMCM0\Include

<h2>Collection of Component Files used:</h2>
</pre>
</body>
</html>
